INFO: [HLS 200-10] Running '/tools/Xilinx/Vivado/2019.1/bin/unwrapped/lnx64.o/vivado_hls'
INFO: [HLS 200-10] For user 'gkapakos' on host 'gkapakos-Type1ProductConfigId' (Linux_x86_64 version 6.8.0-79-generic) on Thu Sep 04 15:38:23 EEST 2025
INFO: [HLS 200-10] On os Ubuntu 24.04.3 LTS
INFO: [HLS 200-10] In directory '/home/gkapakos/Desktop/ECE/10th_Semester/Architecture_of_Parallel_Systems/Project/BranchPredictionAI/C_Implementation'
Sourcing Tcl script '/home/gkapakos/Desktop/ECE/10th_Semester/Architecture_of_Parallel_Systems/Project/BranchPredictionAI/C_Implementation/BranchPredictionAI/solution1/csynth.tcl'
INFO: [HLS 200-10] Opening project '/home/gkapakos/Desktop/ECE/10th_Semester/Architecture_of_Parallel_Systems/Project/BranchPredictionAI/C_Implementation/BranchPredictionAI'.
INFO: [HLS 200-10] Adding design file 'slice4_weights.h' to the project
INFO: [HLS 200-10] Adding design file 'slice3_weights.h' to the project
INFO: [HLS 200-10] Adding design file 'slice2_weights.h' to the project
INFO: [HLS 200-10] Adding design file 'slice1_weights.h' to the project
INFO: [HLS 200-10] Adding design file 'slice0_weights.h' to the project
INFO: [HLS 200-10] Adding design file 'main_5_slices.cpp' to the project
INFO: [HLS 200-10] Adding design file 'head_weights.h' to the project
INFO: [HLS 200-10] Opening solution '/home/gkapakos/Desktop/ECE/10th_Semester/Architecture_of_Parallel_Systems/Project/BranchPredictionAI/C_Implementation/BranchPredictionAI/solution1'.
INFO: [SYN 201-201] Setting up clock 'default' with a period of 10ns.
INFO: [HLS 200-10] Setting target device to 'xc7z020-clg484-1'
INFO: [SCHED 204-61] Option 'relax_ii_for_timing' is enabled, will increase II to preserve clock frequency constraints.
INFO: [HLS 200-10] Analyzing design file 'main_5_slices.cpp' ... 
INFO: [HLS 200-111] Finished Linking Time (s): cpu = 00:00:36 ; elapsed = 00:00:37 . Memory (MB): peak = 817.098 ; gain = 126.000 ; free physical = 2913 ; free virtual = 9502
INFO: [HLS 200-111] Finished Checking Pragmas Time (s): cpu = 00:00:36 ; elapsed = 00:00:37 . Memory (MB): peak = 817.098 ; gain = 126.000 ; free physical = 2913 ; free virtual = 9502
INFO: [HLS 200-10] Starting code transformations ...
INFO: [XFORM 203-603] Inlining function 'reluf' into 'conv_bn_act_pool' (main_5_slices.cpp:107).
INFO: [XFORM 203-603] Inlining function 'reluf' into 'main' (main_5_slices.cpp:321).
INFO: [XFORM 203-603] Inlining function 'reluf' into 'main' (main_5_slices.cpp:316).
INFO: [XFORM 203-603] Inlining function 'tanhf_fast' into 'lstm_forward_unidir' (main_5_slices.cpp:151).
INFO: [XFORM 203-603] Inlining function 'tanhf_fast' into 'lstm_forward_unidir' (main_5_slices.cpp:149).
INFO: [XFORM 203-603] Inlining function 'tanhf_fast' into 'run_all_slices_unrolled' (main_5_slices.cpp:298).
INFO: [XFORM 203-603] Inlining function 'tanhf_fast' into 'run_all_slices_unrolled' (main_5_slices.cpp:283).
INFO: [XFORM 203-603] Inlining function 'tanhf_fast' into 'run_all_slices_unrolled' (main_5_slices.cpp:268).
INFO: [XFORM 203-603] Inlining function 'tanhf_fast' into 'run_all_slices_unrolled' (main_5_slices.cpp:253).
INFO: [XFORM 203-603] Inlining function 'tanhf_fast' into 'run_all_slices_unrolled' (main_5_slices.cpp:238).
INFO: [XFORM 203-603] Inlining function 'bn_vector' into 'main' (main_5_slices.cpp:315).
INFO: [XFORM 203-603] Inlining function 'bn_vector' into 'main' (main_5_slices.cpp:320).
INFO: [XFORM 203-603] Inlining function 'bn_vector' into 'run_all_slices_unrolled' (main_5_slices.cpp:236).
INFO: [XFORM 203-603] Inlining function 'bn_vector' into 'run_all_slices_unrolled' (main_5_slices.cpp:251).
INFO: [XFORM 203-603] Inlining function 'bn_vector' into 'run_all_slices_unrolled' (main_5_slices.cpp:266).
INFO: [XFORM 203-603] Inlining function 'bn_vector' into 'run_all_slices_unrolled' (main_5_slices.cpp:281).
INFO: [XFORM 203-603] Inlining function 'bn_vector' into 'run_all_slices_unrolled' (main_5_slices.cpp:296).
INFO: [XFORM 203-603] Inlining function 'sigmoidf' into 'main' (main_5_slices.cpp:325).
INFO: [HLS 200-111] Finished Standard Transforms Time (s): cpu = 00:00:55 ; elapsed = 00:00:57 . Memory (MB): peak = 881.098 ; gain = 190.000 ; free physical = 2770 ; free virtual = 9507
INFO: [HLS 200-10] Checking synthesizability ...
INFO: [XFORM 203-602] Inlining function 'embedding_forward_dyn' into 'run_all_slices_unrolled' (main_5_slices.cpp:291) automatically.
INFO: [HLS 200-111] Finished Checking Synthesizability Time (s): cpu = 00:01:00 ; elapsed = 00:01:02 . Memory (MB): peak = 881.098 ; gain = 190.000 ; free physical = 2803 ; free virtual = 9547
INFO: [XFORM 203-102] Partitioning array 'y_lin' (main_5_slices.cpp:323) automatically.
INFO: [XFORM 203-102] Automatically partitioning small array 'output_b' completely based on array size.
INFO: [XFORM 203-101] Partitioning array 'BN1_gamma0'  in dimension 1 completely.
INFO: [XFORM 203-101] Partitioning array 'BN1_beta0'  in dimension 1 completely.
INFO: [XFORM 203-101] Partitioning array 'BN1_mean0'  in dimension 1 completely.
INFO: [XFORM 203-101] Partitioning array 'BN1_var0'  in dimension 1 completely.
INFO: [XFORM 203-101] Partitioning array 'LSTM_b_ifog0'  in dimension 1 completely.
INFO: [XFORM 203-101] Partitioning array 'BN1_gamma1'  in dimension 1 completely.
INFO: [XFORM 203-101] Partitioning array 'BN1_beta1'  in dimension 1 completely.
INFO: [XFORM 203-101] Partitioning array 'BN1_mean1'  in dimension 1 completely.
INFO: [XFORM 203-101] Partitioning array 'BN1_var1'  in dimension 1 completely.
INFO: [XFORM 203-101] Partitioning array 'LSTM_b_ifog1'  in dimension 1 completely.
INFO: [XFORM 203-101] Partitioning array 'BN1_gamma2'  in dimension 1 completely.
INFO: [XFORM 203-101] Partitioning array 'BN1_beta2'  in dimension 1 completely.
INFO: [XFORM 203-101] Partitioning array 'BN1_mean2'  in dimension 1 completely.
INFO: [XFORM 203-101] Partitioning array 'BN1_var2'  in dimension 1 completely.
INFO: [XFORM 203-101] Partitioning array 'LSTM_b_ifog2'  in dimension 1 completely.
INFO: [XFORM 203-101] Partitioning array 'BN1_gamma3'  in dimension 1 completely.
INFO: [XFORM 203-101] Partitioning array 'BN1_beta3'  in dimension 1 completely.
INFO: [XFORM 203-101] Partitioning array 'BN1_mean3'  in dimension 1 completely.
INFO: [XFORM 203-101] Partitioning array 'BN1_var3'  in dimension 1 completely.
INFO: [XFORM 203-101] Partitioning array 'LSTM_b_ifog3'  in dimension 1 completely.
INFO: [XFORM 203-101] Partitioning array 'BN1_gamma4'  in dimension 1 completely.
INFO: [XFORM 203-101] Partitioning array 'BN1_beta4'  in dimension 1 completely.
INFO: [XFORM 203-101] Partitioning array 'BN1_mean4'  in dimension 1 completely.
INFO: [XFORM 203-101] Partitioning array 'BN1_var4'  in dimension 1 completely.
INFO: [XFORM 203-101] Partitioning array 'LSTM_b_ifog4'  in dimension 1 completely.
INFO: [XFORM 203-101] Partitioning array 'pool_acc' (main_5_slices.cpp:92) in dimension 1 completely.
INFO: [XFORM 203-101] Partitioning array 'pool_acc' (main_5_slices.cpp:92) in dimension 1 completely.
INFO: [XFORM 203-101] Partitioning array 'pool_acc' (main_5_slices.cpp:92) in dimension 1 completely.
INFO: [XFORM 203-101] Partitioning array 'pool_acc' (main_5_slices.cpp:92) in dimension 1 completely.
INFO: [XFORM 203-101] Partitioning array 'pool_acc' (main_5_slices.cpp:92) in dimension 1 completely.
WARNING: [XFORM 203-104] Completely partitioning array 'LSTM_b_ifog0'  accessed through non-constant indices on dimension 1 (main_5_slices.cpp:129:34), which may result in long runtime and suboptimal QoR due to large multiplexers. Please consider wrapping the array access into a function or using a register file core instead.
INFO: [XFORM 203-102] Automatically partitioning small array 'output_b' completely based on array size.
INFO: [XFORM 203-102] Partitioning array 'output_b' automatically.
INFO: [XFORM 203-602] Inlining function 'embedding_forward_dyn' into 'run_all_slices_unrolled' (main_5_slices.cpp:291) automatically.
INFO: [XFORM 203-602] Inlining function 'dense_forward.2' into 'main' (main_5_slices.cpp:314) automatically.
INFO: [XFORM 203-602] Inlining function 'dense_forward.1' into 'main' (main_5_slices.cpp:319) automatically.
INFO: [XFORM 203-401] Performing if-conversion on hyperblock from (main_5_slices.cpp:238:26) to (main_5_slices.cpp:237:28) in function 'run_all_slices_unrolled'... converting 4 basic blocks.
INFO: [XFORM 203-401] Performing if-conversion on hyperblock from (main_5_slices.cpp:253:26) to (main_5_slices.cpp:252:28) in function 'run_all_slices_unrolled'... converting 4 basic blocks.
INFO: [XFORM 203-401] Performing if-conversion on hyperblock from (main_5_slices.cpp:268:26) to (main_5_slices.cpp:267:28) in function 'run_all_slices_unrolled'... converting 4 basic blocks.
INFO: [XFORM 203-401] Performing if-conversion on hyperblock from (main_5_slices.cpp:283:26) to (main_5_slices.cpp:282:28) in function 'run_all_slices_unrolled'... converting 4 basic blocks.
INFO: [XFORM 203-401] Performing if-conversion on hyperblock from (main_5_slices.cpp:298:26) to (main_5_slices.cpp:297:28) in function 'run_all_slices_unrolled'... converting 4 basic blocks.
INFO: [XFORM 203-401] Performing if-conversion on hyperblock from (main_5_slices.cpp:146:31) to (main_5_slices.cpp:145:21) in function 'lstm_forward_unidir'... converting 7 basic blocks.
INFO: [HLS 200-111] Finished Pre-synthesis Time (s): cpu = 00:01:08 ; elapsed = 00:01:10 . Memory (MB): peak = 881.098 ; gain = 190.000 ; free physical = 2870 ; free virtual = 9635
WARNING: [XFORM 203-631] Renaming function 'run_all_slices_unrolled' to 'run_all_slices_unrol' (main_5_slices.cpp:46:28)
INTERNAL-INFO: never seen llvm instruction 'hmul'(536)
INTERNAL-INFO: never seen llvm instruction 'hadd'(534)
INTERNAL-INFO: never seen llvm instruction 'hptosp'(533)
INTERNAL-INFO: never seen llvm instruction 'hptosp'(533)
INTERNAL-INFO: never seen llvm instruction 'sptohp'(532)
INTERNAL-INFO: never seen llvm instruction 'hcmp'(539)
INTERNAL-INFO: never seen llvm instruction 'hadd'(534)
INTERNAL-INFO: never seen llvm instruction 'hdiv'(537)
INTERNAL-INFO: never seen llvm instruction 'hmul'(536)
INTERNAL-INFO: never seen llvm instruction 'hadd'(534)
INTERNAL-INFO: never seen llvm instruction 'hmul'(536)
INTERNAL-INFO: never seen llvm instruction 'hadd'(534)
INTERNAL-INFO: never seen llvm instruction 'hsub'(535)
INTERNAL-INFO: never seen llvm instruction 'hptosp'(533)
INTERNAL-INFO: never seen llvm instruction 'fexp'(507)
INTERNAL-INFO: never seen llvm instruction 'sptohp'(532)
INTERNAL-INFO: never seen llvm instruction 'hsub'(535)
INTERNAL-INFO: never seen llvm instruction 'hptosp'(533)
INTERNAL-INFO: never seen llvm instruction 'fexp'(507)
INTERNAL-INFO: never seen llvm instruction 'sptohp'(532)
INTERNAL-INFO: never seen llvm instruction 'hsub'(535)
INTERNAL-INFO: never seen llvm instruction 'hptosp'(533)
INTERNAL-INFO: never seen llvm instruction 'fexp'(507)
INTERNAL-INFO: never seen llvm instruction 'sptohp'(532)
INTERNAL-INFO: never seen llvm instruction 'hcmp'(539)
INTERNAL-INFO: never seen llvm instruction 'hcmp'(539)
INTERNAL-INFO: never seen llvm instruction 'hmul'(536)
INTERNAL-INFO: never seen llvm instruction 'hmul'(536)
INTERNAL-INFO: never seen llvm instruction 'hadd'(534)
INTERNAL-INFO: never seen llvm instruction 'hcmp'(539)
INTERNAL-INFO: never seen llvm instruction 'hcmp'(539)
INTERNAL-INFO: never seen llvm instruction 'hmul'(536)
INTERNAL-INFO: never seen llvm instruction 'hmul'(536)
INTERNAL-INFO: never seen llvm instruction 'hadd'(534)
INTERNAL-INFO: never seen llvm instruction 'hptosp'(533)
INTERNAL-INFO: never seen llvm instruction 'hptosp'(533)
INTERNAL-INFO: never seen llvm instruction 'sptohp'(532)
INTERNAL-INFO: never seen llvm instruction 'hcmp'(539)
INTERNAL-INFO: never seen llvm instruction 'hadd'(534)
INTERNAL-INFO: never seen llvm instruction 'hdiv'(537)
INTERNAL-INFO: never seen llvm instruction 'hmul'(536)
INTERNAL-INFO: never seen llvm instruction 'hadd'(534)
INTERNAL-INFO: never seen llvm instruction 'hptosp'(533)
INTERNAL-INFO: never seen llvm instruction 'hptosp'(533)
INTERNAL-INFO: never seen llvm instruction 'sptohp'(532)
INTERNAL-INFO: never seen llvm instruction 'hcmp'(539)
INTERNAL-INFO: never seen llvm instruction 'hadd'(534)
INTERNAL-INFO: never seen llvm instruction 'hdiv'(537)
INTERNAL-INFO: never seen llvm instruction 'hmul'(536)
INTERNAL-INFO: never seen llvm instruction 'hadd'(534)
INTERNAL-INFO: never seen llvm instruction 'hptosp'(533)
INTERNAL-INFO: never seen llvm instruction 'hptosp'(533)
INTERNAL-INFO: never seen llvm instruction 'sptohp'(532)
INTERNAL-INFO: never seen llvm instruction 'hcmp'(539)
INTERNAL-INFO: never seen llvm instruction 'hadd'(534)
INTERNAL-INFO: never seen llvm instruction 'hdiv'(537)
INTERNAL-INFO: never seen llvm instruction 'hmul'(536)
INTERNAL-INFO: never seen llvm instruction 'hadd'(534)
INTERNAL-INFO: never seen llvm instruction 'hptosp'(533)
INTERNAL-INFO: never seen llvm instruction 'hptosp'(533)
INTERNAL-INFO: never seen llvm instruction 'sptohp'(532)
INTERNAL-INFO: never seen llvm instruction 'hcmp'(539)
INTERNAL-INFO: never seen llvm instruction 'hadd'(534)
INTERNAL-INFO: never seen llvm instruction 'hdiv'(537)
INTERNAL-INFO: never seen llvm instruction 'hptosp'(533)
INTERNAL-INFO: never seen llvm instruction 'hadd'(534)
INTERNAL-INFO: never seen llvm instruction 'hptosp'(533)
INTERNAL-INFO: never seen llvm instruction 'sptohp'(532)
INTERNAL-INFO: never seen llvm instruction 'hmul'(536)
INTERNAL-INFO: never seen llvm instruction 'hadd'(534)
INTERNAL-INFO: never seen llvm instruction 'hcmp'(539)
INTERNAL-INFO: never seen llvm instruction 'hcmp'(539)
INTERNAL-INFO: never seen llvm instruction 'hadd'(534)
INTERNAL-INFO: never seen llvm instruction 'hptosp'(533)
INTERNAL-INFO: never seen llvm instruction 'hadd'(534)
INTERNAL-INFO: never seen llvm instruction 'hptosp'(533)
INTERNAL-INFO: never seen llvm instruction 'sptohp'(532)
INTERNAL-INFO: never seen llvm instruction 'hmul'(536)
INTERNAL-INFO: never seen llvm instruction 'hadd'(534)
INTERNAL-INFO: never seen llvm instruction 'hcmp'(539)
INTERNAL-INFO: never seen llvm instruction 'hcmp'(539)
INTERNAL-INFO: never seen llvm instruction 'hadd'(534)
INTERNAL-INFO: never seen llvm instruction 'hptosp'(533)
INTERNAL-INFO: never seen llvm instruction 'hadd'(534)
INTERNAL-INFO: never seen llvm instruction 'hptosp'(533)
INTERNAL-INFO: never seen llvm instruction 'sptohp'(532)
INTERNAL-INFO: never seen llvm instruction 'hmul'(536)
INTERNAL-INFO: never seen llvm instruction 'hadd'(534)
INTERNAL-INFO: never seen llvm instruction 'hcmp'(539)
INTERNAL-INFO: never seen llvm instruction 'hcmp'(539)
INTERNAL-INFO: never seen llvm instruction 'hadd'(534)
INTERNAL-INFO: never seen llvm instruction 'hptosp'(533)
INTERNAL-INFO: never seen llvm instruction 'hadd'(534)
INTERNAL-INFO: never seen llvm instruction 'hptosp'(533)
INTERNAL-INFO: never seen llvm instruction 'sptohp'(532)
INTERNAL-INFO: never seen llvm instruction 'hmul'(536)
INTERNAL-INFO: never seen llvm instruction 'hadd'(534)
INTERNAL-INFO: never seen llvm instruction 'hcmp'(539)
INTERNAL-INFO: never seen llvm instruction 'hcmp'(539)
INTERNAL-INFO: never seen llvm instruction 'hadd'(534)
INTERNAL-INFO: never seen llvm instruction 'hptosp'(533)
INTERNAL-INFO: never seen llvm instruction 'hadd'(534)
INTERNAL-INFO: never seen llvm instruction 'hptosp'(533)
INTERNAL-INFO: never seen llvm instruction 'sptohp'(532)
INTERNAL-INFO: never seen llvm instruction 'hmul'(536)
INTERNAL-INFO: never seen llvm instruction 'hadd'(534)
INTERNAL-INFO: never seen llvm instruction 'hcmp'(539)
INTERNAL-INFO: never seen llvm instruction 'hcmp'(539)
INTERNAL-INFO: never seen llvm instruction 'hadd'(534)
INTERNAL-INFO: never seen llvm instruction 'hmul'(536)
INTERNAL-INFO: never seen llvm instruction 'hadd'(534)
INTERNAL-INFO: never seen llvm instruction 'hptosp'(533)
INTERNAL-INFO: never seen llvm instruction 'hadd'(534)
INTERNAL-INFO: never seen llvm instruction 'hptosp'(533)
INTERNAL-INFO: never seen llvm instruction 'sptohp'(532)
INTERNAL-INFO: never seen llvm instruction 'hmul'(536)
INTERNAL-INFO: never seen llvm instruction 'hadd'(534)
INTERNAL-INFO: never seen llvm instruction 'hcmp'(539)
INTERNAL-INFO: never seen llvm instruction 'hmul'(536)
INTERNAL-INFO: never seen llvm instruction 'hadd'(534)
INTERNAL-INFO: never seen llvm instruction 'hptosp'(533)
INTERNAL-INFO: never seen llvm instruction 'hadd'(534)
INTERNAL-INFO: never seen llvm instruction 'hptosp'(533)
INTERNAL-INFO: never seen llvm instruction 'sptohp'(532)
INTERNAL-INFO: never seen llvm instruction 'hmul'(536)
INTERNAL-INFO: never seen llvm instruction 'hadd'(534)
INTERNAL-INFO: never seen llvm instruction 'hcmp'(539)
INFO: [HLS 200-111] Finished Architecture Synthesis Time (s): cpu = 00:01:10 ; elapsed = 00:01:12 . Memory (MB): peak = 881.098 ; gain = 190.000 ; free physical = 2802 ; free virtual = 9573
INFO: [HLS 200-10] Starting hardware synthesis ...
INFO: [HLS 200-10] Synthesizing 'main' ...
WARNING: [SYN 201-103] Legalizing function name 'conv_bn_act_pool.4' to 'conv_bn_act_pool_4'.
WARNING: [SYN 201-103] Legalizing function name 'conv_bn_act_pool.3' to 'conv_bn_act_pool_3'.
WARNING: [SYN 201-103] Legalizing function name 'conv_bn_act_pool.2' to 'conv_bn_act_pool_2'.
WARNING: [SYN 201-103] Legalizing function name 'conv_bn_act_pool.1' to 'conv_bn_act_pool_1'.
INFO: [HLS 200-10] ----------------------------------------------------------------
INFO: [HLS 200-42] -- Implementing module 'conv_bn_act_pool_4' 
INFO: [HLS 200-10] ----------------------------------------------------------------
INFO: [SCHED 204-11] Starting scheduling ...
INFO: [SCHED 204-11] Finished scheduling.
INFO: [HLS 200-111]  Elapsed time: 72.64 seconds; current allocated memory: 234.842 MB.
INFO: [HLS 200-434] Only 0 loops out of a total 6 loops have been pipelined in this design.
INFO: [BIND 205-100] Starting micro-architecture generation ...
INFO: [BIND 205-101] Performing variable lifetime analysis.
INFO: [BIND 205-101] Exploring resource sharing.
INFO: [BIND 205-101] Binding ...
INFO: [BIND 205-100] Finished micro-architecture generation.
INFO: [HLS 200-111]  Elapsed time: 3.7 seconds; current allocated memory: 241.881 MB.
INFO: [HLS 200-10] ----------------------------------------------------------------
INFO: [HLS 200-42] -- Implementing module 'lstm_forward_unidir' 
INFO: [HLS 200-10] ----------------------------------------------------------------
INFO: [SCHED 204-11] Starting scheduling ...
INFO: [SCHED 204-11] Finished scheduling.
INFO: [HLS 200-111]  Elapsed time: 3.37 seconds; current allocated memory: 242.630 MB.
INFO: [BIND 205-100] Starting micro-architecture generation ...
INFO: [BIND 205-101] Performing variable lifetime analysis.
INFO: [BIND 205-101] Exploring resource sharing.
INFO: [BIND 205-101] Binding ...
INFO: [BIND 205-100] Finished micro-architecture generation.
INFO: [HLS 200-111]  Elapsed time: 2.12 seconds; current allocated memory: 243.575 MB.
INFO: [HLS 200-10] ----------------------------------------------------------------
INFO: [HLS 200-42] -- Implementing module 'conv_bn_act_pool_3' 
INFO: [HLS 200-10] ----------------------------------------------------------------
INFO: [SCHED 204-11] Starting scheduling ...
INFO: [SCHED 204-11] Finished scheduling.
INFO: [HLS 200-111]  Elapsed time: 2.85 seconds; current allocated memory: 245.405 MB.
INFO: [BIND 205-100] Starting micro-architecture generation ...
INFO: [BIND 205-101] Performing variable lifetime analysis.
INFO: [BIND 205-101] Exploring resource sharing.
INFO: [BIND 205-101] Binding ...
INFO: [BIND 205-100] Finished micro-architecture generation.
INFO: [HLS 200-111]  Elapsed time: 3.37 seconds; current allocated memory: 252.250 MB.
INFO: [HLS 200-10] ----------------------------------------------------------------
INFO: [HLS 200-42] -- Implementing module 'conv_bn_act_pool_2' 
INFO: [HLS 200-10] ----------------------------------------------------------------
INFO: [SCHED 204-11] Starting scheduling ...
INFO: [SCHED 204-11] Finished scheduling.
INFO: [HLS 200-111]  Elapsed time: 4.74 seconds; current allocated memory: 254.076 MB.
INFO: [BIND 205-100] Starting micro-architecture generation ...
INFO: [BIND 205-101] Performing variable lifetime analysis.
INFO: [BIND 205-101] Exploring resource sharing.
INFO: [BIND 205-101] Binding ...
INFO: [BIND 205-100] Finished micro-architecture generation.
INFO: [HLS 200-111]  Elapsed time: 3.3 seconds; current allocated memory: 260.925 MB.
INFO: [HLS 200-10] ----------------------------------------------------------------
INFO: [HLS 200-42] -- Implementing module 'conv_bn_act_pool_1' 
INFO: [HLS 200-10] ----------------------------------------------------------------
INFO: [SCHED 204-11] Starting scheduling ...
INFO: [SCHED 204-11] Finished scheduling.
INFO: [HLS 200-111]  Elapsed time: 4.89 seconds; current allocated memory: 262.776 MB.
INFO: [BIND 205-100] Starting micro-architecture generation ...
INFO: [BIND 205-101] Performing variable lifetime analysis.
INFO: [BIND 205-101] Exploring resource sharing.
INFO: [BIND 205-101] Binding ...
INFO: [BIND 205-100] Finished micro-architecture generation.
INFO: [HLS 200-111]  Elapsed time: 3.55 seconds; current allocated memory: 269.621 MB.
INFO: [HLS 200-10] ----------------------------------------------------------------
INFO: [HLS 200-42] -- Implementing module 'conv_bn_act_pool' 
INFO: [HLS 200-10] ----------------------------------------------------------------
INFO: [SCHED 204-11] Starting scheduling ...
INFO: [SCHED 204-11] Finished scheduling.
INFO: [HLS 200-111]  Elapsed time: 4.4 seconds; current allocated memory: 271.529 MB.
INFO: [BIND 205-100] Starting micro-architecture generation ...
INFO: [BIND 205-101] Performing variable lifetime analysis.
INFO: [BIND 205-101] Exploring resource sharing.
INFO: [BIND 205-101] Binding ...
INFO: [BIND 205-100] Finished micro-architecture generation.
INFO: [HLS 200-111]  Elapsed time: 3.61 seconds; current allocated memory: 278.383 MB.
INFO: [HLS 200-10] ----------------------------------------------------------------
INFO: [HLS 200-42] -- Implementing module 'run_all_slices_unrol' 
INFO: [HLS 200-10] ----------------------------------------------------------------
INFO: [SCHED 204-11] Starting scheduling ...
INFO: [SCHED 204-11] Finished scheduling.
INFO: [HLS 200-111]  Elapsed time: 3.66 seconds; current allocated memory: 279.639 MB.
INFO: [BIND 205-100] Starting micro-architecture generation ...
INFO: [BIND 205-101] Performing variable lifetime analysis.
INFO: [BIND 205-101] Exploring resource sharing.
INFO: [BIND 205-101] Binding ...
INFO: [BIND 205-100] Finished micro-architecture generation.
INFO: [HLS 200-111]  Elapsed time: 6.01 seconds; current allocated memory: 281.721 MB.
INFO: [HLS 200-10] ----------------------------------------------------------------
INFO: [HLS 200-42] -- Implementing module 'main' 
INFO: [HLS 200-10] ----------------------------------------------------------------
INFO: [SCHED 204-11] Starting scheduling ...
INFO: [SCHED 204-11] Finished scheduling.
INFO: [HLS 200-111]  Elapsed time: 5.61 seconds; current allocated memory: 282.495 MB.
INFO: [BIND 205-100] Starting micro-architecture generation ...
INFO: [BIND 205-101] Performing variable lifetime analysis.
INFO: [BIND 205-101] Exploring resource sharing.
INFO: [BIND 205-101] Binding ...
INFO: [BIND 205-100] Finished micro-architecture generation.
INFO: [HLS 200-111]  Elapsed time: 3.3 seconds; current allocated memory: 283.378 MB.
INFO: [HLS 200-10] ----------------------------------------------------------------
INFO: [HLS 200-10] -- Generating RTL for module 'conv_bn_act_pool_4' 
INFO: [HLS 200-10] ----------------------------------------------------------------
INFO: [RTGEN 206-100] Generating core module 'main_fadd_32ns_32ns_32_5_full_dsp_1': 1 instance(s).
INFO: [RTGEN 206-100] Generating core module 'main_fmul_32ns_32ns_32_4_max_dsp_1': 1 instance(s).
INFO: [RTGEN 206-100] Generating core module 'main_hadd_16ns_16ns_16_5_full_dsp_1': 1 instance(s).
INFO: [RTGEN 206-100] Generating core module 'main_hcmp_16ns_16ns_1_2_1': 1 instance(s).
INFO: [RTGEN 206-100] Generating core module 'main_hdiv_16ns_16ns_16_7_1': 1 instance(s).
INFO: [RTGEN 206-100] Generating core module 'main_hmul_16ns_16ns_16_4_max_dsp_1': 1 instance(s).
INFO: [RTGEN 206-100] Generating core module 'main_hptosp_16ns_32_2_1': 2 instance(s).
INFO: [RTGEN 206-100] Generating core module 'main_mux_325_16_1_1': 2 instance(s).
INFO: [RTGEN 206-100] Generating core module 'main_sptohp_32ns_16_2_1': 1 instance(s).
INFO: [RTGEN 206-100] Finished creating RTL model for 'conv_bn_act_pool_4'.
INFO: [HLS 200-111]  Elapsed time: 2.98 seconds; current allocated memory: 288.728 MB.
INFO: [HLS 200-10] ----------------------------------------------------------------
INFO: [HLS 200-10] -- Generating RTL for module 'lstm_forward_unidir' 
INFO: [HLS 200-10] ----------------------------------------------------------------
INFO: [RTGEN 206-100] Generating core module 'main_fadd_32ns_32ns_32_5_full_dsp_1': 2 instance(s).
INFO: [RTGEN 206-100] Generating core module 'main_fdiv_32ns_32ns_32_16_1': 2 instance(s).
INFO: [RTGEN 206-100] Generating core module 'main_fexp_32ns_32ns_32_9_full_dsp_1': 2 instance(s).
INFO: [RTGEN 206-100] Generating core module 'main_hadd_16ns_16ns_16_5_full_dsp_1': 1 instance(s).
INFO: [RTGEN 206-100] Generating core module 'main_hcmp_16ns_16ns_1_2_1': 2 instance(s).
INFO: [RTGEN 206-100] Generating core module 'main_hmul_16ns_16ns_16_4_max_dsp_1': 2 instance(s).
INFO: [RTGEN 206-100] Generating core module 'main_hptosp_16ns_32_2_1': 2 instance(s).
INFO: [RTGEN 206-100] Generating core module 'main_hsub_16ns_16ns_16_5_full_dsp_1': 2 instance(s).
INFO: [RTGEN 206-100] Generating core module 'main_mux_1287_16_1_1': 1 instance(s).
INFO: [RTGEN 206-100] Generating core module 'main_sptohp_32ns_16_2_1': 2 instance(s).
INFO: [RTGEN 206-100] Finished creating RTL model for 'lstm_forward_unidir'.
INFO: [HLS 200-111]  Elapsed time: 4.04 seconds; current allocated memory: 304.147 MB.
INFO: [HLS 200-10] ----------------------------------------------------------------
INFO: [HLS 200-10] -- Generating RTL for module 'conv_bn_act_pool_3' 
INFO: [HLS 200-10] ----------------------------------------------------------------
INFO: [RTGEN 206-100] Generating core module 'main_fadd_32ns_32ns_32_5_full_dsp_1': 1 instance(s).
INFO: [RTGEN 206-100] Generating core module 'main_fmul_32ns_32ns_32_4_max_dsp_1': 1 instance(s).
INFO: [RTGEN 206-100] Generating core module 'main_hadd_16ns_16ns_16_5_full_dsp_1': 1 instance(s).
INFO: [RTGEN 206-100] Generating core module 'main_hcmp_16ns_16ns_1_2_1': 1 instance(s).
INFO: [RTGEN 206-100] Generating core module 'main_hdiv_16ns_16ns_16_7_1': 1 instance(s).
INFO: [RTGEN 206-100] Generating core module 'main_hmul_16ns_16ns_16_4_max_dsp_1': 1 instance(s).
INFO: [RTGEN 206-100] Generating core module 'main_hptosp_16ns_32_2_1': 2 instance(s).
INFO: [RTGEN 206-100] Generating core module 'main_mux_325_16_1_1': 2 instance(s).
INFO: [RTGEN 206-100] Generating core module 'main_sptohp_32ns_16_2_1': 1 instance(s).
INFO: [RTGEN 206-100] Finished creating RTL model for 'conv_bn_act_pool_3'.
INFO: [HLS 200-111]  Elapsed time: 2.29 seconds; current allocated memory: 312.239 MB.
INFO: [HLS 200-10] ----------------------------------------------------------------
INFO: [HLS 200-10] -- Generating RTL for module 'conv_bn_act_pool_2' 
INFO: [HLS 200-10] ----------------------------------------------------------------
INFO: [RTGEN 206-100] Generating core module 'main_fadd_32ns_32ns_32_5_full_dsp_1': 1 instance(s).
INFO: [RTGEN 206-100] Generating core module 'main_fmul_32ns_32ns_32_4_max_dsp_1': 1 instance(s).
INFO: [RTGEN 206-100] Generating core module 'main_hadd_16ns_16ns_16_5_full_dsp_1': 1 instance(s).
INFO: [RTGEN 206-100] Generating core module 'main_hcmp_16ns_16ns_1_2_1': 1 instance(s).
INFO: [RTGEN 206-100] Generating core module 'main_hdiv_16ns_16ns_16_7_1': 1 instance(s).
INFO: [RTGEN 206-100] Generating core module 'main_hmul_16ns_16ns_16_4_max_dsp_1': 1 instance(s).
INFO: [RTGEN 206-100] Generating core module 'main_hptosp_16ns_32_2_1': 2 instance(s).
INFO: [RTGEN 206-100] Generating core module 'main_mux_325_16_1_1': 2 instance(s).
INFO: [RTGEN 206-100] Generating core module 'main_sptohp_32ns_16_2_1': 1 instance(s).
INFO: [RTGEN 206-100] Finished creating RTL model for 'conv_bn_act_pool_2'.
INFO: [HLS 200-111]  Elapsed time: 3.62 seconds; current allocated memory: 330.572 MB.
INFO: [HLS 200-10] ----------------------------------------------------------------
INFO: [HLS 200-10] -- Generating RTL for module 'conv_bn_act_pool_1' 
INFO: [HLS 200-10] ----------------------------------------------------------------
INFO: [RTGEN 206-100] Generating core module 'main_fadd_32ns_32ns_32_5_full_dsp_1': 1 instance(s).
INFO: [RTGEN 206-100] Generating core module 'main_fmul_32ns_32ns_32_4_max_dsp_1': 1 instance(s).
INFO: [RTGEN 206-100] Generating core module 'main_hadd_16ns_16ns_16_5_full_dsp_1': 1 instance(s).
INFO: [RTGEN 206-100] Generating core module 'main_hcmp_16ns_16ns_1_2_1': 1 instance(s).
INFO: [RTGEN 206-100] Generating core module 'main_hdiv_16ns_16ns_16_7_1': 1 instance(s).
INFO: [RTGEN 206-100] Generating core module 'main_hmul_16ns_16ns_16_4_max_dsp_1': 1 instance(s).
INFO: [RTGEN 206-100] Generating core module 'main_hptosp_16ns_32_2_1': 2 instance(s).
INFO: [RTGEN 206-100] Generating core module 'main_mux_325_16_1_1': 2 instance(s).
INFO: [RTGEN 206-100] Generating core module 'main_sptohp_32ns_16_2_1': 1 instance(s).
INFO: [RTGEN 206-100] Finished creating RTL model for 'conv_bn_act_pool_1'.
INFO: [HLS 200-111]  Elapsed time: 3.69 seconds; current allocated memory: 348.861 MB.
INFO: [HLS 200-10] ----------------------------------------------------------------
INFO: [HLS 200-10] -- Generating RTL for module 'conv_bn_act_pool' 
INFO: [HLS 200-10] ----------------------------------------------------------------
INFO: [RTGEN 206-100] Generating core module 'main_fadd_32ns_32ns_32_5_full_dsp_1': 1 instance(s).
INFO: [RTGEN 206-100] Generating core module 'main_fmul_32ns_32ns_32_4_max_dsp_1': 1 instance(s).
INFO: [RTGEN 206-100] Generating core module 'main_hadd_16ns_16ns_16_5_full_dsp_1': 1 instance(s).
INFO: [RTGEN 206-100] Generating core module 'main_hcmp_16ns_16ns_1_2_1': 1 instance(s).
INFO: [RTGEN 206-100] Generating core module 'main_hdiv_16ns_16ns_16_7_1': 1 instance(s).
INFO: [RTGEN 206-100] Generating core module 'main_hmul_16ns_16ns_16_4_max_dsp_1': 1 instance(s).
INFO: [RTGEN 206-100] Generating core module 'main_hptosp_16ns_32_2_1': 2 instance(s).
INFO: [RTGEN 206-100] Generating core module 'main_mux_325_16_1_1': 2 instance(s).
INFO: [RTGEN 206-100] Generating core module 'main_sptohp_32ns_16_2_1': 1 instance(s).
INFO: [RTGEN 206-100] Finished creating RTL model for 'conv_bn_act_pool'.
INFO: [HLS 200-111]  Elapsed time: 3.67 seconds; current allocated memory: 367.138 MB.
INFO: [HLS 200-10] ----------------------------------------------------------------
INFO: [HLS 200-10] -- Generating RTL for module 'run_all_slices_unrol' 
INFO: [HLS 200-10] ----------------------------------------------------------------
INFO: [RTGEN 206-100] Generating core module 'main_fdiv_32ns_32ns_32_16_1': 1 instance(s).
INFO: [RTGEN 206-100] Generating core module 'main_fsqrt_32ns_32ns_32_12_1': 1 instance(s).
INFO: [RTGEN 206-100] Generating core module 'main_hadd_16ns_16ns_16_5_full_dsp_1': 1 instance(s).
INFO: [RTGEN 206-100] Generating core module 'main_hcmp_16ns_16ns_1_2_1': 2 instance(s).
INFO: [RTGEN 206-100] Generating core module 'main_hmul_16ns_16ns_16_4_max_dsp_1': 1 instance(s).
INFO: [RTGEN 206-100] Generating core module 'main_hptosp_16ns_32_2_1': 1 instance(s).
INFO: [RTGEN 206-100] Generating core module 'main_sptohp_32ns_16_2_1': 1 instance(s).
INFO: [RTGEN 206-100] Finished creating RTL model for 'run_all_slices_unrol'.
INFO: [HLS 200-111]  Elapsed time: 3.63 seconds; current allocated memory: 384.673 MB.
INFO: [HLS 200-10] ----------------------------------------------------------------
INFO: [HLS 200-10] -- Generating RTL for module 'main' 
INFO: [HLS 200-10] ----------------------------------------------------------------
INFO: [RTGEN 206-500] Setting interface mode on function 'main' to 'ap_ctrl_hs'.
WARNING: [RTGEN 206-101] Global array 'ConvW0' will not be exposed as RTL port.
WARNING: [RTGEN 206-101] Global array 'LSTM_W_ifog0' will not be exposed as RTL port.
WARNING: [RTGEN 206-101] Global array 'LSTM_R_ifog0' will not be exposed as RTL port.
WARNING: [RTGEN 206-101] Global array 'ConvW1' will not be exposed as RTL port.
WARNING: [RTGEN 206-101] Global array 'LSTM_W_ifog1' will not be exposed as RTL port.
WARNING: [RTGEN 206-101] Global array 'LSTM_R_ifog1' will not be exposed as RTL port.
WARNING: [RTGEN 206-101] Global array 'ConvW2' will not be exposed as RTL port.
WARNING: [RTGEN 206-101] Global array 'LSTM_W_ifog2' will not be exposed as RTL port.
WARNING: [RTGEN 206-101] Global array 'LSTM_R_ifog2' will not be exposed as RTL port.
WARNING: [RTGEN 206-101] Global array 'ConvW3' will not be exposed as RTL port.
WARNING: [RTGEN 206-101] Global array 'LSTM_W_ifog3' will not be exposed as RTL port.
WARNING: [RTGEN 206-101] Global array 'LSTM_R_ifog3' will not be exposed as RTL port.
WARNING: [RTGEN 206-101] Global array 'ConvW4' will not be exposed as RTL port.
WARNING: [RTGEN 206-101] Global array 'LSTM_W_ifog4' will not be exposed as RTL port.
WARNING: [RTGEN 206-101] Global array 'LSTM_R_ifog4' will not be exposed as RTL port.
INFO: [RTGEN 206-100] Generating core module 'main_fdiv_32ns_32ns_32_16_1': 1 instance(s).
INFO: [RTGEN 206-100] Generating core module 'main_fsqrt_32ns_32ns_32_12_1': 1 instance(s).
INFO: [RTGEN 206-100] Generating core module 'main_hadd_16ns_16ns_16_5_full_dsp_1': 1 instance(s).
INFO: [RTGEN 206-100] Generating core module 'main_hcmp_16ns_16ns_1_2_1': 1 instance(s).
INFO: [RTGEN 206-100] Generating core module 'main_hmul_16ns_16ns_16_4_max_dsp_1': 1 instance(s).
INFO: [RTGEN 206-100] Generating core module 'main_hptosp_16ns_32_2_1': 1 instance(s).
INFO: [RTGEN 206-100] Generating core module 'main_sptohp_32ns_16_2_1': 1 instance(s).
INFO: [RTGEN 206-100] Finished creating RTL model for 'main'.
INFO: [HLS 200-111]  Elapsed time: 4.01 seconds; current allocated memory: 392.192 MB.
INFO: [RTMG 210-279] Implementing memory 'conv_bn_act_pool_4_X_slice_rom' using auto ROMs.
INFO: [RTMG 210-279] Implementing memory 'conv_bn_act_pool_4_ConvW0_rom' using distributed ROMs.
INFO: [RTMG 210-279] Implementing memory 'conv_bn_act_pool_4_a_bn_rom' using distributed ROMs.
INFO: [RTMG 210-278] Implementing memory 'lstm_forward_unidir_c_slice_ram (RAM)' using distributed RAMs with power-on initialization.
INFO: [RTMG 210-278] Implementing memory 'lstm_forward_unidir_z_ram (RAM)' using block RAMs.
INFO: [RTMG 210-279] Implementing memory 'conv_bn_act_pool_3_X_slice1_rom' using auto ROMs.
INFO: [RTMG 210-279] Implementing memory 'conv_bn_act_pool_3_ConvW1_rom' using distributed ROMs.
INFO: [RTMG 210-279] Implementing memory 'conv_bn_act_pool_2_X_slice2_rom' using auto ROMs.
INFO: [RTMG 210-279] Implementing memory 'conv_bn_act_pool_2_ConvW2_rom' using distributed ROMs.
INFO: [RTMG 210-279] Implementing memory 'conv_bn_act_pool_1_X_slice3_rom' using auto ROMs.
INFO: [RTMG 210-279] Implementing memory 'conv_bn_act_pool_1_ConvW3_rom' using distributed ROMs.
INFO: [RTMG 210-279] Implementing memory 'conv_bn_act_pool_ConvW4_rom' using distributed ROMs.
INFO: [RTMG 210-278] Implementing memory 'run_all_slices_unrol_U_slice_ram (RAM)' using block RAMs with power-on initialization.
WARNING: [RTMG 210-274] Memory 'run_all_slices_unrol_LSTM_W_ifog0' is read-only, switch it to a ROM.
INFO: [RTMG 210-279] Implementing memory 'run_all_slices_unrol_LSTM_W_ifog0_rom' using block ROMs.
WARNING: [RTMG 210-274] Memory 'run_all_slices_unrol_LSTM_R_ifog0' is read-only, switch it to a ROM.
INFO: [RTMG 210-279] Implementing memory 'run_all_slices_unrol_LSTM_R_ifog0_rom' using block ROMs.
INFO: [RTMG 210-279] Implementing memory 'run_all_slices_unrol_BN2_var0_rom' using distributed ROMs.
WARNING: [RTMG 210-274] Memory 'run_all_slices_unrol_LSTM_W_ifog1' is read-only, switch it to a ROM.
INFO: [RTMG 210-279] Implementing memory 'run_all_slices_unrol_LSTM_W_ifog1_rom' using block ROMs.
WARNING: [RTMG 210-274] Memory 'run_all_slices_unrol_LSTM_R_ifog1' is read-only, switch it to a ROM.
INFO: [RTMG 210-279] Implementing memory 'run_all_slices_unrol_LSTM_R_ifog1_rom' using block ROMs.
WARNING: [RTMG 210-274] Memory 'run_all_slices_unrol_LSTM_W_ifog2' is read-only, switch it to a ROM.
INFO: [RTMG 210-279] Implementing memory 'run_all_slices_unrol_LSTM_W_ifog2_rom' using block ROMs.
WARNING: [RTMG 210-274] Memory 'run_all_slices_unrol_LSTM_R_ifog2' is read-only, switch it to a ROM.
INFO: [RTMG 210-279] Implementing memory 'run_all_slices_unrol_LSTM_R_ifog2_rom' using block ROMs.
WARNING: [RTMG 210-274] Memory 'run_all_slices_unrol_LSTM_W_ifog3' is read-only, switch it to a ROM.
INFO: [RTMG 210-279] Implementing memory 'run_all_slices_unrol_LSTM_W_ifog3_rom' using block ROMs.
WARNING: [RTMG 210-274] Memory 'run_all_slices_unrol_LSTM_R_ifog3' is read-only, switch it to a ROM.
INFO: [RTMG 210-279] Implementing memory 'run_all_slices_unrol_LSTM_R_ifog3_rom' using block ROMs.
INFO: [RTMG 210-279] Implementing memory 'run_all_slices_unrol_tokens4_rom' using auto ROMs.
INFO: [RTMG 210-279] Implementing memory 'run_all_slices_unrol_Emb4_rom' using auto ROMs.
WARNING: [RTMG 210-274] Memory 'run_all_slices_unrol_LSTM_W_ifog4' is read-only, switch it to a ROM.
INFO: [RTMG 210-279] Implementing memory 'run_all_slices_unrol_LSTM_W_ifog4_rom' using block ROMs.
WARNING: [RTMG 210-274] Memory 'run_all_slices_unrol_LSTM_R_ifog4' is read-only, switch it to a ROM.
INFO: [RTMG 210-279] Implementing memory 'run_all_slices_unrol_LSTM_R_ifog4_rom' using block ROMs.
INFO: [RTMG 210-278] Implementing memory 'run_all_slices_unrol_X_slice_1_ram (RAM)' using block RAMs.
INFO: [RTMG 210-279] Implementing memory 'main_fc_0_W_rom' using auto ROMs.
INFO: [RTMG 210-279] Implementing memory 'main_fc_0_bn_var_rom' using auto ROMs.
INFO: [RTMG 210-279] Implementing memory 'main_fc_1_W_rom' using auto ROMs.
INFO: [RTMG 210-278] Implementing memory 'main_merged_ram (RAM)' using distributed RAMs.
INFO: [RTMG 210-278] Implementing memory 'main_z0_ram (RAM)' using block RAMs.
INFO: [HLS 200-111] Finished generating all RTL models Time (s): cpu = 00:02:49 ; elapsed = 00:02:55 . Memory (MB): peak = 1207.113 ; gain = 516.016 ; free physical = 2229 ; free virtual = 9126
INFO: [VHDL 208-304] Generating VHDL RTL for main.
INFO: [VLOG 209-307] Generating Verilog RTL for main.
INFO: [HLS 200-112] Total elapsed time: 175.47 seconds; peak allocated memory: 392.192 MB.
