

================================================================
== Vivado HLS Report for 'avgpool1d_P_4'
================================================================
* Date:           Tue Sep  2 19:40:15 2025

* Version:        2019.1 (Build 2552052 on Fri May 24 15:28:33 MDT 2019)
* Project:        BranchPredictionAI
* Solution:       solution1
* Product family: zynq
* Target device:  xc7z020-clg484-1


================================================================
== Performance Estimates
================================================================
+ Timing (ns): 
    * Summary: 
    +--------+-------+----------+------------+
    |  Clock | Target| Estimated| Uncertainty|
    +--------+-------+----------+------------+
    |ap_clk  |  10.00|     7.256|        1.25|
    +--------+-------+----------+------------+

+ Latency (clock cycles): 
    * Summary: 
    +-------+-------+-------+-------+---------+
    |    Latency    |    Interval   | Pipeline|
    |  min  |  max  |  min  |  max  |   Type  |
    +-------+-------+-------+-------+---------+
    |  15001|  15001|  15001|  15001|   none  |
    +-------+-------+-------+-------+---------+

    + Detail: 
        * Instance: 
        N/A

        * Loop: 
        +-----------------+-------+-------+----------+-----------+-----------+------+----------+
        |                 |    Latency    | Iteration|  Initiation Interval  | Trip |          |
        |    Loop Name    |  min  |  max  |  Latency |  achieved |   target  | Count| Pipelined|
        +-----------------+-------+-------+----------+-----------+-----------+------+----------+
        |- Loop 1         |  15000|  15000|      1250|          -|          -|    12|    no    |
        | + Loop 1.1      |   1248|   1248|        39|          -|          -|    32|    no    |
        |  ++ Loop 1.1.1  |     21|     21|         7|          -|          -|     3|    no    |
        +-----------------+-------+-------+----------+-----------+-----------+------+----------+



================================================================
== Utilization Estimates
================================================================
* Summary: 
+-----------------+---------+-------+--------+-------+-----+
|       Name      | BRAM_18K| DSP48E|   FF   |  LUT  | URAM|
+-----------------+---------+-------+--------+-------+-----+
|DSP              |        -|      -|       -|      -|    -|
|Expression       |        -|      -|       0|    128|    -|
|FIFO             |        -|      -|       -|      -|    -|
|Instance         |        -|      2|     966|   1384|    -|
|Memory           |        -|      -|       -|      -|    -|
|Multiplexer      |        -|      -|       -|    161|    -|
|Register         |        -|      -|     178|      -|    -|
+-----------------+---------+-------+--------+-------+-----+
|Total            |        0|      2|    1144|   1673|    0|
+-----------------+---------+-------+--------+-------+-----+
|Available        |      280|    220|  106400|  53200|    0|
+-----------------+---------+-------+--------+-------+-----+
|Utilization (%)  |        0|   ~0  |       1|      3|    0|
+-----------------+---------+-------+--------+-------+-----+

+ Detail: 
    * Instance: 
    +----------------------------------------+-------------------------------------+---------+-------+-----+-----+-----+
    |                Instance                |                Module               | BRAM_18K| DSP48E|  FF | LUT | URAM|
    +----------------------------------------+-------------------------------------+---------+-------+-----+-----+-----+
    |main_fadd_32ns_32ns_32_5_full_dsp_1_U8  |main_fadd_32ns_32ns_32_5_full_dsp_1  |        0|      2|  205|  390|    0|
    |main_fdiv_32ns_32ns_32_16_1_U9          |main_fdiv_32ns_32ns_32_16_1          |        0|      0|  761|  994|    0|
    +----------------------------------------+-------------------------------------+---------+-------+-----+-----+-----+
    |Total                                   |                                     |        0|      2|  966| 1384|    0|
    +----------------------------------------+-------------------------------------+---------+-------+-----+-----+-----+

    * DSP48E: 
    N/A

    * Memory: 
    N/A

    * FIFO: 
    N/A

    * Expression: 
    +-----------------------+----------+-------+---+----+------------+------------+
    |     Variable Name     | Operation| DSP48E| FF| LUT| Bitwidth P0| Bitwidth P1|
    +-----------------------+----------+-------+---+----+------------+------------+
    |add_ln105_1_fu_221_p2  |     +    |      0|  0|  17|          13|          13|
    |add_ln105_fu_204_p2    |     +    |      0|  0|  15|           7|           7|
    |add_ln106_fu_235_p2    |     +    |      0|  0|  15|           9|           9|
    |c_fu_182_p2            |     +    |      0|  0|  15|           6|           1|
    |p_fu_194_p2            |     +    |      0|  0|  10|           2|           1|
    |u_fu_136_p2            |     +    |      0|  0|  13|           4|           1|
    |sub_ln105_fu_154_p2    |     -    |      0|  0|  15|           7|           7|
    |icmp_ln102_fu_130_p2   |   icmp   |      0|  0|   9|           4|           4|
    |icmp_ln103_fu_176_p2   |   icmp   |      0|  0|  11|           6|           7|
    |icmp_ln105_fu_188_p2   |   icmp   |      0|  0|   8|           2|           2|
    +-----------------------+----------+-------+---+----+------------+------------+
    |Total                  |          |      0|  0| 128|          60|          52|
    +-----------------------+----------+-------+---+----+------------+------------+

    * Multiplexer: 
    +--------------+-----+-----------+-----+-----------+
    |     Name     | LUT | Input Size| Bits| Total Bits|
    +--------------+-----+-----------+-----+-----------+
    |acc_0_reg_92  |    9|          2|   32|         64|
    |ap_NS_fsm     |  125|         27|    1|         27|
    |c_0_reg_81    |    9|          2|    6|         12|
    |p_0_reg_104   |    9|          2|    2|          4|
    |u_0_reg_70    |    9|          2|    4|          8|
    +--------------+-----+-----------+-----+-----------+
    |Total         |  161|         35|   45|        115|
    +--------------+-----+-----------+-----+-----------+

    * Register: 
    +----------------------+----+----+-----+-----------+
    |         Name         | FF | LUT| Bits| Const Bits|
    +----------------------+----+----+-----+-----------+
    |Z_load_reg_297        |  32|   0|   32|          0|
    |acc_0_reg_92          |  32|   0|   32|          0|
    |add_ln106_reg_292     |   9|   0|    9|          0|
    |ap_CS_fsm             |  26|   0|   26|          0|
    |c_0_reg_81            |   6|   0|    6|          0|
    |c_reg_274             |   6|   0|    6|          0|
    |p_0_reg_104           |   2|   0|    2|          0|
    |p_reg_282             |   2|   0|    2|          0|
    |shl_ln_reg_256        |   4|   0|    9|          5|
    |sub_ln105_reg_251     |   7|   0|    7|          0|
    |tmp_s_reg_307         |  32|   0|   32|          0|
    |u_0_reg_70            |   4|   0|    4|          0|
    |u_reg_246             |   4|   0|    4|          0|
    |zext_ln103_1_reg_266  |   6|   0|   13|          7|
    |zext_ln103_reg_261    |   6|   0|    9|          3|
    +----------------------+----+----+-----+-----------+
    |Total                 | 178|   0|  193|         15|
    +----------------------+----+----+-----+-----------+



================================================================
== Interface
================================================================
* Summary: 
+------------+-----+-----+------------+---------------+--------------+
|  RTL Ports | Dir | Bits|  Protocol  | Source Object |    C Type    |
+------------+-----+-----+------------+---------------+--------------+
|ap_clk      |  in |    1| ap_ctrl_hs | avgpool1d_P.4 | return value |
|ap_rst      |  in |    1| ap_ctrl_hs | avgpool1d_P.4 | return value |
|ap_start    |  in |    1| ap_ctrl_hs | avgpool1d_P.4 | return value |
|ap_done     | out |    1| ap_ctrl_hs | avgpool1d_P.4 | return value |
|ap_idle     | out |    1| ap_ctrl_hs | avgpool1d_P.4 | return value |
|ap_ready    | out |    1| ap_ctrl_hs | avgpool1d_P.4 | return value |
|Z_address0  | out |   11|  ap_memory |       Z       |     array    |
|Z_ce0       | out |    1|  ap_memory |       Z       |     array    |
|Z_q0        |  in |   32|  ap_memory |       Z       |     array    |
|U_address0  | out |    9|  ap_memory |       U       |     array    |
|U_ce0       | out |    1|  ap_memory |       U       |     array    |
|U_we0       | out |    1|  ap_memory |       U       |     array    |
|U_d0        | out |   32|  ap_memory |       U       |     array    |
+------------+-----+-----+------------+---------------+--------------+

