

================================================================
== Vivado HLS Report for 'avgpool1d_P'
================================================================
* Date:           Tue Sep  2 19:40:19 2025

* Version:        2019.1 (Build 2552052 on Fri May 24 15:28:33 MDT 2019)
* Project:        BranchPredictionAI
* Solution:       solution1
* Product family: zynq
* Target device:  xc7z020-clg484-1


================================================================
== Performance Estimates
================================================================
+ Timing (ns): 
    * Summary: 
    +--------+-------+----------+------------+
    |  Clock | Target| Estimated| Uncertainty|
    +--------+-------+----------+------------+
    |ap_clk  |  10.00|     7.256|        1.25|
    +--------+-------+----------+------------+

+ Latency (clock cycles): 
    * Summary: 
    +--------+--------+--------+--------+---------+
    |     Latency     |     Interval    | Pipeline|
    |   min  |   max  |   min  |   max  |   Type  |
    +--------+--------+--------+--------+---------+
    |  135961|  135961|  135961|  135961|   none  |
    +--------+--------+--------+--------+---------+

    + Detail: 
        * Instance: 
        N/A

        * Loop: 
        +-----------------+--------+--------+----------+-----------+-----------+------+----------+
        |                 |     Latency     | Iteration|  Initiation Interval  | Trip |          |
        |    Loop Name    |   min  |   max  |  Latency |  achieved |   target  | Count| Pipelined|
        +-----------------+--------+--------+----------+-----------+-----------+------+----------+
        |- Loop 1         |  135960|  135960|     11330|          -|          -|    12|    no    |
        | + Loop 1.1      |   11328|   11328|       354|          -|          -|    32|    no    |
        |  ++ Loop 1.1.1  |     336|     336|         7|          -|          -|    48|    no    |
        +-----------------+--------+--------+----------+-----------+-----------+------+----------+



================================================================
== Utilization Estimates
================================================================
* Summary: 
+-----------------+---------+-------+--------+-------+-----+
|       Name      | BRAM_18K| DSP48E|   FF   |  LUT  | URAM|
+-----------------+---------+-------+--------+-------+-----+
|DSP              |        -|      -|       -|      -|    -|
|Expression       |        -|      -|       0|    139|    -|
|FIFO             |        -|      -|       -|      -|    -|
|Instance         |        -|      2|     966|   1384|    -|
|Memory           |        -|      -|       -|      -|    -|
|Multiplexer      |        -|      -|       -|    161|    -|
|Register         |        -|      -|     186|      -|    -|
+-----------------+---------+-------+--------+-------+-----+
|Total            |        0|      2|    1152|   1684|    0|
+-----------------+---------+-------+--------+-------+-----+
|Available        |      280|    220|  106400|  53200|    0|
+-----------------+---------+-------+--------+-------+-----+
|Utilization (%)  |        0|   ~0  |       1|      3|    0|
+-----------------+---------+-------+--------+-------+-----+

+ Detail: 
    * Instance: 
    +-----------------------------------------+-------------------------------------+---------+-------+-----+-----+-----+
    |                 Instance                |                Module               | BRAM_18K| DSP48E|  FF | LUT | URAM|
    +-----------------------------------------+-------------------------------------+---------+-------+-----+-----+-----+
    |main_fadd_32ns_32ns_32_5_full_dsp_1_U98  |main_fadd_32ns_32ns_32_5_full_dsp_1  |        0|      2|  205|  390|    0|
    |main_fdiv_32ns_32ns_32_16_1_U99          |main_fdiv_32ns_32ns_32_16_1          |        0|      0|  761|  994|    0|
    +-----------------------------------------+-------------------------------------+---------+-------+-----+-----+-----+
    |Total                                    |                                     |        0|      2|  966| 1384|    0|
    +-----------------------------------------+-------------------------------------+---------+-------+-----+-----+-----+

    * DSP48E: 
    N/A

    * Memory: 
    N/A

    * FIFO: 
    N/A

    * Expression: 
    +-----------------------+----------+-------+---+----+------------+------------+
    |     Variable Name     | Operation| DSP48E| FF| LUT| Bitwidth P0| Bitwidth P1|
    +-----------------------+----------+-------+---+----+------------+------------+
    |add_ln105_1_fu_227_p2  |     +    |      0|  0|  24|          17|          17|
    |add_ln105_fu_210_p2    |     +    |      0|  0|  13|          11|          11|
    |add_ln106_fu_241_p2    |     +    |      0|  0|  15|           9|           9|
    |c_fu_188_p2            |     +    |      0|  0|  15|           6|           1|
    |p_fu_200_p2            |     +    |      0|  0|  15|           6|           1|
    |u_fu_130_p2            |     +    |      0|  0|  13|           4|           1|
    |sub_ln105_fu_160_p2    |     -    |      0|  0|  13|          11|          11|
    |icmp_ln102_fu_124_p2   |   icmp   |      0|  0|   9|           4|           4|
    |icmp_ln103_fu_182_p2   |   icmp   |      0|  0|  11|           6|           7|
    |icmp_ln105_fu_194_p2   |   icmp   |      0|  0|  11|           6|           6|
    +-----------------------+----------+-------+---+----+------------+------------+
    |Total                  |          |      0|  0| 139|          80|          68|
    +-----------------------+----------+-------+---+----+------------+------------+

    * Multiplexer: 
    +--------------+-----+-----------+-----+-----------+
    |     Name     | LUT | Input Size| Bits| Total Bits|
    +--------------+-----+-----------+-----+-----------+
    |acc_0_reg_90  |    9|          2|   32|         64|
    |ap_NS_fsm     |  125|         27|    1|         27|
    |c_0_reg_79    |    9|          2|    6|         12|
    |p_0_reg_102   |    9|          2|    6|         12|
    |u_0_reg_68    |    9|          2|    4|          8|
    +--------------+-----+-----------+-----+-----------+
    |Total         |  161|         35|   49|        123|
    +--------------+-----+-----------+-----+-----------+

    * Register: 
    +----------------------+----+----+-----+-----------+
    |         Name         | FF | LUT| Bits| Const Bits|
    +----------------------+----+----+-----+-----------+
    |Z_load_reg_303        |  32|   0|   32|          0|
    |acc_0_reg_90          |  32|   0|   32|          0|
    |add_ln106_reg_298     |   9|   0|    9|          0|
    |ap_CS_fsm             |  26|   0|   26|          0|
    |c_0_reg_79            |   6|   0|    6|          0|
    |c_reg_280             |   6|   0|    6|          0|
    |p_0_reg_102           |   6|   0|    6|          0|
    |p_reg_288             |   6|   0|    6|          0|
    |shl_ln_reg_262        |   4|   0|    9|          5|
    |sub_ln105_reg_257     |   7|   0|   11|          4|
    |tmp_s_reg_313         |  32|   0|   32|          0|
    |u_0_reg_68            |   4|   0|    4|          0|
    |u_reg_252             |   4|   0|    4|          0|
    |zext_ln103_5_reg_272  |   6|   0|   17|         11|
    |zext_ln103_reg_267    |   6|   0|    9|          3|
    +----------------------+----+----+-----+-----------+
    |Total                 | 186|   0|  209|         23|
    +----------------------+----+----+-----+-----------+



================================================================
== Interface
================================================================
* Summary: 
+------------+-----+-----+------------+--------------+--------------+
|  RTL Ports | Dir | Bits|  Protocol  | Source Object|    C Type    |
+------------+-----+-----+------------+--------------+--------------+
|ap_clk      |  in |    1| ap_ctrl_hs |  avgpool1d_P | return value |
|ap_rst      |  in |    1| ap_ctrl_hs |  avgpool1d_P | return value |
|ap_start    |  in |    1| ap_ctrl_hs |  avgpool1d_P | return value |
|ap_done     | out |    1| ap_ctrl_hs |  avgpool1d_P | return value |
|ap_idle     | out |    1| ap_ctrl_hs |  avgpool1d_P | return value |
|ap_ready    | out |    1| ap_ctrl_hs |  avgpool1d_P | return value |
|Z_address0  | out |   15|  ap_memory |       Z      |     array    |
|Z_ce0       | out |    1|  ap_memory |       Z      |     array    |
|Z_q0        |  in |   32|  ap_memory |       Z      |     array    |
|U_address0  | out |    9|  ap_memory |       U      |     array    |
|U_ce0       | out |    1|  ap_memory |       U      |     array    |
|U_we0       | out |    1|  ap_memory |       U      |     array    |
|U_d0        | out |   32|  ap_memory |       U      |     array    |
+------------+-----+-----+------------+--------------+--------------+

