

================================================================
== Vivado HLS Report for 'bn_vector'
================================================================
* Date:           Tue Sep  2 20:27:27 2025

* Version:        2019.1 (Build 2552052 on Fri May 24 15:28:33 MDT 2019)
* Project:        BranchPredictionAI
* Solution:       solution1
* Product family: zynq
* Target device:  xc7z020-clg484-1


================================================================
== Performance Estimates
================================================================
+ Timing (ns): 
    * Summary: 
    +--------+-------+----------+------------+
    |  Clock | Target| Estimated| Uncertainty|
    +--------+-------+----------+------------+
    |ap_clk  |  10.00|     8.129|        1.25|
    +--------+-------+----------+------------+

+ Latency (clock cycles): 
    * Summary: 
    +------+------+------+------+---------+
    |   Latency   |   Interval  | Pipeline|
    |  min |  max |  min |  max |   Type  |
    +------+------+------+------+---------+
    |  1441|  1441|  1441|  1441|   none  |
    +------+------+------+------+---------+

    + Detail: 
        * Instance: 
        N/A

        * Loop: 
        +----------+------+------+----------+-----------+-----------+------+----------+
        |          |   Latency   | Iteration|  Initiation Interval  | Trip |          |
        | Loop Name|  min |  max |  Latency |  achieved |   target  | Count| Pipelined|
        +----------+------+------+----------+-----------+-----------+------+----------+
        |- Loop 1  |  1440|  1440|        45|          -|          -|    32|    no    |
        +----------+------+------+----------+-----------+-----------+------+----------+



================================================================
== Utilization Estimates
================================================================
* Summary: 
+-----------------+---------+-------+--------+-------+-----+
|       Name      | BRAM_18K| DSP48E|   FF   |  LUT  | URAM|
+-----------------+---------+-------+--------+-------+-----+
|DSP              |        -|      -|       -|      -|    -|
|Expression       |        -|      -|       0|     26|    -|
|FIFO             |        -|      -|       -|      -|    -|
|Instance         |        -|      5|    1514|   2320|    -|
|Memory           |        -|      -|       -|      -|    -|
|Multiplexer      |        -|      -|       -|    286|    -|
|Register         |        -|      -|     357|      -|    -|
+-----------------+---------+-------+--------+-------+-----+
|Total            |        0|      5|    1871|   2632|    0|
+-----------------+---------+-------+--------+-------+-----+
|Available        |      280|    220|  106400|  53200|    0|
+-----------------+---------+-------+--------+-------+-----+
|Utilization (%)  |        0|      2|       1|      4|    0|
+-----------------+---------+-------+--------+-------+-----+

+ Detail: 
    * Instance: 
    +---------------------------------------------+-----------------------------------------+---------+-------+-----+-----+-----+
    |                   Instance                  |                  Module                 | BRAM_18K| DSP48E|  FF | LUT | URAM|
    +---------------------------------------------+-----------------------------------------+---------+-------+-----+-----+-----+
    |main_faddfsub_32ns_32ns_32_5_full_dsp_1_U58  |main_faddfsub_32ns_32ns_32_5_full_dsp_1  |        0|      2|  205|  390|    0|
    |main_fdiv_32ns_32ns_32_16_1_U60              |main_fdiv_32ns_32ns_32_16_1              |        0|      0|  761|  994|    0|
    |main_fmul_32ns_32ns_32_4_max_dsp_1_U59       |main_fmul_32ns_32ns_32_4_max_dsp_1       |        0|      3|  143|  321|    0|
    |main_fsqrt_32ns_32ns_32_12_1_U61             |main_fsqrt_32ns_32ns_32_12_1             |        0|      0|  405|  615|    0|
    +---------------------------------------------+-----------------------------------------+---------+-------+-----+-----+-----+
    |Total                                        |                                         |        0|      5| 1514| 2320|    0|
    +---------------------------------------------+-----------------------------------------+---------+-------+-----+-----+-----+

    * DSP48E: 
    N/A

    * Memory: 
    N/A

    * FIFO: 
    N/A

    * Expression: 
    +----------------------+----------+-------+---+----+------------+------------+
    |     Variable Name    | Operation| DSP48E| FF| LUT| Bitwidth P0| Bitwidth P1|
    +----------------------+----------+-------+---+----+------------+------------+
    |c_fu_133_p2           |     +    |      0|  0|  15|           6|           1|
    |icmp_ln202_fu_127_p2  |   icmp   |      0|  0|  11|           6|           7|
    +----------------------+----------+-------+---+----+------------+------------+
    |Total                 |          |      0|  0|  26|          12|           8|
    +----------------------+----------+-------+---+----+------------+------------+

    * Multiplexer: 
    +-------------------+-----+-----------+-----+-----------+
    |        Name       | LUT | Input Size| Bits| Total Bits|
    +-------------------+-----+-----------+-----+-----------+
    |ap_NS_fsm          |  205|         47|    1|         47|
    |c_0_reg_91         |    9|          2|    6|         12|
    |grp_fu_102_opcode  |   15|          3|    2|          6|
    |grp_fu_102_p0      |   21|          4|   32|        128|
    |grp_fu_102_p1      |   21|          4|   32|        128|
    |v_address0         |   15|          3|    5|         15|
    +-------------------+-----+-----------+-----+-----------+
    |Total              |  286|         63|   78|        336|
    +-------------------+-----+-----------+-----+-----------+

    * Register: 
    +--------------------+----+----+-----+-----------+
    |        Name        | FF | LUT| Bits| Const Bits|
    +--------------------+----+----+-----+-----------+
    |ap_CS_fsm           |  46|   0|   46|          0|
    |beta_load_reg_215   |  32|   0|   32|          0|
    |c_0_reg_91          |   6|   0|    6|          0|
    |c_reg_147           |   6|   0|    6|          0|
    |gamma_load_reg_210  |  32|   0|   32|          0|
    |mean_load_reg_185   |  32|   0|   32|          0|
    |n_reg_205           |  32|   0|   32|          0|
    |reg_120             |  32|   0|   32|          0|
    |tmp_36_reg_190      |  32|   0|   32|          0|
    |tmp_37_reg_220      |  32|   0|   32|          0|
    |v_addr_reg_170      |   5|   0|    5|          0|
    |v_load_reg_180      |  32|   0|   32|          0|
    |var_load_reg_165    |  32|   0|   32|          0|
    |zext_ln203_reg_152  |   6|   0|   64|         58|
    +--------------------+----+----+-----+-----------+
    |Total               | 357|   0|  415|         58|
    +--------------------+----+----+-----+-----------+



================================================================
== Interface
================================================================
* Summary: 
+----------------+-----+-----+------------+--------------+--------------+
|    RTL Ports   | Dir | Bits|  Protocol  | Source Object|    C Type    |
+----------------+-----+-----+------------+--------------+--------------+
|ap_clk          |  in |    1| ap_ctrl_hs |   bn_vector  | return value |
|ap_rst          |  in |    1| ap_ctrl_hs |   bn_vector  | return value |
|ap_start        |  in |    1| ap_ctrl_hs |   bn_vector  | return value |
|ap_done         | out |    1| ap_ctrl_hs |   bn_vector  | return value |
|ap_idle         | out |    1| ap_ctrl_hs |   bn_vector  | return value |
|ap_ready        | out |    1| ap_ctrl_hs |   bn_vector  | return value |
|v_address0      | out |    5|  ap_memory |       v      |     array    |
|v_ce0           | out |    1|  ap_memory |       v      |     array    |
|v_we0           | out |    1|  ap_memory |       v      |     array    |
|v_d0            | out |   32|  ap_memory |       v      |     array    |
|v_q0            |  in |   32|  ap_memory |       v      |     array    |
|gamma_address0  | out |    5|  ap_memory |     gamma    |     array    |
|gamma_ce0       | out |    1|  ap_memory |     gamma    |     array    |
|gamma_q0        |  in |   32|  ap_memory |     gamma    |     array    |
|beta_address0   | out |    5|  ap_memory |     beta     |     array    |
|beta_ce0        | out |    1|  ap_memory |     beta     |     array    |
|beta_q0         |  in |   32|  ap_memory |     beta     |     array    |
|mean_address0   | out |    5|  ap_memory |     mean     |     array    |
|mean_ce0        | out |    1|  ap_memory |     mean     |     array    |
|mean_q0         |  in |   32|  ap_memory |     mean     |     array    |
|var_address0    | out |    5|  ap_memory |      var     |     array    |
|var_ce0         | out |    1|  ap_memory |      var     |     array    |
|var_q0          |  in |   32|  ap_memory |      var     |     array    |
+----------------+-----+-----+------------+--------------+--------------+

