

================================================================
== Vivado HLS Report for 'conv_bn_act_pool_4'
================================================================
* Date:           Thu Sep  4 12:28:37 2025

* Version:        2019.1 (Build 2552052 on Fri May 24 15:28:33 MDT 2019)
* Project:        BranchPredictionAI
* Solution:       solution1
* Product family: zynq
* Target device:  xc7z020-clg484-1


================================================================
== Performance Estimates
================================================================
+ Timing (ns): 
    * Summary: 
    +--------+-------+----------+------------+
    |  Clock | Target| Estimated| Uncertainty|
    +--------+-------+----------+------------+
    |ap_clk  |  10.00|     8.494|        1.25|
    +--------+-------+----------+------------+

+ Latency (clock cycles): 
    * Summary: 
    +---------+---------+---------+---------+---------+
    |      Latency      |      Interval     | Pipeline|
    |   min   |   max   |   min   |   max   |   Type  |
    +---------+---------+---------+---------+---------+
    |  2949379|  2949379|  2949379|  2949379|   none  |
    +---------+---------+---------+---------+---------+

    + Detail: 
        * Instance: 
        N/A

        * Loop: 
        +---------------------+---------+---------+----------+-----------+-----------+------+----------+
        |                     |      Latency      | Iteration|  Initiation Interval  | Trip |          |
        |      Loop Name      |   min   |   max   |  Latency |  achieved |   target  | Count| Pipelined|
        +---------------------+---------+---------+----------+-----------+-----------+------+----------+
        |- Loop 1             |  2857032|  2857032|     79362|          -|          -|    36|    no    |
        | + Loop 1.1          |    79360|    79360|      2480|          -|          -|    32|    no    |
        |  ++ Loop 1.1.1      |     2478|     2478|       354|          -|          -|     7|    no    |
        |   +++ Loop 1.1.1.1  |      352|      352|        11|          -|          -|    32|    no    |
        |- Loop 2             |    77196|    77196|      1838|          -|          -|    42|    no    |
        | + Loop 2.1          |     1836|     1836|        51|          -|          -|    36|    no    |
        |- Loop 3             |    15148|    15148|      1082|          -|          -|    14|    no    |
        | + Loop 3.1          |     1080|     1080|        30|          -|          -|    36|    no    |
        |  ++ Loop 3.1.1      |       21|       21|         7|          -|          -|     3|    no    |
        +---------------------+---------+---------+----------+-----------+-----------+------+----------+



================================================================
== Utilization Estimates
================================================================
* Summary: 
+-----------------+---------+-------+--------+-------+-----+
|       Name      | BRAM_18K| DSP48E|   FF   |  LUT  | URAM|
+-----------------+---------+-------+--------+-------+-----+
|DSP              |        -|      -|       -|      -|    -|
|Expression       |        -|      -|       0|    404|    -|
|FIFO             |        -|      -|       -|      -|    -|
|Instance         |        -|      4|    1686|   2038|    -|
|Memory           |       10|      -|      32|     16|    -|
|Multiplexer      |        -|      -|       -|    618|    -|
|Register         |        -|      -|     568|      -|    -|
+-----------------+---------+-------+--------+-------+-----+
|Total            |       10|      4|    2286|   3076|    0|
+-----------------+---------+-------+--------+-------+-----+
|Available        |      280|    220|  106400|  53200|    0|
+-----------------+---------+-------+--------+-------+-----+
|Utilization (%)  |        3|      1|       2|      5|    0|
+-----------------+---------+-------+--------+-------+-----+

+ Detail: 
    * Instance: 
    +----------------------------------------+-------------------------------------+---------+-------+-----+-----+-----+
    |                Instance                |                Module               | BRAM_18K| DSP48E|  FF | LUT | URAM|
    +----------------------------------------+-------------------------------------+---------+-------+-----+-----+-----+
    |main_fdiv_32ns_32ns_32_16_1_U1          |main_fdiv_32ns_32ns_32_16_1          |        0|      0|  761|  994|    0|
    |main_fsqrt_32ns_32ns_32_12_1_U2         |main_fsqrt_32ns_32ns_32_12_1         |        0|      0|  405|  615|    0|
    |main_hadd_16ns_16ns_16_5_full_dsp_1_U5  |main_hadd_16ns_16ns_16_5_full_dsp_1  |        0|      2|  109|  116|    0|
    |main_hcmp_16ns_16ns_1_2_1_U8            |main_hcmp_16ns_16ns_1_2_1            |        0|      0|   34|   27|    0|
    |main_hdiv_16ns_16ns_16_7_1_U7           |main_hdiv_16ns_16ns_16_7_1           |        0|      0|  170|  220|    0|
    |main_hmul_16ns_16ns_16_4_max_dsp_1_U6   |main_hmul_16ns_16ns_16_4_max_dsp_1   |        0|      2|   91|   36|    0|
    |main_hptosp_16ns_32_2_1_U4              |main_hptosp_16ns_32_2_1              |        0|      0|   52|    9|    0|
    |main_sptohp_32ns_16_2_1_U3              |main_sptohp_32ns_16_2_1              |        0|      0|   64|   21|    0|
    +----------------------------------------+-------------------------------------+---------+-------+-----+-----+-----+
    |Total                                   |                                     |        0|      4| 1686| 2038|    0|
    +----------------------------------------+-------------------------------------+---------+-------+-----+-----+-----+

    * DSP48E: 
    N/A

    * Memory: 
    +--------------+-----------------------------+---------+----+----+-----+------+-----+------+-------------+
    |    Memory    |            Module           | BRAM_18K| FF | LUT| URAM| Words| Bits| Banks| W*Bits*Banks|
    +--------------+-----------------------------+---------+----+----+-----+------+-----+------+-------------+
    |BN1_var0_U    |conv_bn_act_pool_4_BN1_var0  |        0|  16|   8|    0|    32|   16|     1|          512|
    |BN1_gamma0_U  |conv_bn_act_pool_4_BN1_var0  |        0|  16|   8|    0|    32|   16|     1|          512|
    |ConvW0_U      |conv_bn_act_pool_4_ConvW0    |        8|   0|   0|    0|  7168|   16|     1|       114688|
    |X_slice_U     |conv_bn_act_pool_4_X_slice   |        2|   0|   0|    0|  1344|   16|     1|        21504|
    +--------------+-----------------------------+---------+----+----+-----+------+-----+------+-------------+
    |Total         |                             |       10|  32|  16|    0|  8576|   64|     4|       137216|
    +--------------+-----------------------------+---------+----+----+-----+------+-----+------+-------------+

    * FIFO: 
    N/A

    * Expression: 
    +-----------------------+----------+-------+---+----+------------+------------+
    |     Variable Name     | Operation| DSP48E| FF| LUT| Bitwidth P0| Bitwidth P1|
    +-----------------------+----------+-------+---+----+------------+------------+
    |add_ln106_1_fu_691_p2  |     +    |      0|  0|  12|          12|          12|
    |add_ln106_2_fu_682_p2  |     +    |      0|  0|  15|           9|           9|
    |add_ln106_fu_661_p2    |     +    |      0|  0|  15|           7|           7|
    |add_ln107_1_fu_706_p2  |     +    |      0|  0|  15|           7|           7|
    |add_ln107_fu_714_p2    |     +    |      0|  0|  15|           9|           9|
    |add_ln82_fu_433_p2     |     +    |      0|  0|  15|           6|           6|
    |add_ln85_1_fu_496_p2   |     +    |      0|  0|  17|          13|          13|
    |add_ln85_fu_472_p2     |     +    |      0|  0|  13|          11|          11|
    |add_ln88_fu_447_p2     |     +    |      0|  0|  13|          11|          11|
    |add_ln93_fu_538_p2     |     +    |      0|  0|  13|          11|          11|
    |add_ln95_fu_566_p2     |     +    |      0|  0|  13|          11|          11|
    |c_6_fu_639_p2          |     +    |      0|  0|  15|           6|           1|
    |c_fu_550_p2            |     +    |      0|  0|  15|           6|           1|
    |e_fu_462_p2            |     +    |      0|  0|  15|           6|           1|
    |f_fu_407_p2            |     +    |      0|  0|  15|           6|           1|
    |k_fu_423_p2            |     +    |      0|  0|  12|           3|           1|
    |p_fu_655_p2            |     +    |      0|  0|  10|           2|           1|
    |t_2_fu_512_p2          |     +    |      0|  0|  15|           6|           1|
    |t_fu_383_p2            |     +    |      0|  0|  15|           6|           1|
    |u_fu_593_p2            |     +    |      0|  0|  13|           4|           1|
    |sub_ln106_fu_611_p2    |     -    |      0|  0|  15|           7|           7|
    |icmp_ln103_fu_587_p2   |   icmp   |      0|  0|   9|           4|           3|
    |icmp_ln104_fu_633_p2   |   icmp   |      0|  0|  11|           6|           6|
    |icmp_ln106_fu_649_p2   |   icmp   |      0|  0|   8|           2|           2|
    |icmp_ln77_fu_377_p2    |   icmp   |      0|  0|  11|           6|           6|
    |icmp_ln78_fu_401_p2    |   icmp   |      0|  0|  11|           6|           7|
    |icmp_ln81_fu_417_p2    |   icmp   |      0|  0|   9|           3|           2|
    |icmp_ln84_fu_456_p2    |   icmp   |      0|  0|  11|           6|           7|
    |icmp_ln92_fu_506_p2    |   icmp   |      0|  0|  11|           6|           6|
    |icmp_ln94_fu_544_p2    |   icmp   |      0|  0|  11|           6|           6|
    |select_ln46_fu_575_p3  |  select  |      0|  0|  16|           1|          16|
    +-----------------------+----------+-------+---+----+------------+------------+
    |Total                  |          |      0|  0| 404|         205|         184|
    +-----------------------+----------+-------+---+----+------------+------------+

    * Multiplexer: 
    +---------------+-----+-----------+-----+-----------+
    |      Name     | LUT | Input Size| Bits| Total Bits|
    +---------------+-----+-----------+-----+-----------+
    |Y_address0     |   27|          5|   15|         75|
    |Y_d0           |   15|          3|   16|         48|
    |acc_0_reg_197  |    9|          2|   16|         32|
    |acc_1_reg_222  |    9|          2|   16|         32|
    |acc_2_reg_289  |    9|          2|   16|         32|
    |ap_NS_fsm      |  369|         84|    1|         84|
    |c_0_reg_256    |    9|          2|    6|         12|
    |c_1_reg_278    |    9|          2|    6|         12|
    |e_0_reg_234    |    9|          2|    6|         12|
    |f_0_reg_186    |    9|          2|    6|         12|
    |grp_fu_324_p0  |   15|          3|   16|         48|
    |grp_fu_328_p0  |   27|          5|   16|         80|
    |grp_fu_328_p1  |   27|          5|   16|         80|
    |grp_fu_336_p0  |   15|          3|   16|         48|
    |grp_fu_336_p1  |   15|          3|   16|         48|
    |k_0_reg_210    |    9|          2|    3|          6|
    |p_0_reg_301    |    9|          2|    2|          4|
    |t_0_reg_174    |    9|          2|    6|         12|
    |t_1_reg_245    |    9|          2|    6|         12|
    |u_0_reg_267    |    9|          2|    4|          8|
    +---------------+-----+-----------+-----+-----------+
    |Total          |  618|        135|  205|        697|
    +---------------+-----+-----------+-----+-----------+

    * Register: 
    +-------------------------+----+----+-----+-----------+
    |           Name          | FF | LUT| Bits| Const Bits|
    +-------------------------+----+----+-----+-----------+
    |BN1_gamma0_load_reg_836  |  16|   0|   16|          0|
    |BN1_var0_load_reg_831    |  16|   0|   16|          0|
    |ConvW0_load_reg_790      |  16|   0|   16|          0|
    |X_slice_load_reg_785     |  16|   0|   16|          0|
    |Y_addr_reg_841           |  11|   0|   15|          4|
    |acc_0_reg_197            |  16|   0|   16|          0|
    |acc_1_reg_222            |  16|   0|   16|          0|
    |acc_2_reg_289            |  16|   0|   16|          0|
    |add_ln107_reg_920        |   9|   0|    9|          0|
    |add_ln93_reg_803         |   9|   0|   11|          2|
    |add_ln95_reg_816         |  11|   0|   11|          0|
    |ap_CS_fsm                |  83|   0|   83|          0|
    |c_0_reg_256              |   6|   0|    6|          0|
    |c_1_cast4_reg_889        |   6|   0|    7|          1|
    |c_1_cast_reg_894         |   6|   0|    9|          3|
    |c_1_reg_278              |   6|   0|    6|          0|
    |c_6_reg_902              |   6|   0|    6|          0|
    |c_reg_811                |   6|   0|    6|          0|
    |e_0_reg_234              |   6|   0|    6|          0|
    |e_reg_770                |   6|   0|    6|          0|
    |f_0_reg_186              |   6|   0|    6|          0|
    |f_reg_744                |   6|   0|    6|          0|
    |k_0_reg_210              |   3|   0|    3|          0|
    |k_reg_757                |   3|   0|    3|          0|
    |nrm_reg_856              |  16|   0|   16|          0|
    |p_0_reg_301              |   2|   0|    2|          0|
    |p_reg_910                |   2|   0|    2|          0|
    |reg_351                  |  16|   0|   16|          0|
    |reg_357                  |  16|   0|   16|          0|
    |reg_365                  |  32|   0|   32|          0|
    |reg_371                  |  16|   0|   16|          0|
    |select_ln46_reg_861      |  16|   0|   16|          0|
    |shl_ln6_reg_884          |   4|   0|    9|          5|
    |shl_ln7_reg_762          |   6|   0|   11|          5|
    |shl_ln_reg_731           |   6|   0|   11|          5|
    |sub_ln106_reg_879        |   7|   0|    7|          0|
    |t_0_reg_174              |   6|   0|    6|          0|
    |t_1_reg_245              |   6|   0|    6|          0|
    |t_2_reg_798              |   6|   0|    6|          0|
    |t_reg_726                |   6|   0|    6|          0|
    |tmp_83_reg_846           |  32|   0|   32|          0|
    |tmp_84_reg_851           |  32|   0|   32|          0|
    |tmp_88_reg_925           |  16|   0|   16|          0|
    |u_0_reg_267              |   4|   0|    4|          0|
    |u_reg_869                |   4|   0|    4|          0|
    |zext_ln106_1_reg_874     |   4|   0|    7|          3|
    |zext_ln78_reg_736        |   6|   0|   11|          5|
    |zext_ln81_reg_749        |   6|   0|   13|          7|
    +-------------------------+----+----+-----+-----------+
    |Total                    | 568|   0|  608|         40|
    +-------------------------+----+----+-----+-----------+



================================================================
== Interface
================================================================
* Summary: 
+------------+-----+-----+------------+--------------------+--------------+
|  RTL Ports | Dir | Bits|  Protocol  |    Source Object   |    C Type    |
+------------+-----+-----+------------+--------------------+--------------+
|ap_clk      |  in |    1| ap_ctrl_hs | conv_bn_act_pool.4 | return value |
|ap_rst      |  in |    1| ap_ctrl_hs | conv_bn_act_pool.4 | return value |
|ap_start    |  in |    1| ap_ctrl_hs | conv_bn_act_pool.4 | return value |
|ap_done     | out |    1| ap_ctrl_hs | conv_bn_act_pool.4 | return value |
|ap_idle     | out |    1| ap_ctrl_hs | conv_bn_act_pool.4 | return value |
|ap_ready    | out |    1| ap_ctrl_hs | conv_bn_act_pool.4 | return value |
|Y_address0  | out |   15|  ap_memory |          Y         |     array    |
|Y_ce0       | out |    1|  ap_memory |          Y         |     array    |
|Y_we0       | out |    1|  ap_memory |          Y         |     array    |
|Y_d0        | out |   16|  ap_memory |          Y         |     array    |
|Y_q0        |  in |   16|  ap_memory |          Y         |     array    |
|U_address0  | out |    9|  ap_memory |          U         |     array    |
|U_ce0       | out |    1|  ap_memory |          U         |     array    |
|U_we0       | out |    1|  ap_memory |          U         |     array    |
|U_d0        | out |   16|  ap_memory |          U         |     array    |
+------------+-----+-----+------------+--------------------+--------------+

