

================================================================
== Vivado HLS Report for 'conv_bn_act_pool'
================================================================
* Date:           Wed Sep  3 16:22:09 2025

* Version:        2019.1 (Build 2552052 on Fri May 24 15:28:33 MDT 2019)
* Project:        BranchPredictionAI
* Solution:       solution1
* Product family: zynq
* Target device:  xc7z020-clg484-1


================================================================
== Performance Estimates
================================================================
+ Timing (ns): 
    * Summary: 
    +--------+-------+----------+------------+
    |  Clock | Target| Estimated| Uncertainty|
    +--------+-------+----------+------------+
    |ap_clk  |  10.00|     8.685|        1.25|
    +--------+-------+----------+------------+

+ Latency (clock cycles): 
    * Summary: 
    +---------+-----------+---------+-----------+---------+
    |       Latency       |       Interval      | Pipeline|
    |   min   |    max    |   min   |    max    |   Type  |
    +---------+-----------+---------+-----------+---------+
    |  2932457|  107081133|  2932457|  107081133|   none  |
    +---------+-----------+---------+-----------+---------+

    + Detail: 
        * Instance: 
        N/A

        * Loop: 
        +---------------------+---------+----------+---------------+-----------+-----------+----------+----------+
        |                     |       Latency      |   Iteration   |  Initiation Interval  |   Trip   |          |
        |      Loop Name      |   min   |    max   |    Latency    |  achieved |   target  |   Count  | Pipelined|
        +---------------------+---------+----------+---------------+-----------+-----------+----------+----------+
        |- Loop 1             |  2858184|  45730944|          79394|          -|          -| 36 ~ 576 |    no    |
        | + Loop 1.1          |    79392|     79392|           2481|          -|          -|        32|    no    |
        |  ++ Loop 1.1.1      |     2478|      2478|            354|          -|          -|         7|    no    |
        |   +++ Loop 1.1.1.1  |      352|       352|             11|          -|          -|        32|    no    |
        |- Loop 2             |    68124|  15086604|  1622 ~ 25922 |          -|          -| 42 ~ 582 |    no    |
        | + Loop 2.1          |     1620|     25920|             45|          -|          -| 36 ~ 576 |    no    |
        |- Loop 3             |     6132|   1342092|   146 ~ 2306  |          -|          -| 42 ~ 582 |    no    |
        | + Loop 3.1          |      144|      2304|              4|          -|          -| 36 ~ 576 |    no    |
        |- Loop 4             |        0|  44921476| 1514 ~ 231554 |          -|          -|  0 ~ 194 |    no    |
        | + Loop 4.1          |     1512|    231552|    42 ~ 402   |          -|          -| 36 ~ 576 |    no    |
        |  ++ Loop 4.1.1      |       24|       384|              8|          -|          -|  3 ~ 48  |    no    |
        +---------------------+---------+----------+---------------+-----------+-----------+----------+----------+



================================================================
== Utilization Estimates
================================================================
* Summary: 
+-----------------+---------+-------+--------+-------+-----+
|       Name      | BRAM_18K| DSP48E|   FF   |  LUT  | URAM|
+-----------------+---------+-------+--------+-------+-----+
|DSP              |        -|      1|       -|      -|    -|
|Expression       |        -|      -|       0|    616|    -|
|FIFO             |        -|      -|       -|      -|    -|
|Instance         |        -|      5|    2050|   3182|    -|
|Memory           |       64|      -|       0|      0|    0|
|Multiplexer      |        -|      -|       -|    826|    -|
|Register         |        -|      -|    1123|      -|    -|
+-----------------+---------+-------+--------+-------+-----+
|Total            |       64|      6|    3173|   4624|    0|
+-----------------+---------+-------+--------+-------+-----+
|Available        |      280|    220|  106400|  53200|    0|
+-----------------+---------+-------+--------+-------+-----+
|Utilization (%)  |       22|      2|       2|      8|    0|
+-----------------+---------+-------+--------+-------+-----+

+ Detail: 
    * Instance: 
    +--------------------------------------------+-----------------------------------------+---------+-------+-----+-----+-----+
    |                  Instance                  |                  Module                 | BRAM_18K| DSP48E|  FF | LUT | URAM|
    +--------------------------------------------+-----------------------------------------+---------+-------+-----+-----+-----+
    |main_faddfsub_32ns_32ns_32_5_full_dsp_1_U1  |main_faddfsub_32ns_32ns_32_5_full_dsp_1  |        0|      2|  205|  390|    0|
    |main_fcmp_32ns_32ns_1_2_1_U5                |main_fcmp_32ns_32ns_1_2_1                |        0|      0|   66|  239|    0|
    |main_fdiv_32ns_32ns_32_16_1_U3              |main_fdiv_32ns_32ns_32_16_1              |        0|      0|  761|  994|    0|
    |main_fmul_32ns_32ns_32_4_max_dsp_1_U2       |main_fmul_32ns_32ns_32_4_max_dsp_1       |        0|      3|  143|  321|    0|
    |main_fsqrt_32ns_32ns_32_12_1_U6             |main_fsqrt_32ns_32ns_32_12_1             |        0|      0|  405|  615|    0|
    |main_sitofp_32s_32_6_1_U4                   |main_sitofp_32s_32_6_1                   |        0|      0|  340|  554|    0|
    |main_udiv_10ns_7ns_9_14_seq_1_U7            |main_udiv_10ns_7ns_9_14_seq_1            |        0|      0|  130|   69|    0|
    +--------------------------------------------+-----------------------------------------+---------+-------+-----+-----+-----+
    |Total                                       |                                         |        0|      5| 2050| 3182|    0|
    +--------------------------------------------+-----------------------------------------+---------+-------+-----+-----+-----+

    * DSP48E: 
    +------------------------------------------+---------------------------------------+--------------+
    |                 Instance                 |                 Module                |  Expression  |
    +------------------------------------------+---------------------------------------+--------------+
    |main_mac_muladd_11ns_14ns_10ns_23_1_1_U8  |main_mac_muladd_11ns_14ns_10ns_23_1_1  | i0 * i1 + i2 |
    +------------------------------------------+---------------------------------------+--------------+

    * Memory: 
    +-------+--------------------+---------+---+----+-----+-------+-----+------+-------------+
    | Memory|       Module       | BRAM_18K| FF| LUT| URAM| Words | Bits| Banks| W*Bits*Banks|
    +-------+--------------------+---------+---+----+-----+-------+-----+------+-------------+
    |Y_U    |conv_bn_act_pool_Y  |       64|  0|   0|    0|  18432|   32|     1|       589824|
    +-------+--------------------+---------+---+----+-----+-------+-----+------+-------------+
    |Total  |                    |       64|  0|   0|    0|  18432|   32|     1|       589824|
    +-------+--------------------+---------+---+----+-----+-------+-----+------+-------------+

    * FIFO: 
    N/A

    * Expression: 
    +-----------------------+----------+-------+---+----+------------+------------+
    |     Variable Name     | Operation| DSP48E| FF| LUT| Bitwidth P0| Bitwidth P1|
    +-----------------------+----------+-------+---+----+------------+------------+
    |add_ln102_fu_924_p2    |     +    |      0|  0|  19|          14|          14|
    |add_ln103_1_fu_857_p2  |     +    |      0|  0|  24|          17|          17|
    |add_ln103_2_fu_862_p2  |     +    |      0|  0|  19|          14|          14|
    |add_ln103_fu_934_p2    |     +    |      0|  0|  24|          17|          17|
    |add_ln70_fu_529_p2     |     +    |      0|  0|  14|           4|          10|
    |add_ln74_fu_598_p2     |     +    |      0|  0|  14|          10|          10|
    |add_ln76_2_fu_659_p2   |     +    |      0|  0|  14|          10|          10|
    |add_ln76_fu_637_p2     |     +    |      0|  0|  21|          15|          15|
    |add_ln78_fu_612_p2     |     +    |      0|  0|  21|          15|          15|
    |add_ln84_fu_677_p2     |     +    |      0|  0|  23|          16|          16|
    |add_ln85_fu_721_p2     |     +    |      0|  0|  23|          16|          16|
    |add_ln92_fu_732_p2     |     +    |      0|  0|  23|          16|          16|
    |add_ln93_fu_779_p2     |     +    |      0|  0|  23|          16|          16|
    |c_6_fu_769_p2          |     +    |      0|  0|  14|          10|           1|
    |c_7_fu_899_p2          |     +    |      0|  0|  14|          10|           1|
    |c_fu_706_p2            |     +    |      0|  0|  14|          10|           1|
    |e_fu_627_p2            |     +    |      0|  0|  15|           6|           1|
    |f_fu_567_p2            |     +    |      0|  0|  15|           6|           1|
    |k_fu_588_p2            |     +    |      0|  0|  12|           3|           1|
    |p_fu_918_p2            |     +    |      0|  0|  15|           6|           1|
    |t_5_fu_691_p2          |     +    |      0|  0|  14|          10|           1|
    |t_6_fu_746_p2          |     +    |      0|  0|  14|          10|           1|
    |t_fu_540_p2            |     +    |      0|  0|  14|          10|           1|
    |u_fu_876_p2            |     +    |      0|  0|  15|           8|           1|
    |and_ln43_fu_826_p2     |    and   |      0|  0|   2|           1|           1|
    |icmp_ln100_fu_894_p2   |   icmp   |      0|  0|  13|          11|          11|
    |icmp_ln102_fu_913_p2   |   icmp   |      0|  0|  11|           7|           7|
    |icmp_ln43_4_fu_814_p2  |   icmp   |      0|  0|  18|          23|           1|
    |icmp_ln43_fu_808_p2    |   icmp   |      0|  0|  11|           8|           2|
    |icmp_ln70_fu_535_p2    |   icmp   |      0|  0|  13|          10|          10|
    |icmp_ln71_fu_561_p2    |   icmp   |      0|  0|  11|           6|           7|
    |icmp_ln73_fu_582_p2    |   icmp   |      0|  0|   9|           3|           2|
    |icmp_ln76_fu_621_p2    |   icmp   |      0|  0|  11|           6|           7|
    |icmp_ln82_fu_686_p2    |   icmp   |      0|  0|  13|          11|          11|
    |icmp_ln84_fu_701_p2    |   icmp   |      0|  0|  13|          11|          11|
    |icmp_ln90_fu_741_p2    |   icmp   |      0|  0|  13|          11|          11|
    |icmp_ln92_fu_764_p2    |   icmp   |      0|  0|  13|          11|          11|
    |icmp_ln99_fu_871_p2    |   icmp   |      0|  0|  13|           9|           9|
    |or_ln43_fu_820_p2      |    or    |      0|  0|   2|           1|           1|
    |select_ln43_fu_832_p3  |  select  |      0|  0|  32|           1|          32|
    +-----------------------+----------+-------+---+----+------------+------------+
    |Total                  |          |      0|  0| 616|         399|         331|
    +-----------------------+----------+-------+---+----+------------+------------+

    * Multiplexer: 
    +-------------------+-----+-----------+-----+-----------+
    |        Name       | LUT | Input Size| Bits| Total Bits|
    +-------------------+-----+-----------+-----+-----------+
    |Y_address0         |   33|          6|   15|         90|
    |Y_d0               |   21|          4|   32|        128|
    |acc2_0_reg_444     |    9|          2|   32|         64|
    |acc_0_reg_284      |    9|          2|   32|         64|
    |acc_1_reg_307      |    9|          2|   32|         64|
    |ap_NS_fsm          |  469|        107|    1|        107|
    |c_0_reg_353        |    9|          2|   10|         20|
    |c_1_reg_387        |    9|          2|   10|         20|
    |c_2_reg_433        |    9|          2|   10|         20|
    |e_0_reg_319        |    9|          2|    6|         12|
    |f_0_reg_272        |    9|          2|    6|         12|
    |grp_fu_467_opcode  |   15|          3|    2|          6|
    |grp_fu_467_p0      |   33|          6|   32|        192|
    |grp_fu_467_p1      |   33|          6|   32|        192|
    |grp_fu_474_p0      |   15|          3|   32|         96|
    |grp_fu_474_p1      |   15|          3|   32|         96|
    |grp_fu_478_p0      |   15|          3|   32|         96|
    |grp_fu_478_p1      |   15|          3|   32|         96|
    |k_0_reg_295        |    9|          2|    3|          6|
    |p_0_reg_456        |    9|          2|    6|         12|
    |phi_mul70_reg_375  |    9|          2|   16|         32|
    |phi_mul73_reg_409  |    9|          2|   14|         28|
    |phi_mul76_reg_421  |    9|          2|   17|         34|
    |phi_mul_reg_341    |    9|          2|   16|         32|
    |t_0_reg_260        |    9|          2|   10|         20|
    |t_1_reg_330        |    9|          2|   10|         20|
    |t_2_reg_364        |    9|          2|   10|         20|
    |u_0_reg_398        |    9|          2|    8|         16|
    +-------------------+-----+-----------+-----+-----------+
    |Total              |  826|        180|  490|       1595|
    +-------------------+-----+-----------+-----+-----------+

    * Register: 
    +-----------------------+-----+----+-----+-----------+
    |          Name         |  FF | LUT| Bits| Const Bits|
    +-----------------------+-----+----+-----+-----------+
    |W_load_reg_1070        |   32|   0|   32|          0|
    |X_slice_load_reg_1065  |   32|   0|   32|          0|
    |Y_addr_1_reg_1179      |   15|   0|   15|          0|
    |Y_addr_reg_1103        |   15|   0|   15|          0|
    |acc2_0_reg_444         |   32|   0|   32|          0|
    |acc_0_reg_284          |   32|   0|   32|          0|
    |acc_1_reg_307          |   32|   0|   32|          0|
    |add_ln102_1_reg_1263   |   23|   0|   23|          0|
    |add_ln103_1_reg_1219   |   17|   0|   17|          0|
    |add_ln103_2_reg_1224   |   14|   0|   14|          0|
    |add_ln103_reg_1268     |   17|   0|   17|          0|
    |add_ln70_reg_982       |   10|   0|   10|          0|
    |add_ln84_reg_1075      |   16|   0|   16|          0|
    |add_ln92_reg_1153      |   16|   0|   16|          0|
    |ap_CS_fsm              |  106|   0|  106|          0|
    |beta_load_reg_1148     |   32|   0|   32|          0|
    |c_0_reg_353            |   10|   0|   10|          0|
    |c_1_reg_387            |   10|   0|   10|          0|
    |c_2_reg_433            |   10|   0|   10|          0|
    |c_6_reg_1174           |   10|   0|   10|          0|
    |c_7_reg_1250           |   10|   0|   10|          0|
    |c_reg_1091             |   10|   0|   10|          0|
    |e_0_reg_319            |    6|   0|    6|          0|
    |e_reg_1050             |    6|   0|    6|          0|
    |empty_reg_977          |   10|   0|   10|          0|
    |f_0_reg_272            |    6|   0|    6|          0|
    |f_reg_1014             |    6|   0|    6|          0|
    |gamma_load_reg_1143    |   32|   0|   32|          0|
    |k_0_reg_295            |    3|   0|    3|          0|
    |k_reg_1037             |    3|   0|    3|          0|
    |mean_load_reg_1123     |   32|   0|   32|          0|
    |p_0_reg_456            |    6|   0|    6|          0|
    |p_reg_1258             |    6|   0|    6|          0|
    |phi_mul70_reg_375      |   16|   0|   16|          0|
    |phi_mul73_reg_409      |   14|   0|   14|          0|
    |phi_mul76_reg_421      |   17|   0|   17|          0|
    |phi_mul_reg_341        |   16|   0|   16|          0|
    |reg_497                |   32|   0|   32|          0|
    |reg_503                |   32|   0|   32|          0|
    |reg_512                |   32|   0|   32|          0|
    |reg_519                |   32|   0|   32|          0|
    |select_ln43_reg_1184   |   32|   0|   32|          0|
    |shl_ln4_reg_1042       |   10|   0|   15|          5|
    |shl_ln_reg_995         |   10|   0|   15|          5|
    |t_0_reg_260            |   10|   0|   10|          0|
    |t_1_reg_330            |   10|   0|   10|          0|
    |t_2_reg_364            |   10|   0|   10|          0|
    |t_5_reg_1083           |   10|   0|   10|          0|
    |t_6_reg_1161           |   10|   0|   10|          0|
    |t_reg_990              |   10|   0|   10|          0|
    |tmp_43_reg_1128        |   32|   0|   32|          0|
    |tmp_46_reg_1199        |   32|   0|   32|          0|
    |trunc_ln98_reg_1194    |    9|   0|    9|          0|
    |u_0_reg_398            |    8|   0|    8|          0|
    |u_reg_1232             |    8|   0|    8|          0|
    |var_load_reg_1113      |   32|   0|   32|          0|
    |zext_ln100_1_reg_1242  |   10|   0|   23|         13|
    |zext_ln100_reg_1237    |   10|   0|   17|          7|
    |zext_ln102_1_reg_1214  |   11|   0|   23|         12|
    |zext_ln102_reg_1204    |    7|   0|   14|          7|
    |zext_ln103_reg_1209    |   11|   0|   17|          6|
    |zext_ln71_reg_1006     |    6|   0|   15|          9|
    |zext_ln72_1_reg_1024   |    6|   0|   10|          4|
    |zext_ln84_reg_1000     |   11|   0|   16|          5|
    |zext_ln85_reg_1096     |   10|   0|   64|         54|
    +-----------------------+-----+----+-----+-----------+
    |Total                  | 1123|   0| 1250|        127|
    +-----------------------+-----+----+-----+-----------+



================================================================
== Interface
================================================================
* Summary: 
+------------------+-----+-----+------------+------------------+--------------+
|     RTL Ports    | Dir | Bits|  Protocol  |   Source Object  |    C Type    |
+------------------+-----+-----+------------+------------------+--------------+
|ap_clk            |  in |    1| ap_ctrl_hs | conv_bn_act_pool | return value |
|ap_rst            |  in |    1| ap_ctrl_hs | conv_bn_act_pool | return value |
|ap_start          |  in |    1| ap_ctrl_hs | conv_bn_act_pool | return value |
|ap_done           | out |    1| ap_ctrl_hs | conv_bn_act_pool | return value |
|ap_idle           | out |    1| ap_ctrl_hs | conv_bn_act_pool | return value |
|ap_ready          | out |    1| ap_ctrl_hs | conv_bn_act_pool | return value |
|Tlen              |  in |   11|   ap_none  |       Tlen       |    scalar    |
|W_address0        | out |   13|  ap_memory |         W        |     array    |
|W_ce0             | out |    1|  ap_memory |         W        |     array    |
|W_q0              |  in |   32|  ap_memory |         W        |     array    |
|B_address0        | out |    5|  ap_memory |         B        |     array    |
|B_ce0             | out |    1|  ap_memory |         B        |     array    |
|B_q0              |  in |   32|  ap_memory |         B        |     array    |
|C                 |  in |   11|   ap_none  |         C        |    scalar    |
|gamma_address0    | out |    5|  ap_memory |       gamma      |     array    |
|gamma_ce0         | out |    1|  ap_memory |       gamma      |     array    |
|gamma_q0          |  in |   32|  ap_memory |       gamma      |     array    |
|beta_address0     | out |    5|  ap_memory |       beta       |     array    |
|beta_ce0          | out |    1|  ap_memory |       beta       |     array    |
|beta_q0           |  in |   32|  ap_memory |       beta       |     array    |
|mean_address0     | out |    5|  ap_memory |       mean       |     array    |
|mean_ce0          | out |    1|  ap_memory |       mean       |     array    |
|mean_q0           |  in |   32|  ap_memory |       mean       |     array    |
|var_address0      | out |    5|  ap_memory |        var       |     array    |
|var_ce0           | out |    1|  ap_memory |        var       |     array    |
|var_q0            |  in |   32|  ap_memory |        var       |     array    |
|Psz               |  in |    7|   ap_none  |        Psz       |    scalar    |
|U_address0        | out |    9|  ap_memory |         U        |     array    |
|U_ce0             | out |    1|  ap_memory |         U        |     array    |
|U_we0             | out |    1|  ap_memory |         U        |     array    |
|U_d0              | out |   32|  ap_memory |         U        |     array    |
|X_slice_address0  | out |   15|  ap_memory |      X_slice     |     array    |
|X_slice_ce0       | out |    1|  ap_memory |      X_slice     |     array    |
|X_slice_q0        |  in |   32|  ap_memory |      X_slice     |     array    |
+------------------+-----+-----+------------+------------------+--------------+

