

================================================================
== Vivado HLS Report for 'conv_bn_act_pool'
================================================================
* Date:           Wed Sep  3 17:58:52 2025

* Version:        2019.1 (Build 2552052 on Fri May 24 15:28:33 MDT 2019)
* Project:        BranchPredictionAI
* Solution:       solution1
* Product family: zynq
* Target device:  xc7z020-clg484-1


================================================================
== Performance Estimates
================================================================
+ Timing (ns): 
    * Summary: 
    +--------+-------+----------+------------+
    |  Clock | Target| Estimated| Uncertainty|
    +--------+-------+----------+------------+
    |ap_clk  |  10.00|     8.129|        1.25|
    +--------+-------+----------+------------+

+ Latency (clock cycles): 
    * Summary: 
    +----------+----------+----------+----------+---------+
    |       Latency       |       Interval      | Pipeline|
    |    min   |    max   |    min   |    max   |   Type  |
    +----------+----------+----------+----------+---------+
    |  64248231|  64248231|  64248231|  64248231|   none  |
    +----------+----------+----------+----------+---------+

    + Detail: 
        * Instance: 
        N/A

        * Loop: 
        +---------------------+----------+----------+----------+-----------+-----------+------+----------+
        |                     |       Latency       | Iteration|  Initiation Interval  | Trip |          |
        |      Loop Name      |    min   |    max   |  Latency |  achieved |   target  | Count| Pipelined|
        +---------------------+----------+----------+----------+-----------+-----------+------+----------+
        |- Loop 1             |  45712512|  45712512|     79362|          -|          -|   576|    no    |
        | + Loop 1.1          |     79360|     79360|      2480|          -|          -|    32|    no    |
        |  ++ Loop 1.1.1      |      2478|      2478|       354|          -|          -|     7|    no    |
        |   +++ Loop 1.1.1.1  |       352|       352|        11|          -|          -|    32|    no    |
        |- Loop 2             |  15757068|  15757068|     27074|          -|          -|   582|    no    |
        | + Loop 2.1          |     27072|     27072|        47|          -|          -|   576|    no    |
        |- Loop 3             |   2778648|   2778648|    231554|          -|          -|    12|    no    |
        | + Loop 3.1          |    231552|    231552|       402|          -|          -|   576|    no    |
        |  ++ Loop 3.1.1      |       384|       384|         8|          -|          -|    48|    no    |
        +---------------------+----------+----------+----------+-----------+-----------+------+----------+



================================================================
== Utilization Estimates
================================================================
* Summary: 
+-----------------+---------+-------+--------+-------+-----+
|       Name      | BRAM_18K| DSP48E|   FF   |  LUT  | URAM|
+-----------------+---------+-------+--------+-------+-----+
|DSP              |        -|      -|       -|      -|    -|
|Expression       |        -|      -|       0|    520|    -|
|FIFO             |        -|      -|       -|      -|    -|
|Instance         |        -|      5|    1580|   2559|    -|
|Memory           |       18|      -|       0|      0|    -|
|Multiplexer      |        -|      -|       -|    651|    -|
|Register         |        -|      -|     729|      -|    -|
+-----------------+---------+-------+--------+-------+-----+
|Total            |       18|      5|    2309|   3730|    0|
+-----------------+---------+-------+--------+-------+-----+
|Available        |      280|    220|  106400|  53200|    0|
+-----------------+---------+-------+--------+-------+-----+
|Utilization (%)  |        6|      2|       2|      7|    0|
+-----------------+---------+-------+--------+-------+-----+

+ Detail: 
    * Instance: 
    +-----------------------------------------+-------------------------------------+---------+-------+-----+-----+-----+
    |                 Instance                |                Module               | BRAM_18K| DSP48E|  FF | LUT | URAM|
    +-----------------------------------------+-------------------------------------+---------+-------+-----+-----+-----+
    |main_fadd_32ns_32ns_32_5_full_dsp_1_U85  |main_fadd_32ns_32ns_32_5_full_dsp_1  |        0|      2|  205|  390|    0|
    |main_fcmp_32ns_32ns_1_2_1_U88            |main_fcmp_32ns_32ns_1_2_1            |        0|      0|   66|  239|    0|
    |main_fdiv_32ns_32ns_32_16_1_U87          |main_fdiv_32ns_32ns_32_16_1          |        0|      0|  761|  994|    0|
    |main_fmul_32ns_32ns_32_4_max_dsp_1_U86   |main_fmul_32ns_32ns_32_4_max_dsp_1   |        0|      3|  143|  321|    0|
    |main_fsqrt_32ns_32ns_32_12_1_U89         |main_fsqrt_32ns_32ns_32_12_1         |        0|      0|  405|  615|    0|
    +-----------------------------------------+-------------------------------------+---------+-------+-----+-----+-----+
    |Total                                    |                                     |        0|      5| 1580| 2559|    0|
    +-----------------------------------------+-------------------------------------+---------+-------+-----+-----+-----+

    * DSP48E: 
    N/A

    * Memory: 
    +--------------+-----------------------------+---------+---+----+-----+------+-----+------+-------------+
    |    Memory    |            Module           | BRAM_18K| FF| LUT| URAM| Words| Bits| Banks| W*Bits*Banks|
    +--------------+-----------------------------+---------+---+----+-----+------+-----+------+-------------+
    |BN1_var4_U    |conv_bn_act_pool_4_BN1_var0  |        1|  0|   0|    0|    32|   32|     1|         1024|
    |BN1_gamma4_U  |conv_bn_act_pool_4_BN1_var0  |        1|  0|   0|    0|    32|   32|     1|         1024|
    |ConvW4_U      |conv_bn_act_pool_ConvW4      |       16|  0|   0|    0|  7168|   32|     1|       229376|
    +--------------+-----------------------------+---------+---+----+-----+------+-----+------+-------------+
    |Total         |                             |       18|  0|   0|    0|  7232|   96|     3|       231424|
    +--------------+-----------------------------+---------+---+----+-----+------+-----+------+-------------+

    * FIFO: 
    N/A

    * Expression: 
    +------------------------+----------+-------+---+----+------------+------------+
    |      Variable Name     | Operation| DSP48E| FF| LUT| Bitwidth P0| Bitwidth P1|
    +------------------------+----------+-------+---+----+------------+------------+
    |add_ln104_10_fu_737_p2  |     +    |      0|  0|  24|          17|          17|
    |add_ln104_1_fu_746_p2   |     +    |      0|  0|  27|          20|          20|
    |add_ln104_fu_716_p2     |     +    |      0|  0|  13|          11|          11|
    |add_ln105_5_fu_752_p2   |     +    |      0|  0|  13|          11|          11|
    |add_ln105_fu_760_p2     |     +    |      0|  0|  17|          13|          13|
    |add_ln74_fu_437_p2      |     +    |      0|  0|  14|          10|          10|
    |add_ln76_9_fu_500_p2    |     +    |      0|  0|  17|          13|          13|
    |add_ln76_fu_476_p2      |     +    |      0|  0|  21|          15|          15|
    |add_ln78_fu_451_p2      |     +    |      0|  0|  21|          15|          15|
    |add_ln84_fu_542_p2      |     +    |      0|  0|  23|          16|          16|
    |add_ln85_fu_570_p2      |     +    |      0|  0|  23|          16|          16|
    |c_10_fu_694_p2          |     +    |      0|  0|  14|          10|           1|
    |c_fu_554_p2             |     +    |      0|  0|  14|          10|           1|
    |e_fu_466_p2             |     +    |      0|  0|  15|           6|           1|
    |f_fu_411_p2             |     +    |      0|  0|  15|           6|           1|
    |k_fu_427_p2             |     +    |      0|  0|  12|           3|           1|
    |p_fu_710_p2             |     +    |      0|  0|  15|           6|           1|
    |t_6_fu_516_p2           |     +    |      0|  0|  14|          10|           1|
    |t_fu_387_p2             |     +    |      0|  0|  14|          10|           1|
    |u_fu_636_p2             |     +    |      0|  0|  13|           4|           1|
    |sub_ln104_fu_666_p2     |     -    |      0|  0|  13|          11|          11|
    |and_ln43_fu_616_p2      |    and   |      0|  0|   2|           1|           1|
    |icmp_ln101_fu_630_p2    |   icmp   |      0|  0|   9|           4|           4|
    |icmp_ln102_fu_688_p2    |   icmp   |      0|  0|  13|          10|          10|
    |icmp_ln104_fu_704_p2    |   icmp   |      0|  0|  11|           6|           6|
    |icmp_ln43_8_fu_604_p2   |   icmp   |      0|  0|  18|          23|           1|
    |icmp_ln43_fu_598_p2     |   icmp   |      0|  0|  11|           8|           2|
    |icmp_ln70_fu_381_p2     |   icmp   |      0|  0|  13|          10|          10|
    |icmp_ln71_fu_405_p2     |   icmp   |      0|  0|  11|           6|           7|
    |icmp_ln73_fu_421_p2     |   icmp   |      0|  0|   9|           3|           2|
    |icmp_ln76_fu_460_p2     |   icmp   |      0|  0|  11|           6|           7|
    |icmp_ln82_fu_510_p2     |   icmp   |      0|  0|  13|          10|          10|
    |icmp_ln84_fu_548_p2     |   icmp   |      0|  0|  13|          10|          10|
    |or_ln43_fu_610_p2       |    or    |      0|  0|   2|           1|           1|
    |select_ln43_fu_621_p3   |  select  |      0|  0|  32|           1|          32|
    +------------------------+----------+-------+---+----+------------+------------+
    |Total                   |          |      0|  0| 520|         332|         280|
    +------------------------+----------+-------+---+----+------------+------------+

    * Multiplexer: 
    +----------------+-----+-----------+-----+-----------+
    |      Name      | LUT | Input Size| Bits| Total Bits|
    +----------------+-----+-----------+-----+-----------+
    |Y_address0      |   21|          4|   15|         60|
    |Y_d0            |   15|          3|   32|         96|
    |acc1_0_reg_304  |    9|          2|   32|         64|
    |acc_0_reg_212   |    9|          2|   32|         64|
    |acc_1_reg_237   |    9|          2|   32|         64|
    |ap_NS_fsm       |  393|         90|    1|         90|
    |c_0_reg_271     |    9|          2|   10|         20|
    |c_1_reg_293     |    9|          2|   10|         20|
    |e_0_reg_249     |    9|          2|    6|         12|
    |f_0_reg_201     |    9|          2|    6|         12|
    |grp_fu_327_p0   |   27|          5|   32|        160|
    |grp_fu_327_p1   |   27|          5|   32|        160|
    |grp_fu_335_p0   |   15|          3|   32|         96|
    |grp_fu_335_p1   |   15|          3|   32|         96|
    |grp_fu_339_p0   |   15|          3|   32|         96|
    |grp_fu_339_p1   |   15|          3|   32|         96|
    |k_0_reg_225     |    9|          2|    3|          6|
    |p_0_reg_316     |    9|          2|    6|         12|
    |t_0_reg_189     |    9|          2|   10|         20|
    |t_1_reg_260     |    9|          2|   10|         20|
    |u_0_reg_282     |    9|          2|    4|          8|
    +----------------+-----+-----------+-----+-----------+
    |Total           |  651|        143|  401|       1272|
    +----------------+-----+-----------+-----+-----------+

    * Register: 
    +-------------------------+----+----+-----+-----------+
    |           Name          | FF | LUT| Bits| Const Bits|
    +-------------------------+----+----+-----+-----------+
    |BN1_gamma4_load_reg_890  |  32|   0|   32|          0|
    |BN1_var4_load_reg_885    |  32|   0|   32|          0|
    |ConvW4_load_reg_844      |  32|   0|   32|          0|
    |X_load_reg_839           |  32|   0|   32|          0|
    |Y_addr12_reg_870         |  15|   0|   15|          0|
    |acc1_0_reg_304           |  32|   0|   32|          0|
    |acc_0_reg_212            |  32|   0|   32|          0|
    |acc_1_reg_237            |  32|   0|   32|          0|
    |add_ln104_1_reg_954      |  20|   0|   20|          0|
    |add_ln105_reg_959        |  13|   0|   13|          0|
    |add_ln84_reg_857         |  10|   0|   16|          6|
    |ap_CS_fsm                |  89|   0|   89|          0|
    |c_0_reg_271              |  10|   0|   10|          0|
    |c_10_reg_941             |  10|   0|   10|          0|
    |c_1_cast4_reg_928        |  10|   0|   11|          1|
    |c_1_cast_reg_933         |  10|   0|   17|          7|
    |c_1_reg_293              |  10|   0|   10|          0|
    |c_reg_865                |  10|   0|   10|          0|
    |e_0_reg_249              |   6|   0|    6|          0|
    |e_reg_824                |   6|   0|    6|          0|
    |f_0_reg_201              |   6|   0|    6|          0|
    |f_reg_798                |   6|   0|    6|          0|
    |k_0_reg_225              |   3|   0|    3|          0|
    |k_reg_811                |   3|   0|    3|          0|
    |p_0_reg_316              |   6|   0|    6|          0|
    |p_reg_949                |   6|   0|    6|          0|
    |reg_355                  |  32|   0|   32|          0|
    |reg_361                  |  32|   0|   32|          0|
    |reg_369                  |  32|   0|   32|          0|
    |reg_375                  |  32|   0|   32|          0|
    |shl_ln15_reg_923         |   4|   0|   13|          9|
    |shl_ln16_reg_816         |  10|   0|   15|          5|
    |shl_ln_reg_785           |  10|   0|   15|          5|
    |sub_ln104_reg_918        |   7|   0|   11|          4|
    |t_0_reg_189              |  10|   0|   10|          0|
    |t_1_reg_260              |  10|   0|   10|          0|
    |t_6_reg_852              |  10|   0|   10|          0|
    |t_reg_780                |  10|   0|   10|          0|
    |tmp_17_reg_900           |   1|   0|    1|          0|
    |tmp_59_reg_895           |  32|   0|   32|          0|
    |u_0_reg_282              |   4|   0|    4|          0|
    |u_reg_908                |   4|   0|    4|          0|
    |zext_ln104_8_reg_913     |   4|   0|   11|          7|
    |zext_ln71_reg_790        |   6|   0|   15|          9|
    |zext_ln73_reg_803        |   6|   0|   13|          7|
    +-------------------------+----+----+-----+-----------+
    |Total                    | 729|   0|  789|         60|
    +-------------------------+----+----+-----+-----------+



================================================================
== Interface
================================================================
* Summary: 
+------------+-----+-----+------------+------------------+--------------+
|  RTL Ports | Dir | Bits|  Protocol  |   Source Object  |    C Type    |
+------------+-----+-----+------------+------------------+--------------+
|ap_clk      |  in |    1| ap_ctrl_hs | conv_bn_act_pool | return value |
|ap_rst      |  in |    1| ap_ctrl_hs | conv_bn_act_pool | return value |
|ap_start    |  in |    1| ap_ctrl_hs | conv_bn_act_pool | return value |
|ap_done     | out |    1| ap_ctrl_hs | conv_bn_act_pool | return value |
|ap_idle     | out |    1| ap_ctrl_hs | conv_bn_act_pool | return value |
|ap_ready    | out |    1| ap_ctrl_hs | conv_bn_act_pool | return value |
|X_address0  | out |   15|  ap_memory |         X        |     array    |
|X_ce0       | out |    1|  ap_memory |         X        |     array    |
|X_q0        |  in |   32|  ap_memory |         X        |     array    |
|U_address0  | out |    9|  ap_memory |         U        |     array    |
|U_ce0       | out |    1|  ap_memory |         U        |     array    |
|U_we0       | out |    1|  ap_memory |         U        |     array    |
|U_d0        | out |   32|  ap_memory |         U        |     array    |
|Y_address0  | out |   15|  ap_memory |         Y        |     array    |
|Y_ce0       | out |    1|  ap_memory |         Y        |     array    |
|Y_we0       | out |    1|  ap_memory |         Y        |     array    |
|Y_d0        | out |   32|  ap_memory |         Y        |     array    |
|Y_q0        |  in |   32|  ap_memory |         Y        |     array    |
+------------+-----+-----+------------+------------------+--------------+

