

================================================================
== Vivado HLS Report for 'conv_bn_act_pool_4'
================================================================
* Date:           Wed Sep  3 17:58:48 2025

* Version:        2019.1 (Build 2552052 on Fri May 24 15:28:33 MDT 2019)
* Project:        BranchPredictionAI
* Solution:       solution1
* Product family: zynq
* Target device:  xc7z020-clg484-1


================================================================
== Performance Estimates
================================================================
+ Timing (ns): 
    * Summary: 
    +--------+-------+----------+------------+
    |  Clock | Target| Estimated| Uncertainty|
    +--------+-------+----------+------------+
    |ap_clk  |  10.00|     8.494|        1.25|
    +--------+-------+----------+------------+

+ Latency (clock cycles): 
    * Summary: 
    +---------+---------+---------+---------+---------+
    |      Latency      |      Interval     | Pipeline|
    |   min   |   max   |   min   |   max   |   Type  |
    +---------+---------+---------+---------+---------+
    |  2947867|  2947867|  2947867|  2947867|   none  |
    +---------+---------+---------+---------+---------+

    + Detail: 
        * Instance: 
        N/A

        * Loop: 
        +---------------------+---------+---------+----------+-----------+-----------+------+----------+
        |                     |      Latency      | Iteration|  Initiation Interval  | Trip |          |
        |      Loop Name      |   min   |   max   |  Latency |  achieved |   target  | Count| Pipelined|
        +---------------------+---------+---------+----------+-----------+-----------+------+----------+
        |- Loop 1             |  2857032|  2857032|     79362|          -|          -|    36|    no    |
        | + Loop 1.1          |    79360|    79360|      2480|          -|          -|    32|    no    |
        |  ++ Loop 1.1.1      |     2478|     2478|       354|          -|          -|     7|    no    |
        |   +++ Loop 1.1.1.1  |      352|      352|        11|          -|          -|    32|    no    |
        |- Loop 2             |    71148|    71148|      1694|          -|          -|    42|    no    |
        | + Loop 2.1          |     1692|     1692|        47|          -|          -|    36|    no    |
        |- Loop 3             |    19684|    19684|      1406|          -|          -|    14|    no    |
        | + Loop 3.1          |     1404|     1404|        39|          -|          -|    36|    no    |
        |  ++ Loop 3.1.1      |       21|       21|         7|          -|          -|     3|    no    |
        +---------------------+---------+---------+----------+-----------+-----------+------+----------+



================================================================
== Utilization Estimates
================================================================
* Summary: 
+-----------------+---------+-------+--------+-------+-----+
|       Name      | BRAM_18K| DSP48E|   FF   |  LUT  | URAM|
+-----------------+---------+-------+--------+-------+-----+
|DSP              |        -|      -|       -|      -|    -|
|Expression       |        -|      -|       0|    453|    -|
|FIFO             |        -|      -|       -|      -|    -|
|Instance         |        -|      5|    1580|   2559|    -|
|Memory           |       22|      -|       0|      0|    -|
|Multiplexer      |        -|      -|       -|    653|    -|
|Register         |        -|      -|     654|      -|    -|
+-----------------+---------+-------+--------+-------+-----+
|Total            |       22|      5|    2234|   3665|    0|
+-----------------+---------+-------+--------+-------+-----+
|Available        |      280|    220|  106400|  53200|    0|
+-----------------+---------+-------+--------+-------+-----+
|Utilization (%)  |        7|      2|       2|      6|    0|
+-----------------+---------+-------+--------+-------+-----+

+ Detail: 
    * Instance: 
    +----------------------------------------+-------------------------------------+---------+-------+-----+-----+-----+
    |                Instance                |                Module               | BRAM_18K| DSP48E|  FF | LUT | URAM|
    +----------------------------------------+-------------------------------------+---------+-------+-----+-----+-----+
    |main_fadd_32ns_32ns_32_5_full_dsp_1_U1  |main_fadd_32ns_32ns_32_5_full_dsp_1  |        0|      2|  205|  390|    0|
    |main_fcmp_32ns_32ns_1_2_1_U4            |main_fcmp_32ns_32ns_1_2_1            |        0|      0|   66|  239|    0|
    |main_fdiv_32ns_32ns_32_16_1_U3          |main_fdiv_32ns_32ns_32_16_1          |        0|      0|  761|  994|    0|
    |main_fmul_32ns_32ns_32_4_max_dsp_1_U2   |main_fmul_32ns_32ns_32_4_max_dsp_1   |        0|      3|  143|  321|    0|
    |main_fsqrt_32ns_32ns_32_12_1_U5         |main_fsqrt_32ns_32ns_32_12_1         |        0|      0|  405|  615|    0|
    +----------------------------------------+-------------------------------------+---------+-------+-----+-----+-----+
    |Total                                   |                                     |        0|      5| 1580| 2559|    0|
    +----------------------------------------+-------------------------------------+---------+-------+-----+-----+-----+

    * DSP48E: 
    N/A

    * Memory: 
    +--------------+-----------------------------+---------+---+----+-----+------+-----+------+-------------+
    |    Memory    |            Module           | BRAM_18K| FF| LUT| URAM| Words| Bits| Banks| W*Bits*Banks|
    +--------------+-----------------------------+---------+---+----+-----+------+-----+------+-------------+
    |BN1_var0_U    |conv_bn_act_pool_4_BN1_var0  |        1|  0|   0|    0|    32|   32|     1|         1024|
    |BN1_gamma0_U  |conv_bn_act_pool_4_BN1_var0  |        1|  0|   0|    0|    32|   32|     1|         1024|
    |ConvW0_U      |conv_bn_act_pool_4_ConvW0    |       16|  0|   0|    0|  7168|   32|     1|       229376|
    |X_slice_U     |conv_bn_act_pool_4_X_slice   |        4|  0|   0|    0|  1344|   32|     1|        43008|
    +--------------+-----------------------------+---------+---+----+-----+------+-----+------+-------------+
    |Total         |                             |       22|  0|   0|    0|  8576|  128|     4|       274432|
    +--------------+-----------------------------+---------+---+----+-----+------+-----+------+-------------+

    * FIFO: 
    N/A

    * Expression: 
    +-----------------------+----------+-------+---+----+------------+------------+
    |     Variable Name     | Operation| DSP48E| FF| LUT| Bitwidth P0| Bitwidth P1|
    +-----------------------+----------+-------+---+----+------------+------------+
    |add_ln104_1_fu_732_p2  |     +    |      0|  0|  12|          12|          12|
    |add_ln104_2_fu_723_p2  |     +    |      0|  0|  15|           9|           9|
    |add_ln104_fu_702_p2    |     +    |      0|  0|  15|           7|           7|
    |add_ln105_1_fu_747_p2  |     +    |      0|  0|  15|           7|           7|
    |add_ln105_fu_755_p2    |     +    |      0|  0|  15|           9|           9|
    |add_ln74_fu_432_p2     |     +    |      0|  0|  15|           6|           6|
    |add_ln76_1_fu_495_p2   |     +    |      0|  0|  17|          13|          13|
    |add_ln76_fu_471_p2     |     +    |      0|  0|  13|          11|          11|
    |add_ln78_fu_446_p2     |     +    |      0|  0|  13|          11|          11|
    |add_ln83_fu_537_p2     |     +    |      0|  0|  13|          11|          11|
    |add_ln85_fu_565_p2     |     +    |      0|  0|  13|          11|          11|
    |c_6_fu_680_p2          |     +    |      0|  0|  15|           6|           1|
    |c_fu_549_p2            |     +    |      0|  0|  15|           6|           1|
    |e_fu_461_p2            |     +    |      0|  0|  15|           6|           1|
    |f_fu_406_p2            |     +    |      0|  0|  15|           6|           1|
    |k_fu_422_p2            |     +    |      0|  0|  12|           3|           1|
    |p_fu_696_p2            |     +    |      0|  0|  10|           2|           1|
    |t_2_fu_511_p2          |     +    |      0|  0|  15|           6|           1|
    |t_fu_382_p2            |     +    |      0|  0|  15|           6|           1|
    |u_fu_634_p2            |     +    |      0|  0|  13|           4|           1|
    |sub_ln104_fu_652_p2    |     -    |      0|  0|  15|           7|           7|
    |and_ln43_fu_610_p2     |    and   |      0|  0|   2|           1|           1|
    |icmp_ln101_fu_628_p2   |   icmp   |      0|  0|   9|           4|           3|
    |icmp_ln102_fu_674_p2   |   icmp   |      0|  0|  11|           6|           6|
    |icmp_ln104_fu_690_p2   |   icmp   |      0|  0|   8|           2|           2|
    |icmp_ln43_4_fu_598_p2  |   icmp   |      0|  0|  18|          23|           1|
    |icmp_ln43_fu_592_p2    |   icmp   |      0|  0|  11|           8|           2|
    |icmp_ln70_fu_376_p2    |   icmp   |      0|  0|  11|           6|           6|
    |icmp_ln71_fu_400_p2    |   icmp   |      0|  0|  11|           6|           7|
    |icmp_ln73_fu_416_p2    |   icmp   |      0|  0|   9|           3|           2|
    |icmp_ln76_fu_455_p2    |   icmp   |      0|  0|  11|           6|           7|
    |icmp_ln82_fu_505_p2    |   icmp   |      0|  0|  11|           6|           6|
    |icmp_ln84_fu_543_p2    |   icmp   |      0|  0|  11|           6|           6|
    |or_ln43_fu_604_p2      |    or    |      0|  0|   2|           1|           1|
    |select_ln43_fu_615_p3  |  select  |      0|  0|  32|           1|          32|
    +-----------------------+----------+-------+---+----+------------+------------+
    |Total                  |          |      0|  0| 453|         238|         205|
    +-----------------------+----------+-------+---+----+------------+------------+

    * Multiplexer: 
    +----------------+-----+-----------+-----+-----------+
    |      Name      | LUT | Input Size| Bits| Total Bits|
    +----------------+-----+-----------+-----+-----------+
    |Y_address0      |   27|          5|   15|         75|
    |Y_d0            |   15|          3|   32|         96|
    |acc1_0_reg_299  |    9|          2|   32|         64|
    |acc_0_reg_207   |    9|          2|   32|         64|
    |acc_1_reg_232   |    9|          2|   32|         64|
    |ap_NS_fsm       |  389|         89|    1|         89|
    |c_0_reg_266     |    9|          2|    6|         12|
    |c_1_reg_288     |    9|          2|    6|         12|
    |e_0_reg_244     |    9|          2|    6|         12|
    |f_0_reg_196     |    9|          2|    6|         12|
    |grp_fu_322_p0   |   27|          5|   32|        160|
    |grp_fu_322_p1   |   27|          5|   32|        160|
    |grp_fu_330_p0   |   15|          3|   32|         96|
    |grp_fu_330_p1   |   15|          3|   32|         96|
    |grp_fu_334_p0   |   15|          3|   32|         96|
    |grp_fu_334_p1   |   15|          3|   32|         96|
    |k_0_reg_220     |    9|          2|    3|          6|
    |p_0_reg_311     |    9|          2|    2|          4|
    |t_0_reg_184     |    9|          2|    6|         12|
    |t_1_reg_255     |    9|          2|    6|         12|
    |u_0_reg_277     |    9|          2|    4|          8|
    +----------------+-----+-----------+-----+-----------+
    |Total           |  653|        143|  381|       1246|
    +----------------+-----+-----------+-----+-----------+

    * Register: 
    +-------------------------+----+----+-----+-----------+
    |           Name          | FF | LUT| Bits| Const Bits|
    +-------------------------+----+----+-----+-----------+
    |BN1_gamma0_load_reg_877  |  32|   0|   32|          0|
    |BN1_var0_load_reg_872    |  32|   0|   32|          0|
    |ConvW0_load_reg_831      |  32|   0|   32|          0|
    |X_slice_load_reg_826     |  32|   0|   32|          0|
    |Y_addr_reg_882           |  11|   0|   15|          4|
    |acc1_0_reg_299           |  32|   0|   32|          0|
    |acc_0_reg_207            |  32|   0|   32|          0|
    |acc_1_reg_232            |  32|   0|   32|          0|
    |add_ln105_reg_951        |   9|   0|    9|          0|
    |add_ln83_reg_844         |   9|   0|   11|          2|
    |add_ln85_reg_857         |  11|   0|   11|          0|
    |ap_CS_fsm                |  88|   0|   88|          0|
    |c_0_reg_266              |   6|   0|    6|          0|
    |c_1_cast4_reg_920        |   6|   0|    7|          1|
    |c_1_cast_reg_925         |   6|   0|    9|          3|
    |c_1_reg_288              |   6|   0|    6|          0|
    |c_6_reg_933              |   6|   0|    6|          0|
    |c_reg_852                |   6|   0|    6|          0|
    |e_0_reg_244              |   6|   0|    6|          0|
    |e_reg_811                |   6|   0|    6|          0|
    |f_0_reg_196              |   6|   0|    6|          0|
    |f_reg_785                |   6|   0|    6|          0|
    |k_0_reg_220              |   3|   0|    3|          0|
    |k_reg_798                |   3|   0|    3|          0|
    |p_0_reg_311              |   2|   0|    2|          0|
    |p_reg_941                |   2|   0|    2|          0|
    |reg_350                  |  32|   0|   32|          0|
    |reg_356                  |  32|   0|   32|          0|
    |reg_364                  |  32|   0|   32|          0|
    |reg_370                  |  32|   0|   32|          0|
    |shl_ln6_reg_915          |   4|   0|    9|          5|
    |shl_ln7_reg_803          |   6|   0|   11|          5|
    |shl_ln_reg_772           |   6|   0|   11|          5|
    |sub_ln104_reg_910        |   7|   0|    7|          0|
    |t_0_reg_184              |   6|   0|    6|          0|
    |t_1_reg_255              |   6|   0|    6|          0|
    |t_2_reg_839              |   6|   0|    6|          0|
    |t_reg_767                |   6|   0|    6|          0|
    |tmp_43_reg_887           |  32|   0|   32|          0|
    |tmp_9_reg_892            |   1|   0|    1|          0|
    |u_0_reg_277              |   4|   0|    4|          0|
    |u_reg_900                |   4|   0|    4|          0|
    |zext_ln104_1_reg_905     |   4|   0|    7|          3|
    |zext_ln71_reg_777        |   6|   0|   11|          5|
    |zext_ln73_reg_790        |   6|   0|   13|          7|
    +-------------------------+----+----+-----+-----------+
    |Total                    | 654|   0|  694|         40|
    +-------------------------+----+----+-----+-----------+



================================================================
== Interface
================================================================
* Summary: 
+------------+-----+-----+------------+--------------------+--------------+
|  RTL Ports | Dir | Bits|  Protocol  |    Source Object   |    C Type    |
+------------+-----+-----+------------+--------------------+--------------+
|ap_clk      |  in |    1| ap_ctrl_hs | conv_bn_act_pool.4 | return value |
|ap_rst      |  in |    1| ap_ctrl_hs | conv_bn_act_pool.4 | return value |
|ap_start    |  in |    1| ap_ctrl_hs | conv_bn_act_pool.4 | return value |
|ap_done     | out |    1| ap_ctrl_hs | conv_bn_act_pool.4 | return value |
|ap_idle     | out |    1| ap_ctrl_hs | conv_bn_act_pool.4 | return value |
|ap_ready    | out |    1| ap_ctrl_hs | conv_bn_act_pool.4 | return value |
|Y_address0  | out |   15|  ap_memory |          Y         |     array    |
|Y_ce0       | out |    1|  ap_memory |          Y         |     array    |
|Y_we0       | out |    1|  ap_memory |          Y         |     array    |
|Y_d0        | out |   32|  ap_memory |          Y         |     array    |
|Y_q0        |  in |   32|  ap_memory |          Y         |     array    |
|U_address0  | out |    9|  ap_memory |          U         |     array    |
|U_ce0       | out |    1|  ap_memory |          U         |     array    |
|U_we0       | out |    1|  ap_memory |          U         |     array    |
|U_d0        | out |   32|  ap_memory |          U         |     array    |
+------------+-----+-----+------------+--------------------+--------------+

