

================================================================
== Vivado HLS Report for 'conv_bn_act_pool_4'
================================================================
* Date:           Fri Sep  5 18:20:38 2025

* Version:        2019.1 (Build 2552052 on Fri May 24 15:28:33 MDT 2019)
* Project:        BranchPredictionAI
* Solution:       solution1
* Product family: zynq
* Target device:  xc7z020-clg484-1


================================================================
== Performance Estimates
================================================================
+ Timing (ns): 
    * Summary: 
    +--------+-------+----------+------------+
    |  Clock | Target| Estimated| Uncertainty|
    +--------+-------+----------+------------+
    |ap_clk  |  10.00|     7.979|        1.25|
    +--------+-------+----------+------------+

+ Latency (clock cycles): 
    * Summary: 
    +---------+---------+---------+---------+---------+
    |      Latency      |      Interval     | Pipeline|
    |   min   |   max   |   min   |   max   |   Type  |
    +---------+---------+---------+---------+---------+
    |  2880174|  2891730|  2880174|  2891730|   none  |
    +---------+---------+---------+---------+---------+

    + Detail: 
        * Instance: 
        N/A

        * Loop: 
        +-----------------+---------+---------+---------------+-----------+-----------+------+----------+
        |                 |      Latency      |   Iteration   |  Initiation Interval  | Trip |          |
        |    Loop Name    |   min   |   max   |    Latency    |  achieved |   target  | Count| Pipelined|
        +-----------------+---------+---------+---------------+-----------+-----------+------+----------+
        |- InitPoolAcc    |       64|       64|              2|          -|          -|    32|    no    |
        |- Loop1Big       |  2880108|  2891664| 80003 ~ 80324 |          -|          -|    36|    no    |
        | + Loop2Big      |    80000|    80000|           2500|          -|          -|    32|    no    |
        |  ++ Loop3_1Big  |     2478|     2478|            354|          -|          -|     7|    no    |
        |   +++ Loop4Big  |      352|      352|             11|          -|          -|    32|    no    |
        | + Loop3_2Big    |      320|      320|             10|          -|          -|    32|    no    |
        +-----------------+---------+---------+---------------+-----------+-----------+------+----------+



================================================================
== Utilization Estimates
================================================================
* Summary: 
+-----------------+---------+-------+--------+-------+-----+
|       Name      | BRAM_18K| DSP48E|   FF   |  LUT  | URAM|
+-----------------+---------+-------+--------+-------+-----+
|DSP              |        -|      -|       -|      -|    -|
|Expression       |        -|      -|       0|    347|    -|
|FIFO             |        -|      -|       -|      -|    -|
|Instance         |        -|      9|     920|   1584|    -|
|Memory           |        2|      -|      16|      0|    -|
|Multiplexer      |        -|      -|       -|   2253|    -|
|Register         |        -|      -|    3120|      -|    -|
+-----------------+---------+-------+--------+-------+-----+
|Total            |        2|      9|    4056|   4184|    0|
+-----------------+---------+-------+--------+-------+-----+
|Available        |      280|    220|  106400|  53200|    0|
+-----------------+---------+-------+--------+-------+-----+
|Utilization (%)  |    ~0   |      4|       3|      7|    0|
+-----------------+---------+-------+--------+-------+-----+

+ Detail: 
    * Instance: 
    +----------------------------------------+-------------------------------------+---------+-------+-----+-----+-----+
    |                Instance                |                Module               | BRAM_18K| DSP48E|  FF | LUT | URAM|
    +----------------------------------------+-------------------------------------+---------+-------+-----+-----+-----+
    |main_fadd_32ns_32ns_32_5_full_dsp_1_U1  |main_fadd_32ns_32ns_32_5_full_dsp_1  |        0|      2|  205|  390|    0|
    |main_fmul_32ns_32ns_32_4_max_dsp_1_U2   |main_fmul_32ns_32ns_32_4_max_dsp_1   |        0|      3|  143|  321|    0|
    |main_hadd_16ns_16ns_16_5_full_dsp_1_U6  |main_hadd_16ns_16ns_16_5_full_dsp_1  |        0|      2|  109|  116|    0|
    |main_hcmp_16ns_16ns_1_2_1_U9            |main_hcmp_16ns_16ns_1_2_1            |        0|      0|   34|   27|    0|
    |main_hdiv_16ns_16ns_16_7_1_U8           |main_hdiv_16ns_16ns_16_7_1           |        0|      0|  170|  220|    0|
    |main_hmul_16ns_16ns_16_4_max_dsp_1_U7   |main_hmul_16ns_16ns_16_4_max_dsp_1   |        0|      2|   91|   36|    0|
    |main_hptosp_16ns_32_2_1_U4              |main_hptosp_16ns_32_2_1              |        0|      0|   52|    9|    0|
    |main_hptosp_16ns_32_2_1_U5              |main_hptosp_16ns_32_2_1              |        0|      0|   52|    9|    0|
    |main_mux_325_16_1_1_U10                 |main_mux_325_16_1_1                  |        0|      0|    0|  145|    0|
    |main_mux_325_16_1_1_U11                 |main_mux_325_16_1_1                  |        0|      0|    0|  145|    0|
    |main_mux_325_16_1_1_U12                 |main_mux_325_16_1_1                  |        0|      0|    0|  145|    0|
    |main_sptohp_32ns_16_2_1_U3              |main_sptohp_32ns_16_2_1              |        0|      0|   64|   21|    0|
    +----------------------------------------+-------------------------------------+---------+-------+-----+-----+-----+
    |Total                                   |                                     |        0|      9|  920| 1584|    0|
    +----------------------------------------+-------------------------------------+---------+-------+-----+-----+-----+

    * DSP48E: 
    N/A

    * Memory: 
    +-----------+----------------------------+---------+----+----+-----+------+-----+------+-------------+
    |   Memory  |           Module           | BRAM_18K| FF | LUT| URAM| Words| Bits| Banks| W*Bits*Banks|
    +-----------+----------------------------+---------+----+----+-----+------+-----+------+-------------+
    |ConvW0_U   |conv_bn_act_pool_4_ConvW0   |        0|  16|   0|    0|  7168|   16|     1|       114688|
    |X_slice_U  |conv_bn_act_pool_4_X_slice  |        2|   0|   0|    0|  1344|   16|     1|        21504|
    +-----------+----------------------------+---------+----+----+-----+------+-----+------+-------------+
    |Total      |                            |        2|  16|   0|    0|  8512|   32|     2|       136192|
    +-----------+----------------------------+---------+----+----+-----+------+-----+------+-------------+

    * FIFO: 
    N/A

    * Expression: 
    +------------------------+----------+-------+---+----+------------+------------+
    |      Variable Name     | Operation| DSP48E| FF| LUT| Bitwidth P0| Bitwidth P1|
    +------------------------+----------+-------+---+----+------------+------------+
    |add_ln103_fu_8834_p2    |     +    |      0|  0|  15|           6|           6|
    |add_ln105_1_fu_8963_p2  |     +    |      0|  0|  17|          13|          13|
    |add_ln105_fu_8939_p2    |     +    |      0|  0|  13|          11|          11|
    |add_ln114_fu_9138_p2    |     +    |      0|  0|  39|          32|          32|
    |e_fu_8929_p2            |     +    |      0|  0|  15|           6|           1|
    |f_1_fu_9058_p2          |     +    |      0|  0|  15|           6|           1|
    |f_2_fu_8782_p2          |     +    |      0|  0|  15|           6|           1|
    |f_fu_8589_p2            |     +    |      0|  0|  15|           6|           1|
    |k_fu_8824_p2            |     +    |      0|  0|  12|           3|           1|
    |pc_fu_8795_p2           |     +    |      0|  0|  39|          32|           1|
    |t_fu_8770_p2            |     +    |      0|  0|  15|           6|           1|
    |u_fu_9143_p2            |     +    |      0|  0|  39|          32|           1|
    |icmp_ln100_fu_8776_p2   |   icmp   |      0|  0|  11|           6|           7|
    |icmp_ln102_fu_8818_p2   |   icmp   |      0|  0|   9|           3|           2|
    |icmp_ln105_fu_8923_p2   |   icmp   |      0|  0|  11|           6|           7|
    |icmp_ln112_fu_8801_p2   |   icmp   |      0|  0|  18|          32|           2|
    |icmp_ln113_fu_9052_p2   |   icmp   |      0|  0|  11|           6|           7|
    |icmp_ln96_fu_8583_p2    |   icmp   |      0|  0|  11|           6|           7|
    |icmp_ln99_fu_8764_p2    |   icmp   |      0|  0|  11|           6|           6|
    |y_1_fu_8972_p3          |  select  |      0|  0|  16|           1|          16|
    +------------------------+----------+-------+---+----+------------+------------+
    |Total                   |          |      0|  0| 347|         225|         124|
    +------------------------+----------+-------+---+----+------------+------------+

    * Multiplexer: 
    +------------------------------------------+-----+-----------+-----+-----------+
    |                   Name                   | LUT | Input Size| Bits| Total Bits|
    +------------------------------------------+-----+-----------+-----+-----------+
    |acc_0_reg_1022                            |    9|          2|   16|         32|
    |acc_1_reg_1046                            |    9|          2|   16|         32|
    |ap_NS_fsm                                 |  213|         49|    1|         49|
    |ap_phi_mux_pool_acc_0_4_phi_fu_4235_p64   |   15|          3|   16|         48|
    |ap_phi_mux_pool_acc_10_4_phi_fu_3215_p64  |   15|          3|   16|         48|
    |ap_phi_mux_pool_acc_11_4_phi_fu_3113_p64  |   15|          3|   16|         48|
    |ap_phi_mux_pool_acc_12_4_phi_fu_3011_p64  |   15|          3|   16|         48|
    |ap_phi_mux_pool_acc_13_4_phi_fu_2909_p64  |   15|          3|   16|         48|
    |ap_phi_mux_pool_acc_14_4_phi_fu_2807_p64  |   15|          3|   16|         48|
    |ap_phi_mux_pool_acc_15_4_phi_fu_2705_p64  |   15|          3|   16|         48|
    |ap_phi_mux_pool_acc_16_4_phi_fu_2603_p64  |   15|          3|   16|         48|
    |ap_phi_mux_pool_acc_17_4_phi_fu_2501_p64  |   15|          3|   16|         48|
    |ap_phi_mux_pool_acc_18_4_phi_fu_2399_p64  |   15|          3|   16|         48|
    |ap_phi_mux_pool_acc_19_4_phi_fu_2297_p64  |   15|          3|   16|         48|
    |ap_phi_mux_pool_acc_1_4_phi_fu_4133_p64   |   15|          3|   16|         48|
    |ap_phi_mux_pool_acc_20_4_phi_fu_2195_p64  |   15|          3|   16|         48|
    |ap_phi_mux_pool_acc_21_4_phi_fu_2093_p64  |   15|          3|   16|         48|
    |ap_phi_mux_pool_acc_22_4_phi_fu_1991_p64  |   15|          3|   16|         48|
    |ap_phi_mux_pool_acc_23_4_phi_fu_1889_p64  |   15|          3|   16|         48|
    |ap_phi_mux_pool_acc_24_4_phi_fu_1787_p64  |   15|          3|   16|         48|
    |ap_phi_mux_pool_acc_25_4_phi_fu_1685_p64  |   15|          3|   16|         48|
    |ap_phi_mux_pool_acc_26_4_phi_fu_1583_p64  |   15|          3|   16|         48|
    |ap_phi_mux_pool_acc_27_4_phi_fu_1481_p64  |   15|          3|   16|         48|
    |ap_phi_mux_pool_acc_28_4_phi_fu_1379_p64  |   15|          3|   16|         48|
    |ap_phi_mux_pool_acc_29_4_phi_fu_1277_p64  |   15|          3|   16|         48|
    |ap_phi_mux_pool_acc_2_4_phi_fu_4031_p64   |   15|          3|   16|         48|
    |ap_phi_mux_pool_acc_30_4_phi_fu_1175_p64  |   15|          3|   16|         48|
    |ap_phi_mux_pool_acc_31_4_phi_fu_1073_p64  |   15|          3|   16|         48|
    |ap_phi_mux_pool_acc_3_4_phi_fu_3929_p64   |   15|          3|   16|         48|
    |ap_phi_mux_pool_acc_4_4_phi_fu_3827_p64   |   15|          3|   16|         48|
    |ap_phi_mux_pool_acc_5_4_phi_fu_3725_p64   |   15|          3|   16|         48|
    |ap_phi_mux_pool_acc_6_4_phi_fu_3623_p64   |   15|          3|   16|         48|
    |ap_phi_mux_pool_acc_7_4_phi_fu_3521_p64   |   15|          3|   16|         48|
    |ap_phi_mux_pool_acc_8_4_phi_fu_3419_p64   |   15|          3|   16|         48|
    |ap_phi_mux_pool_acc_9_4_phi_fu_3317_p64   |   15|          3|   16|         48|
    |e_0_reg_1058                              |    9|          2|    6|         12|
    |f1_0_reg_315                              |    9|          2|    6|         12|
    |f2_0_reg_1010                             |    9|          2|    6|         12|
    |f3_0_reg_4685                             |    9|          2|    6|         12|
    |grp_fu_8459_p0                            |   15|          3|   16|         48|
    |grp_fu_8459_p1                            |   15|          3|   16|         48|
    |k_0_reg_1034                              |    9|          2|    3|          6|
    |pc_1_fu_268                               |    9|          2|   32|         64|
    |pool_acc_0_21_reg_636                     |    9|          2|   16|         32|
    |pool_acc_0_3_reg_999                      |    9|          2|   16|         32|
    |pool_acc_0_5_be_reg_7920                  |    9|          2|   16|         32|
    |pool_acc_0_5_reg_4674                     |    9|          2|   16|         32|
    |pool_acc_0_7_reg_8427                     |    9|          2|   16|         32|
    |pool_acc_10_2_reg_536                     |    9|          2|   16|         32|
    |pool_acc_10_3_reg_889                     |    9|          2|   16|         32|
    |pool_acc_10_5_be_reg_6880                 |    9|          2|   16|         32|
    |pool_acc_10_5_reg_4564                    |    9|          2|   16|         32|
    |pool_acc_10_7_reg_8297                    |    9|          2|   16|         32|
    |pool_acc_11_2_reg_526                     |    9|          2|   16|         32|
    |pool_acc_11_3_reg_878                     |    9|          2|   16|         32|
    |pool_acc_11_5_be_reg_6776                 |    9|          2|   16|         32|
    |pool_acc_11_5_reg_4553                    |    9|          2|   16|         32|
    |pool_acc_11_7_reg_8284                    |    9|          2|   16|         32|
    |pool_acc_12_2_reg_516                     |    9|          2|   16|         32|
    |pool_acc_12_3_reg_867                     |    9|          2|   16|         32|
    |pool_acc_12_5_be_reg_6672                 |    9|          2|   16|         32|
    |pool_acc_12_5_reg_4542                    |    9|          2|   16|         32|
    |pool_acc_12_7_reg_8271                    |    9|          2|   16|         32|
    |pool_acc_13_2_reg_506                     |    9|          2|   16|         32|
    |pool_acc_13_3_reg_856                     |    9|          2|   16|         32|
    |pool_acc_13_5_be_reg_6568                 |    9|          2|   16|         32|
    |pool_acc_13_5_reg_4531                    |    9|          2|   16|         32|
    |pool_acc_13_7_reg_8258                    |    9|          2|   16|         32|
    |pool_acc_14_2_reg_496                     |    9|          2|   16|         32|
    |pool_acc_14_3_reg_845                     |    9|          2|   16|         32|
    |pool_acc_14_5_be_reg_6464                 |    9|          2|   16|         32|
    |pool_acc_14_5_reg_4520                    |    9|          2|   16|         32|
    |pool_acc_14_7_reg_8245                    |    9|          2|   16|         32|
    |pool_acc_15_2_reg_486                     |    9|          2|   16|         32|
    |pool_acc_15_3_reg_834                     |    9|          2|   16|         32|
    |pool_acc_15_5_be_reg_6360                 |    9|          2|   16|         32|
    |pool_acc_15_5_reg_4509                    |    9|          2|   16|         32|
    |pool_acc_15_7_reg_8232                    |    9|          2|   16|         32|
    |pool_acc_16_2_reg_476                     |    9|          2|   16|         32|
    |pool_acc_16_3_reg_823                     |    9|          2|   16|         32|
    |pool_acc_16_5_be_reg_6256                 |    9|          2|   16|         32|
    |pool_acc_16_5_reg_4498                    |    9|          2|   16|         32|
    |pool_acc_16_7_reg_8219                    |    9|          2|   16|         32|
    |pool_acc_17_2_reg_466                     |    9|          2|   16|         32|
    |pool_acc_17_3_reg_812                     |    9|          2|   16|         32|
    |pool_acc_17_5_be_reg_6152                 |    9|          2|   16|         32|
    |pool_acc_17_5_reg_4487                    |    9|          2|   16|         32|
    |pool_acc_17_7_reg_8206                    |    9|          2|   16|         32|
    |pool_acc_18_2_reg_456                     |    9|          2|   16|         32|
    |pool_acc_18_3_reg_801                     |    9|          2|   16|         32|
    |pool_acc_18_5_be_reg_6048                 |    9|          2|   16|         32|
    |pool_acc_18_5_reg_4476                    |    9|          2|   16|         32|
    |pool_acc_18_7_reg_8193                    |    9|          2|   16|         32|
    |pool_acc_19_2_reg_446                     |    9|          2|   16|         32|
    |pool_acc_19_3_reg_790                     |    9|          2|   16|         32|
    |pool_acc_19_5_be_reg_5944                 |    9|          2|   16|         32|
    |pool_acc_19_5_reg_4465                    |    9|          2|   16|         32|
    |pool_acc_19_7_reg_8180                    |    9|          2|   16|         32|
    |pool_acc_1_2_reg_626                      |    9|          2|   16|         32|
    |pool_acc_1_3_reg_988                      |    9|          2|   16|         32|
    |pool_acc_1_5_be_reg_7816                  |    9|          2|   16|         32|
    |pool_acc_1_5_reg_4663                     |    9|          2|   16|         32|
    |pool_acc_1_7_reg_8414                     |    9|          2|   16|         32|
    |pool_acc_20_2_reg_436                     |    9|          2|   16|         32|
    |pool_acc_20_3_reg_779                     |    9|          2|   16|         32|
    |pool_acc_20_5_be_reg_5840                 |    9|          2|   16|         32|
    |pool_acc_20_5_reg_4454                    |    9|          2|   16|         32|
    |pool_acc_20_7_reg_8167                    |    9|          2|   16|         32|
    |pool_acc_21_2_reg_426                     |    9|          2|   16|         32|
    |pool_acc_21_3_reg_768                     |    9|          2|   16|         32|
    |pool_acc_21_5_be_reg_5736                 |    9|          2|   16|         32|
    |pool_acc_21_5_reg_4443                    |    9|          2|   16|         32|
    |pool_acc_21_7_reg_8154                    |    9|          2|   16|         32|
    |pool_acc_22_2_reg_416                     |    9|          2|   16|         32|
    |pool_acc_22_3_reg_757                     |    9|          2|   16|         32|
    |pool_acc_22_5_be_reg_5632                 |    9|          2|   16|         32|
    |pool_acc_22_5_reg_4432                    |    9|          2|   16|         32|
    |pool_acc_22_7_reg_8141                    |    9|          2|   16|         32|
    |pool_acc_23_2_reg_406                     |    9|          2|   16|         32|
    |pool_acc_23_3_reg_746                     |    9|          2|   16|         32|
    |pool_acc_23_5_be_reg_5528                 |    9|          2|   16|         32|
    |pool_acc_23_5_reg_4421                    |    9|          2|   16|         32|
    |pool_acc_23_7_reg_8128                    |    9|          2|   16|         32|
    |pool_acc_24_2_reg_396                     |    9|          2|   16|         32|
    |pool_acc_24_3_reg_735                     |    9|          2|   16|         32|
    |pool_acc_24_5_be_reg_5424                 |    9|          2|   16|         32|
    |pool_acc_24_5_reg_4410                    |    9|          2|   16|         32|
    |pool_acc_24_7_reg_8115                    |    9|          2|   16|         32|
    |pool_acc_25_2_reg_386                     |    9|          2|   16|         32|
    |pool_acc_25_3_reg_724                     |    9|          2|   16|         32|
    |pool_acc_25_5_be_reg_5320                 |    9|          2|   16|         32|
    |pool_acc_25_5_reg_4399                    |    9|          2|   16|         32|
    |pool_acc_25_7_reg_8102                    |    9|          2|   16|         32|
    |pool_acc_26_2_reg_376                     |    9|          2|   16|         32|
    |pool_acc_26_3_reg_713                     |    9|          2|   16|         32|
    |pool_acc_26_5_be_reg_5216                 |    9|          2|   16|         32|
    |pool_acc_26_5_reg_4388                    |    9|          2|   16|         32|
    |pool_acc_26_7_reg_8089                    |    9|          2|   16|         32|
    |pool_acc_27_2_reg_366                     |    9|          2|   16|         32|
    |pool_acc_27_3_reg_702                     |    9|          2|   16|         32|
    |pool_acc_27_5_be_reg_5112                 |    9|          2|   16|         32|
    |pool_acc_27_5_reg_4377                    |    9|          2|   16|         32|
    |pool_acc_27_7_reg_8076                    |    9|          2|   16|         32|
    |pool_acc_28_2_reg_356                     |    9|          2|   16|         32|
    |pool_acc_28_3_reg_691                     |    9|          2|   16|         32|
    |pool_acc_28_5_be_reg_5008                 |    9|          2|   16|         32|
    |pool_acc_28_5_reg_4366                    |    9|          2|   16|         32|
    |pool_acc_28_7_reg_8063                    |    9|          2|   16|         32|
    |pool_acc_29_2_reg_346                     |    9|          2|   16|         32|
    |pool_acc_29_3_reg_680                     |    9|          2|   16|         32|
    |pool_acc_29_5_be_reg_4904                 |    9|          2|   16|         32|
    |pool_acc_29_5_reg_4355                    |    9|          2|   16|         32|
    |pool_acc_29_7_reg_8050                    |    9|          2|   16|         32|
    |pool_acc_2_2_reg_616                      |    9|          2|   16|         32|
    |pool_acc_2_3_reg_977                      |    9|          2|   16|         32|
    |pool_acc_2_5_be_reg_7712                  |    9|          2|   16|         32|
    |pool_acc_2_5_reg_4652                     |    9|          2|   16|         32|
    |pool_acc_2_7_reg_8401                     |    9|          2|   16|         32|
    |pool_acc_30_2_reg_336                     |    9|          2|   16|         32|
    |pool_acc_30_3_reg_669                     |    9|          2|   16|         32|
    |pool_acc_30_5_be_reg_4800                 |    9|          2|   16|         32|
    |pool_acc_30_5_reg_4344                    |    9|          2|   16|         32|
    |pool_acc_30_7_reg_8037                    |    9|          2|   16|         32|
    |pool_acc_31_2_reg_326                     |    9|          2|   16|         32|
    |pool_acc_31_3_reg_658                     |    9|          2|   16|         32|
    |pool_acc_31_5_be_reg_4696                 |    9|          2|   16|         32|
    |pool_acc_31_5_reg_4333                    |    9|          2|   16|         32|
    |pool_acc_31_7_reg_8024                    |    9|          2|   16|         32|
    |pool_acc_3_2_reg_606                      |    9|          2|   16|         32|
    |pool_acc_3_3_reg_966                      |    9|          2|   16|         32|
    |pool_acc_3_5_be_reg_7608                  |    9|          2|   16|         32|
    |pool_acc_3_5_reg_4641                     |    9|          2|   16|         32|
    |pool_acc_3_7_reg_8388                     |    9|          2|   16|         32|
    |pool_acc_4_2_reg_596                      |    9|          2|   16|         32|
    |pool_acc_4_3_reg_955                      |    9|          2|   16|         32|
    |pool_acc_4_5_be_reg_7504                  |    9|          2|   16|         32|
    |pool_acc_4_5_reg_4630                     |    9|          2|   16|         32|
    |pool_acc_4_7_reg_8375                     |    9|          2|   16|         32|
    |pool_acc_5_2_reg_586                      |    9|          2|   16|         32|
    |pool_acc_5_3_reg_944                      |    9|          2|   16|         32|
    |pool_acc_5_5_be_reg_7400                  |    9|          2|   16|         32|
    |pool_acc_5_5_reg_4619                     |    9|          2|   16|         32|
    |pool_acc_5_7_reg_8362                     |    9|          2|   16|         32|
    |pool_acc_6_2_reg_576                      |    9|          2|   16|         32|
    |pool_acc_6_3_reg_933                      |    9|          2|   16|         32|
    |pool_acc_6_5_be_reg_7296                  |    9|          2|   16|         32|
    |pool_acc_6_5_reg_4608                     |    9|          2|   16|         32|
    |pool_acc_6_7_reg_8349                     |    9|          2|   16|         32|
    |pool_acc_7_2_reg_566                      |    9|          2|   16|         32|
    |pool_acc_7_3_reg_922                      |    9|          2|   16|         32|
    |pool_acc_7_5_be_reg_7192                  |    9|          2|   16|         32|
    |pool_acc_7_5_reg_4597                     |    9|          2|   16|         32|
    |pool_acc_7_7_reg_8336                     |    9|          2|   16|         32|
    |pool_acc_8_2_reg_556                      |    9|          2|   16|         32|
    |pool_acc_8_3_reg_911                      |    9|          2|   16|         32|
    |pool_acc_8_5_be_reg_7088                  |    9|          2|   16|         32|
    |pool_acc_8_5_reg_4586                     |    9|          2|   16|         32|
    |pool_acc_8_7_reg_8323                     |    9|          2|   16|         32|
    |pool_acc_9_2_reg_546                      |    9|          2|   16|         32|
    |pool_acc_9_3_reg_900                      |    9|          2|   16|         32|
    |pool_acc_9_5_be_reg_6984                  |    9|          2|   16|         32|
    |pool_acc_9_5_reg_4575                     |    9|          2|   16|         32|
    |pool_acc_9_7_reg_8310                     |    9|          2|   16|         32|
    |t_0_reg_646                               |    9|          2|    6|         12|
    |u_1_fu_272                                |    9|          2|   32|         64|
    +------------------------------------------+-----+-----------+-----+-----------+
    |Total                                     | 2253|        491| 3234|       7059|
    +------------------------------------------+-----+-----------+-----+-----------+

    * Register: 
    +---------------------------+----+----+-----+-----------+
    |            Name           | FF | LUT| Bits| Const Bits|
    +---------------------------+----+----+-----+-----------+
    |X_slice_load_reg_9605      |  16|   0|   16|          0|
    |acc_0_reg_1022             |  16|   0|   16|          0|
    |acc_1_reg_1046             |  16|   0|   16|          0|
    |add_ln105_1_reg_9600       |  13|   0|   13|          0|
    |add_ln114_reg_9714         |  32|   0|   32|          0|
    |ap_CS_fsm                  |  48|   0|   48|          0|
    |e_0_reg_1058               |   6|   0|    6|          0|
    |e_reg_9590                 |   6|   0|    6|          0|
    |f1_0_reg_315               |   6|   0|    6|          0|
    |f2_0_reg_1010              |   6|   0|    6|          0|
    |f3_0_reg_4685              |   6|   0|    6|          0|
    |f_1_reg_9700               |   6|   0|    6|          0|
    |f_2_reg_9546               |   6|   0|    6|          0|
    |f_reg_9513                 |   6|   0|    6|          0|
    |k_0_reg_1034               |   3|   0|    3|          0|
    |k_reg_9567                 |   3|   0|    3|          0|
    |pc_1_fu_268                |  32|   0|   32|          0|
    |pool_acc_0_21_reg_636      |  16|   0|   16|          0|
    |pool_acc_0_3_reg_999       |  16|   0|   16|          0|
    |pool_acc_0_5_be_reg_7920   |  16|   0|   16|          0|
    |pool_acc_0_5_reg_4674      |  16|   0|   16|          0|
    |pool_acc_0_7_reg_8427      |  16|   0|   16|          0|
    |pool_acc_0_reg_9661        |  16|   0|   16|          0|
    |pool_acc_10_2_reg_536      |  16|   0|   16|          0|
    |pool_acc_10_3_reg_889      |  16|   0|   16|          0|
    |pool_acc_10_5_be_reg_6880  |  16|   0|   16|          0|
    |pool_acc_10_5_reg_4564     |  16|   0|   16|          0|
    |pool_acc_10_7_reg_8297     |  16|   0|   16|          0|
    |pool_acc_11_2_reg_526      |  16|   0|   16|          0|
    |pool_acc_11_3_reg_878      |  16|   0|   16|          0|
    |pool_acc_11_5_be_reg_6776  |  16|   0|   16|          0|
    |pool_acc_11_5_reg_4553     |  16|   0|   16|          0|
    |pool_acc_11_7_reg_8284     |  16|   0|   16|          0|
    |pool_acc_12_2_reg_516      |  16|   0|   16|          0|
    |pool_acc_12_3_reg_867      |  16|   0|   16|          0|
    |pool_acc_12_5_be_reg_6672  |  16|   0|   16|          0|
    |pool_acc_12_5_reg_4542     |  16|   0|   16|          0|
    |pool_acc_12_7_reg_8271     |  16|   0|   16|          0|
    |pool_acc_13_2_reg_506      |  16|   0|   16|          0|
    |pool_acc_13_3_reg_856      |  16|   0|   16|          0|
    |pool_acc_13_5_be_reg_6568  |  16|   0|   16|          0|
    |pool_acc_13_5_reg_4531     |  16|   0|   16|          0|
    |pool_acc_13_7_reg_8258     |  16|   0|   16|          0|
    |pool_acc_14_2_reg_496      |  16|   0|   16|          0|
    |pool_acc_14_3_reg_845      |  16|   0|   16|          0|
    |pool_acc_14_5_be_reg_6464  |  16|   0|   16|          0|
    |pool_acc_14_5_reg_4520     |  16|   0|   16|          0|
    |pool_acc_14_7_reg_8245     |  16|   0|   16|          0|
    |pool_acc_15_2_reg_486      |  16|   0|   16|          0|
    |pool_acc_15_3_reg_834      |  16|   0|   16|          0|
    |pool_acc_15_5_be_reg_6360  |  16|   0|   16|          0|
    |pool_acc_15_5_reg_4509     |  16|   0|   16|          0|
    |pool_acc_15_7_reg_8232     |  16|   0|   16|          0|
    |pool_acc_16_2_reg_476      |  16|   0|   16|          0|
    |pool_acc_16_3_reg_823      |  16|   0|   16|          0|
    |pool_acc_16_5_be_reg_6256  |  16|   0|   16|          0|
    |pool_acc_16_5_reg_4498     |  16|   0|   16|          0|
    |pool_acc_16_7_reg_8219     |  16|   0|   16|          0|
    |pool_acc_17_2_reg_466      |  16|   0|   16|          0|
    |pool_acc_17_3_reg_812      |  16|   0|   16|          0|
    |pool_acc_17_5_be_reg_6152  |  16|   0|   16|          0|
    |pool_acc_17_5_reg_4487     |  16|   0|   16|          0|
    |pool_acc_17_7_reg_8206     |  16|   0|   16|          0|
    |pool_acc_18_2_reg_456      |  16|   0|   16|          0|
    |pool_acc_18_3_reg_801      |  16|   0|   16|          0|
    |pool_acc_18_5_be_reg_6048  |  16|   0|   16|          0|
    |pool_acc_18_5_reg_4476     |  16|   0|   16|          0|
    |pool_acc_18_7_reg_8193     |  16|   0|   16|          0|
    |pool_acc_19_2_reg_446      |  16|   0|   16|          0|
    |pool_acc_19_3_reg_790      |  16|   0|   16|          0|
    |pool_acc_19_5_be_reg_5944  |  16|   0|   16|          0|
    |pool_acc_19_5_reg_4465     |  16|   0|   16|          0|
    |pool_acc_19_7_reg_8180     |  16|   0|   16|          0|
    |pool_acc_1_2_reg_626       |  16|   0|   16|          0|
    |pool_acc_1_3_reg_988       |  16|   0|   16|          0|
    |pool_acc_1_5_be_reg_7816   |  16|   0|   16|          0|
    |pool_acc_1_5_reg_4663      |  16|   0|   16|          0|
    |pool_acc_1_7_reg_8414      |  16|   0|   16|          0|
    |pool_acc_20_2_reg_436      |  16|   0|   16|          0|
    |pool_acc_20_3_reg_779      |  16|   0|   16|          0|
    |pool_acc_20_5_be_reg_5840  |  16|   0|   16|          0|
    |pool_acc_20_5_reg_4454     |  16|   0|   16|          0|
    |pool_acc_20_7_reg_8167     |  16|   0|   16|          0|
    |pool_acc_21_2_reg_426      |  16|   0|   16|          0|
    |pool_acc_21_3_reg_768      |  16|   0|   16|          0|
    |pool_acc_21_5_be_reg_5736  |  16|   0|   16|          0|
    |pool_acc_21_5_reg_4443     |  16|   0|   16|          0|
    |pool_acc_21_7_reg_8154     |  16|   0|   16|          0|
    |pool_acc_22_2_reg_416      |  16|   0|   16|          0|
    |pool_acc_22_3_reg_757      |  16|   0|   16|          0|
    |pool_acc_22_5_be_reg_5632  |  16|   0|   16|          0|
    |pool_acc_22_5_reg_4432     |  16|   0|   16|          0|
    |pool_acc_22_7_reg_8141     |  16|   0|   16|          0|
    |pool_acc_23_2_reg_406      |  16|   0|   16|          0|
    |pool_acc_23_3_reg_746      |  16|   0|   16|          0|
    |pool_acc_23_5_be_reg_5528  |  16|   0|   16|          0|
    |pool_acc_23_5_reg_4421     |  16|   0|   16|          0|
    |pool_acc_23_7_reg_8128     |  16|   0|   16|          0|
    |pool_acc_24_2_reg_396      |  16|   0|   16|          0|
    |pool_acc_24_3_reg_735      |  16|   0|   16|          0|
    |pool_acc_24_5_be_reg_5424  |  16|   0|   16|          0|
    |pool_acc_24_5_reg_4410     |  16|   0|   16|          0|
    |pool_acc_24_7_reg_8115     |  16|   0|   16|          0|
    |pool_acc_25_2_reg_386      |  16|   0|   16|          0|
    |pool_acc_25_3_reg_724      |  16|   0|   16|          0|
    |pool_acc_25_5_be_reg_5320  |  16|   0|   16|          0|
    |pool_acc_25_5_reg_4399     |  16|   0|   16|          0|
    |pool_acc_25_7_reg_8102     |  16|   0|   16|          0|
    |pool_acc_26_2_reg_376      |  16|   0|   16|          0|
    |pool_acc_26_3_reg_713      |  16|   0|   16|          0|
    |pool_acc_26_5_be_reg_5216  |  16|   0|   16|          0|
    |pool_acc_26_5_reg_4388     |  16|   0|   16|          0|
    |pool_acc_26_7_reg_8089     |  16|   0|   16|          0|
    |pool_acc_27_2_reg_366      |  16|   0|   16|          0|
    |pool_acc_27_3_reg_702      |  16|   0|   16|          0|
    |pool_acc_27_5_be_reg_5112  |  16|   0|   16|          0|
    |pool_acc_27_5_reg_4377     |  16|   0|   16|          0|
    |pool_acc_27_7_reg_8076     |  16|   0|   16|          0|
    |pool_acc_28_2_reg_356      |  16|   0|   16|          0|
    |pool_acc_28_3_reg_691      |  16|   0|   16|          0|
    |pool_acc_28_5_be_reg_5008  |  16|   0|   16|          0|
    |pool_acc_28_5_reg_4366     |  16|   0|   16|          0|
    |pool_acc_28_7_reg_8063     |  16|   0|   16|          0|
    |pool_acc_29_2_reg_346      |  16|   0|   16|          0|
    |pool_acc_29_3_reg_680      |  16|   0|   16|          0|
    |pool_acc_29_5_be_reg_4904  |  16|   0|   16|          0|
    |pool_acc_29_5_reg_4355     |  16|   0|   16|          0|
    |pool_acc_29_7_reg_8050     |  16|   0|   16|          0|
    |pool_acc_2_2_reg_616       |  16|   0|   16|          0|
    |pool_acc_2_3_reg_977       |  16|   0|   16|          0|
    |pool_acc_2_5_be_reg_7712   |  16|   0|   16|          0|
    |pool_acc_2_5_reg_4652      |  16|   0|   16|          0|
    |pool_acc_2_7_reg_8401      |  16|   0|   16|          0|
    |pool_acc_30_2_reg_336      |  16|   0|   16|          0|
    |pool_acc_30_3_reg_669      |  16|   0|   16|          0|
    |pool_acc_30_5_be_reg_4800  |  16|   0|   16|          0|
    |pool_acc_30_5_reg_4344     |  16|   0|   16|          0|
    |pool_acc_30_7_reg_8037     |  16|   0|   16|          0|
    |pool_acc_31_2_reg_326      |  16|   0|   16|          0|
    |pool_acc_31_3_reg_658      |  16|   0|   16|          0|
    |pool_acc_31_5_be_reg_4696  |  16|   0|   16|          0|
    |pool_acc_31_5_reg_4333     |  16|   0|   16|          0|
    |pool_acc_31_7_reg_8024     |  16|   0|   16|          0|
    |pool_acc_3_2_reg_606       |  16|   0|   16|          0|
    |pool_acc_3_3_reg_966       |  16|   0|   16|          0|
    |pool_acc_3_5_be_reg_7608   |  16|   0|   16|          0|
    |pool_acc_3_5_reg_4641      |  16|   0|   16|          0|
    |pool_acc_3_7_reg_8388      |  16|   0|   16|          0|
    |pool_acc_4_2_reg_596       |  16|   0|   16|          0|
    |pool_acc_4_3_reg_955       |  16|   0|   16|          0|
    |pool_acc_4_5_be_reg_7504   |  16|   0|   16|          0|
    |pool_acc_4_5_reg_4630      |  16|   0|   16|          0|
    |pool_acc_4_7_reg_8375      |  16|   0|   16|          0|
    |pool_acc_5_2_reg_586       |  16|   0|   16|          0|
    |pool_acc_5_3_reg_944       |  16|   0|   16|          0|
    |pool_acc_5_5_be_reg_7400   |  16|   0|   16|          0|
    |pool_acc_5_5_reg_4619      |  16|   0|   16|          0|
    |pool_acc_5_7_reg_8362      |  16|   0|   16|          0|
    |pool_acc_6_2_reg_576       |  16|   0|   16|          0|
    |pool_acc_6_3_reg_933       |  16|   0|   16|          0|
    |pool_acc_6_5_be_reg_7296   |  16|   0|   16|          0|
    |pool_acc_6_5_reg_4608      |  16|   0|   16|          0|
    |pool_acc_6_7_reg_8349      |  16|   0|   16|          0|
    |pool_acc_7_2_reg_566       |  16|   0|   16|          0|
    |pool_acc_7_3_reg_922       |  16|   0|   16|          0|
    |pool_acc_7_5_be_reg_7192   |  16|   0|   16|          0|
    |pool_acc_7_5_reg_4597      |  16|   0|   16|          0|
    |pool_acc_7_7_reg_8336      |  16|   0|   16|          0|
    |pool_acc_8_2_reg_556       |  16|   0|   16|          0|
    |pool_acc_8_3_reg_911       |  16|   0|   16|          0|
    |pool_acc_8_5_be_reg_7088   |  16|   0|   16|          0|
    |pool_acc_8_5_reg_4586      |  16|   0|   16|          0|
    |pool_acc_8_7_reg_8323      |  16|   0|   16|          0|
    |pool_acc_9_2_reg_546       |  16|   0|   16|          0|
    |pool_acc_9_3_reg_900       |  16|   0|   16|          0|
    |pool_acc_9_5_be_reg_6984   |  16|   0|   16|          0|
    |pool_acc_9_5_reg_4575      |  16|   0|   16|          0|
    |pool_acc_9_7_reg_8310      |  16|   0|   16|          0|
    |shl_ln114_reg_9559         |  27|   0|   32|          5|
    |shl_ln4_reg_9572           |   6|   0|   11|          5|
    |t_0_reg_646                |   6|   0|    6|          0|
    |t_reg_9538                 |   6|   0|    6|          0|
    |tmp_2_reg_9656             |  16|   0|   16|          0|
    |tmp_3_reg_9709             |  16|   0|   16|          0|
    |tmp_86_reg_9625            |  32|   0|   32|          0|
    |tmp_87_reg_9630            |  32|   0|   32|          0|
    |tmp_88_reg_9635            |  32|   0|   32|          0|
    |tmp_89_reg_9640            |  32|   0|   32|          0|
    |tmp_91_reg_9615            |  16|   0|   16|          0|
    |tmp_s_reg_9719             |  16|   0|   16|          0|
    |trunc_ln108_reg_9577       |   5|   0|    5|          0|
    |trunc_ln114_reg_9705       |   5|   0|    5|          0|
    |u_1_fu_272                 |  32|   0|   32|          0|
    |y_1_reg_9651               |  16|   0|   16|          0|
    |y_reg_9645                 |  16|   0|   16|          0|
    |zext_ln102_reg_9551        |   6|   0|   13|          7|
    +---------------------------+----+----+-----+-----------+
    |Total                      |3120|   0| 3137|         17|
    +---------------------------+----+----+-----+-----------+



================================================================
== Interface
================================================================
* Summary: 
+------------+-----+-----+------------+--------------------+--------------+
|  RTL Ports | Dir | Bits|  Protocol  |    Source Object   |    C Type    |
+------------+-----+-----+------------+--------------------+--------------+
|ap_clk      |  in |    1| ap_ctrl_hs | conv_bn_act_pool.4 | return value |
|ap_rst      |  in |    1| ap_ctrl_hs | conv_bn_act_pool.4 | return value |
|ap_start    |  in |    1| ap_ctrl_hs | conv_bn_act_pool.4 | return value |
|ap_done     | out |    1| ap_ctrl_hs | conv_bn_act_pool.4 | return value |
|ap_idle     | out |    1| ap_ctrl_hs | conv_bn_act_pool.4 | return value |
|ap_ready    | out |    1| ap_ctrl_hs | conv_bn_act_pool.4 | return value |
|U_address0  | out |    9|  ap_memory |          U         |     array    |
|U_ce0       | out |    1|  ap_memory |          U         |     array    |
|U_we0       | out |    1|  ap_memory |          U         |     array    |
|U_d0        | out |   16|  ap_memory |          U         |     array    |
+------------+-----+-----+------------+--------------------+--------------+

