

================================================================
== Vivado HLS Report for 'conv_bn_act_pool_3'
================================================================
* Date:           Thu Sep  4 12:28:55 2025

* Version:        2019.1 (Build 2552052 on Fri May 24 15:28:33 MDT 2019)
* Project:        BranchPredictionAI
* Solution:       solution1
* Product family: zynq
* Target device:  xc7z020-clg484-1


================================================================
== Performance Estimates
================================================================
+ Timing (ns): 
    * Summary: 
    +--------+-------+----------+------------+
    |  Clock | Target| Estimated| Uncertainty|
    +--------+-------+----------+------------+
    |ap_clk  |  10.00|     8.620|        1.25|
    +--------+-------+----------+------------+

+ Latency (clock cycles): 
    * Summary: 
    +---------+---------+---------+---------+---------+
    |      Latency      |      Interval     | Pipeline|
    |   min   |   max   |   min   |   max   |   Type  |
    +---------+---------+---------+---------+---------+
    |  6048401|  6048401|  6048401|  6048401|   none  |
    +---------+---------+---------+---------+---------+

    + Detail: 
        * Instance: 
        N/A

        * Loop: 
        +---------------------+---------+---------+----------+-----------+-----------+------+----------+
        |                     |      Latency      | Iteration|  Initiation Interval  | Trip |          |
        |      Loop Name      |   min   |   max   |  Latency |  achieved |   target  | Count| Pipelined|
        +---------------------+---------+---------+----------+-----------+-----------+------+----------+
        |- Loop 1             |  5714064|  5714064|     79362|          -|          -|    72|    no    |
        | + Loop 1.1          |    79360|    79360|      2480|          -|          -|    32|    no    |
        |  ++ Loop 1.1.1      |     2478|     2478|       354|          -|          -|     7|    no    |
        |   +++ Loop 1.1.1.1  |      352|      352|        11|          -|          -|    32|    no    |
        |- Loop 2             |   286572|   286572|      3674|          -|          -|    78|    no    |
        | + Loop 2.1          |     3672|     3672|        51|          -|          -|    72|    no    |
        |- Loop 3             |    47762|    47762|      3674|          -|          -|    13|    no    |
        | + Loop 3.1          |     3672|     3672|        51|          -|          -|    72|    no    |
        |  ++ Loop 3.1.1      |       42|       42|         7|          -|          -|     6|    no    |
        +---------------------+---------+---------+----------+-----------+-----------+------+----------+



================================================================
== Utilization Estimates
================================================================
* Summary: 
+-----------------+---------+-------+--------+-------+-----+
|       Name      | BRAM_18K| DSP48E|   FF   |  LUT  | URAM|
+-----------------+---------+-------+--------+-------+-----+
|DSP              |        -|      -|       -|      -|    -|
|Expression       |        -|      -|       0|    417|    -|
|FIFO             |        -|      -|       -|      -|    -|
|Instance         |        -|      4|    1686|   2038|    -|
|Memory           |       12|      -|      32|     16|    -|
|Multiplexer      |        -|      -|       -|    618|    -|
|Register         |        -|      -|     588|      -|    -|
+-----------------+---------+-------+--------+-------+-----+
|Total            |       12|      4|    2306|   3089|    0|
+-----------------+---------+-------+--------+-------+-----+
|Available        |      280|    220|  106400|  53200|    0|
+-----------------+---------+-------+--------+-------+-----+
|Utilization (%)  |        4|      1|       2|      5|    0|
+-----------------+---------+-------+--------+-------+-----+

+ Detail: 
    * Instance: 
    +-----------------------------------------+-------------------------------------+---------+-------+-----+-----+-----+
    |                 Instance                |                Module               | BRAM_18K| DSP48E|  FF | LUT | URAM|
    +-----------------------------------------+-------------------------------------+---------+-------+-----+-----+-----+
    |main_fdiv_32ns_32ns_32_16_1_U76          |main_fdiv_32ns_32ns_32_16_1          |        0|      0|  761|  994|    0|
    |main_fsqrt_32ns_32ns_32_12_1_U77         |main_fsqrt_32ns_32ns_32_12_1         |        0|      0|  405|  615|    0|
    |main_hadd_16ns_16ns_16_5_full_dsp_1_U80  |main_hadd_16ns_16ns_16_5_full_dsp_1  |        0|      2|  109|  116|    0|
    |main_hcmp_16ns_16ns_1_2_1_U83            |main_hcmp_16ns_16ns_1_2_1            |        0|      0|   34|   27|    0|
    |main_hdiv_16ns_16ns_16_7_1_U82           |main_hdiv_16ns_16ns_16_7_1           |        0|      0|  170|  220|    0|
    |main_hmul_16ns_16ns_16_4_max_dsp_1_U81   |main_hmul_16ns_16ns_16_4_max_dsp_1   |        0|      2|   91|   36|    0|
    |main_hptosp_16ns_32_2_1_U79              |main_hptosp_16ns_32_2_1              |        0|      0|   52|    9|    0|
    |main_sptohp_32ns_16_2_1_U78              |main_sptohp_32ns_16_2_1              |        0|      0|   64|   21|    0|
    +-----------------------------------------+-------------------------------------+---------+-------+-----+-----+-----+
    |Total                                    |                                     |        0|      4| 1686| 2038|    0|
    +-----------------------------------------+-------------------------------------+---------+-------+-----+-----+-----+

    * DSP48E: 
    N/A

    * Memory: 
    +--------------+-----------------------------+---------+----+----+-----+------+-----+------+-------------+
    |    Memory    |            Module           | BRAM_18K| FF | LUT| URAM| Words| Bits| Banks| W*Bits*Banks|
    +--------------+-----------------------------+---------+----+----+-----+------+-----+------+-------------+
    |ConvW1_U      |conv_bn_act_pool_3_ConvW1    |        8|   0|   0|    0|  7168|   16|     1|       114688|
    |X_slice1_U    |conv_bn_act_pool_3_X_slice1  |        4|   0|   0|    0|  2496|   16|     1|        39936|
    |BN1_var1_U    |conv_bn_act_pool_4_BN1_var0  |        0|  16|   8|    0|    32|   16|     1|          512|
    |BN1_gamma1_U  |conv_bn_act_pool_4_BN1_var0  |        0|  16|   8|    0|    32|   16|     1|          512|
    +--------------+-----------------------------+---------+----+----+-----+------+-----+------+-------------+
    |Total         |                             |       12|  32|  16|    0|  9728|   64|     4|       155648|
    +--------------+-----------------------------+---------+----+----+-----+------+-----+------+-------------+

    * FIFO: 
    N/A

    * Expression: 
    +-----------------------+----------+-------+---+----+------------+------------+
    |     Variable Name     | Operation| DSP48E| FF| LUT| Bitwidth P0| Bitwidth P1|
    +-----------------------+----------+-------+---+----+------------+------------+
    |add_ln106_1_fu_705_p2  |     +    |      0|  0|  19|          14|          14|
    |add_ln106_4_fu_696_p2  |     +    |      0|  0|  13|          11|          11|
    |add_ln106_fu_675_p2    |     +    |      0|  0|  15|           8|           8|
    |add_ln107_2_fu_720_p2  |     +    |      0|  0|  15|           8|           8|
    |add_ln107_fu_728_p2    |     +    |      0|  0|  14|          10|          10|
    |add_ln82_fu_439_p2     |     +    |      0|  0|  15|           7|           7|
    |add_ln85_2_fu_502_p2   |     +    |      0|  0|  17|          13|          13|
    |add_ln85_fu_478_p2     |     +    |      0|  0|  12|          12|          12|
    |add_ln88_fu_453_p2     |     +    |      0|  0|  12|          12|          12|
    |add_ln93_fu_544_p2     |     +    |      0|  0|  17|          13|          13|
    |add_ln95_fu_572_p2     |     +    |      0|  0|  17|          13|          13|
    |c_7_fu_653_p2          |     +    |      0|  0|  15|           7|           1|
    |c_fu_556_p2            |     +    |      0|  0|  15|           7|           1|
    |e_fu_468_p2            |     +    |      0|  0|  15|           6|           1|
    |f_fu_413_p2            |     +    |      0|  0|  15|           6|           1|
    |k_fu_429_p2            |     +    |      0|  0|  12|           3|           1|
    |p_fu_669_p2            |     +    |      0|  0|  12|           3|           1|
    |t_3_fu_518_p2          |     +    |      0|  0|  15|           7|           1|
    |t_fu_389_p2            |     +    |      0|  0|  15|           7|           1|
    |u_fu_595_p2            |     +    |      0|  0|  13|           4|           1|
    |sub_ln106_fu_625_p2    |     -    |      0|  0|  15|           8|           8|
    |icmp_ln103_fu_589_p2   |   icmp   |      0|  0|   9|           4|           3|
    |icmp_ln104_fu_647_p2   |   icmp   |      0|  0|  11|           7|           7|
    |icmp_ln106_fu_663_p2   |   icmp   |      0|  0|   9|           3|           3|
    |icmp_ln77_fu_383_p2    |   icmp   |      0|  0|  11|           7|           7|
    |icmp_ln78_fu_407_p2    |   icmp   |      0|  0|  11|           6|           7|
    |icmp_ln81_fu_423_p2    |   icmp   |      0|  0|   9|           3|           2|
    |icmp_ln84_fu_462_p2    |   icmp   |      0|  0|  11|           6|           7|
    |icmp_ln92_fu_512_p2    |   icmp   |      0|  0|  11|           7|           7|
    |icmp_ln94_fu_550_p2    |   icmp   |      0|  0|  11|           7|           7|
    |select_ln46_fu_581_p3  |  select  |      0|  0|  16|           1|          16|
    +-----------------------+----------+-------+---+----+------------+------------+
    |Total                  |          |      0|  0| 417|         230|         204|
    +-----------------------+----------+-------+---+----+------------+------------+

    * Multiplexer: 
    +---------------+-----+-----------+-----+-----------+
    |      Name     | LUT | Input Size| Bits| Total Bits|
    +---------------+-----+-----------+-----+-----------+
    |Y_address0     |   27|          5|   15|         75|
    |Y_d0           |   15|          3|   16|         48|
    |acc_0_reg_203  |    9|          2|   16|         32|
    |acc_1_reg_228  |    9|          2|   16|         32|
    |acc_2_reg_295  |    9|          2|   16|         32|
    |ap_NS_fsm      |  369|         84|    1|         84|
    |c_0_reg_262    |    9|          2|    7|         14|
    |c_1_reg_284    |    9|          2|    7|         14|
    |e_0_reg_240    |    9|          2|    6|         12|
    |f_0_reg_192    |    9|          2|    6|         12|
    |grp_fu_330_p0  |   15|          3|   16|         48|
    |grp_fu_334_p0  |   27|          5|   16|         80|
    |grp_fu_334_p1  |   27|          5|   16|         80|
    |grp_fu_342_p0  |   15|          3|   16|         48|
    |grp_fu_342_p1  |   15|          3|   16|         48|
    |k_0_reg_216    |    9|          2|    3|          6|
    |p_0_reg_307    |    9|          2|    3|          6|
    |t_0_reg_180    |    9|          2|    7|         14|
    |t_1_reg_251    |    9|          2|    7|         14|
    |u_0_reg_273    |    9|          2|    4|          8|
    +---------------+-----+-----------+-----+-----------+
    |Total          |  618|        135|  210|        707|
    +---------------+-----+-----------+-----+-----------+

    * Register: 
    +-------------------------+----+----+-----+-----------+
    |           Name          | FF | LUT| Bits| Const Bits|
    +-------------------------+----+----+-----+-----------+
    |BN1_gamma1_load_reg_850  |  16|   0|   16|          0|
    |BN1_var1_load_reg_845    |  16|   0|   16|          0|
    |ConvW1_load_reg_804      |  16|   0|   16|          0|
    |X_slice1_load_reg_799    |  16|   0|   16|          0|
    |Y_addr12_reg_855         |  13|   0|   15|          2|
    |acc_0_reg_203            |  16|   0|   16|          0|
    |acc_1_reg_228            |  16|   0|   16|          0|
    |acc_2_reg_295            |  16|   0|   16|          0|
    |add_ln107_reg_934        |  10|   0|   10|          0|
    |add_ln93_reg_817         |  10|   0|   13|          3|
    |add_ln95_reg_830         |  13|   0|   13|          0|
    |ap_CS_fsm                |  83|   0|   83|          0|
    |c_0_reg_262              |   7|   0|    7|          0|
    |c_1_cast4_reg_903        |   7|   0|    8|          1|
    |c_1_cast_reg_908         |   7|   0|   11|          4|
    |c_1_reg_284              |   7|   0|    7|          0|
    |c_7_reg_916              |   7|   0|    7|          0|
    |c_reg_825                |   7|   0|    7|          0|
    |e_0_reg_240              |   6|   0|    6|          0|
    |e_reg_784                |   6|   0|    6|          0|
    |f_0_reg_192              |   6|   0|    6|          0|
    |f_reg_758                |   6|   0|    6|          0|
    |k_0_reg_216              |   3|   0|    3|          0|
    |k_reg_771                |   3|   0|    3|          0|
    |nrm_reg_870              |  16|   0|   16|          0|
    |p_0_reg_307              |   3|   0|    3|          0|
    |p_reg_924                |   3|   0|    3|          0|
    |reg_357                  |  16|   0|   16|          0|
    |reg_363                  |  16|   0|   16|          0|
    |reg_371                  |  32|   0|   32|          0|
    |reg_377                  |  16|   0|   16|          0|
    |select_ln46_reg_875      |  16|   0|   16|          0|
    |shl_ln1_reg_898          |   4|   0|   10|          6|
    |shl_ln2_reg_776          |   7|   0|   12|          5|
    |shl_ln_reg_745           |   7|   0|   12|          5|
    |sub_ln106_reg_893        |   7|   0|    8|          1|
    |t_0_reg_180              |   7|   0|    7|          0|
    |t_1_reg_251              |   7|   0|    7|          0|
    |t_3_reg_812              |   7|   0|    7|          0|
    |t_reg_740                |   7|   0|    7|          0|
    |tmp_91_reg_860           |  32|   0|   32|          0|
    |tmp_92_reg_865           |  32|   0|   32|          0|
    |tmp_96_reg_939           |  16|   0|   16|          0|
    |u_0_reg_273              |   4|   0|    4|          0|
    |u_reg_883                |   4|   0|    4|          0|
    |zext_ln106_2_reg_888     |   4|   0|    8|          4|
    |zext_ln78_reg_750        |   6|   0|   12|          6|
    |zext_ln81_reg_763        |   6|   0|   13|          7|
    +-------------------------+----+----+-----+-----------+
    |Total                    | 588|   0|  632|         44|
    +-------------------------+----+----+-----+-----------+



================================================================
== Interface
================================================================
* Summary: 
+------------+-----+-----+------------+--------------------+--------------+
|  RTL Ports | Dir | Bits|  Protocol  |    Source Object   |    C Type    |
+------------+-----+-----+------------+--------------------+--------------+
|ap_clk      |  in |    1| ap_ctrl_hs | conv_bn_act_pool.3 | return value |
|ap_rst      |  in |    1| ap_ctrl_hs | conv_bn_act_pool.3 | return value |
|ap_start    |  in |    1| ap_ctrl_hs | conv_bn_act_pool.3 | return value |
|ap_done     | out |    1| ap_ctrl_hs | conv_bn_act_pool.3 | return value |
|ap_idle     | out |    1| ap_ctrl_hs | conv_bn_act_pool.3 | return value |
|ap_ready    | out |    1| ap_ctrl_hs | conv_bn_act_pool.3 | return value |
|Y_address0  | out |   15|  ap_memory |          Y         |     array    |
|Y_ce0       | out |    1|  ap_memory |          Y         |     array    |
|Y_we0       | out |    1|  ap_memory |          Y         |     array    |
|Y_d0        | out |   16|  ap_memory |          Y         |     array    |
|Y_q0        |  in |   16|  ap_memory |          Y         |     array    |
|U_address0  | out |    9|  ap_memory |          U         |     array    |
|U_ce0       | out |    1|  ap_memory |          U         |     array    |
|U_we0       | out |    1|  ap_memory |          U         |     array    |
|U_d0        | out |   16|  ap_memory |          U         |     array    |
+------------+-----+-----+------------+--------------------+--------------+

