

================================================================
== Vivado HLS Report for 'conv_bn_act_pool_1'
================================================================
* Date:           Wed Sep  3 17:58:51 2025

* Version:        2019.1 (Build 2552052 on Fri May 24 15:28:33 MDT 2019)
* Project:        BranchPredictionAI
* Solution:       solution1
* Product family: zynq
* Target device:  xc7z020-clg484-1


================================================================
== Performance Estimates
================================================================
+ Timing (ns): 
    * Summary: 
    +--------+-------+----------+------------+
    |  Clock | Target| Estimated| Uncertainty|
    +--------+-------+----------+------------+
    |ap_clk  |  10.00|     8.129|        1.25|
    +--------+-------+----------+------------+

+ Latency (clock cycles): 
    * Summary: 
    +----------+----------+----------+----------+---------+
    |       Latency       |       Interval      | Pipeline|
    |    min   |    max   |    min   |    max   |   Type  |
    +----------+----------+----------+----------+---------+
    |  27562215|  27562215|  27562215|  27562215|   none  |
    +----------+----------+----------+----------+---------+

    + Detail: 
        * Instance: 
        N/A

        * Loop: 
        +---------------------+----------+----------+----------+-----------+-----------+------+----------+
        |                     |       Latency       | Iteration|  Initiation Interval  | Trip |          |
        |      Loop Name      |    min   |    max   |  Latency |  achieved |   target  | Count| Pipelined|
        +---------------------+----------+----------+----------+-----------+-----------+------+----------+
        |- Loop 1             |  22856256|  22856256|     79362|          -|          -|   288|    no    |
        | + Loop 1.1          |     79360|     79360|      2480|          -|          -|    32|    no    |
        |  ++ Loop 1.1.1      |      2478|      2478|       354|          -|          -|     7|    no    |
        |   +++ Loop 1.1.1.1  |       352|       352|        11|          -|          -|    32|    no    |
        |- Loop 2             |   3980172|   3980172|     13538|          -|          -|   294|    no    |
        | + Loop 2.1          |     13536|     13536|        47|          -|          -|   288|    no    |
        |- Loop 3             |    725784|    725784|     60482|          -|          -|    12|    no    |
        | + Loop 3.1          |     60480|     60480|       210|          -|          -|   288|    no    |
        |  ++ Loop 3.1.1      |       192|       192|         8|          -|          -|    24|    no    |
        +---------------------+----------+----------+----------+-----------+-----------+------+----------+



================================================================
== Utilization Estimates
================================================================
* Summary: 
+-----------------+---------+-------+--------+-------+-----+
|       Name      | BRAM_18K| DSP48E|   FF   |  LUT  | URAM|
+-----------------+---------+-------+--------+-------+-----+
|DSP              |        -|      -|       -|      -|    -|
|Expression       |        -|      -|       0|    514|    -|
|FIFO             |        -|      -|       -|      -|    -|
|Instance         |        -|      5|    1580|   2559|    -|
|Memory           |       50|      -|       0|      0|    -|
|Multiplexer      |        -|      -|       -|    651|    -|
|Register         |        -|      -|     713|      -|    -|
+-----------------+---------+-------+--------+-------+-----+
|Total            |       50|      5|    2293|   3724|    0|
+-----------------+---------+-------+--------+-------+-----+
|Available        |      280|    220|  106400|  53200|    0|
+-----------------+---------+-------+--------+-------+-----+
|Utilization (%)  |       17|      2|       2|      7|    0|
+-----------------+---------+-------+--------+-------+-----+

+ Detail: 
    * Instance: 
    +-----------------------------------------+-------------------------------------+---------+-------+-----+-----+-----+
    |                 Instance                |                Module               | BRAM_18K| DSP48E|  FF | LUT | URAM|
    +-----------------------------------------+-------------------------------------+---------+-------+-----+-----+-----+
    |main_fadd_32ns_32ns_32_5_full_dsp_1_U76  |main_fadd_32ns_32ns_32_5_full_dsp_1  |        0|      2|  205|  390|    0|
    |main_fcmp_32ns_32ns_1_2_1_U79            |main_fcmp_32ns_32ns_1_2_1            |        0|      0|   66|  239|    0|
    |main_fdiv_32ns_32ns_32_16_1_U78          |main_fdiv_32ns_32ns_32_16_1          |        0|      0|  761|  994|    0|
    |main_fmul_32ns_32ns_32_4_max_dsp_1_U77   |main_fmul_32ns_32ns_32_4_max_dsp_1   |        0|      3|  143|  321|    0|
    |main_fsqrt_32ns_32ns_32_12_1_U80         |main_fsqrt_32ns_32ns_32_12_1         |        0|      0|  405|  615|    0|
    +-----------------------------------------+-------------------------------------+---------+-------+-----+-----+-----+
    |Total                                    |                                     |        0|      5| 1580| 2559|    0|
    +-----------------------------------------+-------------------------------------+---------+-------+-----+-----+-----+

    * DSP48E: 
    N/A

    * Memory: 
    +--------------+-----------------------------+---------+---+----+-----+------+-----+------+-------------+
    |    Memory    |            Module           | BRAM_18K| FF| LUT| URAM| Words| Bits| Banks| W*Bits*Banks|
    +--------------+-----------------------------+---------+---+----+-----+------+-----+------+-------------+
    |ConvW3_U      |conv_bn_act_pool_1_ConvW3    |       16|  0|   0|    0|  7168|   32|     1|       229376|
    |X_slice3_U    |conv_bn_act_pool_1_X_slice3  |       32|  0|   0|    0|  9408|   32|     1|       301056|
    |BN1_var3_U    |conv_bn_act_pool_4_BN1_var0  |        1|  0|   0|    0|    32|   32|     1|         1024|
    |BN1_gamma3_U  |conv_bn_act_pool_4_BN1_var0  |        1|  0|   0|    0|    32|   32|     1|         1024|
    +--------------+-----------------------------+---------+---+----+-----+------+-----+------+-------------+
    |Total         |                             |       50|  0|   0|    0| 16640|  128|     4|       532480|
    +--------------+-----------------------------+---------+---+----+-----+------+-----+------+-------------+

    * FIFO: 
    N/A

    * Expression: 
    +-----------------------+----------+-------+---+----+------------+------------+
    |     Variable Name     | Operation| DSP48E| FF| LUT| Bitwidth P0| Bitwidth P1|
    +-----------------------+----------+-------+---+----+------------+------------+
    |add_ln104_1_fu_750_p2  |     +    |      0|  0|  25|          18|          18|
    |add_ln104_8_fu_741_p2  |     +    |      0|  0|  21|          15|          15|
    |add_ln104_fu_720_p2    |     +    |      0|  0|  14|          10|          10|
    |add_ln105_4_fu_756_p2  |     +    |      0|  0|  14|          10|          10|
    |add_ln105_fu_764_p2    |     +    |      0|  0|  12|          12|          12|
    |add_ln74_fu_437_p2     |     +    |      0|  0|  15|           9|           9|
    |add_ln76_7_fu_500_p2   |     +    |      0|  0|  17|          13|          13|
    |add_ln76_fu_476_p2     |     +    |      0|  0|  19|          14|          14|
    |add_ln78_fu_451_p2     |     +    |      0|  0|  19|          14|          14|
    |add_ln84_fu_546_p2     |     +    |      0|  0|  23|          16|          16|
    |add_ln85_fu_574_p2     |     +    |      0|  0|  23|          16|          16|
    |c_9_fu_698_p2          |     +    |      0|  0|  15|           9|           1|
    |c_fu_558_p2            |     +    |      0|  0|  15|           9|           1|
    |e_fu_466_p2            |     +    |      0|  0|  15|           6|           1|
    |f_fu_411_p2            |     +    |      0|  0|  15|           6|           1|
    |k_fu_427_p2            |     +    |      0|  0|  12|           3|           1|
    |p_fu_714_p2            |     +    |      0|  0|  15|           5|           1|
    |t_5_fu_516_p2          |     +    |      0|  0|  15|           9|           1|
    |t_fu_387_p2            |     +    |      0|  0|  15|           9|           1|
    |u_fu_640_p2            |     +    |      0|  0|  13|           4|           1|
    |sub_ln104_fu_670_p2    |     -    |      0|  0|  14|          10|          10|
    |and_ln43_fu_620_p2     |    and   |      0|  0|   2|           1|           1|
    |icmp_ln101_fu_634_p2   |   icmp   |      0|  0|   9|           4|           4|
    |icmp_ln102_fu_692_p2   |   icmp   |      0|  0|  13|           9|           9|
    |icmp_ln104_fu_708_p2   |   icmp   |      0|  0|  11|           5|           5|
    |icmp_ln43_7_fu_608_p2  |   icmp   |      0|  0|  18|          23|           1|
    |icmp_ln43_fu_602_p2    |   icmp   |      0|  0|  11|           8|           2|
    |icmp_ln70_fu_381_p2    |   icmp   |      0|  0|  13|           9|           9|
    |icmp_ln71_fu_405_p2    |   icmp   |      0|  0|  11|           6|           7|
    |icmp_ln73_fu_421_p2    |   icmp   |      0|  0|   9|           3|           2|
    |icmp_ln76_fu_460_p2    |   icmp   |      0|  0|  11|           6|           7|
    |icmp_ln82_fu_510_p2    |   icmp   |      0|  0|  13|           9|           9|
    |icmp_ln84_fu_552_p2    |   icmp   |      0|  0|  13|           9|           9|
    |or_ln43_fu_614_p2      |    or    |      0|  0|   2|           1|           1|
    |select_ln43_fu_625_p3  |  select  |      0|  0|  32|           1|          32|
    +-----------------------+----------+-------+---+----+------------+------------+
    |Total                  |          |      0|  0| 514|         311|         264|
    +-----------------------+----------+-------+---+----+------------+------------+

    * Multiplexer: 
    +----------------+-----+-----------+-----+-----------+
    |      Name      | LUT | Input Size| Bits| Total Bits|
    +----------------+-----+-----------+-----+-----------+
    |Y_address0      |   21|          4|   15|         60|
    |Y_d0            |   15|          3|   32|         96|
    |acc1_0_reg_304  |    9|          2|   32|         64|
    |acc_0_reg_212   |    9|          2|   32|         64|
    |acc_1_reg_237   |    9|          2|   32|         64|
    |ap_NS_fsm       |  393|         90|    1|         90|
    |c_0_reg_271     |    9|          2|    9|         18|
    |c_1_reg_293     |    9|          2|    9|         18|
    |e_0_reg_249     |    9|          2|    6|         12|
    |f_0_reg_201     |    9|          2|    6|         12|
    |grp_fu_327_p0   |   27|          5|   32|        160|
    |grp_fu_327_p1   |   27|          5|   32|        160|
    |grp_fu_335_p0   |   15|          3|   32|         96|
    |grp_fu_335_p1   |   15|          3|   32|         96|
    |grp_fu_339_p0   |   15|          3|   32|         96|
    |grp_fu_339_p1   |   15|          3|   32|         96|
    |k_0_reg_225     |    9|          2|    3|          6|
    |p_0_reg_316     |    9|          2|    5|         10|
    |t_0_reg_189     |    9|          2|    9|         18|
    |t_1_reg_260     |    9|          2|    9|         18|
    |u_0_reg_282     |    9|          2|    4|          8|
    +----------------+-----+-----------+-----+-----------+
    |Total           |  651|        143|  396|       1262|
    +----------------+-----+-----------+-----+-----------+

    * Register: 
    +-------------------------+----+----+-----+-----------+
    |           Name          | FF | LUT| Bits| Const Bits|
    +-------------------------+----+----+-----+-----------+
    |BN1_gamma3_load_reg_894  |  32|   0|   32|          0|
    |BN1_var3_load_reg_889    |  32|   0|   32|          0|
    |ConvW3_load_reg_848      |  32|   0|   32|          0|
    |X_slice3_load_reg_843    |  32|   0|   32|          0|
    |Y_addr12_reg_874         |  15|   0|   15|          0|
    |acc1_0_reg_304           |  32|   0|   32|          0|
    |acc_0_reg_212            |  32|   0|   32|          0|
    |acc_1_reg_237            |  32|   0|   32|          0|
    |add_ln104_1_reg_958      |  18|   0|   18|          0|
    |add_ln105_reg_963        |  12|   0|   12|          0|
    |add_ln84_reg_861         |  11|   0|   16|          5|
    |ap_CS_fsm                |  89|   0|   89|          0|
    |c_0_reg_271              |   9|   0|    9|          0|
    |c_1_cast4_reg_932        |   9|   0|   10|          1|
    |c_1_cast_reg_937         |   9|   0|   15|          6|
    |c_1_reg_293              |   9|   0|    9|          0|
    |c_9_reg_945              |   9|   0|    9|          0|
    |c_reg_869                |   9|   0|    9|          0|
    |e_0_reg_249              |   6|   0|    6|          0|
    |e_reg_828                |   6|   0|    6|          0|
    |f_0_reg_201              |   6|   0|    6|          0|
    |f_reg_802                |   6|   0|    6|          0|
    |k_0_reg_225              |   3|   0|    3|          0|
    |k_reg_815                |   3|   0|    3|          0|
    |p_0_reg_316              |   5|   0|    5|          0|
    |p_reg_953                |   5|   0|    5|          0|
    |reg_355                  |  32|   0|   32|          0|
    |reg_361                  |  32|   0|   32|          0|
    |reg_369                  |  32|   0|   32|          0|
    |reg_375                  |  32|   0|   32|          0|
    |shl_ln10_reg_927         |   4|   0|   12|          8|
    |shl_ln11_reg_820         |   9|   0|   14|          5|
    |shl_ln_reg_789           |   9|   0|   14|          5|
    |sub_ln104_reg_922        |   7|   0|   10|          3|
    |t_0_reg_189              |   9|   0|    9|          0|
    |t_1_reg_260              |   9|   0|    9|          0|
    |t_5_reg_856              |   9|   0|    9|          0|
    |t_reg_784                |   9|   0|    9|          0|
    |tmp_15_reg_904           |   1|   0|    1|          0|
    |tmp_55_reg_899           |  32|   0|   32|          0|
    |u_0_reg_282              |   4|   0|    4|          0|
    |u_reg_912                |   4|   0|    4|          0|
    |zext_ln104_6_reg_917     |   4|   0|   10|          6|
    |zext_ln71_reg_794        |   6|   0|   14|          8|
    |zext_ln73_reg_807        |   6|   0|   13|          7|
    +-------------------------+----+----+-----+-----------+
    |Total                    | 713|   0|  767|         54|
    +-------------------------+----+----+-----+-----------+



================================================================
== Interface
================================================================
* Summary: 
+------------+-----+-----+------------+--------------------+--------------+
|  RTL Ports | Dir | Bits|  Protocol  |    Source Object   |    C Type    |
+------------+-----+-----+------------+--------------------+--------------+
|ap_clk      |  in |    1| ap_ctrl_hs | conv_bn_act_pool.1 | return value |
|ap_rst      |  in |    1| ap_ctrl_hs | conv_bn_act_pool.1 | return value |
|ap_start    |  in |    1| ap_ctrl_hs | conv_bn_act_pool.1 | return value |
|ap_done     | out |    1| ap_ctrl_hs | conv_bn_act_pool.1 | return value |
|ap_idle     | out |    1| ap_ctrl_hs | conv_bn_act_pool.1 | return value |
|ap_ready    | out |    1| ap_ctrl_hs | conv_bn_act_pool.1 | return value |
|Y_address0  | out |   15|  ap_memory |          Y         |     array    |
|Y_ce0       | out |    1|  ap_memory |          Y         |     array    |
|Y_we0       | out |    1|  ap_memory |          Y         |     array    |
|Y_d0        | out |   32|  ap_memory |          Y         |     array    |
|Y_q0        |  in |   32|  ap_memory |          Y         |     array    |
|U_address0  | out |    9|  ap_memory |          U         |     array    |
|U_ce0       | out |    1|  ap_memory |          U         |     array    |
|U_we0       | out |    1|  ap_memory |          U         |     array    |
|U_d0        | out |   32|  ap_memory |          U         |     array    |
+------------+-----+-----+------------+--------------------+--------------+

