

================================================================
== Vivado HLS Report for 'conv_bn_act_pool_2'
================================================================
* Date:           Wed Sep  3 17:58:51 2025

* Version:        2019.1 (Build 2552052 on Fri May 24 15:28:33 MDT 2019)
* Project:        BranchPredictionAI
* Solution:       solution1
* Product family: zynq
* Target device:  xc7z020-clg484-1


================================================================
== Performance Estimates
================================================================
+ Timing (ns): 
    * Summary: 
    +--------+-------+----------+------------+
    |  Clock | Target| Estimated| Uncertainty|
    +--------+-------+----------+------------+
    |ap_clk  |  10.00|     8.129|        1.25|
    +--------+-------+----------+------------+

+ Latency (clock cycles): 
    * Summary: 
    +----------+----------+----------+----------+---------+
    |       Latency       |       Interval      | Pipeline|
    |    min   |    max   |    min   |    max   |   Type  |
    +----------+----------+----------+----------+---------+
    |  12640647|  12640647|  12640647|  12640647|   none  |
    +----------+----------+----------+----------+---------+

    + Detail: 
        * Instance: 
        N/A

        * Loop: 
        +---------------------+----------+----------+----------+-----------+-----------+------+----------+
        |                     |       Latency       | Iteration|  Initiation Interval  | Trip |          |
        |      Loop Name      |    min   |    max   |  Latency |  achieved |   target  | Count| Pipelined|
        +---------------------+----------+----------+----------+-----------+-----------+------+----------+
        |- Loop 1             |  11428128|  11428128|     79362|          -|          -|   144|    no    |
        | + Loop 1.1          |     79360|     79360|      2480|          -|          -|    32|    no    |
        |  ++ Loop 1.1.1      |      2478|      2478|       354|          -|          -|     7|    no    |
        |   +++ Loop 1.1.1.1  |       352|       352|        11|          -|          -|    32|    no    |
        |- Loop 2             |   1015500|   1015500|      6770|          -|          -|   150|    no    |
        | + Loop 2.1          |      6768|      6768|        47|          -|          -|   144|    no    |
        |- Loop 3             |    197016|    197016|     16418|          -|          -|    12|    no    |
        | + Loop 3.1          |     16416|     16416|       114|          -|          -|   144|    no    |
        |  ++ Loop 3.1.1      |        96|        96|         8|          -|          -|    12|    no    |
        +---------------------+----------+----------+----------+-----------+-----------+------+----------+



================================================================
== Utilization Estimates
================================================================
* Summary: 
+-----------------+---------+-------+--------+-------+-----+
|       Name      | BRAM_18K| DSP48E|   FF   |  LUT  | URAM|
+-----------------+---------+-------+--------+-------+-----+
|DSP              |        -|      -|       -|      -|    -|
|Expression       |        -|      -|       0|    492|    -|
|FIFO             |        -|      -|       -|      -|    -|
|Instance         |        -|      5|    1580|   2559|    -|
|Memory           |       34|      -|       0|      0|    -|
|Multiplexer      |        -|      -|       -|    657|    -|
|Register         |        -|      -|     705|      -|    -|
+-----------------+---------+-------+--------+-------+-----+
|Total            |       34|      5|    2285|   3708|    0|
+-----------------+---------+-------+--------+-------+-----+
|Available        |      280|    220|  106400|  53200|    0|
+-----------------+---------+-------+--------+-------+-----+
|Utilization (%)  |       12|      2|       2|      6|    0|
+-----------------+---------+-------+--------+-------+-----+

+ Detail: 
    * Instance: 
    +-----------------------------------------+-------------------------------------+---------+-------+-----+-----+-----+
    |                 Instance                |                Module               | BRAM_18K| DSP48E|  FF | LUT | URAM|
    +-----------------------------------------+-------------------------------------+---------+-------+-----+-----+-----+
    |main_fadd_32ns_32ns_32_5_full_dsp_1_U67  |main_fadd_32ns_32ns_32_5_full_dsp_1  |        0|      2|  205|  390|    0|
    |main_fcmp_32ns_32ns_1_2_1_U70            |main_fcmp_32ns_32ns_1_2_1            |        0|      0|   66|  239|    0|
    |main_fdiv_32ns_32ns_32_16_1_U69          |main_fdiv_32ns_32ns_32_16_1          |        0|      0|  761|  994|    0|
    |main_fmul_32ns_32ns_32_4_max_dsp_1_U68   |main_fmul_32ns_32ns_32_4_max_dsp_1   |        0|      3|  143|  321|    0|
    |main_fsqrt_32ns_32ns_32_12_1_U71         |main_fsqrt_32ns_32ns_32_12_1         |        0|      0|  405|  615|    0|
    +-----------------------------------------+-------------------------------------+---------+-------+-----+-----+-----+
    |Total                                    |                                     |        0|      5| 1580| 2559|    0|
    +-----------------------------------------+-------------------------------------+---------+-------+-----+-----+-----+

    * DSP48E: 
    N/A

    * Memory: 
    +--------------+-----------------------------+---------+---+----+-----+------+-----+------+-------------+
    |    Memory    |            Module           | BRAM_18K| FF| LUT| URAM| Words| Bits| Banks| W*Bits*Banks|
    +--------------+-----------------------------+---------+---+----+-----+------+-----+------+-------------+
    |ConvW2_U      |conv_bn_act_pool_2_ConvW2    |       16|  0|   0|    0|  7168|   32|     1|       229376|
    |X_slice2_U    |conv_bn_act_pool_2_X_slice2  |       16|  0|   0|    0|  4800|   32|     1|       153600|
    |BN1_var2_U    |conv_bn_act_pool_4_BN1_var0  |        1|  0|   0|    0|    32|   32|     1|         1024|
    |BN1_gamma2_U  |conv_bn_act_pool_4_BN1_var0  |        1|  0|   0|    0|    32|   32|     1|         1024|
    +--------------+-----------------------------+---------+---+----+-----+------+-----+------+-------------+
    |Total         |                             |       34|  0|   0|    0| 12032|  128|     4|       385024|
    +--------------+-----------------------------+---------+---+----+-----+------+-----+------+-------------+

    * FIFO: 
    N/A

    * Expression: 
    +-----------------------+----------+-------+---+----+------------+------------+
    |     Variable Name     | Operation| DSP48E| FF| LUT| Bitwidth P0| Bitwidth P1|
    +-----------------------+----------+-------+---+----+------------+------------+
    |add_ln104_1_fu_740_p2  |     +    |      0|  0|  23|          16|          16|
    |add_ln104_6_fu_731_p2  |     +    |      0|  0|  17|          13|          13|
    |add_ln104_fu_710_p2    |     +    |      0|  0|  15|           9|           9|
    |add_ln105_3_fu_746_p2  |     +    |      0|  0|  15|           9|           9|
    |add_ln105_fu_754_p2    |     +    |      0|  0|  13|          11|          11|
    |add_ln74_fu_432_p2     |     +    |      0|  0|  15|           8|           8|
    |add_ln76_5_fu_495_p2   |     +    |      0|  0|  17|          13|          13|
    |add_ln76_fu_471_p2     |     +    |      0|  0|  17|          13|          13|
    |add_ln78_fu_446_p2     |     +    |      0|  0|  17|          13|          13|
    |add_ln83_fu_537_p2     |     +    |      0|  0|  21|          15|          15|
    |add_ln85_fu_565_p2     |     +    |      0|  0|  21|          15|          15|
    |c_8_fu_688_p2          |     +    |      0|  0|  15|           8|           1|
    |c_fu_549_p2            |     +    |      0|  0|  15|           8|           1|
    |e_fu_461_p2            |     +    |      0|  0|  15|           6|           1|
    |f_fu_410_p2            |     +    |      0|  0|  15|           6|           1|
    |k_fu_422_p2            |     +    |      0|  0|  12|           3|           1|
    |p_fu_704_p2            |     +    |      0|  0|  13|           4|           1|
    |t_4_fu_511_p2          |     +    |      0|  0|  15|           8|           1|
    |t_fu_386_p2            |     +    |      0|  0|  15|           8|           1|
    |u_fu_630_p2            |     +    |      0|  0|  13|           4|           1|
    |sub_ln104_fu_660_p2    |     -    |      0|  0|  15|           9|           9|
    |and_ln43_fu_610_p2     |    and   |      0|  0|   2|           1|           1|
    |icmp_ln101_fu_624_p2   |   icmp   |      0|  0|   9|           4|           4|
    |icmp_ln102_fu_682_p2   |   icmp   |      0|  0|  11|           8|           8|
    |icmp_ln104_fu_698_p2   |   icmp   |      0|  0|   9|           4|           4|
    |icmp_ln43_6_fu_598_p2  |   icmp   |      0|  0|  18|          23|           1|
    |icmp_ln43_fu_592_p2    |   icmp   |      0|  0|  11|           8|           2|
    |icmp_ln70_fu_380_p2    |   icmp   |      0|  0|  11|           8|           8|
    |icmp_ln71_fu_404_p2    |   icmp   |      0|  0|  11|           6|           7|
    |icmp_ln73_fu_416_p2    |   icmp   |      0|  0|   9|           3|           2|
    |icmp_ln76_fu_455_p2    |   icmp   |      0|  0|  11|           6|           7|
    |icmp_ln82_fu_505_p2    |   icmp   |      0|  0|  11|           8|           8|
    |icmp_ln84_fu_543_p2    |   icmp   |      0|  0|  11|           8|           8|
    |or_ln43_fu_604_p2      |    or    |      0|  0|   2|           1|           1|
    |select_ln43_fu_615_p3  |  select  |      0|  0|  32|           1|          32|
    +-----------------------+----------+-------+---+----+------------+------------+
    |Total                  |          |      0|  0| 492|         288|         246|
    +-----------------------+----------+-------+---+----+------------+------------+

    * Multiplexer: 
    +----------------+-----+-----------+-----+-----------+
    |      Name      | LUT | Input Size| Bits| Total Bits|
    +----------------+-----+-----------+-----+-----------+
    |Y_address0      |   27|          5|   15|         75|
    |Y_d0            |   15|          3|   32|         96|
    |acc1_0_reg_303  |    9|          2|   32|         64|
    |acc_0_reg_211   |    9|          2|   32|         64|
    |acc_1_reg_236   |    9|          2|   32|         64|
    |ap_NS_fsm       |  393|         90|    1|         90|
    |c_0_reg_270     |    9|          2|    8|         16|
    |c_1_reg_292     |    9|          2|    8|         16|
    |e_0_reg_248     |    9|          2|    6|         12|
    |f_0_reg_200     |    9|          2|    6|         12|
    |grp_fu_326_p0   |   27|          5|   32|        160|
    |grp_fu_326_p1   |   27|          5|   32|        160|
    |grp_fu_334_p0   |   15|          3|   32|         96|
    |grp_fu_334_p1   |   15|          3|   32|         96|
    |grp_fu_338_p0   |   15|          3|   32|         96|
    |grp_fu_338_p1   |   15|          3|   32|         96|
    |k_0_reg_224     |    9|          2|    3|          6|
    |p_0_reg_315     |    9|          2|    4|          8|
    |t_0_reg_188     |    9|          2|    8|         16|
    |t_1_reg_259     |    9|          2|    8|         16|
    |u_0_reg_281     |    9|          2|    4|          8|
    +----------------+-----+-----------+-----+-----------+
    |Total           |  657|        144|  391|       1267|
    +----------------+-----+-----------+-----+-----------+

    * Register: 
    +-------------------------+----+----+-----+-----------+
    |           Name          | FF | LUT| Bits| Const Bits|
    +-------------------------+----+----+-----+-----------+
    |BN1_gamma2_load_reg_880  |  32|   0|   32|          0|
    |BN1_var2_load_reg_875    |  32|   0|   32|          0|
    |ConvW2_load_reg_834      |  32|   0|   32|          0|
    |X_slice2_load_reg_829    |  32|   0|   32|          0|
    |Y_addr12_reg_885         |  15|   0|   15|          0|
    |acc1_0_reg_303           |  32|   0|   32|          0|
    |acc_0_reg_211            |  32|   0|   32|          0|
    |acc_1_reg_236            |  32|   0|   32|          0|
    |add_ln104_1_reg_949      |  16|   0|   16|          0|
    |add_ln105_reg_954        |  11|   0|   11|          0|
    |add_ln83_reg_847         |  11|   0|   15|          4|
    |add_ln85_reg_860         |  15|   0|   15|          0|
    |ap_CS_fsm                |  89|   0|   89|          0|
    |c_0_reg_270              |   8|   0|    8|          0|
    |c_1_cast4_reg_923        |   8|   0|    9|          1|
    |c_1_cast_reg_928         |   8|   0|   13|          5|
    |c_1_reg_292              |   8|   0|    8|          0|
    |c_8_reg_936              |   8|   0|    8|          0|
    |c_reg_855                |   8|   0|    8|          0|
    |e_0_reg_248              |   6|   0|    6|          0|
    |e_reg_814                |   6|   0|    6|          0|
    |f_0_reg_200              |   6|   0|    6|          0|
    |f_reg_793                |   6|   0|    6|          0|
    |k_0_reg_224              |   3|   0|    3|          0|
    |k_reg_801                |   3|   0|    3|          0|
    |p_0_reg_315              |   4|   0|    4|          0|
    |p_reg_944                |   4|   0|    4|          0|
    |reg_354                  |  32|   0|   32|          0|
    |reg_360                  |  32|   0|   32|          0|
    |reg_368                  |  32|   0|   32|          0|
    |reg_374                  |  32|   0|   32|          0|
    |shl_ln5_reg_918          |   4|   0|   11|          7|
    |shl_ln6_reg_806          |   8|   0|   13|          5|
    |shl_ln_reg_779           |   8|   0|   13|          5|
    |sub_ln104_reg_913        |   7|   0|    9|          2|
    |t_0_reg_188              |   8|   0|    8|          0|
    |t_1_reg_259              |   8|   0|    8|          0|
    |t_4_reg_842              |   8|   0|    8|          0|
    |t_reg_774                |   8|   0|    8|          0|
    |tmp_13_reg_895           |   1|   0|    1|          0|
    |tmp_51_reg_890           |  32|   0|   32|          0|
    |u_0_reg_281              |   4|   0|    4|          0|
    |u_reg_903                |   4|   0|    4|          0|
    |zext_ln104_4_reg_908     |   4|   0|    9|          5|
    |zext_ln71_reg_784        |   6|   0|   13|          7|
    +-------------------------+----+----+-----+-----------+
    |Total                    | 705|   0|  746|         41|
    +-------------------------+----+----+-----+-----------+



================================================================
== Interface
================================================================
* Summary: 
+------------+-----+-----+------------+--------------------+--------------+
|  RTL Ports | Dir | Bits|  Protocol  |    Source Object   |    C Type    |
+------------+-----+-----+------------+--------------------+--------------+
|ap_clk      |  in |    1| ap_ctrl_hs | conv_bn_act_pool.2 | return value |
|ap_rst      |  in |    1| ap_ctrl_hs | conv_bn_act_pool.2 | return value |
|ap_start    |  in |    1| ap_ctrl_hs | conv_bn_act_pool.2 | return value |
|ap_done     | out |    1| ap_ctrl_hs | conv_bn_act_pool.2 | return value |
|ap_idle     | out |    1| ap_ctrl_hs | conv_bn_act_pool.2 | return value |
|ap_ready    | out |    1| ap_ctrl_hs | conv_bn_act_pool.2 | return value |
|Y_address0  | out |   15|  ap_memory |          Y         |     array    |
|Y_ce0       | out |    1|  ap_memory |          Y         |     array    |
|Y_we0       | out |    1|  ap_memory |          Y         |     array    |
|Y_d0        | out |   32|  ap_memory |          Y         |     array    |
|Y_q0        |  in |   32|  ap_memory |          Y         |     array    |
|U_address0  | out |    9|  ap_memory |          U         |     array    |
|U_ce0       | out |    1|  ap_memory |          U         |     array    |
|U_we0       | out |    1|  ap_memory |          U         |     array    |
|U_d0        | out |   32|  ap_memory |          U         |     array    |
+------------+-----+-----+------------+--------------------+--------------+

