

================================================================
== Vivado HLS Report for 'embedding_forward_dy'
================================================================
* Date:           Fri Sep  5 18:20:57 2025

* Version:        2019.1 (Build 2552052 on Fri May 24 15:28:33 MDT 2019)
* Project:        BranchPredictionAI
* Solution:       solution1
* Product family: zynq
* Target device:  xc7z020-clg484-1


================================================================
== Performance Estimates
================================================================
+ Timing (ns): 
    * Summary: 
    +--------+-------+----------+------------+
    |  Clock | Target| Estimated| Uncertainty|
    +--------+-------+----------+------------+
    |ap_clk  |  10.00|     5.199|        1.25|
    +--------+-------+----------+------------+

+ Latency (clock cycles): 
    * Summary: 
    +-------+-------+-------+-------+---------+
    |    Latency    |    Interval   | Pipeline|
    |  min  |  max  |  min  |  max  |   Type  |
    +-------+-------+-------+-------+---------+
    |  57619|  57619|  57619|  57619|   none  |
    +-------+-------+-------+-------+---------+

    + Detail: 
        * Instance: 
        N/A

        * Loop: 
        +-----------------+-------+-------+----------+-----------+-----------+------+----------+
        |                 |    Latency    | Iteration|  Initiation Interval  | Trip |          |
        |    Loop Name    |  min  |  max  |  Latency |  achieved |   target  | Count| Pipelined|
        +-----------------+-------+-------+----------+-----------+-----------+------+----------+
        |- EmbOuterLoop   |  57618|  57618|        99|          -|          -|   582|    no    |
        | + EmbInnerLoop  |     96|     96|         3|          -|          -|    32|    no    |
        +-----------------+-------+-------+----------+-----------+-----------+------+----------+



================================================================
== Utilization Estimates
================================================================
* Summary: 
+-----------------+---------+-------+--------+-------+-----+
|       Name      | BRAM_18K| DSP48E|   FF   |  LUT  | URAM|
+-----------------+---------+-------+--------+-------+-----+
|DSP              |        -|      -|       -|      -|    -|
|Expression       |        -|      -|       0|    111|    -|
|FIFO             |        -|      -|       -|      -|    -|
|Instance         |        -|      -|       -|      -|    -|
|Memory           |       20|      -|       0|      0|    -|
|Multiplexer      |        -|      -|       -|    149|    -|
|Register         |        -|      -|      90|      -|    -|
+-----------------+---------+-------+--------+-------+-----+
|Total            |       20|      0|      90|    260|    0|
+-----------------+---------+-------+--------+-------+-----+
|Available        |      280|    220|  106400|  53200|    0|
+-----------------+---------+-------+--------+-------+-----+
|Utilization (%)  |        7|      0|   ~0   |   ~0  |    0|
+-----------------+---------+-------+--------+-------+-----+

+ Detail: 
    * Instance: 
    N/A

    * DSP48E: 
    N/A

    * Memory: 
    +-----------+------------------------------+---------+---+----+-----+------+-----+------+-------------+
    |   Memory  |            Module            | BRAM_18K| FF| LUT| URAM| Words| Bits| Banks| W*Bits*Banks|
    +-----------+------------------------------+---------+---+----+-----+------+-----+------+-------------+
    |Emb4_0_U   |embedding_forward_dy_Emb4_0   |        1|  0|   0|    0|  1024|   16|     1|        16384|
    |Emb4_1_U   |embedding_forward_dy_Emb4_1   |        1|  0|   0|    0|  1024|   16|     1|        16384|
    |Emb4_10_U  |embedding_forward_dy_Emb4_10  |        1|  0|   0|    0|  1024|   16|     1|        16384|
    |Emb4_11_U  |embedding_forward_dy_Emb4_11  |        1|  0|   0|    0|  1024|   16|     1|        16384|
    |Emb4_12_U  |embedding_forward_dy_Emb4_12  |        1|  0|   0|    0|  1024|   16|     1|        16384|
    |Emb4_13_U  |embedding_forward_dy_Emb4_13  |        1|  0|   0|    0|  1024|   16|     1|        16384|
    |Emb4_14_U  |embedding_forward_dy_Emb4_14  |        1|  0|   0|    0|  1024|   16|     1|        16384|
    |Emb4_15_U  |embedding_forward_dy_Emb4_15  |        1|  0|   0|    0|  1024|   16|     1|        16384|
    |Emb4_16_U  |embedding_forward_dy_Emb4_16  |        1|  0|   0|    0|  1024|   16|     1|        16384|
    |Emb4_17_U  |embedding_forward_dy_Emb4_17  |        1|  0|   0|    0|  1024|   16|     1|        16384|
    |Emb4_18_U  |embedding_forward_dy_Emb4_18  |        1|  0|   0|    0|  1024|   16|     1|        16384|
    |Emb4_2_U   |embedding_forward_dy_Emb4_2   |        1|  0|   0|    0|  1024|   16|     1|        16384|
    |Emb4_3_U   |embedding_forward_dy_Emb4_3   |        1|  0|   0|    0|  1024|   16|     1|        16384|
    |Emb4_4_U   |embedding_forward_dy_Emb4_4   |        1|  0|   0|    0|  1024|   16|     1|        16384|
    |Emb4_5_U   |embedding_forward_dy_Emb4_5   |        1|  0|   0|    0|  1024|   16|     1|        16384|
    |Emb4_6_U   |embedding_forward_dy_Emb4_6   |        1|  0|   0|    0|  1024|   16|     1|        16384|
    |Emb4_7_U   |embedding_forward_dy_Emb4_7   |        1|  0|   0|    0|  1024|   16|     1|        16384|
    |Emb4_8_U   |embedding_forward_dy_Emb4_8   |        1|  0|   0|    0|  1024|   16|     1|        16384|
    |Emb4_9_U   |embedding_forward_dy_Emb4_9   |        1|  0|   0|    0|  1024|   16|     1|        16384|
    |tokens4_U  |embedding_forward_dy_tokens4  |        1|  0|   0|    0|   582|   10|     1|         5820|
    +-----------+------------------------------+---------+---+----+-----+------+-----+------+-------------+
    |Total      |                              |       20|  0|   0|    0| 20038|  314|    20|       317116|
    +-----------+------------------------------+---------+---+----+-----+------+-----+------+-------------+

    * FIFO: 
    N/A

    * Expression: 
    +----------------------+----------+-------+---+----+------------+------------+
    |     Variable Name    | Operation| DSP48E| FF| LUT| Bitwidth P0| Bitwidth P1|
    +----------------------+----------+-------+---+----+------------+------------+
    |add_ln68_1_fu_560_p2  |     +    |      0|  0|  21|          15|          15|
    |add_ln68_2_fu_532_p2  |     +    |      0|  0|  14|          10|          10|
    |add_ln68_fu_517_p2    |     +    |      0|  0|  21|          15|          15|
    |e_fu_503_p2           |     +    |      0|  0|  15|           6|           1|
    |t_fu_464_p2           |     +    |      0|  0|  14|          10|           1|
    |icmp_ln61_fu_458_p2   |   icmp   |      0|  0|  13|          10|          10|
    |icmp_ln67_fu_497_p2   |   icmp   |      0|  0|  11|           6|           7|
    |ap_condition_367      |    or    |      0|  0|   2|           1|           1|
    +----------------------+----------+-------+---+----+------------+------------+
    |Total                 |          |      0|  0| 111|          73|          60|
    +----------------------+----------+-------+---+----+------------+------------+

    * Multiplexer: 
    +------------------+----+-----------+-----+-----------+
    |       Name       | LUT| Input Size| Bits| Total Bits|
    +------------------+----+-----------+-----+-----------+
    |ap_NS_fsm         |  38|          7|    1|          7|
    |e_0_reg_403       |   9|          2|    6|         12|
    |phi_ln68_reg_414  |  93|         19|   16|        304|
    |t_0_reg_391       |   9|          2|   10|         20|
    +------------------+----+-----------+-----+-----------+
    |Total             | 149|         30|   33|        343|
    +------------------+----+-----------+-----+-----------+

    * Register: 
    +-------------------+----+----+-----+-----------+
    |        Name       | FF | LUT| Bits| Const Bits|
    +-------------------+----+----+-----+-----------+
    |ap_CS_fsm          |   6|   0|    6|          0|
    |e_0_reg_403        |   6|   0|    6|          0|
    |e_reg_600          |   6|   0|    6|          0|
    |phi_ln68_reg_414   |  16|   0|   16|          0|
    |shl_ln3_reg_587    |  10|   0|   15|          5|
    |shl_ln68_reg_592   |   5|   0|   10|          5|
    |shl_ln_reg_582     |  10|   0|   15|          5|
    |t_0_reg_391        |  10|   0|   10|          0|
    |t_reg_572          |  10|   0|   10|          0|
    |tmp_7_reg_610      |   5|   0|    5|          0|
    |zext_ln68_reg_605  |   6|   0|   15|          9|
    +-------------------+----+----+-----+-----------+
    |Total              |  90|   0|  114|         24|
    +-------------------+----+----+-----+-----------+



================================================================
== Interface
================================================================
* Summary: 
+------------+-----+-----+------------+----------------------+--------------+
|  RTL Ports | Dir | Bits|  Protocol  |     Source Object    |    C Type    |
+------------+-----+-----+------------+----------------------+--------------+
|ap_clk      |  in |    1| ap_ctrl_hs | embedding_forward_dy | return value |
|ap_rst      |  in |    1| ap_ctrl_hs | embedding_forward_dy | return value |
|ap_start    |  in |    1| ap_ctrl_hs | embedding_forward_dy | return value |
|ap_done     | out |    1| ap_ctrl_hs | embedding_forward_dy | return value |
|ap_idle     | out |    1| ap_ctrl_hs | embedding_forward_dy | return value |
|ap_ready    | out |    1| ap_ctrl_hs | embedding_forward_dy | return value |
|X_address0  | out |   15|  ap_memory |           X          |     array    |
|X_ce0       | out |    1|  ap_memory |           X          |     array    |
|X_we0       | out |    1|  ap_memory |           X          |     array    |
|X_d0        | out |   16|  ap_memory |           X          |     array    |
+------------+-----+-----+------------+----------------------+--------------+

