

================================================================
== Vivado HLS Report for 'lstm_forward_unidir'
================================================================
* Date:           Thu Sep  4 15:40:41 2025

* Version:        2019.1 (Build 2552052 on Fri May 24 15:28:33 MDT 2019)
* Project:        BranchPredictionAI
* Solution:       solution1
* Product family: zynq
* Target device:  xc7z020-clg484-1


================================================================
== Performance Estimates
================================================================
+ Timing (ns): 
    * Summary: 
    +--------+-------+----------+------------+
    |  Clock | Target| Estimated| Uncertainty|
    +--------+-------+----------+------------+
    |ap_clk  |  10.00|     8.440|        1.25|
    +--------+-------+----------+------------+

+ Latency (clock cycles): 
    * Summary: 
    +---------+---------+---------+---------+---------+
    |      Latency      |      Interval     | Pipeline|
    |   min   |   max   |   min   |   max   |   Type  |
    +---------+---------+---------+---------+---------+
    |  1205470|  1205470|  1205470|  1205470|   none  |
    +---------+---------+---------+---------+---------+

    + Detail: 
        * Instance: 
        N/A

        * Loop: 
        +-----------------+---------+---------+----------+-----------+-----------+------+----------+
        |                 |      Latency      | Iteration|  Initiation Interval  | Trip |          |
        |    Loop Name    |   min   |   max   |  Latency |  achieved |   target  | Count| Pipelined|
        +-----------------+---------+---------+----------+-----------+-----------+------+----------+
        |- Loop 1         |       32|       32|         1|          -|          -|    32|    no    |
        |- Loop 2         |  1205436|  1205436|    100453|          -|          -|    12|    no    |
        | + Loop 2.1      |      128|      128|         1|          -|          -|   128|    no    |
        | + Loop 2.2      |    49248|    49248|      1539|          -|          -|    32|    no    |
        |  ++ Loop 2.2.1  |     1536|     1536|        12|          -|          -|   128|    no    |
        | + Loop 2.3      |    49248|    49248|      1539|          -|          -|    32|    no    |
        |  ++ Loop 2.3.1  |     1536|     1536|        12|          -|          -|   128|    no    |
        | + Loop 2.4      |     1824|     1824|        57|          -|          -|    32|    no    |
        +-----------------+---------+---------+----------+-----------+-----------+------+----------+



================================================================
== Utilization Estimates
================================================================
* Summary: 
+-----------------+---------+-------+--------+-------+-----+
|       Name      | BRAM_18K| DSP48E|   FF   |  LUT  | URAM|
+-----------------+---------+-------+--------+-------+-----+
|DSP              |        -|      -|       -|      -|    -|
|Expression       |        -|      -|       0|    332|    -|
|FIFO             |        -|      -|       -|      -|    -|
|Instance         |        -|     28|    3295|   5295|    -|
|Memory           |        1|      -|      32|      8|    0|
|Multiplexer      |        -|      -|       -|    738|    -|
|Register         |        -|      -|     778|      -|    -|
+-----------------+---------+-------+--------+-------+-----+
|Total            |        1|     28|    4105|   6373|    0|
+-----------------+---------+-------+--------+-------+-----+
|Available        |      280|    220|  106400|  53200|    0|
+-----------------+---------+-------+--------+-------+-----+
|Utilization (%)  |    ~0   |     12|       3|     11|    0|
+-----------------+---------+-------+--------+-------+-----+

+ Detail: 
    * Instance: 
    +-----------------------------------------+-------------------------------------+---------+-------+-----+-----+-----+
    |                 Instance                |                Module               | BRAM_18K| DSP48E|  FF | LUT | URAM|
    +-----------------------------------------+-------------------------------------+---------+-------+-----+-----+-----+
    |main_fadd_32ns_32ns_32_5_full_dsp_1_U25  |main_fadd_32ns_32ns_32_5_full_dsp_1  |        0|      2|  205|  390|    0|
    |main_fadd_32ns_32ns_32_5_full_dsp_1_U26  |main_fadd_32ns_32ns_32_5_full_dsp_1  |        0|      2|  205|  390|    0|
    |main_fdiv_32ns_32ns_32_16_1_U27          |main_fdiv_32ns_32ns_32_16_1          |        0|      0|  761|  994|    0|
    |main_fdiv_32ns_32ns_32_16_1_U28          |main_fdiv_32ns_32ns_32_16_1          |        0|      0|  761|  994|    0|
    |main_fexp_32ns_32ns_32_9_full_dsp_1_U29  |main_fexp_32ns_32ns_32_9_full_dsp_1  |        0|      7|  277|  924|    0|
    |main_fexp_32ns_32ns_32_9_full_dsp_1_U30  |main_fexp_32ns_32ns_32_9_full_dsp_1  |        0|      7|  277|  924|    0|
    |main_hadd_16ns_16ns_16_5_full_dsp_1_U35  |main_hadd_16ns_16ns_16_5_full_dsp_1  |        0|      2|  109|  116|    0|
    |main_hcmp_16ns_16ns_1_2_1_U40            |main_hcmp_16ns_16ns_1_2_1            |        0|      0|   34|   27|    0|
    |main_hcmp_16ns_16ns_1_2_1_U41            |main_hcmp_16ns_16ns_1_2_1            |        0|      0|   34|   27|    0|
    |main_hmul_16ns_16ns_16_4_max_dsp_1_U38   |main_hmul_16ns_16ns_16_4_max_dsp_1   |        0|      2|   91|   36|    0|
    |main_hmul_16ns_16ns_16_4_max_dsp_1_U39   |main_hmul_16ns_16ns_16_4_max_dsp_1   |        0|      2|   91|   36|    0|
    |main_hptosp_16ns_32_2_1_U33              |main_hptosp_16ns_32_2_1              |        0|      0|   52|    9|    0|
    |main_hptosp_16ns_32_2_1_U34              |main_hptosp_16ns_32_2_1              |        0|      0|   52|    9|    0|
    |main_hsub_16ns_16ns_16_5_full_dsp_1_U36  |main_hsub_16ns_16ns_16_5_full_dsp_1  |        0|      2|  109|  116|    0|
    |main_hsub_16ns_16ns_16_5_full_dsp_1_U37  |main_hsub_16ns_16ns_16_5_full_dsp_1  |        0|      2|  109|  116|    0|
    |main_mux_1287_16_1_1_U42                 |main_mux_1287_16_1_1                 |        0|      0|    0|  145|    0|
    |main_sptohp_32ns_16_2_1_U31              |main_sptohp_32ns_16_2_1              |        0|      0|   64|   21|    0|
    |main_sptohp_32ns_16_2_1_U32              |main_sptohp_32ns_16_2_1              |        0|      0|   64|   21|    0|
    +-----------------------------------------+-------------------------------------+---------+-------+-----+-----+-----+
    |Total                                    |                                     |        0|     28| 3295| 5295|    0|
    +-----------------------------------------+-------------------------------------+---------+-------+-----+-----+-----+

    * DSP48E: 
    N/A

    * Memory: 
    +-----------+-----------------------------+---------+----+----+-----+------+-----+------+-------------+
    |   Memory  |            Module           | BRAM_18K| FF | LUT| URAM| Words| Bits| Banks| W*Bits*Banks|
    +-----------+-----------------------------+---------+----+----+-----+------+-----+------+-------------+
    |c_slice_U  |lstm_forward_unidir_c_slice  |        0|  32|   8|    0|    32|   16|     1|          512|
    |z_U        |lstm_forward_unidir_z        |        1|   0|   0|    0|   128|   16|     1|         2048|
    +-----------+-----------------------------+---------+----+----+-----+------+-----+------+-------------+
    |Total      |                             |        1|  32|   8|    0|   160|   32|     2|         2560|
    +-----------+-----------------------------+---------+----+----+-----+------+-----+------+-------------+

    * FIFO: 
    N/A

    * Expression: 
    +--------------------------+----------+-------+---+----+------------+------------+
    |       Variable Name      | Operation| DSP48E| FF| LUT| Bitwidth P0| Bitwidth P1|
    +--------------------------+----------+-------+---+----+------------+------------+
    |add_ln134_fu_771_p2       |     +    |      0|  0|  15|           9|           9|
    |add_ln136_fu_813_p2       |     +    |      0|  0|  12|          12|          12|
    |add_ln142_fu_872_p2       |     +    |      0|  0|  12|          12|          12|
    |d_fu_761_p2               |     +    |      0|  0|  15|           6|           1|
    |g_1_fu_798_p2             |     +    |      0|  0|  15|           8|           1|
    |g_3_fu_857_p2             |     +    |      0|  0|  15|           8|           1|
    |g_fu_469_p2               |     +    |      0|  0|  15|           8|           1|
    |hp_fu_829_p2              |     +    |      0|  0|  15|           6|           1|
    |j_14_fu_888_p2            |     +    |      0|  0|  15|           6|           1|
    |j_fu_439_p2               |     +    |      0|  0|  15|           6|           1|
    |t_fu_457_p2               |     +    |      0|  0|  13|           4|           1|
    |and_ln47_5_fu_971_p2      |    and   |      0|  0|   2|           1|           1|
    |and_ln47_fu_937_p2        |    and   |      0|  0|   2|           1|           1|
    |icmp_ln124_fu_433_p2      |   icmp   |      0|  0|  11|           6|           7|
    |icmp_ln127_fu_451_p2      |   icmp   |      0|  0|   9|           4|           4|
    |icmp_ln129_fu_463_p2      |   icmp   |      0|  0|  13|           8|           9|
    |icmp_ln133_fu_755_p2      |   icmp   |      0|  0|  11|           6|           7|
    |icmp_ln136_fu_792_p2      |   icmp   |      0|  0|  13|           8|           9|
    |icmp_ln139_fu_823_p2      |   icmp   |      0|  0|  11|           6|           7|
    |icmp_ln142_fu_851_p2      |   icmp   |      0|  0|  13|           8|           9|
    |icmp_ln145_fu_882_p2      |   icmp   |      0|  0|  11|           6|           7|
    |or_ln47_5_fu_985_p2       |    or    |      0|  0|   2|           1|           1|
    |or_ln47_fu_951_p2         |    or    |      0|  0|   2|           1|           1|
    |g_2_fu_957_p3             |  select  |      0|  0|  16|           1|          16|
    |select_ln47_11_fu_977_p3  |  select  |      0|  0|  16|           1|          14|
    |select_ln47_12_fu_991_p3  |  select  |      0|  0|  16|           1|          16|
    |select_ln47_fu_943_p3     |  select  |      0|  0|  16|           1|          14|
    |xor_ln147_fu_899_p2       |    xor   |      0|  0|   7|           6|           7|
    |xor_ln46_5_fu_965_p2      |    xor   |      0|  0|   2|           1|           2|
    |xor_ln46_fu_931_p2        |    xor   |      0|  0|   2|           1|           2|
    +--------------------------+----------+-------+---+----+------------+------------+
    |Total                     |          |      0|  0| 332|         153|         175|
    +--------------------------+----------+-------+---+----+------------+------------+

    * Multiplexer: 
    +------------------+-----+-----------+-----+-----------+
    |       Name       | LUT | Input Size| Bits| Total Bits|
    +------------------+-----+-----------+-----+-----------+
    |ap_NS_fsm         |  393|         90|    1|         90|
    |c_slice_address0  |   21|          4|    5|         20|
    |c_slice_d0        |   15|          3|   16|         48|
    |d_0_reg_251       |    9|          2|    6|         12|
    |g1_0_reg_262      |    9|          2|    8|         16|
    |g2_0_reg_284      |    9|          2|    8|         16|
    |g_0_reg_240       |    9|          2|    8|         16|
    |grp_fu_317_p1     |   15|          3|   32|         96|
    |grp_fu_349_p0     |   15|          3|   16|         48|
    |grp_fu_349_p1     |   15|          3|   16|         48|
    |grp_fu_363_p0     |   27|          5|   16|         80|
    |grp_fu_363_p1     |   27|          5|   16|         80|
    |grp_fu_371_p0     |   15|          3|   16|         48|
    |grp_fu_377_p0     |   15|          3|   16|         48|
    |h_last_address0   |   21|          4|    5|         20|
    |h_last_d0         |   15|          3|   16|         48|
    |hp_0_reg_273      |    9|          2|    6|         12|
    |j_0_reg_217       |    9|          2|    6|         12|
    |j_1_reg_295       |    9|          2|    6|         12|
    |reg_390           |    9|          2|   16|         32|
    |t_0_reg_228       |    9|          2|    4|          8|
    |z_address0        |   27|          5|    7|         35|
    |z_address1        |   21|          4|    7|         28|
    |z_d0              |   15|          3|   16|         48|
    +------------------+-----+-----------+-----+-----------+
    |Total             |  738|        159|  269|        921|
    +------------------+-----+-----------+-----+-----------+

    * Register: 
    +-------------------------+----+----+-----+-----------+
    |           Name          | FF | LUT| Bits| Const Bits|
    +-------------------------+----+----+-----+-----------+
    |R_ifog_load_reg_1125     |  16|   0|   16|          0|
    |W_ifog_load_reg_1074     |  16|   0|   16|          0|
    |ap_CS_fsm                |  89|   0|   89|          0|
    |c_slice_addr_1_reg_1209  |   5|   0|    5|          0|
    |c_slice_load_reg_1224    |  16|   0|   16|          0|
    |d_0_reg_251              |   6|   0|    6|          0|
    |d_reg_1031               |   6|   0|    6|          0|
    |f_reg_1214               |  16|   0|   16|          0|
    |g1_0_reg_262             |   8|   0|    8|          0|
    |g2_0_reg_284             |   8|   0|    8|          0|
    |g_0_reg_240              |   8|   0|    8|          0|
    |g_1_reg_1059             |   8|   0|    8|          0|
    |g_2_reg_1219             |  16|   0|   16|          0|
    |g_3_reg_1110             |   8|   0|    8|          0|
    |hp_0_reg_273             |   6|   0|    6|          0|
    |hp_reg_1082              |   6|   0|    6|          0|
    |hv_reg_1097              |  16|   0|   16|          0|
    |j_0_reg_217              |   6|   0|    6|          0|
    |j_14_reg_1133            |   6|   0|    6|          0|
    |j_1_reg_295              |   6|   0|    6|          0|
    |reg_383                  |  16|   0|   16|          0|
    |reg_390                  |  16|   0|   16|          0|
    |reg_399                  |  16|   0|   16|          0|
    |reg_407                  |  16|   0|   16|          0|
    |reg_412                  |  32|   0|   32|          0|
    |reg_417                  |  32|   0|   32|          0|
    |reg_422                  |  32|   0|   32|          0|
    |reg_427                  |  16|   0|   16|          0|
    |select_ln47_12_reg_1234  |  16|   0|   16|          0|
    |shl_ln2_reg_1051         |   5|   0|   12|          7|
    |shl_ln3_reg_1102         |   5|   0|   12|          7|
    |shl_ln_reg_1023          |   4|   0|    9|          5|
    |t_0_reg_228              |   4|   0|    4|          0|
    |t_reg_1010               |   4|   0|    4|          0|
    |tmp_66_reg_1184          |  32|   0|   32|          0|
    |tmp_68_reg_1164          |  16|   0|   16|          0|
    |tmp_69_reg_1169          |  32|   0|   32|          0|
    |tmp_70_reg_1179          |  32|   0|   32|          0|
    |tmp_71_reg_1189          |  32|   0|   32|          0|
    |tmp_72_reg_1199          |  32|   0|   32|          0|
    |tmp_76_reg_1194          |  32|   0|   32|          0|
    |tmp_83_reg_1229          |  16|   0|   16|          0|
    |trunc_ln135_reg_1041     |   5|   0|    5|          0|
    |trunc_ln141_reg_1092     |   5|   0|    5|          0|
    |xor_ln147_reg_1149       |   6|   0|    6|          0|
    |xv_reg_1046              |  16|   0|   16|          0|
    |z_addr_1_reg_1069        |   7|   0|    7|          0|
    |z_addr_6_reg_1120        |   7|   0|    7|          0|
    |z_load_2_reg_1159        |  16|   0|   16|          0|
    |zext_ln146_reg_1138      |   6|   0|   64|         58|
    +-------------------------+----+----+-----+-----------+
    |Total                    | 778|   0|  855|         77|
    +-------------------------+----+----+-----+-----------+



================================================================
== Interface
================================================================
* Summary: 
+------------------+-----+-----+------------+---------------------+--------------+
|     RTL Ports    | Dir | Bits|  Protocol  |    Source Object    |    C Type    |
+------------------+-----+-----+------------+---------------------+--------------+
|ap_clk            |  in |    1| ap_ctrl_hs | lstm_forward_unidir | return value |
|ap_rst            |  in |    1| ap_ctrl_hs | lstm_forward_unidir | return value |
|ap_start          |  in |    1| ap_ctrl_hs | lstm_forward_unidir | return value |
|ap_done           | out |    1| ap_ctrl_hs | lstm_forward_unidir | return value |
|ap_idle           | out |    1| ap_ctrl_hs | lstm_forward_unidir | return value |
|ap_ready          | out |    1| ap_ctrl_hs | lstm_forward_unidir | return value |
|W_ifog_address0   | out |   12|  ap_memory |        W_ifog       |     array    |
|W_ifog_ce0        | out |    1|  ap_memory |        W_ifog       |     array    |
|W_ifog_q0         |  in |   16|  ap_memory |        W_ifog       |     array    |
|R_ifog_address0   | out |   12|  ap_memory |        R_ifog       |     array    |
|R_ifog_ce0        | out |    1|  ap_memory |        R_ifog       |     array    |
|R_ifog_q0         |  in |   16|  ap_memory |        R_ifog       |     array    |
|h_last_address0   | out |    5|  ap_memory |        h_last       |     array    |
|h_last_ce0        | out |    1|  ap_memory |        h_last       |     array    |
|h_last_we0        | out |    1|  ap_memory |        h_last       |     array    |
|h_last_d0         | out |   16|  ap_memory |        h_last       |     array    |
|h_last_q0         |  in |   16|  ap_memory |        h_last       |     array    |
|U_slice_address0  | out |    9|  ap_memory |       U_slice       |     array    |
|U_slice_ce0       | out |    1|  ap_memory |       U_slice       |     array    |
|U_slice_q0        |  in |   16|  ap_memory |       U_slice       |     array    |
+------------------+-----+-----+------------+---------------------+--------------+

