

================================================================
== Vivado HLS Report for 'lstm_forward_unidir'
================================================================
* Date:           Thu Sep  4 14:11:18 2025

* Version:        2019.1 (Build 2552052 on Fri May 24 15:28:33 MDT 2019)
* Project:        BranchPredictionAI
* Solution:       solution1
* Product family: zynq
* Target device:  xc7z020-clg484-1


================================================================
== Performance Estimates
================================================================
+ Timing (ns): 
    * Summary: 
    +--------+-------+----------+------------+
    |  Clock | Target| Estimated| Uncertainty|
    +--------+-------+----------+------------+
    |ap_clk  |  10.00|     8.440|        1.25|
    +--------+-------+----------+------------+

+ Latency (clock cycles): 
    * Summary: 
    +---------+---------+---------+---------+---------+
    |      Latency      |      Interval     | Pipeline|
    |   min   |   max   |   min   |   max   |   Type  |
    +---------+---------+---------+---------+---------+
    |  1207006|  1207006|  1207006|  1207006|   none  |
    +---------+---------+---------+---------+---------+

    + Detail: 
        * Instance: 
        N/A

        * Loop: 
        +-----------------+---------+---------+----------+-----------+-----------+------+----------+
        |                 |      Latency      | Iteration|  Initiation Interval  | Trip |          |
        |    Loop Name    |   min   |   max   |  Latency |  achieved |   target  | Count| Pipelined|
        +-----------------+---------+---------+----------+-----------+-----------+------+----------+
        |- Loop 1         |       32|       32|         1|          -|          -|    32|    no    |
        |- Loop 2         |  1206972|  1206972|    100581|          -|          -|    12|    no    |
        | + Loop 2.1      |      256|      256|         2|          -|          -|   128|    no    |
        | + Loop 2.2      |    49248|    49248|      1539|          -|          -|    32|    no    |
        |  ++ Loop 2.2.1  |     1536|     1536|        12|          -|          -|   128|    no    |
        | + Loop 2.3      |    49248|    49248|      1539|          -|          -|    32|    no    |
        |  ++ Loop 2.3.1  |     1536|     1536|        12|          -|          -|   128|    no    |
        | + Loop 2.4      |     1824|     1824|        57|          -|          -|    32|    no    |
        +-----------------+---------+---------+----------+-----------+-----------+------+----------+



================================================================
== Utilization Estimates
================================================================
* Summary: 
+-----------------+---------+-------+--------+-------+-----+
|       Name      | BRAM_18K| DSP48E|   FF   |  LUT  | URAM|
+-----------------+---------+-------+--------+-------+-----+
|DSP              |        -|      -|       -|      -|    -|
|Expression       |        -|      -|       0|    332|    -|
|FIFO             |        -|      -|       -|      -|    -|
|Instance         |        -|     28|    3295|   5150|    -|
|Memory           |        1|      -|      32|      8|    0|
|Multiplexer      |        -|      -|       -|    742|    -|
|Register         |        -|      -|     795|      -|    -|
+-----------------+---------+-------+--------+-------+-----+
|Total            |        1|     28|    4122|   6232|    0|
+-----------------+---------+-------+--------+-------+-----+
|Available        |      280|    220|  106400|  53200|    0|
+-----------------+---------+-------+--------+-------+-----+
|Utilization (%)  |    ~0   |     12|       3|     11|    0|
+-----------------+---------+-------+--------+-------+-----+

+ Detail: 
    * Instance: 
    +-----------------------------------------+-------------------------------------+---------+-------+-----+-----+-----+
    |                 Instance                |                Module               | BRAM_18K| DSP48E|  FF | LUT | URAM|
    +-----------------------------------------+-------------------------------------+---------+-------+-----+-----+-----+
    |main_fadd_32ns_32ns_32_5_full_dsp_1_U25  |main_fadd_32ns_32ns_32_5_full_dsp_1  |        0|      2|  205|  390|    0|
    |main_fadd_32ns_32ns_32_5_full_dsp_1_U26  |main_fadd_32ns_32ns_32_5_full_dsp_1  |        0|      2|  205|  390|    0|
    |main_fdiv_32ns_32ns_32_16_1_U27          |main_fdiv_32ns_32ns_32_16_1          |        0|      0|  761|  994|    0|
    |main_fdiv_32ns_32ns_32_16_1_U28          |main_fdiv_32ns_32ns_32_16_1          |        0|      0|  761|  994|    0|
    |main_fexp_32ns_32ns_32_9_full_dsp_1_U29  |main_fexp_32ns_32ns_32_9_full_dsp_1  |        0|      7|  277|  924|    0|
    |main_fexp_32ns_32ns_32_9_full_dsp_1_U30  |main_fexp_32ns_32ns_32_9_full_dsp_1  |        0|      7|  277|  924|    0|
    |main_hadd_16ns_16ns_16_5_full_dsp_1_U35  |main_hadd_16ns_16ns_16_5_full_dsp_1  |        0|      2|  109|  116|    0|
    |main_hcmp_16ns_16ns_1_2_1_U40            |main_hcmp_16ns_16ns_1_2_1            |        0|      0|   34|   27|    0|
    |main_hcmp_16ns_16ns_1_2_1_U41            |main_hcmp_16ns_16ns_1_2_1            |        0|      0|   34|   27|    0|
    |main_hmul_16ns_16ns_16_4_max_dsp_1_U38   |main_hmul_16ns_16ns_16_4_max_dsp_1   |        0|      2|   91|   36|    0|
    |main_hmul_16ns_16ns_16_4_max_dsp_1_U39   |main_hmul_16ns_16ns_16_4_max_dsp_1   |        0|      2|   91|   36|    0|
    |main_hptosp_16ns_32_2_1_U33              |main_hptosp_16ns_32_2_1              |        0|      0|   52|    9|    0|
    |main_hptosp_16ns_32_2_1_U34              |main_hptosp_16ns_32_2_1              |        0|      0|   52|    9|    0|
    |main_hsub_16ns_16ns_16_5_full_dsp_1_U36  |main_hsub_16ns_16ns_16_5_full_dsp_1  |        0|      2|  109|  116|    0|
    |main_hsub_16ns_16ns_16_5_full_dsp_1_U37  |main_hsub_16ns_16ns_16_5_full_dsp_1  |        0|      2|  109|  116|    0|
    |main_sptohp_32ns_16_2_1_U31              |main_sptohp_32ns_16_2_1              |        0|      0|   64|   21|    0|
    |main_sptohp_32ns_16_2_1_U32              |main_sptohp_32ns_16_2_1              |        0|      0|   64|   21|    0|
    +-----------------------------------------+-------------------------------------+---------+-------+-----+-----+-----+
    |Total                                    |                                     |        0|     28| 3295| 5150|    0|
    +-----------------------------------------+-------------------------------------+---------+-------+-----+-----+-----+

    * DSP48E: 
    N/A

    * Memory: 
    +-----------+-----------------------------+---------+----+----+-----+------+-----+------+-------------+
    |   Memory  |            Module           | BRAM_18K| FF | LUT| URAM| Words| Bits| Banks| W*Bits*Banks|
    +-----------+-----------------------------+---------+----+----+-----+------+-----+------+-------------+
    |c_slice_U  |lstm_forward_unidir_c_slice  |        0|  32|   8|    0|    32|   16|     1|          512|
    |z_U        |lstm_forward_unidir_z        |        1|   0|   0|    0|   128|   16|     1|         2048|
    +-----------+-----------------------------+---------+----+----+-----+------+-----+------+-------------+
    |Total      |                             |        1|  32|   8|    0|   160|   32|     2|         2560|
    +-----------+-----------------------------+---------+----+----+-----+------+-----+------+-------------+

    * FIFO: 
    N/A

    * Expression: 
    +--------------------------+----------+-------+---+----+------------+------------+
    |       Variable Name      | Operation| DSP48E| FF| LUT| Bitwidth P0| Bitwidth P1|
    +--------------------------+----------+-------+---+----+------------+------------+
    |add_ln150_fu_518_p2       |     +    |      0|  0|  15|           9|           9|
    |add_ln152_fu_560_p2       |     +    |      0|  0|  12|          12|          12|
    |add_ln158_fu_619_p2       |     +    |      0|  0|  12|          12|          12|
    |d_fu_508_p2               |     +    |      0|  0|  15|           6|           1|
    |g_1_fu_545_p2             |     +    |      0|  0|  15|           8|           1|
    |g_3_fu_604_p2             |     +    |      0|  0|  15|           8|           1|
    |g_fu_483_p2               |     +    |      0|  0|  15|           8|           1|
    |hp_fu_576_p2              |     +    |      0|  0|  15|           6|           1|
    |j_14_fu_635_p2            |     +    |      0|  0|  15|           6|           1|
    |j_fu_453_p2               |     +    |      0|  0|  15|           6|           1|
    |t_fu_471_p2               |     +    |      0|  0|  13|           4|           1|
    |and_ln63_5_fu_718_p2      |    and   |      0|  0|   2|           1|           1|
    |and_ln63_fu_684_p2        |    and   |      0|  0|   2|           1|           1|
    |icmp_ln140_fu_447_p2      |   icmp   |      0|  0|  11|           6|           7|
    |icmp_ln143_fu_465_p2      |   icmp   |      0|  0|   9|           4|           4|
    |icmp_ln145_fu_477_p2      |   icmp   |      0|  0|  13|           8|           9|
    |icmp_ln149_fu_502_p2      |   icmp   |      0|  0|  11|           6|           7|
    |icmp_ln152_fu_539_p2      |   icmp   |      0|  0|  13|           8|           9|
    |icmp_ln155_fu_570_p2      |   icmp   |      0|  0|  11|           6|           7|
    |icmp_ln158_fu_598_p2      |   icmp   |      0|  0|  13|           8|           9|
    |icmp_ln161_fu_629_p2      |   icmp   |      0|  0|  11|           6|           7|
    |or_ln63_5_fu_732_p2       |    or    |      0|  0|   2|           1|           1|
    |or_ln63_fu_698_p2         |    or    |      0|  0|   2|           1|           1|
    |g_2_fu_704_p3             |  select  |      0|  0|  16|           1|          16|
    |select_ln63_11_fu_724_p3  |  select  |      0|  0|  16|           1|          14|
    |select_ln63_12_fu_738_p3  |  select  |      0|  0|  16|           1|          16|
    |select_ln63_fu_690_p3     |  select  |      0|  0|  16|           1|          14|
    |xor_ln163_fu_646_p2       |    xor   |      0|  0|   7|           6|           7|
    |xor_ln62_5_fu_712_p2      |    xor   |      0|  0|   2|           1|           2|
    |xor_ln62_fu_678_p2        |    xor   |      0|  0|   2|           1|           2|
    +--------------------------+----------+-------+---+----+------------+------------+
    |Total                     |          |      0|  0| 332|         153|         175|
    +--------------------------+----------+-------+---+----+------------+------------+

    * Multiplexer: 
    +------------------+-----+-----------+-----+-----------+
    |       Name       | LUT | Input Size| Bits| Total Bits|
    +------------------+-----+-----------+-----+-----------+
    |ap_NS_fsm         |  397|         91|    1|         91|
    |c_slice_address0  |   21|          4|    5|         20|
    |c_slice_d0        |   15|          3|   16|         48|
    |d_0_reg_265       |    9|          2|    6|         12|
    |g1_0_reg_276      |    9|          2|    8|         16|
    |g2_0_reg_298      |    9|          2|    8|         16|
    |g_0_reg_254       |    9|          2|    8|         16|
    |grp_fu_331_p1     |   15|          3|   32|         96|
    |grp_fu_363_p0     |   15|          3|   16|         48|
    |grp_fu_363_p1     |   15|          3|   16|         48|
    |grp_fu_377_p0     |   27|          5|   16|         80|
    |grp_fu_377_p1     |   27|          5|   16|         80|
    |grp_fu_385_p0     |   15|          3|   16|         48|
    |grp_fu_391_p0     |   15|          3|   16|         48|
    |h_last_address0   |   21|          4|    5|         20|
    |h_last_d0         |   15|          3|   16|         48|
    |hp_0_reg_287      |    9|          2|    6|         12|
    |j_0_reg_231       |    9|          2|    6|         12|
    |j_1_reg_309       |    9|          2|    6|         12|
    |reg_404           |    9|          2|   16|         32|
    |t_0_reg_242       |    9|          2|    4|          8|
    |z_address0        |   27|          5|    7|         35|
    |z_address1        |   21|          4|    7|         28|
    |z_d0              |   15|          3|   16|         48|
    +------------------+-----+-----------+-----+-----------+
    |Total             |  742|        160|  269|        922|
    +------------------+-----+-----------+-----+-----------+

    * Register: 
    +------------------------+----+----+-----+-----------+
    |          Name          | FF | LUT| Bits| Const Bits|
    +------------------------+----+----+-----+-----------+
    |R_ifog_load_reg_882     |  16|   0|   16|          0|
    |W_ifog_load_reg_831     |  16|   0|   16|          0|
    |ap_CS_fsm               |  90|   0|   90|          0|
    |c_slice_addr_1_reg_966  |   5|   0|    5|          0|
    |c_slice_load_reg_981    |  16|   0|   16|          0|
    |d_0_reg_265             |   6|   0|    6|          0|
    |d_reg_788               |   6|   0|    6|          0|
    |f_reg_971               |  16|   0|   16|          0|
    |g1_0_reg_276            |   8|   0|    8|          0|
    |g2_0_reg_298            |   8|   0|    8|          0|
    |g_0_reg_254             |   8|   0|    8|          0|
    |g_1_reg_816             |   8|   0|    8|          0|
    |g_2_reg_976             |  16|   0|   16|          0|
    |g_3_reg_867             |   8|   0|    8|          0|
    |g_reg_765               |   8|   0|    8|          0|
    |hp_0_reg_287            |   6|   0|    6|          0|
    |hp_reg_839              |   6|   0|    6|          0|
    |hv_reg_854              |  16|   0|   16|          0|
    |j_0_reg_231             |   6|   0|    6|          0|
    |j_14_reg_890            |   6|   0|    6|          0|
    |j_1_reg_309             |   6|   0|    6|          0|
    |reg_397                 |  16|   0|   16|          0|
    |reg_404                 |  16|   0|   16|          0|
    |reg_413                 |  16|   0|   16|          0|
    |reg_421                 |  16|   0|   16|          0|
    |reg_426                 |  32|   0|   32|          0|
    |reg_431                 |  32|   0|   32|          0|
    |reg_436                 |  32|   0|   32|          0|
    |reg_441                 |  16|   0|   16|          0|
    |select_ln63_12_reg_991  |  16|   0|   16|          0|
    |shl_ln2_reg_808         |   5|   0|   12|          7|
    |shl_ln3_reg_859         |   5|   0|   12|          7|
    |shl_ln_reg_780          |   4|   0|    9|          5|
    |t_0_reg_242             |   4|   0|    4|          0|
    |t_reg_757               |   4|   0|    4|          0|
    |tmp_66_reg_941          |  32|   0|   32|          0|
    |tmp_68_reg_921          |  16|   0|   16|          0|
    |tmp_69_reg_926          |  32|   0|   32|          0|
    |tmp_70_reg_936          |  32|   0|   32|          0|
    |tmp_71_reg_946          |  32|   0|   32|          0|
    |tmp_72_reg_956          |  32|   0|   32|          0|
    |tmp_76_reg_951          |  32|   0|   32|          0|
    |tmp_83_reg_986          |  16|   0|   16|          0|
    |trunc_ln151_reg_798     |   5|   0|    5|          0|
    |trunc_ln157_reg_849     |   5|   0|    5|          0|
    |xor_ln163_reg_906       |   6|   0|    6|          0|
    |xv_reg_803              |  16|   0|   16|          0|
    |z_addr_1_reg_826        |   7|   0|    7|          0|
    |z_addr_6_reg_877        |   7|   0|    7|          0|
    |z_load_2_reg_916        |  16|   0|   16|          0|
    |zext_ln145_reg_770      |   8|   0|   64|         56|
    |zext_ln162_reg_895      |   6|   0|   64|         58|
    +------------------------+----+----+-----+-----------+
    |Total                   | 795|   0|  928|        133|
    +------------------------+----+----+-----+-----------+



================================================================
== Interface
================================================================
* Summary: 
+------------------+-----+-----+------------+---------------------+--------------+
|     RTL Ports    | Dir | Bits|  Protocol  |    Source Object    |    C Type    |
+------------------+-----+-----+------------+---------------------+--------------+
|ap_clk            |  in |    1| ap_ctrl_hs | lstm_forward_unidir | return value |
|ap_rst            |  in |    1| ap_ctrl_hs | lstm_forward_unidir | return value |
|ap_start          |  in |    1| ap_ctrl_hs | lstm_forward_unidir | return value |
|ap_done           | out |    1| ap_ctrl_hs | lstm_forward_unidir | return value |
|ap_idle           | out |    1| ap_ctrl_hs | lstm_forward_unidir | return value |
|ap_ready          | out |    1| ap_ctrl_hs | lstm_forward_unidir | return value |
|W_ifog_address0   | out |   12|  ap_memory |        W_ifog       |     array    |
|W_ifog_ce0        | out |    1|  ap_memory |        W_ifog       |     array    |
|W_ifog_q0         |  in |   16|  ap_memory |        W_ifog       |     array    |
|R_ifog_address0   | out |   12|  ap_memory |        R_ifog       |     array    |
|R_ifog_ce0        | out |    1|  ap_memory |        R_ifog       |     array    |
|R_ifog_q0         |  in |   16|  ap_memory |        R_ifog       |     array    |
|b_ifog_address0   | out |    7|  ap_memory |        b_ifog       |     array    |
|b_ifog_ce0        | out |    1|  ap_memory |        b_ifog       |     array    |
|b_ifog_q0         |  in |   16|  ap_memory |        b_ifog       |     array    |
|h_last_address0   | out |    5|  ap_memory |        h_last       |     array    |
|h_last_ce0        | out |    1|  ap_memory |        h_last       |     array    |
|h_last_we0        | out |    1|  ap_memory |        h_last       |     array    |
|h_last_d0         | out |   16|  ap_memory |        h_last       |     array    |
|h_last_q0         |  in |   16|  ap_memory |        h_last       |     array    |
|U_slice_address0  | out |    9|  ap_memory |       U_slice       |     array    |
|U_slice_ce0       | out |    1|  ap_memory |       U_slice       |     array    |
|U_slice_q0        |  in |   16|  ap_memory |       U_slice       |     array    |
+------------------+-----+-----+------------+---------------------+--------------+

