

================================================================
== Vivado HLS Report for 'run_all_slices_unrol'
================================================================
* Date:           Wed Sep  3 17:58:53 2025

* Version:        2019.1 (Build 2552052 on Fri May 24 15:28:33 MDT 2019)
* Project:        BranchPredictionAI
* Solution:       solution1
* Product family: zynq
* Target device:  xc7z020-clg484-1


================================================================
== Performance Estimates
================================================================
+ Timing (ns): 
    * Summary: 
    +--------+-------+----------+------------+
    |  Clock | Target| Estimated| Uncertainty|
    +--------+-------+----------+------------+
    |ap_clk  |  10.00|     9.894|        1.25|
    +--------+-------+----------+------------+

+ Latency (clock cycles): 
    * Summary: 
    +-----------+-----------+-----------+-----------+---------+
    |        Latency        |        Interval       | Pipeline|
    |    min    |    max    |    min    |    max    |   Type  |
    +-----------+-----------+-----------+-----------+---------+
    |  119501004|  119741004|  119501004|  119741004|   none  |
    +-----------+-----------+-----------+-----------+---------+

    + Detail: 
        * Instance: 
        +---------------------------------+----------------------+----------+----------+----------+----------+---------+
        |                                 |                      |       Latency       |       Interval      | Pipeline|
        |             Instance            |        Module        |    min   |    max   |    min   |    max   |   Type  |
        +---------------------------------+----------------------+----------+----------+----------+----------+---------+
        |grp_lstm_forward_unidir_fu_600   |lstm_forward_unidir   |   1203934|   1250014|   1203934|   1250014|   none  |
        |grp_generic_tanh_float_s_fu_634  |generic_tanh_float_s  |         1|        61|         1|        61|   none  |
        |grp_conv_bn_act_pool_fu_645      |conv_bn_act_pool      |  64248231|  64248231|  64248231|  64248231|   none  |
        |grp_conv_bn_act_pool_1_fu_660    |conv_bn_act_pool_1    |  27562215|  27562215|  27562215|  27562215|   none  |
        |grp_conv_bn_act_pool_2_fu_676    |conv_bn_act_pool_2    |  12640647|  12640647|  12640647|  12640647|   none  |
        |grp_conv_bn_act_pool_3_fu_692    |conv_bn_act_pool_3    |   6034361|   6034361|   6034361|   6034361|   none  |
        |grp_conv_bn_act_pool_4_fu_708    |conv_bn_act_pool_4    |   2947867|   2947867|   2947867|   2947867|   none  |
        +---------------------------------+----------------------+----------+----------+----------+----------+---------+

        * Loop: 
        +--------------+-------+-------+----------+-----------+-----------+------+----------+
        |              |    Latency    | Iteration|  Initiation Interval  | Trip |          |
        |   Loop Name  |  min  |  max  |  Latency |  achieved |   target  | Count| Pipelined|
        +--------------+-------+-------+----------+-----------+-----------+------+----------+
        |- Loop 1      |     32|     32|         1|          -|          -|    32|    no    |
        |- Loop 2      |   1440|   1440|        45|          -|          -|    32|    no    |
        |- Loop 3      |    352|   2272|  11 ~ 71 |          -|          -|    32|    no    |
        |- Loop 4      |   1440|   1440|        45|          -|          -|    32|    no    |
        |- Loop 5      |    352|   2272|  11 ~ 71 |          -|          -|    32|    no    |
        |- Loop 6      |   1440|   1440|        45|          -|          -|    32|    no    |
        |- Loop 7      |    352|   2272|  11 ~ 71 |          -|          -|    32|    no    |
        |- Loop 8      |   1440|   1440|        45|          -|          -|    32|    no    |
        |- Loop 9      |    352|   2272|  11 ~ 71 |          -|          -|    32|    no    |
        |- Loop 10     |  38994|  38994|        67|          -|          -|   582|    no    |
        | + Loop 10.1  |     64|     64|         2|          -|          -|    32|    no    |
        |- Loop 11     |   1440|   1440|        45|          -|          -|    32|    no    |
        |- Loop 12     |    352|   2272|  11 ~ 71 |          -|          -|    32|    no    |
        +--------------+-------+-------+----------+-----------+-----------+------+----------+



================================================================
== Utilization Estimates
================================================================
* Summary: 
+-----------------+---------+-------+--------+-------+-----+
|       Name      | BRAM_18K| DSP48E|   FF   |  LUT  | URAM|
+-----------------+---------+-------+--------+-------+-----+
|DSP              |        -|      -|       -|      -|    -|
|Expression       |        -|      -|       0|    381|    -|
|FIFO             |        -|      -|       -|      -|    -|
|Instance         |      183|    128|   26943|  42390|    0|
|Memory           |      482|      -|       0|      0|    0|
|Multiplexer      |        -|      -|       -|   2234|    -|
|Register         |        -|      -|    1090|      -|    -|
+-----------------+---------+-------+--------+-------+-----+
|Total            |      665|    128|   28033|  45005|    0|
+-----------------+---------+-------+--------+-------+-----+
|Available        |      280|    220|  106400|  53200|    0|
+-----------------+---------+-------+--------+-------+-----+
|Utilization (%)  |      237|     58|      26|     84|    0|
+-----------------+---------+-------+--------+-------+-----+

+ Detail: 
    * Instance: 
    +-----------------------------------------+-------------------------------------+---------+-------+------+-------+-----+
    |                 Instance                |                Module               | BRAM_18K| DSP48E|  FF  |  LUT  | URAM|
    +-----------------------------------------+-------------------------------------+---------+-------+------+-------+-----+
    |grp_conv_bn_act_pool_fu_645              |conv_bn_act_pool                     |       18|      5|  2309|   3730|    0|
    |grp_conv_bn_act_pool_1_fu_660            |conv_bn_act_pool_1                   |       50|      5|  2293|   3724|    0|
    |grp_conv_bn_act_pool_2_fu_676            |conv_bn_act_pool_2                   |       34|      5|  2285|   3708|    0|
    |grp_conv_bn_act_pool_3_fu_692            |conv_bn_act_pool_3                   |       26|      5|  2254|   3678|    0|
    |grp_conv_bn_act_pool_4_fu_708            |conv_bn_act_pool_4                   |       22|      5|  2234|   3665|    0|
    |grp_generic_tanh_float_s_fu_634          |generic_tanh_float_s                 |       15|     37|  5264|   7619|    0|
    |grp_lstm_forward_unidir_fu_600           |lstm_forward_unidir                  |       18|     61|  8790|  13946|    0|
    |main_fadd_32ns_32ns_32_5_full_dsp_1_U94  |main_fadd_32ns_32ns_32_5_full_dsp_1  |        0|      2|   205|    390|    0|
    |main_fdiv_32ns_32ns_32_16_1_U96          |main_fdiv_32ns_32ns_32_16_1          |        0|      0|   761|    994|    0|
    |main_fmul_32ns_32ns_32_4_max_dsp_1_U95   |main_fmul_32ns_32ns_32_4_max_dsp_1   |        0|      3|   143|    321|    0|
    |main_fsqrt_32ns_32ns_32_12_1_U97         |main_fsqrt_32ns_32ns_32_12_1         |        0|      0|   405|    615|    0|
    +-----------------------------------------+-------------------------------------+---------+-------+------+-------+-----+
    |Total                                    |                                     |      183|    128| 26943|  42390|    0|
    +-----------------------------------------+-------------------------------------+---------+-------+------+-------+-----+

    * DSP48E: 
    N/A

    * Memory: 
    +----------------+-----------------------------------+---------+---+----+-----+--------+-----+------+-------------+
    |     Memory     |               Module              | BRAM_18K| FF| LUT| URAM|  Words | Bits| Banks| W*Bits*Banks|
    +----------------+-----------------------------------+---------+---+----+-----+--------+-----+------+-------------+
    |BN2_var0_U      |conv_bn_act_pool_4_BN1_var0        |        1|  0|   0|    0|      32|   32|     1|         1024|
    |BN2_gamma0_U    |conv_bn_act_pool_4_BN1_var0        |        1|  0|   0|    0|      32|   32|     1|         1024|
    |BN2_var1_U      |conv_bn_act_pool_4_BN1_var0        |        1|  0|   0|    0|      32|   32|     1|         1024|
    |BN2_gamma1_U    |conv_bn_act_pool_4_BN1_var0        |        1|  0|   0|    0|      32|   32|     1|         1024|
    |BN2_var2_U      |conv_bn_act_pool_4_BN1_var0        |        1|  0|   0|    0|      32|   32|     1|         1024|
    |BN2_gamma2_U    |conv_bn_act_pool_4_BN1_var0        |        1|  0|   0|    0|      32|   32|     1|         1024|
    |BN2_var3_U      |conv_bn_act_pool_4_BN1_var0        |        1|  0|   0|    0|      32|   32|     1|         1024|
    |BN2_gamma3_U    |conv_bn_act_pool_4_BN1_var0        |        1|  0|   0|    0|      32|   32|     1|         1024|
    |BN2_var4_U      |conv_bn_act_pool_4_BN1_var0        |        1|  0|   0|    0|      32|   32|     1|         1024|
    |BN2_gamma4_U    |conv_bn_act_pool_4_BN1_var0        |        1|  0|   0|    0|      32|   32|     1|         1024|
    |h_slice_U       |lstm_forward_unidir_c_slice        |        1|  0|   0|    0|      32|   32|     1|         1024|
    |Emb4_U          |run_all_slices_unrol_Emb4          |      256|  0|   0|    0|  131072|   32|     1|      4194304|
    |LSTM_R_ifog0_U  |run_all_slices_unrol_LSTM_R_ifog0  |        8|  0|   0|    0|    4096|   32|     1|       131072|
    |LSTM_R_ifog1_U  |run_all_slices_unrol_LSTM_R_ifog1  |        8|  0|   0|    0|    4096|   32|     1|       131072|
    |LSTM_R_ifog2_U  |run_all_slices_unrol_LSTM_R_ifog2  |        8|  0|   0|    0|    4096|   32|     1|       131072|
    |LSTM_R_ifog3_U  |run_all_slices_unrol_LSTM_R_ifog3  |        8|  0|   0|    0|    4096|   32|     1|       131072|
    |LSTM_R_ifog4_U  |run_all_slices_unrol_LSTM_R_ifog4  |        8|  0|   0|    0|    4096|   32|     1|       131072|
    |LSTM_W_ifog0_U  |run_all_slices_unrol_LSTM_W_ifog0  |        8|  0|   0|    0|    4096|   32|     1|       131072|
    |LSTM_W_ifog1_U  |run_all_slices_unrol_LSTM_W_ifog1  |        8|  0|   0|    0|    4096|   32|     1|       131072|
    |LSTM_W_ifog2_U  |run_all_slices_unrol_LSTM_W_ifog2  |        8|  0|   0|    0|    4096|   32|     1|       131072|
    |LSTM_W_ifog3_U  |run_all_slices_unrol_LSTM_W_ifog3  |        8|  0|   0|    0|    4096|   32|     1|       131072|
    |LSTM_W_ifog4_U  |run_all_slices_unrol_LSTM_W_ifog4  |        8|  0|   0|    0|    4096|   32|     1|       131072|
    |LSTM_b_ifog0_U  |run_all_slices_unrol_LSTM_b_ifog0  |        1|  0|   0|    0|     128|   32|     1|         4096|
    |LSTM_b_ifog1_U  |run_all_slices_unrol_LSTM_b_ifog0  |        1|  0|   0|    0|     128|   32|     1|         4096|
    |LSTM_b_ifog2_U  |run_all_slices_unrol_LSTM_b_ifog0  |        1|  0|   0|    0|     128|   32|     1|         4096|
    |LSTM_b_ifog3_U  |run_all_slices_unrol_LSTM_b_ifog0  |        1|  0|   0|    0|     128|   32|     1|         4096|
    |LSTM_b_ifog4_U  |run_all_slices_unrol_LSTM_b_ifog0  |        1|  0|   0|    0|     128|   32|     1|         4096|
    |U_slice_U       |run_all_slices_unrol_U_slice       |        1|  0|   0|    0|     384|   32|     1|        12288|
    |X_slice_1_U     |run_all_slices_unrol_X_slice_1     |       64|  0|   0|    0|   18624|   32|     1|       595968|
    |Y_U             |run_all_slices_unrol_Y             |       64|  0|   0|    0|   18432|   32|     1|       589824|
    |tokens4_U       |run_all_slices_unrol_tokens4       |        1|  0|   0|    0|     582|   10|     1|         5820|
    +----------------+-----------------------------------+---------+---+----+-----+--------+-----+------+-------------+
    |Total           |                                   |      482|  0|   0|    0|  211046|  970|    31|      6740668|
    +----------------+-----------------------------------+---------+---+----+-----+--------+-----+------+-------------+

    * FIFO: 
    N/A

    * Expression: 
    +-------------------------+----------+-------+---+----+------------+------------+
    |      Variable Name      | Operation| DSP48E| FF| LUT| Bitwidth P0| Bitwidth P1|
    +-------------------------+----------+-------+---+----+------------+------------+
    |add_ln55_1_fu_1005_p2    |     +    |      0|  0|  21|          15|          15|
    |add_ln55_fu_995_p2       |     +    |      0|  0|  21|          15|          15|
    |c_1_fu_841_p2            |     +    |      0|  0|  15|           6|           1|
    |c_2_fu_878_p2            |     +    |      0|  0|  15|           6|           1|
    |c_3_fu_915_p2            |     +    |      0|  0|  15|           6|           1|
    |c_4_fu_1020_p2           |     +    |      0|  0|  15|           6|           1|
    |c_fu_804_p2              |     +    |      0|  0|  15|           6|           1|
    |e_fu_985_p2              |     +    |      0|  0|  15|           6|           1|
    |j_10_fu_1039_p2          |     +    |      0|  0|  15|           6|           1|
    |j_6_fu_823_p2            |     +    |      0|  0|  15|           6|           1|
    |j_7_fu_860_p2            |     +    |      0|  0|  15|           6|           1|
    |j_8_fu_897_p2            |     +    |      0|  0|  15|           6|           1|
    |j_9_fu_934_p2            |     +    |      0|  0|  15|           6|           1|
    |j_fu_787_p2              |     +    |      0|  0|  15|           6|           1|
    |t_fu_952_p2              |     +    |      0|  0|  14|          10|           1|
    |icmp_ln152_1_fu_835_p2   |   icmp   |      0|  0|  11|           6|           7|
    |icmp_ln152_2_fu_872_p2   |   icmp   |      0|  0|  11|           6|           7|
    |icmp_ln152_3_fu_909_p2   |   icmp   |      0|  0|  11|           6|           7|
    |icmp_ln152_4_fu_1014_p2  |   icmp   |      0|  0|  11|           6|           7|
    |icmp_ln152_fu_798_p2     |   icmp   |      0|  0|  11|           6|           7|
    |icmp_ln178_fu_781_p2     |   icmp   |      0|  0|  11|           6|           7|
    |icmp_ln190_fu_817_p2     |   icmp   |      0|  0|  11|           6|           7|
    |icmp_ln203_fu_854_p2     |   icmp   |      0|  0|  11|           6|           7|
    |icmp_ln216_fu_891_p2     |   icmp   |      0|  0|  11|           6|           7|
    |icmp_ln229_fu_928_p2     |   icmp   |      0|  0|  11|           6|           7|
    |icmp_ln242_fu_1033_p2    |   icmp   |      0|  0|  11|           6|           7|
    |icmp_ln50_fu_946_p2      |   icmp   |      0|  0|  13|          10|          10|
    |icmp_ln55_fu_979_p2      |   icmp   |      0|  0|  11|           6|           7|
    +-------------------------+----------+-------+---+----+------------+------------+
    |Total                    |          |      0|  0| 381|         194|         137|
    +-------------------------+----------+-------+---+----+------------+------------+

    * Multiplexer: 
    +------------------------------------------+------+-----------+-----+-----------+
    |                   Name                   |  LUT | Input Size| Bits| Total Bits|
    +------------------------------------------+------+-----------+-----+-----------+
    |LSTM_R_ifog0_ce0                          |     9|          2|    1|          2|
    |LSTM_R_ifog1_ce0                          |     9|          2|    1|          2|
    |LSTM_R_ifog2_ce0                          |     9|          2|    1|          2|
    |LSTM_R_ifog3_ce0                          |     9|          2|    1|          2|
    |LSTM_R_ifog4_ce0                          |     9|          2|    1|          2|
    |LSTM_W_ifog0_ce0                          |     9|          2|    1|          2|
    |LSTM_W_ifog1_ce0                          |     9|          2|    1|          2|
    |LSTM_W_ifog2_ce0                          |     9|          2|    1|          2|
    |LSTM_W_ifog3_ce0                          |     9|          2|    1|          2|
    |LSTM_W_ifog4_ce0                          |     9|          2|    1|          2|
    |LSTM_b_ifog0_ce0                          |     9|          2|    1|          2|
    |LSTM_b_ifog1_ce0                          |     9|          2|    1|          2|
    |LSTM_b_ifog2_ce0                          |     9|          2|    1|          2|
    |LSTM_b_ifog3_ce0                          |     9|          2|    1|          2|
    |LSTM_b_ifog4_ce0                          |     9|          2|    1|          2|
    |U_slice_address0                          |    38|          7|    9|         63|
    |U_slice_ce0                               |    38|          7|    1|          7|
    |U_slice_d0                                |    33|          6|   32|        192|
    |U_slice_we0                               |    33|          6|    1|          6|
    |X_slice_1_address0                        |    15|          3|   15|         45|
    |X_slice_1_ce0                             |    15|          3|    1|          3|
    |Y_address0                                |    33|          6|   15|         90|
    |Y_ce0                                     |    33|          6|    1|          6|
    |Y_d0                                      |    33|          6|   32|        192|
    |Y_we0                                     |    33|          6|    1|          6|
    |ap_NS_fsm                                 |  1333|        297|    1|        297|
    |c_0_i18053_reg_489                        |     9|          2|    6|         12|
    |c_0_i18056_reg_511                        |     9|          2|    6|         12|
    |c_0_i18059_reg_533                        |     9|          2|    6|         12|
    |c_0_i18062_reg_578                        |     9|          2|    6|         12|
    |c_0_i_reg_467                             |     9|          2|    6|         12|
    |e_0_i_reg_567                             |     9|          2|    6|         12|
    |grp_fu_724_p0                             |    41|          8|   32|        256|
    |grp_fu_724_p1                             |    21|          4|   32|        128|
    |grp_fu_730_p0                             |    33|          6|   32|        192|
    |grp_lstm_forward_unidir_fu_600_R_ifog_q0  |    33|          6|   32|        192|
    |grp_lstm_forward_unidir_fu_600_W_ifog_q0  |    33|          6|   32|        192|
    |grp_lstm_forward_unidir_fu_600_b_ifog_q0  |    33|          6|   32|        192|
    |h_slice_address0                          |    53|         12|    5|         60|
    |h_slice_ce0                               |    15|          3|    1|          3|
    |h_slice_d0                                |    15|          3|   32|         96|
    |h_slice_we0                               |    15|          3|    1|          3|
    |j_0_reg_456                               |     9|          2|    6|         12|
    |j_1_reg_478                               |     9|          2|    6|         12|
    |j_2_reg_500                               |     9|          2|    6|         12|
    |j_3_reg_522                               |     9|          2|    6|         12|
    |j_4_reg_544                               |     9|          2|    6|         12|
    |j_5_reg_589                               |     9|          2|    6|         12|
    |merged_address0                           |    38|          7|    5|         35|
    |merged_d0                                 |    15|          3|   32|         96|
    |t_0_i_reg_555                             |     9|          2|   10|         20|
    +------------------------------------------+------+-----------+-----+-----------+
    |Total                                     |  2234|        476|  474|       2546|
    +------------------------------------------+------+-----------+-----+-----------+

    * Register: 
    +----------------------------------------------+-----+----+-----+-----------+
    |                     Name                     |  FF | LUT| Bits| Const Bits|
    +----------------------------------------------+-----+----+-----+-----------+
    |BN2_gamma0_load_reg_1087                      |   32|   0|   32|          0|
    |BN2_gamma1_load_reg_1138                      |   32|   0|   32|          0|
    |BN2_gamma2_load_reg_1189                      |   32|   0|   32|          0|
    |BN2_gamma3_load_reg_1240                      |   32|   0|   32|          0|
    |BN2_gamma4_load_reg_1332                      |   32|   0|   32|          0|
    |BN2_var0_load_reg_1082                        |   32|   0|   32|          0|
    |BN2_var1_load_reg_1133                        |   32|   0|   32|          0|
    |BN2_var2_load_reg_1184                        |   32|   0|   32|          0|
    |BN2_var3_load_reg_1235                        |   32|   0|   32|          0|
    |BN2_var4_load_reg_1327                        |   32|   0|   32|          0|
    |add_ln55_1_reg_1299                           |   15|   0|   15|          0|
    |ap_CS_fsm                                     |  296|   0|  296|          0|
    |c_0_i18053_reg_489                            |    6|   0|    6|          0|
    |c_0_i18056_reg_511                            |    6|   0|    6|          0|
    |c_0_i18059_reg_533                            |    6|   0|    6|          0|
    |c_0_i18062_reg_578                            |    6|   0|    6|          0|
    |c_0_i_reg_467                                 |    6|   0|    6|          0|
    |c_1_reg_1113                                  |    6|   0|    6|          0|
    |c_2_reg_1164                                  |    6|   0|    6|          0|
    |c_3_reg_1215                                  |    6|   0|    6|          0|
    |c_4_reg_1307                                  |    6|   0|    6|          0|
    |c_reg_1062                                    |    6|   0|    6|          0|
    |e_0_i_reg_567                                 |    6|   0|    6|          0|
    |e_reg_1289                                    |    6|   0|    6|          0|
    |grp_conv_bn_act_pool_1_fu_660_ap_start_reg    |    1|   0|    1|          0|
    |grp_conv_bn_act_pool_2_fu_676_ap_start_reg    |    1|   0|    1|          0|
    |grp_conv_bn_act_pool_3_fu_692_ap_start_reg    |    1|   0|    1|          0|
    |grp_conv_bn_act_pool_4_fu_708_ap_start_reg    |    1|   0|    1|          0|
    |grp_conv_bn_act_pool_fu_645_ap_start_reg      |    1|   0|    1|          0|
    |grp_generic_tanh_float_s_fu_634_ap_start_reg  |    1|   0|    1|          0|
    |grp_lstm_forward_unidir_fu_600_ap_start_reg   |    1|   0|    1|          0|
    |h_slice_addr_2_reg_1118                       |    5|   0|    5|          0|
    |h_slice_addr_4_reg_1169                       |    5|   0|    5|          0|
    |h_slice_addr_6_reg_1220                       |    5|   0|    5|          0|
    |h_slice_addr_8_reg_1312                       |    5|   0|    5|          0|
    |h_slice_addr_reg_1067                         |    5|   0|    5|          0|
    |j_0_reg_456                                   |    6|   0|    6|          0|
    |j_10_reg_1340                                 |    6|   0|    6|          0|
    |j_1_reg_478                                   |    6|   0|    6|          0|
    |j_2_reg_500                                   |    6|   0|    6|          0|
    |j_3_reg_522                                   |    6|   0|    6|          0|
    |j_4_reg_544                                   |    6|   0|    6|          0|
    |j_5_reg_589                                   |    6|   0|    6|          0|
    |j_6_reg_1095                                  |    6|   0|    6|          0|
    |j_7_reg_1146                                  |    6|   0|    6|          0|
    |j_8_reg_1197                                  |    6|   0|    6|          0|
    |j_9_reg_1248                                  |    6|   0|    6|          0|
    |merged_addr_1_reg_1105                        |    5|   0|    5|          0|
    |merged_addr_2_reg_1156                        |    5|   0|    5|          0|
    |merged_addr_3_reg_1207                        |    5|   0|    5|          0|
    |merged_addr_4_reg_1258                        |    5|   0|    5|          0|
    |merged_addr_5_reg_1350                        |    5|   0|    5|          0|
    |reg_743                                       |   32|   0|   32|          0|
    |reg_750                                       |   32|   0|   32|          0|
    |reg_756                                       |   32|   0|   32|          0|
    |reg_761                                       |   32|   0|   32|          0|
    |reg_766                                       |   32|   0|   32|          0|
    |reg_771                                       |   32|   0|   32|          0|
    |reg_776                                       |   32|   0|   32|          0|
    |shl_ln1_reg_1281                              |   10|   0|   15|          5|
    |shl_ln_reg_1276                               |   10|   0|   15|          5|
    |t_0_i_reg_555                                 |   10|   0|   10|          0|
    |t_reg_1266                                    |   10|   0|   10|          0|
    +----------------------------------------------+-----+----+-----+-----------+
    |Total                                         | 1090|   0| 1100|         10|
    +----------------------------------------------+-----+----+-----+-----------+



================================================================
== Interface
================================================================
* Summary: 
+-----------------+-----+-----+------------+----------------------+--------------+
|    RTL Ports    | Dir | Bits|  Protocol  |     Source Object    |    C Type    |
+-----------------+-----+-----+------------+----------------------+--------------+
|ap_clk           |  in |    1| ap_ctrl_hs | run_all_slices_unrol | return value |
|ap_rst           |  in |    1| ap_ctrl_hs | run_all_slices_unrol | return value |
|ap_start         |  in |    1| ap_ctrl_hs | run_all_slices_unrol | return value |
|ap_done          | out |    1| ap_ctrl_hs | run_all_slices_unrol | return value |
|ap_idle          | out |    1| ap_ctrl_hs | run_all_slices_unrol | return value |
|ap_ready         | out |    1| ap_ctrl_hs | run_all_slices_unrol | return value |
|merged_address0  | out |    5|  ap_memory |        merged        |     array    |
|merged_ce0       | out |    1|  ap_memory |        merged        |     array    |
|merged_we0       | out |    1|  ap_memory |        merged        |     array    |
|merged_d0        | out |   32|  ap_memory |        merged        |     array    |
|merged_q0        |  in |   32|  ap_memory |        merged        |     array    |
+-----------------+-----+-----+------------+----------------------+--------------+

