

================================================================
== Vivado HLS Report for 'run_all_slices_unrol'
================================================================
* Date:           Thu Sep  4 12:29:18 2025

* Version:        2019.1 (Build 2552052 on Fri May 24 15:28:33 MDT 2019)
* Project:        BranchPredictionAI
* Solution:       solution1
* Product family: zynq
* Target device:  xc7z020-clg484-1


================================================================
== Performance Estimates
================================================================
+ Timing (ns): 
    * Summary: 
    +--------+-------+----------+------------+
    |  Clock | Target| Estimated| Uncertainty|
    +--------+-------+----------+------------+
    |ap_clk  |  10.00|     9.894|        1.25|
    +--------+-------+----------+------------+

+ Latency (clock cycles): 
    * Summary: 
    +-----------+-----------+-----------+-----------+---------+
    |        Latency        |        Interval       | Pipeline|
    |    min    |    max    |    min    |    max    |   Type  |
    +-----------+-----------+-----------+-----------+---------+
    |  121199628|  121439628|  121199628|  121439628|   none  |
    +-----------+-----------+-----------+-----------+---------+

    + Detail: 
        * Instance: 
        +---------------------------------+----------------------+----------+----------+----------+----------+---------+
        |                                 |                      |       Latency       |       Interval      | Pipeline|
        |             Instance            |        Module        |    min   |    max   |    min   |    max   |   Type  |
        +---------------------------------+----------------------+----------+----------+----------+----------+---------+
        |grp_lstm_forward_unidir_fu_600   |lstm_forward_unidir   |   1208926|   1255006|   1208926|   1255006|   none  |
        |grp_generic_tanh_float_s_fu_634  |generic_tanh_float_s  |         1|        61|         1|        61|   none  |
        |grp_conv_bn_act_pool_fu_645      |conv_bn_act_pool      |  65526951|  65526951|  65526951|  65526951|   none  |
        |grp_conv_bn_act_pool_1_fu_660    |conv_bn_act_pool_1    |  27869799|  27869799|  27869799|  27869799|   none  |
        |grp_conv_bn_act_pool_2_fu_676    |conv_bn_act_pool_2    |  12711495|  12711495|  12711495|  12711495|   none  |
        |grp_conv_bn_act_pool_3_fu_692    |conv_bn_act_pool_3    |   6048401|   6048401|   6048401|   6048401|   none  |
        |grp_conv_bn_act_pool_4_fu_708    |conv_bn_act_pool_4    |   2949379|   2949379|   2949379|   2949379|   none  |
        +---------------------------------+----------------------+----------+----------+----------+----------+---------+

        * Loop: 
        +--------------+-------+-------+----------+-----------+-----------+------+----------+
        |              |    Latency    | Iteration|  Initiation Interval  | Trip |          |
        |   Loop Name  |  min  |  max  |  Latency |  achieved |   target  | Count| Pipelined|
        +--------------+-------+-------+----------+-----------+-----------+------+----------+
        |- Loop 1      |     32|     32|         1|          -|          -|    32|    no    |
        |- Loop 2      |   1568|   1568|        49|          -|          -|    32|    no    |
        |- Loop 3      |    416|   2336|  13 ~ 73 |          -|          -|    32|    no    |
        |- Loop 4      |   1568|   1568|        49|          -|          -|    32|    no    |
        |- Loop 5      |    416|   2336|  13 ~ 73 |          -|          -|    32|    no    |
        |- Loop 6      |   1568|   1568|        49|          -|          -|    32|    no    |
        |- Loop 7      |    416|   2336|  13 ~ 73 |          -|          -|    32|    no    |
        |- Loop 8      |   1568|   1568|        49|          -|          -|    32|    no    |
        |- Loop 9      |    416|   2336|  13 ~ 73 |          -|          -|    32|    no    |
        |- Loop 10     |  38994|  38994|        67|          -|          -|   582|    no    |
        | + Loop 10.1  |     64|     64|         2|          -|          -|    32|    no    |
        |- Loop 11     |   1568|   1568|        49|          -|          -|    32|    no    |
        |- Loop 12     |    416|   2336|  13 ~ 73 |          -|          -|    32|    no    |
        +--------------+-------+-------+----------+-----------+-----------+------+----------+



================================================================
== Utilization Estimates
================================================================
* Summary: 
+-----------------+---------+-------+--------+-------+-----+
|       Name      | BRAM_18K| DSP48E|   FF   |  LUT  | URAM|
+-----------------+---------+-------+--------+-------+-----+
|DSP              |        -|      -|       -|      -|    -|
|Expression       |        -|      -|       0|    381|    -|
|FIFO             |        -|      -|       -|      -|    -|
|Instance         |      101|    126|   27751|  38730|    0|
|Memory           |      239|      -|     192|     88|    0|
|Multiplexer      |        -|      -|       -|   2384|    -|
|Register         |        -|      -|     896|      -|    -|
+-----------------+---------+-------+--------+-------+-----+
|Total            |      340|    126|   28839|  41583|    0|
+-----------------+---------+-------+--------+-------+-----+
|Available        |      280|    220|  106400|  53200|    0|
+-----------------+---------+-------+--------+-------+-----+
|Utilization (%)  |      121|     57|      27|     78|    0|
+-----------------+---------+-------+--------+-------+-----+

+ Detail: 
    * Instance: 
    +------------------------------------------+-------------------------------------+---------+-------+------+-------+-----+
    |                 Instance                 |                Module               | BRAM_18K| DSP48E|  FF  |  LUT  | URAM|
    +------------------------------------------+-------------------------------------+---------+-------+------+-------+-----+
    |grp_conv_bn_act_pool_fu_645               |conv_bn_act_pool                     |        8|      4|  2361|   3141|    0|
    |grp_conv_bn_act_pool_1_fu_660             |conv_bn_act_pool_1                   |       24|      4|  2345|   3135|    0|
    |grp_conv_bn_act_pool_2_fu_676             |conv_bn_act_pool_2                   |       16|      4|  2337|   3119|    0|
    |grp_conv_bn_act_pool_3_fu_692             |conv_bn_act_pool_3                   |       12|      4|  2306|   3089|    0|
    |grp_conv_bn_act_pool_4_fu_708             |conv_bn_act_pool_4                   |       10|      4|  2286|   3076|    0|
    |grp_generic_tanh_float_s_fu_634           |generic_tanh_float_s                 |       15|     37|  5264|   7619|    0|
    |grp_lstm_forward_unidir_fu_600            |lstm_forward_unidir                  |       16|     65|  9370|  13760|    0|
    |main_fdiv_32ns_32ns_32_16_1_U124          |main_fdiv_32ns_32ns_32_16_1          |        0|      0|   761|    994|    0|
    |main_fsqrt_32ns_32ns_32_12_1_U125         |main_fsqrt_32ns_32ns_32_12_1         |        0|      0|   405|    615|    0|
    |main_hadd_16ns_16ns_16_5_full_dsp_1_U128  |main_hadd_16ns_16ns_16_5_full_dsp_1  |        0|      2|   109|    116|    0|
    |main_hmul_16ns_16ns_16_4_max_dsp_1_U129   |main_hmul_16ns_16ns_16_4_max_dsp_1   |        0|      2|    91|     36|    0|
    |main_hptosp_16ns_32_2_1_U127              |main_hptosp_16ns_32_2_1              |        0|      0|    52|      9|    0|
    |main_sptohp_32ns_16_2_1_U126              |main_sptohp_32ns_16_2_1              |        0|      0|    64|     21|    0|
    +------------------------------------------+-------------------------------------+---------+-------+------+-------+-----+
    |Total                                     |                                     |      101|    126| 27751|  38730|    0|
    +------------------------------------------+-------------------------------------+---------+-------+------+-------+-----+

    * DSP48E: 
    N/A

    * Memory: 
    +----------------+-----------------------------------+---------+----+----+-----+--------+-----+------+-------------+
    |     Memory     |               Module              | BRAM_18K| FF | LUT| URAM|  Words | Bits| Banks| W*Bits*Banks|
    +----------------+-----------------------------------+---------+----+----+-----+--------+-----+------+-------------+
    |BN2_var0_U      |conv_bn_act_pool_4_BN1_var0        |        0|  16|   8|    0|      32|   16|     1|          512|
    |BN2_gamma0_U    |conv_bn_act_pool_4_BN1_var0        |        0|  16|   8|    0|      32|   16|     1|          512|
    |BN2_var1_U      |conv_bn_act_pool_4_BN1_var0        |        0|  16|   8|    0|      32|   16|     1|          512|
    |BN2_gamma1_U    |conv_bn_act_pool_4_BN1_var0        |        0|  16|   8|    0|      32|   16|     1|          512|
    |BN2_var2_U      |conv_bn_act_pool_4_BN1_var0        |        0|  16|   8|    0|      32|   16|     1|          512|
    |BN2_gamma2_U    |conv_bn_act_pool_4_BN1_var0        |        0|  16|   8|    0|      32|   16|     1|          512|
    |BN2_var3_U      |conv_bn_act_pool_4_BN1_var0        |        0|  16|   8|    0|      32|   16|     1|          512|
    |BN2_gamma3_U    |conv_bn_act_pool_4_BN1_var0        |        0|  16|   8|    0|      32|   16|     1|          512|
    |BN2_var4_U      |conv_bn_act_pool_4_BN1_var0        |        0|  16|   8|    0|      32|   16|     1|          512|
    |BN2_gamma4_U    |conv_bn_act_pool_4_BN1_var0        |        0|  16|   8|    0|      32|   16|     1|          512|
    |h_slice_U       |lstm_forward_unidir_c_slice        |        0|  32|   8|    0|      32|   16|     1|          512|
    |Emb4_U          |run_all_slices_unrol_Emb4          |      128|   0|   0|    0|  131072|   16|     1|      2097152|
    |LSTM_R_ifog0_U  |run_all_slices_unrol_LSTM_R_ifog0  |        4|   0|   0|    0|    4096|   16|     1|        65536|
    |LSTM_R_ifog1_U  |run_all_slices_unrol_LSTM_R_ifog1  |        4|   0|   0|    0|    4096|   16|     1|        65536|
    |LSTM_R_ifog2_U  |run_all_slices_unrol_LSTM_R_ifog2  |        4|   0|   0|    0|    4096|   16|     1|        65536|
    |LSTM_R_ifog3_U  |run_all_slices_unrol_LSTM_R_ifog3  |        4|   0|   0|    0|    4096|   16|     1|        65536|
    |LSTM_R_ifog4_U  |run_all_slices_unrol_LSTM_R_ifog4  |        4|   0|   0|    0|    4096|   16|     1|        65536|
    |LSTM_W_ifog0_U  |run_all_slices_unrol_LSTM_W_ifog0  |        4|   0|   0|    0|    4096|   16|     1|        65536|
    |LSTM_W_ifog1_U  |run_all_slices_unrol_LSTM_W_ifog1  |        4|   0|   0|    0|    4096|   16|     1|        65536|
    |LSTM_W_ifog2_U  |run_all_slices_unrol_LSTM_W_ifog2  |        4|   0|   0|    0|    4096|   16|     1|        65536|
    |LSTM_W_ifog3_U  |run_all_slices_unrol_LSTM_W_ifog3  |        4|   0|   0|    0|    4096|   16|     1|        65536|
    |LSTM_W_ifog4_U  |run_all_slices_unrol_LSTM_W_ifog4  |        4|   0|   0|    0|    4096|   16|     1|        65536|
    |LSTM_b_ifog0_U  |run_all_slices_unrol_LSTM_b_ifog0  |        1|   0|   0|    0|     128|   16|     1|         2048|
    |LSTM_b_ifog1_U  |run_all_slices_unrol_LSTM_b_ifog0  |        1|   0|   0|    0|     128|   16|     1|         2048|
    |LSTM_b_ifog2_U  |run_all_slices_unrol_LSTM_b_ifog0  |        1|   0|   0|    0|     128|   16|     1|         2048|
    |LSTM_b_ifog3_U  |run_all_slices_unrol_LSTM_b_ifog0  |        1|   0|   0|    0|     128|   16|     1|         2048|
    |LSTM_b_ifog4_U  |run_all_slices_unrol_LSTM_b_ifog0  |        1|   0|   0|    0|     128|   16|     1|         2048|
    |U_slice_U       |run_all_slices_unrol_U_slice       |        1|   0|   0|    0|     384|   16|     1|         6144|
    |X_slice_1_U     |run_all_slices_unrol_X_slice_1     |       32|   0|   0|    0|   18624|   16|     1|       297984|
    |Y_U             |run_all_slices_unrol_Y             |       32|   0|   0|    0|   18432|   16|     1|       294912|
    |tokens4_U       |run_all_slices_unrol_tokens4       |        1|   0|   0|    0|     582|   10|     1|         5820|
    +----------------+-----------------------------------+---------+----+----+-----+--------+-----+------+-------------+
    |Total           |                                   |      239| 192|  88|    0|  211046|  490|    31|      3373244|
    +----------------+-----------------------------------+---------+----+----+-----+--------+-----+------+-------------+

    * FIFO: 
    N/A

    * Expression: 
    +-------------------------+----------+-------+---+----+------------+------------+
    |      Variable Name      | Operation| DSP48E| FF| LUT| Bitwidth P0| Bitwidth P1|
    +-------------------------+----------+-------+---+----+------------+------------+
    |add_ln60_1_fu_1025_p2    |     +    |      0|  0|  21|          15|          15|
    |add_ln60_fu_1015_p2      |     +    |      0|  0|  21|          15|          15|
    |c_1_fu_861_p2            |     +    |      0|  0|  15|           6|           1|
    |c_2_fu_898_p2            |     +    |      0|  0|  15|           6|           1|
    |c_3_fu_935_p2            |     +    |      0|  0|  15|           6|           1|
    |c_4_fu_1040_p2           |     +    |      0|  0|  15|           6|           1|
    |c_fu_824_p2              |     +    |      0|  0|  15|           6|           1|
    |e_fu_1005_p2             |     +    |      0|  0|  15|           6|           1|
    |j_10_fu_1059_p2          |     +    |      0|  0|  15|           6|           1|
    |j_6_fu_843_p2            |     +    |      0|  0|  15|           6|           1|
    |j_7_fu_880_p2            |     +    |      0|  0|  15|           6|           1|
    |j_8_fu_917_p2            |     +    |      0|  0|  15|           6|           1|
    |j_9_fu_954_p2            |     +    |      0|  0|  15|           6|           1|
    |j_fu_807_p2              |     +    |      0|  0|  15|           6|           1|
    |t_fu_972_p2              |     +    |      0|  0|  14|          10|           1|
    |icmp_ln154_1_fu_855_p2   |   icmp   |      0|  0|  11|           6|           7|
    |icmp_ln154_2_fu_892_p2   |   icmp   |      0|  0|  11|           6|           7|
    |icmp_ln154_3_fu_929_p2   |   icmp   |      0|  0|  11|           6|           7|
    |icmp_ln154_4_fu_1034_p2  |   icmp   |      0|  0|  11|           6|           7|
    |icmp_ln154_fu_818_p2     |   icmp   |      0|  0|  11|           6|           7|
    |icmp_ln180_fu_801_p2     |   icmp   |      0|  0|  11|           6|           7|
    |icmp_ln194_fu_837_p2     |   icmp   |      0|  0|  11|           6|           7|
    |icmp_ln209_fu_874_p2     |   icmp   |      0|  0|  11|           6|           7|
    |icmp_ln224_fu_911_p2     |   icmp   |      0|  0|  11|           6|           7|
    |icmp_ln239_fu_948_p2     |   icmp   |      0|  0|  11|           6|           7|
    |icmp_ln254_fu_1053_p2    |   icmp   |      0|  0|  11|           6|           7|
    |icmp_ln53_fu_966_p2      |   icmp   |      0|  0|  13|          10|          10|
    |icmp_ln59_fu_999_p2      |   icmp   |      0|  0|  11|           6|           7|
    +-------------------------+----------+-------+---+----+------------+------------+
    |Total                    |          |      0|  0| 381|         194|         137|
    +-------------------------+----------+-------+---+----+------------+------------+

    * Multiplexer: 
    +------------------------------------------+------+-----------+-----+-----------+
    |                   Name                   |  LUT | Input Size| Bits| Total Bits|
    +------------------------------------------+------+-----------+-----+-----------+
    |LSTM_R_ifog0_ce0                          |     9|          2|    1|          2|
    |LSTM_R_ifog1_ce0                          |     9|          2|    1|          2|
    |LSTM_R_ifog2_ce0                          |     9|          2|    1|          2|
    |LSTM_R_ifog3_ce0                          |     9|          2|    1|          2|
    |LSTM_R_ifog4_ce0                          |     9|          2|    1|          2|
    |LSTM_W_ifog0_ce0                          |     9|          2|    1|          2|
    |LSTM_W_ifog1_ce0                          |     9|          2|    1|          2|
    |LSTM_W_ifog2_ce0                          |     9|          2|    1|          2|
    |LSTM_W_ifog3_ce0                          |     9|          2|    1|          2|
    |LSTM_W_ifog4_ce0                          |     9|          2|    1|          2|
    |LSTM_b_ifog0_ce0                          |     9|          2|    1|          2|
    |LSTM_b_ifog1_ce0                          |     9|          2|    1|          2|
    |LSTM_b_ifog2_ce0                          |     9|          2|    1|          2|
    |LSTM_b_ifog3_ce0                          |     9|          2|    1|          2|
    |LSTM_b_ifog4_ce0                          |     9|          2|    1|          2|
    |U_slice_address0                          |    38|          7|    9|         63|
    |U_slice_ce0                               |    38|          7|    1|          7|
    |U_slice_d0                                |    33|          6|   16|         96|
    |U_slice_we0                               |    33|          6|    1|          6|
    |X_slice_1_address0                        |    15|          3|   15|         45|
    |X_slice_1_ce0                             |    15|          3|    1|          3|
    |Y_address0                                |    33|          6|   15|         90|
    |Y_ce0                                     |    33|          6|    1|          6|
    |Y_d0                                      |    33|          6|   16|         96|
    |Y_we0                                     |    33|          6|    1|          6|
    |ap_NS_fsm                                 |  1453|        327|    1|        327|
    |c_0_i18053_reg_489                        |     9|          2|    6|         12|
    |c_0_i18056_reg_511                        |     9|          2|    6|         12|
    |c_0_i18059_reg_533                        |     9|          2|    6|         12|
    |c_0_i18062_reg_578                        |     9|          2|    6|         12|
    |c_0_i_reg_467                             |     9|          2|    6|         12|
    |e_0_i_reg_567                             |     9|          2|    6|         12|
    |grp_fu_733_p0                             |    15|          3|   32|         96|
    |grp_fu_737_p0                             |    15|          3|   16|         48|
    |grp_fu_741_p0                             |    41|          8|   16|        128|
    |grp_fu_741_p1                             |    21|          4|   16|         64|
    |grp_fu_747_p0                             |    33|          6|   16|         96|
    |grp_lstm_forward_unidir_fu_600_R_ifog_q0  |    33|          6|   16|         96|
    |grp_lstm_forward_unidir_fu_600_W_ifog_q0  |    33|          6|   16|         96|
    |grp_lstm_forward_unidir_fu_600_b_ifog_q0  |    33|          6|   16|         96|
    |h_slice_address0                          |    53|         12|    5|         60|
    |h_slice_ce0                               |    15|          3|    1|          3|
    |h_slice_d0                                |    15|          3|   16|         48|
    |h_slice_we0                               |    15|          3|    1|          3|
    |j_0_reg_456                               |     9|          2|    6|         12|
    |j_1_reg_478                               |     9|          2|    6|         12|
    |j_2_reg_500                               |     9|          2|    6|         12|
    |j_3_reg_522                               |     9|          2|    6|         12|
    |j_4_reg_544                               |     9|          2|    6|         12|
    |j_5_reg_589                               |     9|          2|    6|         12|
    |merged_address0                           |    38|          7|    5|         35|
    |merged_d0                                 |    15|          3|   16|         48|
    |t_0_i_reg_555                             |     9|          2|   10|         20|
    +------------------------------------------+------+-----------+-----+-----------+
    |Total                                     |  2384|        512|  362|       1856|
    +------------------------------------------+------+-----------+-----+-----------+

    * Register: 
    +----------------------------------------------+-----+----+-----+-----------+
    |                     Name                     |  FF | LUT| Bits| Const Bits|
    +----------------------------------------------+-----+----+-----+-----------+
    |BN2_gamma0_load_reg_1107                      |   16|   0|   16|          0|
    |BN2_gamma1_load_reg_1158                      |   16|   0|   16|          0|
    |BN2_gamma2_load_reg_1209                      |   16|   0|   16|          0|
    |BN2_gamma3_load_reg_1260                      |   16|   0|   16|          0|
    |BN2_gamma4_load_reg_1352                      |   16|   0|   16|          0|
    |BN2_var0_load_reg_1102                        |   16|   0|   16|          0|
    |BN2_var1_load_reg_1153                        |   16|   0|   16|          0|
    |BN2_var2_load_reg_1204                        |   16|   0|   16|          0|
    |BN2_var3_load_reg_1255                        |   16|   0|   16|          0|
    |BN2_var4_load_reg_1347                        |   16|   0|   16|          0|
    |add_ln60_1_reg_1319                           |   15|   0|   15|          0|
    |ap_CS_fsm                                     |  326|   0|  326|          0|
    |c_0_i18053_reg_489                            |    6|   0|    6|          0|
    |c_0_i18056_reg_511                            |    6|   0|    6|          0|
    |c_0_i18059_reg_533                            |    6|   0|    6|          0|
    |c_0_i18062_reg_578                            |    6|   0|    6|          0|
    |c_0_i_reg_467                                 |    6|   0|    6|          0|
    |c_1_reg_1133                                  |    6|   0|    6|          0|
    |c_2_reg_1184                                  |    6|   0|    6|          0|
    |c_3_reg_1235                                  |    6|   0|    6|          0|
    |c_4_reg_1327                                  |    6|   0|    6|          0|
    |c_reg_1082                                    |    6|   0|    6|          0|
    |e_0_i_reg_567                                 |    6|   0|    6|          0|
    |e_reg_1309                                    |    6|   0|    6|          0|
    |grp_conv_bn_act_pool_1_fu_660_ap_start_reg    |    1|   0|    1|          0|
    |grp_conv_bn_act_pool_2_fu_676_ap_start_reg    |    1|   0|    1|          0|
    |grp_conv_bn_act_pool_3_fu_692_ap_start_reg    |    1|   0|    1|          0|
    |grp_conv_bn_act_pool_4_fu_708_ap_start_reg    |    1|   0|    1|          0|
    |grp_conv_bn_act_pool_fu_645_ap_start_reg      |    1|   0|    1|          0|
    |grp_generic_tanh_float_s_fu_634_ap_start_reg  |    1|   0|    1|          0|
    |grp_lstm_forward_unidir_fu_600_ap_start_reg   |    1|   0|    1|          0|
    |h_slice_addr_2_reg_1138                       |    5|   0|    5|          0|
    |h_slice_addr_4_reg_1189                       |    5|   0|    5|          0|
    |h_slice_addr_6_reg_1240                       |    5|   0|    5|          0|
    |h_slice_addr_8_reg_1332                       |    5|   0|    5|          0|
    |h_slice_addr_reg_1087                         |    5|   0|    5|          0|
    |j_0_reg_456                                   |    6|   0|    6|          0|
    |j_10_reg_1360                                 |    6|   0|    6|          0|
    |j_1_reg_478                                   |    6|   0|    6|          0|
    |j_2_reg_500                                   |    6|   0|    6|          0|
    |j_3_reg_522                                   |    6|   0|    6|          0|
    |j_4_reg_544                                   |    6|   0|    6|          0|
    |j_5_reg_589                                   |    6|   0|    6|          0|
    |j_6_reg_1115                                  |    6|   0|    6|          0|
    |j_7_reg_1166                                  |    6|   0|    6|          0|
    |j_8_reg_1217                                  |    6|   0|    6|          0|
    |j_9_reg_1268                                  |    6|   0|    6|          0|
    |merged_addr_1_reg_1125                        |    5|   0|    5|          0|
    |merged_addr_2_reg_1176                        |    5|   0|    5|          0|
    |merged_addr_3_reg_1227                        |    5|   0|    5|          0|
    |merged_addr_4_reg_1278                        |    5|   0|    5|          0|
    |merged_addr_5_reg_1370                        |    5|   0|    5|          0|
    |reg_751                                       |   16|   0|   16|          0|
    |reg_758                                       |   32|   0|   32|          0|
    |reg_770                                       |   32|   0|   32|          0|
    |reg_775                                       |   32|   0|   32|          0|
    |reg_780                                       |   16|   0|   16|          0|
    |reg_786                                       |   16|   0|   16|          0|
    |reg_796                                       |   16|   0|   16|          0|
    |shl_ln1_reg_1301                              |   10|   0|   15|          5|
    |shl_ln_reg_1296                               |   10|   0|   15|          5|
    |t_0_i_reg_555                                 |   10|   0|   10|          0|
    |t_reg_1286                                    |   10|   0|   10|          0|
    +----------------------------------------------+-----+----+-----+-----------+
    |Total                                         |  896|   0|  906|         10|
    +----------------------------------------------+-----+----+-----+-----------+



================================================================
== Interface
================================================================
* Summary: 
+-----------------+-----+-----+------------+----------------------+--------------+
|    RTL Ports    | Dir | Bits|  Protocol  |     Source Object    |    C Type    |
+-----------------+-----+-----+------------+----------------------+--------------+
|ap_clk           |  in |    1| ap_ctrl_hs | run_all_slices_unrol | return value |
|ap_rst           |  in |    1| ap_ctrl_hs | run_all_slices_unrol | return value |
|ap_start         |  in |    1| ap_ctrl_hs | run_all_slices_unrol | return value |
|ap_done          | out |    1| ap_ctrl_hs | run_all_slices_unrol | return value |
|ap_idle          | out |    1| ap_ctrl_hs | run_all_slices_unrol | return value |
|ap_ready         | out |    1| ap_ctrl_hs | run_all_slices_unrol | return value |
|merged_address0  | out |    5|  ap_memory |        merged        |     array    |
|merged_ce0       | out |    1|  ap_memory |        merged        |     array    |
|merged_we0       | out |    1|  ap_memory |        merged        |     array    |
|merged_d0        | out |   16|  ap_memory |        merged        |     array    |
|merged_q0        |  in |   16|  ap_memory |        merged        |     array    |
+-----------------+-----+-----+------------+----------------------+--------------+

