

================================================================
== Vivado HLS Report for 'avgpool1d_P_3'
================================================================
* Date:           Fri Aug 29 15:46:12 2025

* Version:        2019.1 (Build 2552052 on Fri May 24 15:28:33 MDT 2019)
* Project:        BranchPrediction
* Solution:       solution1
* Product family: zynq
* Target device:  xc7z020-clg484-1


================================================================
== Performance Estimates
================================================================
+ Timing (ns): 
    * Summary: 
    +--------+-------+----------+------------+
    |  Clock | Target| Estimated| Uncertainty|
    +--------+-------+----------+------------+
    |ap_clk  |  10.00|     7.256|        1.25|
    +--------+-------+----------+------------+

+ Latency (clock cycles): 
    * Summary: 
    +-------+-------+-------+-------+---------+
    |    Latency    |    Interval   | Pipeline|
    |  min  |  max  |  min  |  max  |   Type  |
    +-------+-------+-------+-------+---------+
    |  23065|  23065|  23065|  23065|   none  |
    +-------+-------+-------+-------+---------+

    + Detail: 
        * Instance: 
        N/A

        * Loop: 
        +-----------------+-------+-------+----------+-----------+-----------+------+----------+
        |                 |    Latency    | Iteration|  Initiation Interval  | Trip |          |
        |    Loop Name    |  min  |  max  |  Latency |  achieved |   target  | Count| Pipelined|
        +-----------------+-------+-------+----------+-----------+-----------+------+----------+
        |- Loop 1         |  23064|  23064|      1922|          -|          -|    12|    no    |
        | + Loop 1.1      |   1920|   1920|        60|          -|          -|    32|    no    |
        |  ++ Loop 1.1.1  |     42|     42|         7|          -|          -|     6|    no    |
        +-----------------+-------+-------+----------+-----------+-----------+------+----------+



================================================================
== Utilization Estimates
================================================================
* Summary: 
+-----------------+---------+-------+--------+-------+-----+
|       Name      | BRAM_18K| DSP48E|   FF   |  LUT  | URAM|
+-----------------+---------+-------+--------+-------+-----+
|DSP              |        -|      -|       -|      -|    -|
|Expression       |        -|      -|       0|    133|    -|
|FIFO             |        -|      -|       -|      -|    -|
|Instance         |        -|      2|     966|   1384|    -|
|Memory           |        -|      -|       -|      -|    -|
|Multiplexer      |        -|      -|       -|    161|    -|
|Register         |        -|      -|     180|      -|    -|
+-----------------+---------+-------+--------+-------+-----+
|Total            |        0|      2|    1146|   1678|    0|
+-----------------+---------+-------+--------+-------+-----+
|Available        |      280|    220|  106400|  53200|    0|
+-----------------+---------+-------+--------+-------+-----+
|Utilization (%)  |        0|   ~0  |       1|      3|    0|
+-----------------+---------+-------+--------+-------+-----+

+ Detail: 
    * Instance: 
    +-----------------------------------------+-------------------------------------+---------+-------+-----+-----+-----+
    |                 Instance                |                Module               | BRAM_18K| DSP48E|  FF | LUT | URAM|
    +-----------------------------------------+-------------------------------------+---------+-------+-----+-----+-----+
    |main_fadd_32ns_32ns_32_5_full_dsp_1_U71  |main_fadd_32ns_32ns_32_5_full_dsp_1  |        0|      2|  205|  390|    0|
    |main_fdiv_32ns_32ns_32_16_1_U72          |main_fdiv_32ns_32ns_32_16_1          |        0|      0|  761|  994|    0|
    +-----------------------------------------+-------------------------------------+---------+-------+-----+-----+-----+
    |Total                                    |                                     |        0|      2|  966| 1384|    0|
    +-----------------------------------------+-------------------------------------+---------+-------+-----+-----+-----+

    * DSP48E: 
    N/A

    * Memory: 
    N/A

    * FIFO: 
    N/A

    * Expression: 
    +----------------------+----------+-------+---+----+------------+------------+
    |     Variable Name    | Operation| DSP48E| FF| LUT| Bitwidth P0| Bitwidth P1|
    +----------------------+----------+-------+---+----+------------+------------+
    |add_ln91_1_fu_233_p2  |     +    |      0|  0|  19|          14|          14|
    |add_ln91_fu_216_p2    |     +    |      0|  0|  15|           8|           8|
    |add_ln92_fu_247_p2    |     +    |      0|  0|  15|           9|           9|
    |c_fu_194_p2           |     +    |      0|  0|  15|           6|           1|
    |p_fu_206_p2           |     +    |      0|  0|  12|           3|           1|
    |u_fu_136_p2           |     +    |      0|  0|  13|           4|           1|
    |sub_ln91_fu_166_p2    |     -    |      0|  0|  15|           8|           8|
    |icmp_ln88_fu_130_p2   |   icmp   |      0|  0|   9|           4|           4|
    |icmp_ln89_fu_188_p2   |   icmp   |      0|  0|  11|           6|           7|
    |icmp_ln91_fu_200_p2   |   icmp   |      0|  0|   9|           3|           3|
    +----------------------+----------+-------+---+----+------------+------------+
    |Total                 |          |      0|  0| 133|          65|          56|
    +----------------------+----------+-------+---+----+------------+------------+

    * Multiplexer: 
    +--------------+-----+-----------+-----+-----------+
    |     Name     | LUT | Input Size| Bits| Total Bits|
    +--------------+-----+-----------+-----+-----------+
    |acc_0_reg_96  |    9|          2|   32|         64|
    |ap_NS_fsm     |  125|         27|    1|         27|
    |c_0_reg_85    |    9|          2|    6|         12|
    |p_0_reg_108   |    9|          2|    3|          6|
    |u_0_reg_74    |    9|          2|    4|          8|
    +--------------+-----+-----------+-----+-----------+
    |Total         |  161|         35|   46|        117|
    +--------------+-----+-----------+-----+-----------+

    * Register: 
    +---------------------+----+----+-----+-----------+
    |         Name        | FF | LUT| Bits| Const Bits|
    +---------------------+----+----+-----+-----------+
    |Z_load_reg_309       |  32|   0|   32|          0|
    |acc_0_reg_96         |  32|   0|   32|          0|
    |add_ln92_reg_304     |   9|   0|    9|          0|
    |ap_CS_fsm            |  26|   0|   26|          0|
    |c_0_reg_85           |   6|   0|    6|          0|
    |c_reg_286            |   6|   0|    6|          0|
    |p_0_reg_108          |   3|   0|    3|          0|
    |p_reg_294            |   3|   0|    3|          0|
    |shl_ln_reg_268       |   4|   0|    9|          5|
    |sub_ln91_reg_263     |   7|   0|    8|          1|
    |tmp_s_reg_319        |  32|   0|   32|          0|
    |u_0_reg_74           |   4|   0|    4|          0|
    |u_reg_258            |   4|   0|    4|          0|
    |zext_ln89_2_reg_278  |   6|   0|   14|          8|
    |zext_ln89_reg_273    |   6|   0|    9|          3|
    +---------------------+----+----+-----+-----------+
    |Total                | 180|   0|  197|         17|
    +---------------------+----+----+-----+-----------+



================================================================
== Interface
================================================================
* Summary: 
+------------+-----+-----+------------+---------------+--------------+
|  RTL Ports | Dir | Bits|  Protocol  | Source Object |    C Type    |
+------------+-----+-----+------------+---------------+--------------+
|ap_clk      |  in |    1| ap_ctrl_hs | avgpool1d_P.3 | return value |
|ap_rst      |  in |    1| ap_ctrl_hs | avgpool1d_P.3 | return value |
|ap_start    |  in |    1| ap_ctrl_hs | avgpool1d_P.3 | return value |
|ap_done     | out |    1| ap_ctrl_hs | avgpool1d_P.3 | return value |
|ap_idle     | out |    1| ap_ctrl_hs | avgpool1d_P.3 | return value |
|ap_ready    | out |    1| ap_ctrl_hs | avgpool1d_P.3 | return value |
|Z_address0  | out |   12|  ap_memory |       Z       |     array    |
|Z_ce0       | out |    1|  ap_memory |       Z       |     array    |
|Z_q0        |  in |   32|  ap_memory |       Z       |     array    |
|U_address0  | out |    9|  ap_memory |       U       |     array    |
|U_ce0       | out |    1|  ap_memory |       U       |     array    |
|U_we0       | out |    1|  ap_memory |       U       |     array    |
|U_d0        | out |   32|  ap_memory |       U       |     array    |
+------------+-----+-----+------------+---------------+--------------+

