

================================================================
== Vivado HLS Report for 'conv1d_valid_dyn_4'
================================================================
* Date:           Fri Aug 29 15:46:09 2025

* Version:        2019.1 (Build 2552052 on Fri May 24 15:28:33 MDT 2019)
* Project:        BranchPrediction
* Solution:       solution1
* Product family: zynq
* Target device:  xc7z020-clg484-1


================================================================
== Performance Estimates
================================================================
+ Timing (ns): 
    * Summary: 
    +--------+-------+----------+------------+
    |  Clock | Target| Estimated| Uncertainty|
    +--------+-------+----------+------------+
    |ap_clk  |  10.00|     7.256|        1.25|
    +--------+-------+----------+------------+

+ Latency (clock cycles): 
    * Summary: 
    +---------+---------+---------+---------+---------+
    |      Latency      |      Interval     | Pipeline|
    |   min   |   max   |   min   |   max   |   Type  |
    +---------+---------+---------+---------+---------+
    |  2857033|  2857033|  2857033|  2857033|   none  |
    +---------+---------+---------+---------+---------+

    + Detail: 
        * Instance: 
        N/A

        * Loop: 
        +---------------------+---------+---------+----------+-----------+-----------+------+----------+
        |                     |      Latency      | Iteration|  Initiation Interval  | Trip |          |
        |      Loop Name      |   min   |   max   |  Latency |  achieved |   target  | Count| Pipelined|
        +---------------------+---------+---------+----------+-----------+-----------+------+----------+
        |- Loop 1             |  2857032|  2857032|     79362|          -|          -|    36|    no    |
        | + Loop 1.1          |    79360|    79360|      2480|          -|          -|    32|    no    |
        |  ++ Loop 1.1.1      |     2478|     2478|       354|          -|          -|     7|    no    |
        |   +++ Loop 1.1.1.1  |      352|      352|        11|          -|          -|    32|    no    |
        +---------------------+---------+---------+----------+-----------+-----------+------+----------+



================================================================
== Utilization Estimates
================================================================
* Summary: 
+-----------------+---------+-------+--------+-------+-----+
|       Name      | BRAM_18K| DSP48E|   FF   |  LUT  | URAM|
+-----------------+---------+-------+--------+-------+-----+
|DSP              |        -|      -|       -|      -|    -|
|Expression       |        -|      -|       0|    157|    -|
|FIFO             |        -|      -|       -|      -|    -|
|Instance         |        -|      5|     348|    711|    -|
|Memory           |       20|      -|       0|      0|    -|
|Multiplexer      |        -|      -|       -|    119|    -|
|Register         |        -|      -|     241|      -|    -|
+-----------------+---------+-------+--------+-------+-----+
|Total            |       20|      5|     589|    987|    0|
+-----------------+---------+-------+--------+-------+-----+
|Available        |      280|    220|  106400|  53200|    0|
+-----------------+---------+-------+--------+-------+-----+
|Utilization (%)  |        7|      2|   ~0   |      1|    0|
+-----------------+---------+-------+--------+-------+-----+

+ Detail: 
    * Instance: 
    +----------------------------------------+-------------------------------------+---------+-------+-----+-----+-----+
    |                Instance                |                Module               | BRAM_18K| DSP48E|  FF | LUT | URAM|
    +----------------------------------------+-------------------------------------+---------+-------+-----+-----+-----+
    |main_fadd_32ns_32ns_32_5_full_dsp_1_U1  |main_fadd_32ns_32ns_32_5_full_dsp_1  |        0|      2|  205|  390|    0|
    |main_fmul_32ns_32ns_32_4_max_dsp_1_U2   |main_fmul_32ns_32ns_32_4_max_dsp_1   |        0|      3|  143|  321|    0|
    +----------------------------------------+-------------------------------------+---------+-------+-----+-----+-----+
    |Total                                   |                                     |        0|      5|  348|  711|    0|
    +----------------------------------------+-------------------------------------+---------+-------+-----+-----+-----+

    * DSP48E: 
    N/A

    * Memory: 
    +----------+---------------------------+---------+---+----+-----+------+-----+------+-------------+
    |  Memory  |           Module          | BRAM_18K| FF| LUT| URAM| Words| Bits| Banks| W*Bits*Banks|
    +----------+---------------------------+---------+---+----+-----+------+-----+------+-------------+
    |ConvW0_U  |conv1d_valid_dyn_4_ConvW0  |       16|  0|   0|    0|  7168|   32|     1|       229376|
    |X0_U      |conv1d_valid_dyn_4_X0      |        4|  0|   0|    0|  1344|   32|     1|        43008|
    +----------+---------------------------+---------+---+----+-----+------+-----+------+-------------+
    |Total     |                           |       20|  0|   0|    0|  8512|   64|     2|       272384|
    +----------+---------------------------+---------+---+----+-----+------+-----+------+-------------+

    * FIFO: 
    N/A

    * Expression: 
    +----------------------+----------+-------+---+----+------------+------------+
    |     Variable Name    | Operation| DSP48E| FF| LUT| Bitwidth P0| Bitwidth P1|
    +----------------------+----------+-------+---+----+------------+------------+
    |add_ln54_fu_213_p2    |     +    |      0|  0|  15|           6|           6|
    |add_ln56_1_fu_276_p2  |     +    |      0|  0|  17|          13|          13|
    |add_ln56_fu_252_p2    |     +    |      0|  0|  13|          11|          11|
    |add_ln58_fu_227_p2    |     +    |      0|  0|  13|          11|          11|
    |e_fu_242_p2           |     +    |      0|  0|  15|           6|           1|
    |f_fu_187_p2           |     +    |      0|  0|  15|           6|           1|
    |k_fu_203_p2           |     +    |      0|  0|  12|           3|           1|
    |t_fu_163_p2           |     +    |      0|  0|  15|           6|           1|
    |icmp_ln50_fu_157_p2   |   icmp   |      0|  0|  11|           6|           6|
    |icmp_ln51_fu_181_p2   |   icmp   |      0|  0|  11|           6|           7|
    |icmp_ln53_fu_197_p2   |   icmp   |      0|  0|   9|           3|           2|
    |icmp_ln56_fu_236_p2   |   icmp   |      0|  0|  11|           6|           7|
    +----------------------+----------+-------+---+----+------------+------------+
    |Total                 |          |      0|  0| 157|          83|          67|
    +----------------------+----------+-------+---+----+------------+------------+

    * Multiplexer: 
    +---------------+----+-----------+-----+-----------+
    |      Name     | LUT| Input Size| Bits| Total Bits|
    +---------------+----+-----------+-----+-----------+
    |acc_0_reg_100  |   9|          2|   32|         64|
    |acc_1_reg_125  |   9|          2|   32|         64|
    |ap_NS_fsm      |  65|         16|    1|         16|
    |e_0_reg_137    |   9|          2|    6|         12|
    |f_0_reg_89     |   9|          2|    6|         12|
    |k_0_reg_113    |   9|          2|    3|          6|
    |t_0_reg_77     |   9|          2|    6|         12|
    +---------------+----+-----------+-----+-----------+
    |Total          | 119|         28|   86|        186|
    +---------------+----+-----------+-----+-----------+

    * Register: 
    +---------------------+----+----+-----+-----------+
    |         Name        | FF | LUT| Bits| Const Bits|
    +---------------------+----+----+-----+-----------+
    |ConvW0_load_reg_353  |  32|   0|   32|          0|
    |X0_load_reg_348      |  32|   0|   32|          0|
    |acc_0_reg_100        |  32|   0|   32|          0|
    |acc_1_reg_125        |  32|   0|   32|          0|
    |ap_CS_fsm            |  15|   0|   15|          0|
    |e_0_reg_137          |   6|   0|    6|          0|
    |e_reg_333            |   6|   0|    6|          0|
    |f_0_reg_89           |   6|   0|    6|          0|
    |f_reg_307            |   6|   0|    6|          0|
    |k_0_reg_113          |   3|   0|    3|          0|
    |k_reg_320            |   3|   0|    3|          0|
    |shl_ln6_reg_325      |   6|   0|   11|          5|
    |shl_ln_reg_294       |   6|   0|   11|          5|
    |t_0_reg_77           |   6|   0|    6|          0|
    |t_reg_289            |   6|   0|    6|          0|
    |tmp_reg_358          |  32|   0|   32|          0|
    |zext_ln51_reg_299    |   6|   0|   11|          5|
    |zext_ln53_reg_312    |   6|   0|   13|          7|
    +---------------------+----+----+-----+-----------+
    |Total                | 241|   0|  263|         22|
    +---------------------+----+----+-----+-----------+



================================================================
== Interface
================================================================
* Summary: 
+------------+-----+-----+------------+--------------------+--------------+
|  RTL Ports | Dir | Bits|  Protocol  |    Source Object   |    C Type    |
+------------+-----+-----+------------+--------------------+--------------+
|ap_clk      |  in |    1| ap_ctrl_hs | conv1d_valid_dyn.4 | return value |
|ap_rst      |  in |    1| ap_ctrl_hs | conv1d_valid_dyn.4 | return value |
|ap_start    |  in |    1| ap_ctrl_hs | conv1d_valid_dyn.4 | return value |
|ap_done     | out |    1| ap_ctrl_hs | conv1d_valid_dyn.4 | return value |
|ap_idle     | out |    1| ap_ctrl_hs | conv1d_valid_dyn.4 | return value |
|ap_ready    | out |    1| ap_ctrl_hs | conv1d_valid_dyn.4 | return value |
|Y_address0  | out |   11|  ap_memory |          Y         |     array    |
|Y_ce0       | out |    1|  ap_memory |          Y         |     array    |
|Y_we0       | out |    1|  ap_memory |          Y         |     array    |
|Y_d0        | out |   32|  ap_memory |          Y         |     array    |
+------------+-----+-----+------------+--------------------+--------------+

