

================================================================
== Vivado HLS Report for 'main'
================================================================
* Date:           Fri Aug 29 15:46:17 2025

* Version:        2019.1 (Build 2552052 on Fri May 24 15:28:33 MDT 2019)
* Project:        BranchPrediction
* Solution:       solution1
* Product family: zynq
* Target device:  xc7z020-clg484-1


================================================================
== Performance Estimates
================================================================
+ Timing (ns): 
    * Summary: 
    +--------+-------+----------+------------+
    |  Clock | Target| Estimated| Uncertainty|
    +--------+-------+----------+------------+
    |ap_clk  |  10.00|     9.894|        1.25|
    +--------+-------+----------+------------+

+ Latency (clock cycles): 
    * Summary: 
    +----------+----------+----------+----------+---------+
    |       Latency       |       Interval      | Pipeline|
    |    min   |    max   |    min   |    max   |   Type  |
    +----------+----------+----------+----------+---------+
    |  96913071|  97153071|  96913071|  97153071|   none  |
    +----------+----------+----------+----------+---------+

    + Detail: 
        * Instance: 
        +---------------------------------+----------------------+----------+----------+----------+----------+---------+
        |                                 |                      |       Latency       |       Interval      | Pipeline|
        |             Instance            |        Module        |    min   |    max   |    min   |    max   |   Type  |
        +---------------------------------+----------------------+----------+----------+----------+----------+---------+
        |grp_run_all_slices_unrol_fu_377  |run_all_slices_unrol  |  96674726|  96914726|  96674726|  96914726|   none  |
        |grp_bn_vector_1_fu_501           |bn_vector_1           |      5761|      5761|      5761|      5761|   none  |
        +---------------------------------+----------------------+----------+----------+----------+----------+---------+

        * Loop: 
        +-------------+--------+--------+----------+-----------+-----------+------+----------+
        |             |     Latency     | Iteration|  Initiation Interval  | Trip |          |
        |  Loop Name  |   min  |   max  |  Latency |  achieved |   target  | Count| Pipelined|
        +-------------+--------+--------+----------+-----------+-----------+------+----------+
        |- Loop 1     |   45312|   45312|       354|          -|          -|   128|    no    |
        | + Loop 1.1  |     352|     352|        11|          -|          -|    32|    no    |
        |- Loop 2     |     512|     512|         4|          -|          -|   128|    no    |
        |- Loop 3     |  180480|  180480|      1410|          -|          -|   128|    no    |
        | + Loop 3.1  |    1408|    1408|        11|          -|          -|   128|    no    |
        |- Loop 4     |     512|     512|         4|          -|          -|   128|    no    |
        +-------------+--------+--------+----------+-----------+-----------+------+----------+



================================================================
== Utilization Estimates
================================================================
* Summary: 
+-----------------+---------+-------+--------+-------+-----+
|       Name      | BRAM_18K| DSP48E|   FF   |  LUT  | URAM|
+-----------------+---------+-------+--------+-------+-----+
|DSP              |        -|      -|       -|      -|    -|
|Expression       |        -|      -|       0|    327|    -|
|FIFO             |        -|      -|       -|      -|    -|
|Instance         |      747|    153|   30576|  48818|    0|
|Memory           |       51|      -|       0|      0|    0|
|Multiplexer      |        -|      -|       -|    645|    -|
|Register         |        -|      -|     496|      -|    -|
+-----------------+---------+-------+--------+-------+-----+
|Total            |      798|    153|   31072|  49790|    0|
+-----------------+---------+-------+--------+-------+-----+
|Available        |      280|    220|  106400|  53200|    0|
+-----------------+---------+-------+--------+-------+-----+
|Utilization (%)  |      285|     69|      29|     93|    0|
+-----------------+---------+-------+--------+-------+-----+

+ Detail: 
    * Instance: 
    +------------------------------------------+-------------------------------------+---------+-------+-------+-------+-----+
    |                 Instance                 |                Module               | BRAM_18K| DSP48E|   FF  |  LUT  | URAM|
    +------------------------------------------+-------------------------------------+---------+-------+-------+-------+-----+
    |grp_bn_vector_1_fu_501                    |bn_vector_1                          |        0|      5|   1879|   2634|    0|
    |main_fadd_32ns_32ns_32_5_full_dsp_1_U141  |main_fadd_32ns_32ns_32_5_full_dsp_1  |        0|      2|    205|    390|    0|
    |main_fcmp_32ns_32ns_1_2_1_U143            |main_fcmp_32ns_32ns_1_2_1            |        0|      0|     66|    239|    0|
    |main_fmul_32ns_32ns_32_4_max_dsp_1_U142   |main_fmul_32ns_32ns_32_4_max_dsp_1   |        0|      3|    143|    321|    0|
    |grp_run_all_slices_unrol_fu_377           |run_all_slices_unrol                 |      747|    143|  28283|  45234|    0|
    +------------------------------------------+-------------------------------------+---------+-------+-------+-------+-----+
    |Total                                     |                                     |      747|    153|  30576|  48818|    0|
    +------------------------------------------+-------------------------------------+---------+-------+-------+-------+-----+

    * DSP48E: 
    N/A

    * Memory: 
    +-----------------+------------------------+---------+---+----+-----+-------+-----+------+-------------+
    |      Memory     |         Module         | BRAM_18K| FF| LUT| URAM| Words | Bits| Banks| W*Bits*Banks|
    +-----------------+------------------------+---------+---+----+-----+-------+-----+------+-------------+
    |fc_0_W_U         |main_fc_0_W             |        8|  0|   0|    0|   4096|   32|     1|       131072|
    |fc_0_bn_beta_U   |main_fc_0_bn_beta       |        1|  0|   0|    0|    128|   32|     1|         4096|
    |fc_0_bn_mean_U   |main_fc_0_bn_beta       |        1|  0|   0|    0|    128|   32|     1|         4096|
    |fc_1_bn_beta_U   |main_fc_0_bn_beta       |        1|  0|   0|    0|    128|   32|     1|         4096|
    |fc_1_bn_mean_U   |main_fc_0_bn_beta       |        1|  0|   0|    0|    128|   32|     1|         4096|
    |fc_0_bn_gamma_U  |main_fc_0_bn_gamma      |        1|  0|   0|    0|    128|   32|     1|         4096|
    |fc_0_bn_var_U    |main_fc_0_bn_gamma      |        1|  0|   0|    0|    128|   32|     1|         4096|
    |fc_1_bn_gamma_U  |main_fc_0_bn_gamma      |        1|  0|   0|    0|    128|   32|     1|         4096|
    |fc_1_bn_var_U    |main_fc_0_bn_gamma      |        1|  0|   0|    0|    128|   32|     1|         4096|
    |fc_1_W_U         |main_fc_1_W             |       32|  0|   0|    0|  16384|   32|     1|       524288|
    |z0_U             |main_z0                 |        1|  0|   0|    0|    128|   32|     1|         4096|
    |z1_U             |main_z0                 |        1|  0|   0|    0|    128|   32|     1|         4096|
    |merged_U         |run_all_slices_unrol_h  |        1|  0|   0|    0|     32|   32|     1|         1024|
    +-----------------+------------------------+---------+---+----+-----+-------+-----+------+-------------+
    |Total            |                        |       51|  0|   0|    0|  21792|  416|    13|       697344|
    +-----------------+------------------------+---------+---+----+-----+-------+-----+------+-------------+

    * FIFO: 
    N/A

    * Expression: 
    +-------------------------+----------+-------+---+----+------------+------------+
    |      Variable Name      | Operation| DSP48E| FF| LUT| Bitwidth P0| Bitwidth P1|
    +-------------------------+----------+-------+---+----+------------+------------+
    |add_ln150_2_fu_727_p2    |     +    |      0|  0|  19|          14|          14|
    |add_ln150_fu_601_p2      |     +    |      0|  0|  12|          12|          12|
    |i_1_fu_704_p2            |     +    |      0|  0|  15|           8|           1|
    |i_fu_578_p2              |     +    |      0|  0|  15|           6|           1|
    |j_11_fu_562_p2           |     +    |      0|  0|  15|           8|           1|
    |j_12_fu_743_p2           |     +    |      0|  0|  15|           8|           1|
    |j_13_fu_688_p2           |     +    |      0|  0|  15|           8|           1|
    |j_fu_617_p2              |     +    |      0|  0|  15|           8|           1|
    |and_ln30_5_fu_789_p2     |    and   |      0|  0|   2|           1|           1|
    |and_ln30_fu_664_p2       |    and   |      0|  0|   2|           1|           1|
    |icmp_ln148_1_fu_682_p2   |   icmp   |      0|  0|  13|           8|           9|
    |icmp_ln148_fu_556_p2     |   icmp   |      0|  0|  13|           8|           9|
    |icmp_ln150_1_fu_698_p2   |   icmp   |      0|  0|  13|           8|           9|
    |icmp_ln150_fu_572_p2     |   icmp   |      0|  0|  11|           6|           7|
    |icmp_ln239_fu_611_p2     |   icmp   |      0|  0|  13|           8|           9|
    |icmp_ln244_fu_737_p2     |   icmp   |      0|  0|  13|           8|           9|
    |icmp_ln30_10_fu_652_p2   |   icmp   |      0|  0|  18|          23|           1|
    |icmp_ln30_11_fu_771_p2   |   icmp   |      0|  0|  11|           8|           2|
    |icmp_ln30_12_fu_777_p2   |   icmp   |      0|  0|  18|          23|           1|
    |icmp_ln30_fu_646_p2      |   icmp   |      0|  0|  11|           8|           2|
    |or_ln30_5_fu_783_p2      |    or    |      0|  0|   2|           1|           1|
    |or_ln30_fu_658_p2        |    or    |      0|  0|   2|           1|           1|
    |select_ln30_5_fu_795_p3  |  select  |      0|  0|  32|           1|          32|
    |select_ln30_fu_670_p3    |  select  |      0|  0|  32|           1|          32|
    +-------------------------+----------+-------+---+----+------------+------------+
    |Total                    |          |      0|  0| 327|         186|         158|
    +-------------------------+----------+-------+---+----+------------+------------+

    * Multiplexer: 
    +---------------------------------+-----+-----------+-----+-----------+
    |               Name              | LUT | Input Size| Bits| Total Bits|
    +---------------------------------+-----+-----------+-----+-----------+
    |acc_0_i7_reg_342                 |    9|          2|   32|         64|
    |acc_0_i_reg_296                  |    9|          2|   32|         64|
    |ap_NS_fsm                        |  165|         37|    1|         37|
    |fc_0_bn_beta_ce0                 |    9|          2|    1|          2|
    |fc_0_bn_gamma_ce0                |    9|          2|    1|          2|
    |fc_0_bn_mean_ce0                 |    9|          2|    1|          2|
    |fc_0_bn_var_ce0                  |    9|          2|    1|          2|
    |fc_1_bn_beta_ce0                 |    9|          2|    1|          2|
    |fc_1_bn_gamma_ce0                |    9|          2|    1|          2|
    |fc_1_bn_mean_ce0                 |    9|          2|    1|          2|
    |fc_1_bn_var_ce0                  |    9|          2|    1|          2|
    |grp_bn_vector_1_fu_501_beta_q0   |   15|          3|   32|         96|
    |grp_bn_vector_1_fu_501_gamma_q0  |   15|          3|   32|         96|
    |grp_bn_vector_1_fu_501_mean_q0   |   15|          3|   32|         96|
    |grp_bn_vector_1_fu_501_v_q0      |   15|          3|   32|         96|
    |grp_bn_vector_1_fu_501_var_q0    |   15|          3|   32|         96|
    |grp_fu_518_p0                    |   15|          3|   32|         96|
    |grp_fu_524_p0                    |   15|          3|   32|         96|
    |grp_fu_524_p1                    |   15|          3|   32|         96|
    |grp_fu_528_p0                    |   15|          3|   32|         96|
    |i_0_i8_reg_355                   |    9|          2|    8|         16|
    |i_0_i_reg_309                    |    9|          2|    6|         12|
    |j_0_i4_reg_331                   |    9|          2|    8|         16|
    |j_0_i_reg_285                    |    9|          2|    8|         16|
    |j_0_reg_320                      |    9|          2|    8|         16|
    |j_1_reg_366                      |    9|          2|    8|         16|
    |merged_address0                  |   15|          3|    5|         15|
    |merged_ce0                       |   15|          3|    1|          3|
    |merged_we0                       |    9|          2|    1|          2|
    |z0_address0                      |   33|          6|    7|         42|
    |z0_ce0                           |   15|          3|    1|          3|
    |z0_d0                            |   21|          4|   32|        128|
    |z0_we0                           |   15|          3|    1|          3|
    |z1_address0                      |   27|          5|    7|         35|
    |z1_ce0                           |   15|          3|    1|          3|
    |z1_d0                            |   21|          4|   32|        128|
    |z1_we0                           |   15|          3|    1|          3|
    +---------------------------------+-----+-----------+-----+-----------+
    |Total                            |  645|        135|  496|       1502|
    +---------------------------------+-----+-----------+-----+-----------+

    * Register: 
    +----------------------------------------------+----+----+-----+-----------+
    |                     Name                     | FF | LUT| Bits| Const Bits|
    +----------------------------------------------+----+----+-----+-----------+
    |acc_0_i7_reg_342                              |  32|   0|   32|          0|
    |acc_0_i_reg_296                               |  32|   0|   32|          0|
    |ap_CS_fsm                                     |  36|   0|   36|          0|
    |fc_0_W_load_reg_843                           |  32|   0|   32|          0|
    |fc_1_W_load_reg_902                           |  32|   0|   32|          0|
    |grp_bn_vector_1_fu_501_ap_start_reg           |   1|   0|    1|          0|
    |grp_run_all_slices_unrol_fu_377_ap_start_reg  |   1|   0|    1|          0|
    |i_0_i8_reg_355                                |   8|   0|    8|          0|
    |i_0_i_reg_309                                 |   6|   0|    6|          0|
    |i_1_reg_887                                   |   8|   0|    8|          0|
    |i_reg_823                                     |   6|   0|    6|          0|
    |j_0_i4_cast2_reg_866                          |   8|   0|   14|          6|
    |j_0_i4_reg_331                                |   8|   0|    8|          0|
    |j_0_i_cast4_reg_802                           |   8|   0|   12|          4|
    |j_0_i_reg_285                                 |   8|   0|    8|          0|
    |j_0_reg_320                                   |   8|   0|    8|          0|
    |j_11_reg_810                                  |   8|   0|    8|          0|
    |j_12_reg_910                                  |   8|   0|    8|          0|
    |j_13_reg_874                                  |   8|   0|    8|          0|
    |j_1_reg_366                                   |   8|   0|    8|          0|
    |j_reg_851                                     |   8|   0|    8|          0|
    |merged_load_reg_838                           |  32|   0|   32|          0|
    |reg_535                                       |  32|   0|   32|          0|
    |reg_546                                       |  32|   0|   32|          0|
    |select_ln30_5_reg_927                         |  32|   0|   32|          0|
    |select_ln30_reg_861                           |  32|   0|   32|          0|
    |z0_addr_reg_856                               |   7|   0|    7|          0|
    |z1_addr_reg_915                               |   7|   0|    7|          0|
    |z1_load_reg_920                               |  32|   0|   32|          0|
    |zext_ln149_1_reg_879                          |   8|   0|   64|         56|
    |zext_ln149_reg_815                            |   8|   0|   64|         56|
    +----------------------------------------------+----+----+-----+-----------+
    |Total                                         | 496|   0|  618|        122|
    +----------------------------------------------+----+----+-----+-----------+



================================================================
== Interface
================================================================
* Summary: 
+-----------+-----+-----+------------+--------------+--------------+
| RTL Ports | Dir | Bits|  Protocol  | Source Object|    C Type    |
+-----------+-----+-----+------------+--------------+--------------+
|ap_clk     |  in |    1| ap_ctrl_hs |     main     | return value |
|ap_rst     |  in |    1| ap_ctrl_hs |     main     | return value |
|ap_start   |  in |    1| ap_ctrl_hs |     main     | return value |
|ap_done    | out |    1| ap_ctrl_hs |     main     | return value |
|ap_idle    | out |    1| ap_ctrl_hs |     main     | return value |
|ap_ready   | out |    1| ap_ctrl_hs |     main     | return value |
|ap_return  | out |   32| ap_ctrl_hs |     main     | return value |
+-----------+-----+-----+------------+--------------+--------------+

