INFO-FLOW: Workspace /home/gkapakos/Desktop/ECE/10th_Semester/Architecture_of_Parallel_Systems/Project/BranchPredictionAI/C_Implementation/BranchPredictionAI/solution1 opened at Fri Aug 29 21:03:28 EEST 2025
Execute     config_clock -quiet -name default -period 10 -default=false 
INFO: [SYN 201-201] Setting up clock 'default' with a period of 10ns.
Execute     open_platform DefaultPlatform 
Execute     import_lib /tools/Xilinx/Vivado/2019.1/common/technology/xilinx/zynq/zynq 
Execute       source /tools/Xilinx/Vivado/2019.1/common/technology/xilinx/common/xilinx.lib 
Execute         source /tools/Xilinx/Vivado/2019.1/common/technology/xilinx/interface/xilinx_interface.lib 
Execute           source /tools/Xilinx/Vivado/2019.1/common/technology/xilinx/interface/plb46.lib 
Execute           source /tools/Xilinx/Vivado/2019.1/common/technology/xilinx/interface/fsl.lib 
Execute           source /tools/Xilinx/Vivado/2019.1/common/technology/xilinx/interface/axi4.lib 
Execute           source /tools/Xilinx/Vivado/2019.1/common/technology/xilinx/interface/maxi.lib 
Execute           source /tools/Xilinx/Vivado/2019.1/common/technology/xilinx/interface/saxilite.lib 
Execute         source /tools/Xilinx/Vivado/2019.1/common/technology/xilinx/common/dsp48.lib 
Execute         source /tools/Xilinx/Vivado/2019.1/common/technology/xilinx/ip/xfft.lib 
Execute         source /tools/Xilinx/Vivado/2019.1/common/technology/xilinx/ip/xfir.lib 
Execute         source /tools/Xilinx/Vivado/2019.1/common/technology/xilinx/ip/dds_compiler.lib 
Execute       source /tools/Xilinx/Vivado/2019.1/common/technology/xilinx/common/xilinx.hlp 
Execute         source /tools/Xilinx/Vivado/2019.1/common/technology/xilinx/common/target_info.tcl 
Execute         source /tools/Xilinx/Vivado/2019.1/common/technology/xilinx/interface/xilinx_interface.hlp 
Execute           source /tools/Xilinx/Vivado/2019.1/common/technology/xilinx/interface/maxi.hlp 
Execute           source /tools/Xilinx/Vivado/2019.1/common/technology/xilinx/interface/saxilite.hlp 
Execute         source /tools/Xilinx/Vivado/2019.1/common/technology/xilinx/common/dsp48.hlp 
Execute       source /tools/Xilinx/Vivado/2019.1/common/technology/xilinx/zynq/dsp48e1.hlp 
Execute       source /tools/Xilinx/Vivado/2019.1/common/technology/xilinx/common/xilinx.hlp 
Execute         source /tools/Xilinx/Vivado/2019.1/common/technology/xilinx/common/target_info.tcl 
Execute         source /tools/Xilinx/Vivado/2019.1/common/technology/xilinx/interface/xilinx_interface.hlp 
Execute           source /tools/Xilinx/Vivado/2019.1/common/technology/xilinx/interface/maxi.hlp 
Execute           source /tools/Xilinx/Vivado/2019.1/common/technology/xilinx/interface/saxilite.hlp 
Execute         source /tools/Xilinx/Vivado/2019.1/common/technology/xilinx/common/dsp48.hlp 
Execute     source /tools/Xilinx/Vivado/2019.1/common/technology/xilinx/zynq/zynq.gen 
Execute       source /tools/Xilinx/Vivado/2019.1/common/technology/xilinx/common/xilinx.gen 
Execute         source /tools/Xilinx/Vivado/2019.1/common/technology/xilinx/interface/plb46.gen 
Execute         source /tools/Xilinx/Vivado/2019.1/common/technology/xilinx/interface/fsl.gen 
Execute         source /tools/Xilinx/Vivado/2019.1/common/technology/xilinx/interface/axi4.gen 
Execute         source /tools/Xilinx/Vivado/2019.1/common/technology/xilinx/interface/nativeAXI4.gen 
Execute           source /tools/Xilinx/Vivado/2019.1/common/technology/xilinx/interface/saxilite.gen 
Execute           source /tools/Xilinx/Vivado/2019.1/common/technology/xilinx/interface/maxi.gen 
Execute         source /tools/Xilinx/Vivado/2019.1/common/technology/xilinx/scripts/xilinxcoregen.gen 
Execute         source /tools/Xilinx/Vivado/2019.1/common/technology/xilinx/interface/XilEDKCoreGen.gen 
Execute         source /tools/Xilinx/Vivado/2019.1/common/technology/xilinx/ip/dds_compiler.gen 
Execute         source /tools/Xilinx/Vivado/2019.1/common/technology/xilinx/ip/util.gen 
Execute         source /tools/Xilinx/Vivado/2019.1/common/technology/xilinx/ip/xfft.gen 
Execute         source /tools/Xilinx/Vivado/2019.1/common/technology/xilinx/ip/xfir.gen 
Execute         source /tools/Xilinx/Vivado/2019.1/common/technology/xilinx/common/dsp48.gen 
Command       ap_source done; 0.11 sec.
Command     ap_source done; 0.11 sec.
Execute     open_platform DefaultPlatform 
Execute     import_lib /tools/Xilinx/Vivado/2019.1/common/technology/xilinx/zynq/zynq_fpv6 
Execute       source /tools/Xilinx/Vivado/2019.1/common/technology/xilinx/common/xilinx_fp.lib 
Execute       source /tools/Xilinx/Vivado/2019.1/common/technology/xilinx/common/xilinx_fp.hlp 
Execute         source /tools/Xilinx/Vivado/2019.1/common/technology/xilinx/common/xilinx.hlp 
Execute           source /tools/Xilinx/Vivado/2019.1/common/technology/xilinx/common/target_info.tcl 
Execute           source /tools/Xilinx/Vivado/2019.1/common/technology/xilinx/interface/xilinx_interface.hlp 
Execute             source /tools/Xilinx/Vivado/2019.1/common/technology/xilinx/interface/maxi.hlp 
Execute             source /tools/Xilinx/Vivado/2019.1/common/technology/xilinx/interface/saxilite.hlp 
Execute           source /tools/Xilinx/Vivado/2019.1/common/technology/xilinx/common/dsp48.hlp 
Execute     source /tools/Xilinx/Vivado/2019.1/common/technology/xilinx/zynq/zynq_fpv6.gen 
Execute       source /tools/Xilinx/Vivado/2019.1/common/technology/xilinx/common/xilinx_fp.gen 
Execute     set_part xc7z020-clg484-1 
Execute       ap_part_info -name xc7z020-clg484-1 -data single -quiet 
Command       ap_part_info done; 0.57 sec.
Execute       ap_part_info -name xc7z020-clg484-1 -data info 
Execute       add_library xilinx/zynq/zynq:xc7z020:-clg484:-1 
Execute         get_default_platform 
Execute         license_isbetapart xc7z020 
Command         license_isbetapart done; error code: 1; 
Execute         ap_part_info -data single -name xc7z020-clg484-1 
Execute         ap_part_info -name xc7z020-clg484-1 -data resources 
Execute         ap_part_info -name xc7z020-clg484-1 -data info 
Execute         ap_part_info -name xc7z020-clg484-1 -data info 
Execute         config_chip_info -quiet -resource {SLICE 13300} {LUT 53200} {FF 106400} {DSP48E 220} {BRAM 280} {URAM 0} 
Execute         ap_part_info -name xc7z020-clg484-1 -data info 
Execute         config_chip_info -quiet -speed slow 
Execute       add_library xilinx/zynq/zynq_fpv6 
Execute         get_default_platform 
Execute         open_platform DefaultPlatform 
Execute         import_lib /tools/Xilinx/Vivado/2019.1/common/technology/xilinx/zynq/zynq_fpv6 
Execute           source /tools/Xilinx/Vivado/2019.1/common/technology/xilinx/common/xilinx_fp.lib 
Execute           source /tools/Xilinx/Vivado/2019.1/common/technology/xilinx/common/xilinx_fp.hlp 
Execute             source /tools/Xilinx/Vivado/2019.1/common/technology/xilinx/common/xilinx.hlp 
Execute               source /tools/Xilinx/Vivado/2019.1/common/technology/xilinx/common/target_info.tcl 
Execute               source /tools/Xilinx/Vivado/2019.1/common/technology/xilinx/interface/xilinx_interface.hlp 
Execute                 source /tools/Xilinx/Vivado/2019.1/common/technology/xilinx/interface/maxi.hlp 
Execute                 source /tools/Xilinx/Vivado/2019.1/common/technology/xilinx/interface/saxilite.hlp 
Execute               source /tools/Xilinx/Vivado/2019.1/common/technology/xilinx/common/dsp48.hlp 
Execute         source /tools/Xilinx/Vivado/2019.1/common/technology/xilinx/zynq/zynq_fpv6.gen 
Execute           source /tools/Xilinx/Vivado/2019.1/common/technology/xilinx/common/xilinx_fp.gen 
INFO: [HLS 200-10] Setting target device to 'xc7z020-clg484-1'
Execute       ap_part_info -name xc7z020-clg484-1 -data info 
Execute       get_default_platform 
Command     set_part done; 0.65 sec.
Execute     ap_part_info -data single -name xc7z020-clg484-1 
Execute     ap_part_info -name xc7z020-clg484-1 -data resources 
Execute     ap_part_info -name xc7z020-clg484-1 -data info 
Execute     ap_part_info -name xc7z020-clg484-1 -data info 
Execute     config_chip_info -quiet -resource {SLICE 13300} {LUT 53200} {FF 106400} {DSP48E 220} {BRAM 280} {URAM 0} 
Execute     ap_part_info -name xc7z020-clg484-1 -data info 
Execute     config_chip_info -quiet -speed slow 
Command   open_solution done; 0.8 sec.
Execute   set_part xc7z020clg484-1 -tool vivado 
Execute     ap_part_info -name xc7z020clg484-1 -data single -quiet 
Execute     ap_part_info -name xc7z020clg484-1 -data info 
Execute     add_library xilinx/zynq/zynq:xc7z020:-clg484:-1 
Execute       get_default_platform 
Execute       license_isbetapart xc7z020 
Command       license_isbetapart done; error code: 1; 
Execute       ap_part_info -data single -name xc7z020-clg484-1 
Execute       ap_part_info -name xc7z020-clg484-1 -data resources 
Execute       ap_part_info -name xc7z020-clg484-1 -data info 
Execute       ap_part_info -name xc7z020-clg484-1 -data info 
Execute       config_chip_info -quiet -resource {SLICE 13300} {LUT 53200} {FF 106400} {DSP48E 220} {BRAM 280} {URAM 0} 
Execute       ap_part_info -name xc7z020-clg484-1 -data info 
Execute       config_chip_info -quiet -speed slow 
Execute     add_library xilinx/zynq/zynq_fpv6 
Execute       get_default_platform 
Execute       open_platform DefaultPlatform 
Execute       import_lib /tools/Xilinx/Vivado/2019.1/common/technology/xilinx/zynq/zynq_fpv6 
Execute         source /tools/Xilinx/Vivado/2019.1/common/technology/xilinx/common/xilinx_fp.lib 
Execute         source /tools/Xilinx/Vivado/2019.1/common/technology/xilinx/common/xilinx_fp.hlp 
Execute           source /tools/Xilinx/Vivado/2019.1/common/technology/xilinx/common/xilinx.hlp 
Execute             source /tools/Xilinx/Vivado/2019.1/common/technology/xilinx/common/target_info.tcl 
Execute             source /tools/Xilinx/Vivado/2019.1/common/technology/xilinx/interface/xilinx_interface.hlp 
Execute               source /tools/Xilinx/Vivado/2019.1/common/technology/xilinx/interface/maxi.hlp 
Execute               source /tools/Xilinx/Vivado/2019.1/common/technology/xilinx/interface/saxilite.hlp 
Execute             source /tools/Xilinx/Vivado/2019.1/common/technology/xilinx/common/dsp48.hlp 
Execute       source /tools/Xilinx/Vivado/2019.1/common/technology/xilinx/zynq/zynq_fpv6.gen 
Execute         source /tools/Xilinx/Vivado/2019.1/common/technology/xilinx/common/xilinx_fp.gen 
Execute     ap_part_info -name xc7z020-clg484-1 -data info 
Execute     get_default_platform 
Execute   create_clock -period 10 -name default 
Execute   csynth_design 
Execute     get_config_compile -dump_cfg 
Execute     get_config_compile -effort 
Execute     get_config_compile -enable_clang39 
Execute     get_config_compile -g 
Execute     get_config_compile -ng 
Execute     get_config_compile -opt_fp 
Execute     get_config_compile -skip_cdt 
Execute     get_config_compile -skip_syncheck 
Execute     get_config_compile -skip_transform 
Execute     get_config_compile -keep_printf 
Execute     elaborate -effort=medium -skip_syncheck=0 -keep_printf=0 -skip_cdt=0 -skip_transform=0 -ng=0 -g=0 -opt_fp=0 -from_csynth_design=1 
Execute       get_config_schedule -relax_ii_for_timing 
INFO: [SCHED 204-61] Option 'relax_ii_for_timing' is enabled, will increase II to preserve clock frequency constraints.
Execute       get_config_schedule -suppress_dependence_error_break 
INFO: [HLS 200-10] Analyzing design file 'main_5_slices.cpp' ... 
INFO-FLOW: Compiling one TU...
Execute       is_m_axi_addr64 
INFO-FLOW: Handling main_5_slices.cpp as C++
Execute       ap_part_info -name xc7z020-clg484-1 -data info 
Execute       is_encrypted main_5_slices.cpp 
Execute       ap_part_info -name xc7z020-clg484-1 -data info 
INFO-FLOW: Running: GCC PP
INFO-FLOW: Source preprocessing
Execute       clang  -fno-limit-debug-info -gcc-toolchain "/tools/Xilinx/Vivado/2019.1/lnx64/tools/gcc" -hls  -fno-exceptions  -D__llvm__  -E "main_5_slices.cpp"     -fno-math-errno -c -emit-llvm -O0  -mllvm -disable-llvm-optzns -fno-threadsafe-statics  -fno-use-cxa-atexit  -fno-threadsafe-statics -fno-use-cxa-atexit -D__CLANG_3_1__ -DAESL_SYN -D__SYNTHESIS__ -D__HLS_SYN__ -I "/tools/Xilinx/Vivado/2019.1/common/technology/autopilot" -I "/tools/Xilinx/Vivado/2019.1/common/technology/autopilot/ap_sysc" -include etc/autopilot_ssdm_op.h -D__DSP48E1__  -o "/home/gkapakos/Desktop/ECE/10th_Semester/Architecture_of_Parallel_Systems/Project/BranchPredictionAI/C_Implementation/BranchPredictionAI/solution1/.autopilot/db/main_5_slices.pp.0.cpp" 
INFO-FLOW: exec /tools/Xilinx/Vivado/2019.1/lnx64/tools/clang/bin/clang -fno-limit-debug-info -gcc-toolchain /tools/Xilinx/Vivado/2019.1/lnx64/tools/gcc -hls -fno-exceptions -D__llvm__ -E main_5_slices.cpp -fno-math-errno -c -emit-llvm -O0 -mllvm -disable-llvm-optzns -fno-threadsafe-statics -fno-use-cxa-atexit -fno-threadsafe-statics -fno-use-cxa-atexit -D__CLANG_3_1__ -DAESL_SYN -D__SYNTHESIS__ -D__HLS_SYN__ -I /tools/Xilinx/Vivado/2019.1/common/technology/autopilot -I /tools/Xilinx/Vivado/2019.1/common/technology/autopilot/ap_sysc -include etc/autopilot_ssdm_op.h -D__DSP48E1__ -o /home/gkapakos/Desktop/ECE/10th_Semester/Architecture_of_Parallel_Systems/Project/BranchPredictionAI/C_Implementation/BranchPredictionAI/solution1/.autopilot/db/main_5_slices.pp.0.cpp
Command       clang done; 2.01 sec.
Execute       tidy_31 xilinx-xfmat-array-geometry /home/gkapakos/Desktop/ECE/10th_Semester/Architecture_of_Parallel_Systems/Project/BranchPredictionAI/C_Implementation/BranchPredictionAI/solution1/.autopilot/db/main_5_slices.pp.0.cpp std=gnu++98 
INFO-FLOW: exec /tools/Xilinx/Vivado/2019.1/lnx64/tools/clang-3.9-csynth/bin/tidy-3.1 -header-filter=.* -checks=-*,xilinx-xfmat-array-geometry -quiet -fix /home/gkapakos/Desktop/ECE/10th_Semester/Architecture_of_Parallel_Systems/Project/BranchPredictionAI/C_Implementation/BranchPredictionAI/solution1/.autopilot/db/main_5_slices.pp.0.cpp -- -std=gnu++98 -fhls -ferror-limit=0
Command       tidy_31 done; 55.04 sec.
INFO-FLOW: Syntax Checking before pre-processing...
Execute       clang -syntaxcheck -src /home/gkapakos/Desktop/ECE/10th_Semester/Architecture_of_Parallel_Systems/Project/BranchPredictionAI/C_Implementation/BranchPredictionAI/solution1/.autopilot/db/main_5_slices.pp.0.cpp  -fno-limit-debug-info -gcc-toolchain "/tools/Xilinx/Vivado/2019.1/lnx64/tools/gcc" -hls    -fno-math-errno -c -emit-llvm -O0  -mllvm -disable-llvm-optzns -fno-threadsafe-statics  -fno-use-cxa-atexit  -fno-threadsafe-statics -fno-use-cxa-atexit -D__CLANG_3_1__ -DAESL_SYN -D__SYNTHESIS__ -D__HLS_SYN__ -I "/tools/Xilinx/Vivado/2019.1/common/technology/autopilot" -I "/tools/Xilinx/Vivado/2019.1/common/technology/autopilot/ap_sysc" -include etc/autopilot_ssdm_op.h -D__DSP48E1__  "/home/gkapakos/Desktop/ECE/10th_Semester/Architecture_of_Parallel_Systems/Project/BranchPredictionAI/C_Implementation/BranchPredictionAI/solution1/.autopilot/db/main_5_slices.pp.0.cpp"  -o "/home/gkapakos/Desktop/ECE/10th_Semester/Architecture_of_Parallel_Systems/Project/BranchPredictionAI/C_Implementation/BranchPredictionAI/solution1/.autopilot/db/useless.bc"  
INFO-FLOW: exec /tools/Xilinx/Vivado/2019.1/lnx64/tools/clang/bin/clang -fno-limit-debug-info -gcc-toolchain /tools/Xilinx/Vivado/2019.1/lnx64/tools/gcc -hls -fno-math-errno -c -emit-llvm -O0 -mllvm -disable-llvm-optzns -fno-threadsafe-statics -fno-use-cxa-atexit -fno-threadsafe-statics -fno-use-cxa-atexit -D__CLANG_3_1__ -DAESL_SYN -D__SYNTHESIS__ -D__HLS_SYN__ -I /tools/Xilinx/Vivado/2019.1/common/technology/autopilot -I /tools/Xilinx/Vivado/2019.1/common/technology/autopilot/ap_sysc -include etc/autopilot_ssdm_op.h -D__DSP48E1__ /home/gkapakos/Desktop/ECE/10th_Semester/Architecture_of_Parallel_Systems/Project/BranchPredictionAI/C_Implementation/BranchPredictionAI/solution1/.autopilot/db/main_5_slices.pp.0.cpp -o /home/gkapakos/Desktop/ECE/10th_Semester/Architecture_of_Parallel_Systems/Project/BranchPredictionAI/C_Implementation/BranchPredictionAI/solution1/.autopilot/db/useless.bc
Command       clang done; 43.92 sec.
INFO-FLOW: Done: GCC PP time: 101 seconds per iteration
Execute       source /tools/Xilinx/Vivado/2019.1/tps/tcl/tcllib1.11.1/yaml/huddle.tcl 
Execute       source /tools/Xilinx/Vivado/2019.1/tps/tcl/tcllib1.11.1/yaml/json2huddle.tcl 
Execute         source /tools/Xilinx/Vivado/2019.1/tps/tcl/tcllib1.11.1/try/try.tcl 
Execute       list_core -type functional_unit 
Execute       tidy_31 xilinx-systemc-detector /home/gkapakos/Desktop/ECE/10th_Semester/Architecture_of_Parallel_Systems/Project/BranchPredictionAI/C_Implementation/BranchPredictionAI/solution1/.autopilot/db/main_5_slices.pp.0.cpp std=gnu++98 -directive=/home/gkapakos/Desktop/ECE/10th_Semester/Architecture_of_Parallel_Systems/Project/BranchPredictionAI/C_Implementation/BranchPredictionAI/solution1/.autopilot/db/.systemc_flag 
INFO-FLOW: exec /tools/Xilinx/Vivado/2019.1/lnx64/tools/clang-3.9-csynth/bin/tidy-3.1 -header-filter=.* -checks=-*,xilinx-systemc-detector -import-directive=/home/gkapakos/Desktop/ECE/10th_Semester/Architecture_of_Parallel_Systems/Project/BranchPredictionAI/C_Implementation/BranchPredictionAI/solution1/.autopilot/db/.systemc_flag -quiet -fix-errors /home/gkapakos/Desktop/ECE/10th_Semester/Architecture_of_Parallel_Systems/Project/BranchPredictionAI/C_Implementation/BranchPredictionAI/solution1/.autopilot/db/main_5_slices.pp.0.cpp -- -std=gnu++98 -fhls -ferror-limit=0
Command       tidy_31 done; 62.56 sec.
INFO-FLOW: Running: tidy-3.1 CDT preprocess
Execute       tidy_31 xilinx-directive2pragma /home/gkapakos/Desktop/ECE/10th_Semester/Architecture_of_Parallel_Systems/Project/BranchPredictionAI/C_Implementation/BranchPredictionAI/solution1/.autopilot/db/main_5_slices.pp.0.cpp std=gnu++98 -directive=/home/gkapakos/Desktop/ECE/10th_Semester/Architecture_of_Parallel_Systems/Project/BranchPredictionAI/C_Implementation/BranchPredictionAI/solution1/.autopilot/db/all.directive.json 
INFO-FLOW: exec /tools/Xilinx/Vivado/2019.1/lnx64/tools/clang-3.9-csynth/bin/tidy-3.1 -header-filter=.* -checks=-*,xilinx-directive2pragma -import-directive=/home/gkapakos/Desktop/ECE/10th_Semester/Architecture_of_Parallel_Systems/Project/BranchPredictionAI/C_Implementation/BranchPredictionAI/solution1/.autopilot/db/all.directive.json -quiet -fix-errors /home/gkapakos/Desktop/ECE/10th_Semester/Architecture_of_Parallel_Systems/Project/BranchPredictionAI/C_Implementation/BranchPredictionAI/solution1/.autopilot/db/main_5_slices.pp.0.cpp -- -std=gnu++98 -fhls -ferror-limit=0
Command       tidy_31 done; 62.99 sec.
Execute       get_config_dataflow -strict_mode 
Execute       ap_eval exec -ignorestderr /tools/Xilinx/Vivado/2019.1/lnx64/tools/clang-3.9-csynth/bin/xilinx-dataflow-lawyer -export-fixes=/home/gkapakos/Desktop/ECE/10th_Semester/Architecture_of_Parallel_Systems/Project/BranchPredictionAI/C_Implementation/BranchPredictionAI/solution1/.autopilot/db/xilinx-dataflow-lawyer.main_5_slices.pp.0.cpp.diag.yml /home/gkapakos/Desktop/ECE/10th_Semester/Architecture_of_Parallel_Systems/Project/BranchPredictionAI/C_Implementation/BranchPredictionAI/solution1/.autopilot/db/main_5_slices.pp.0.cpp -- -std=gnu++98 -fhls -ferror-limit=0 -fstrict-dataflow > /home/gkapakos/Desktop/ECE/10th_Semester/Architecture_of_Parallel_Systems/Project/BranchPredictionAI/C_Implementation/BranchPredictionAI/solution1/.autopilot/db/xilinx-dataflow-lawyer.main_5_slices.pp.0.cpp.out.log 2> /home/gkapakos/Desktop/ECE/10th_Semester/Architecture_of_Parallel_Systems/Project/BranchPredictionAI/C_Implementation/BranchPredictionAI/solution1/.autopilot/db/xilinx-dataflow-lawyer.main_5_slices.pp.0.cpp.err.log 
Command       ap_eval done; 54.56 sec.
Execute       tidy_31 -errorcheck xilinx-constantarray-param,xilinx-resource-pragma-transformer,xilinx-xfmat-array-geometry /home/gkapakos/Desktop/ECE/10th_Semester/Architecture_of_Parallel_Systems/Project/BranchPredictionAI/C_Implementation/BranchPredictionAI/solution1/.autopilot/db/main_5_slices.pp.0.cpp std=gnu++98 
Execute         ap_eval exec -ignorestderr /tools/Xilinx/Vivado/2019.1/lnx64/tools/clang-3.9-csynth/bin/tidy-3.1 -export-fixes=/home/gkapakos/Desktop/ECE/10th_Semester/Architecture_of_Parallel_Systems/Project/BranchPredictionAI/C_Implementation/BranchPredictionAI/solution1/.autopilot/db/tidy-3.1.main_5_slices.pp.0.cpp.diag.yml -header-filter=.* -checks=-*,xilinx-constantarray-param,xilinx-resource-pragma-transformer,xilinx-xfmat-array-geometry -quiet -fix-errors /home/gkapakos/Desktop/ECE/10th_Semester/Architecture_of_Parallel_Systems/Project/BranchPredictionAI/C_Implementation/BranchPredictionAI/solution1/.autopilot/db/main_5_slices.pp.0.cpp -- -std=gnu++98 -fhls -ferror-limit=0 > /home/gkapakos/Desktop/ECE/10th_Semester/Architecture_of_Parallel_Systems/Project/BranchPredictionAI/C_Implementation/BranchPredictionAI/solution1/.autopilot/db/tidy-3.1.main_5_slices.pp.0.cpp.out.log 2> /home/gkapakos/Desktop/ECE/10th_Semester/Architecture_of_Parallel_Systems/Project/BranchPredictionAI/C_Implementation/BranchPredictionAI/solution1/.autopilot/db/tidy-3.1.main_5_slices.pp.0.cpp.err.log 
Command         ap_eval done; 86.89 sec.
Execute         source /tools/Xilinx/Vivado/2019.1/tps/tcl/tcllib1.11.1/yaml/yaml.tcl 
Execute           source /tools/Xilinx/Vivado/2019.1/tps/tcl/tcllib1.11.1/cmdline/cmdline.tcl 
Execute         ap_eval exec -ignorestderr /tools/Xilinx/Vivado/2019.1/lnx64/tools/clang-3.9-csynth/bin/xilinx-legacy-rewriter /home/gkapakos/Desktop/ECE/10th_Semester/Architecture_of_Parallel_Systems/Project/BranchPredictionAI/C_Implementation/BranchPredictionAI/solution1/.autopilot/db/main_5_slices.pp.0.cpp -- -std=gnu++98 -fhls -ferror-limit=0 > /home/gkapakos/Desktop/ECE/10th_Semester/Architecture_of_Parallel_Systems/Project/BranchPredictionAI/C_Implementation/BranchPredictionAI/solution1/.autopilot/db/xilinx-legacy-rewriter.main_5_slices.pp.0.cpp.out.log 2> /home/gkapakos/Desktop/ECE/10th_Semester/Architecture_of_Parallel_Systems/Project/BranchPredictionAI/C_Implementation/BranchPredictionAI/solution1/.autopilot/db/xilinx-legacy-rewriter.main_5_slices.pp.0.cpp.err.log 
Command         ap_eval done; 53.61 sec.
Command       tidy_31 done; 141.08 sec.
INFO-FLOW: Done: tidy-3.1 CDT preprocess time: 258.6 seconds per iteration
INFO-FLOW: Pragma Handling...
Execute       tidy_31 xilinx-ssdm-intrinsics-arguments /home/gkapakos/Desktop/ECE/10th_Semester/Architecture_of_Parallel_Systems/Project/BranchPredictionAI/C_Implementation/BranchPredictionAI/solution1/.autopilot/db/main_5_slices.pragma.1.cpp std=gnu++98 
INFO-FLOW: exec /tools/Xilinx/Vivado/2019.1/lnx64/tools/clang-3.9-csynth/bin/tidy-3.1 -header-filter=.* -checks=-*,xilinx-ssdm-intrinsics-arguments -quiet -fix-errors /home/gkapakos/Desktop/ECE/10th_Semester/Architecture_of_Parallel_Systems/Project/BranchPredictionAI/C_Implementation/BranchPredictionAI/solution1/.autopilot/db/main_5_slices.pragma.1.cpp -- -std=gnu++98 -fhls -ferror-limit=0
Command       tidy_31 done; 75.82 sec.
Execute       ap_part_info -name xc7z020-clg484-1 -data info 
INFO-FLOW: Processing labels
Execute       clang -src /home/gkapakos/Desktop/ECE/10th_Semester/Architecture_of_Parallel_Systems/Project/BranchPredictionAI/C_Implementation/BranchPredictionAI/solution1/.autopilot/db/main_5_slices.pragma.2.cpp  -fno-limit-debug-info -gcc-toolchain /tools/Xilinx/Vivado/2019.1/lnx64/tools/gcc -hls -hls-analyze-label -hls-analyze-pragma -fno-exceptions  -D__llvm__  -w  "/home/gkapakos/Desktop/ECE/10th_Semester/Architecture_of_Parallel_Systems/Project/BranchPredictionAI/C_Implementation/BranchPredictionAI/solution1/.autopilot/db/main_5_slices.pragma.2.cpp"    -fno-math-errno -c -emit-llvm -O0  -mllvm -disable-llvm-optzns -fno-threadsafe-statics  -fno-use-cxa-atexit -DAESL_SYN -D__SYNTHESIS__ -D__HLS_SYN__ -I "/tools/Xilinx/Vivado/2019.1/common/technology/autopilot" -I "/tools/Xilinx/Vivado/2019.1/common/technology/autopilot/ap_sysc" -include etc/autopilot_ssdm_op.h -D__DSP48E1__ -g -o "/home/gkapakos/Desktop/ECE/10th_Semester/Architecture_of_Parallel_Systems/Project/BranchPredictionAI/C_Implementation/BranchPredictionAI/solution1/.autopilot/db/main_5_slices.bc" 
INFO-FLOW: exec /tools/Xilinx/Vivado/2019.1/lnx64/tools/clang/bin/clang -fno-limit-debug-info -gcc-toolchain /tools/Xilinx/Vivado/2019.1/lnx64/tools/gcc -hls -hls-analyze-label -hls-analyze-pragma -fno-exceptions -D__llvm__ -w /home/gkapakos/Desktop/ECE/10th_Semester/Architecture_of_Parallel_Systems/Project/BranchPredictionAI/C_Implementation/BranchPredictionAI/solution1/.autopilot/db/main_5_slices.pragma.2.cpp -fno-math-errno -c -emit-llvm -O0 -mllvm -disable-llvm-optzns -fno-threadsafe-statics -fno-use-cxa-atexit -DAESL_SYN -D__SYNTHESIS__ -D__HLS_SYN__ -I /tools/Xilinx/Vivado/2019.1/common/technology/autopilot -I /tools/Xilinx/Vivado/2019.1/common/technology/autopilot/ap_sysc -include etc/autopilot_ssdm_op.h -D__DSP48E1__ -g -o /home/gkapakos/Desktop/ECE/10th_Semester/Architecture_of_Parallel_Systems/Project/BranchPredictionAI/C_Implementation/BranchPredictionAI/solution1/.autopilot/db/main_5_slices.bc
Command       clang done; 49.98 sec.
INFO-FLOW: Linking Debug ...
Execute       llvm-ld /home/gkapakos/Desktop/ECE/10th_Semester/Architecture_of_Parallel_Systems/Project/BranchPredictionAI/C_Implementation/BranchPredictionAI/solution1/.autopilot/db/main_5_slices.g.bc -hls-opt -except-internalize main_5_slices.cpp -L/tools/Xilinx/Vivado/2019.1/lnx64/lib -lhlsm -lhlsmc++ -o /home/gkapakos/Desktop/ECE/10th_Semester/Architecture_of_Parallel_Systems/Project/BranchPredictionAI/C_Implementation/BranchPredictionAI/solution1/.autopilot/db/a.g 
Command       llvm-ld done; 11.92 sec.
INFO: [HLS 200-111] Finished Linking Time (s): cpu = 00:09:06 ; elapsed = 00:09:22 . Memory (MB): peak = 817.098 ; gain = 126.000 ; free physical = 3359 ; free virtual = 11423
INFO: [HLS 200-111] Finished Checking Pragmas Time (s): cpu = 00:09:06 ; elapsed = 00:09:22 . Memory (MB): peak = 817.098 ; gain = 126.000 ; free physical = 3359 ; free virtual = 11423
Execute       get_config_sdx -target 
Execute       opt_and_import_c a -opt_level=2 -skip_syncheck=0 -ng=0 -keep_printf=0 
Execute         cleanup_all_models 
INFO: [HLS 200-10] Starting code transformations ...
Execute         transform -promote-dbg-pointer /home/gkapakos/Desktop/ECE/10th_Semester/Architecture_of_Parallel_Systems/Project/BranchPredictionAI/C_Implementation/BranchPredictionAI/solution1/.autopilot/db/a.pp.bc -o /home/gkapakos/Desktop/ECE/10th_Semester/Architecture_of_Parallel_Systems/Project/BranchPredictionAI/C_Implementation/BranchPredictionAI/solution1/.autopilot/db/a.pp.0.bc -f 
Command         transform done; 4.81 sec.
Execute         llvm-ld /home/gkapakos/Desktop/ECE/10th_Semester/Architecture_of_Parallel_Systems/Project/BranchPredictionAI/C_Implementation/BranchPredictionAI/solution1/.autopilot/db/a.pp.0.bc -disable-opt -L/tools/Xilinx/Vivado/2019.1/lnx64/lib -lfloatconversion -o /home/gkapakos/Desktop/ECE/10th_Semester/Architecture_of_Parallel_Systems/Project/BranchPredictionAI/C_Implementation/BranchPredictionAI/solution1/.autopilot/db/a.g.0 
Command         llvm-ld done; 10.45 sec.
INFO-FLOW: Running Standard Transforms...
Execute         transform -hls -share-std-xform -demangle-name -inline-byval-memcpy -always-inline -promote-dbg-pointer -interface-preproc -mem2reg -scalarrepl -mem2reg -keep-read-access -instcombine -dce -promote-dbg-pointer -bitop-raise -loop-simplify -indvarspre -indvars -loop-simplify -xunroll -constprop -instcombine -simplifycfg -indvars -simplifycfg -dce -globaldce -basicaa -simplifycfg -mem2reg -globalopt -global-constprop -deadargelim -instcombine -simplifycfg -prune-eh -simplifycfg -scalarrepl -instcombine -reassociate -licm -simplifycfg -loop-simplify -indvars -instcombine -simplifycfg -mem2reg -loop-simplify -indvars -instcombine -gvn -gvn -instcombine -adce -break-crit-edges -simplifycfg -loop-delete -global-array-opt -dce -dse -adce -find-syn-modules -top main_5_slices.cpp -deadargelim -mem2reg -instcombine -dce -presyn-prepare -auto-rom-infer -interface-preproc -syn-check -check-rec-only -find-region -simplifycfg -func-extr -function-inline -globaldce -mem2reg -instcombine -dce -gvn -globaldce -adce -adse -constprop -instcombine -bit-constprop -instcombine -dce -simplifycfg -bitop-raise -simplifycfg -dce -loop-delete -reassociate -globalopt -global-privatize -mem2reg -dce -global-constprop -pointer-simplify -constprop -dce -func-inst -deadargelim -auto-shift-reg-idiom -promote-dbg-pointer -norm-name /home/gkapakos/Desktop/ECE/10th_Semester/Architecture_of_Parallel_Systems/Project/BranchPredictionAI/C_Implementation/BranchPredictionAI/solution1/.autopilot/db/a.g.0.bc -o /home/gkapakos/Desktop/ECE/10th_Semester/Architecture_of_Parallel_Systems/Project/BranchPredictionAI/C_Implementation/BranchPredictionAI/solution1/.autopilot/db/a.g.1.bc -f -phase std-opt 
