

================================================================
== Vivado HLS Report for 'avgpool1d_P_1'
================================================================
* Date:           Tue Sep  2 19:40:19 2025

* Version:        2019.1 (Build 2552052 on Fri May 24 15:28:33 MDT 2019)
* Project:        BranchPredictionAI
* Solution:       solution1
* Product family: zynq
* Target device:  xc7z020-clg484-1


================================================================
== Performance Estimates
================================================================
+ Timing (ns): 
    * Summary: 
    +--------+-------+----------+------------+
    |  Clock | Target| Estimated| Uncertainty|
    +--------+-------+----------+------------+
    |ap_clk  |  10.00|     7.256|        1.25|
    +--------+-------+----------+------------+

+ Latency (clock cycles): 
    * Summary: 
    +-------+-------+-------+-------+---------+
    |    Latency    |    Interval   | Pipeline|
    |  min  |  max  |  min  |  max  |   Type  |
    +-------+-------+-------+-------+---------+
    |  71449|  71449|  71449|  71449|   none  |
    +-------+-------+-------+-------+---------+

    + Detail: 
        * Instance: 
        N/A

        * Loop: 
        +-----------------+-------+-------+----------+-----------+-----------+------+----------+
        |                 |    Latency    | Iteration|  Initiation Interval  | Trip |          |
        |    Loop Name    |  min  |  max  |  Latency |  achieved |   target  | Count| Pipelined|
        +-----------------+-------+-------+----------+-----------+-----------+------+----------+
        |- Loop 1         |  71448|  71448|      5954|          -|          -|    12|    no    |
        | + Loop 1.1      |   5952|   5952|       186|          -|          -|    32|    no    |
        |  ++ Loop 1.1.1  |    168|    168|         7|          -|          -|    24|    no    |
        +-----------------+-------+-------+----------+-----------+-----------+------+----------+



================================================================
== Utilization Estimates
================================================================
* Summary: 
+-----------------+---------+-------+--------+-------+-----+
|       Name      | BRAM_18K| DSP48E|   FF   |  LUT  | URAM|
+-----------------+---------+-------+--------+-------+-----+
|DSP              |        -|      -|       -|      -|    -|
|Expression       |        -|      -|       0|    140|    -|
|FIFO             |        -|      -|       -|      -|    -|
|Instance         |        -|      2|     966|   1384|    -|
|Memory           |        -|      -|       -|      -|    -|
|Multiplexer      |        -|      -|       -|    161|    -|
|Register         |        -|      -|     184|      -|    -|
+-----------------+---------+-------+--------+-------+-----+
|Total            |        0|      2|    1150|   1685|    0|
+-----------------+---------+-------+--------+-------+-----+
|Available        |      280|    220|  106400|  53200|    0|
+-----------------+---------+-------+--------+-------+-----+
|Utilization (%)  |        0|   ~0  |       1|      3|    0|
+-----------------+---------+-------+--------+-------+-----+

+ Detail: 
    * Instance: 
    +-----------------------------------------+-------------------------------------+---------+-------+-----+-----+-----+
    |                 Instance                |                Module               | BRAM_18K| DSP48E|  FF | LUT | URAM|
    +-----------------------------------------+-------------------------------------+---------+-------+-----+-----+-----+
    |main_fadd_32ns_32ns_32_5_full_dsp_1_U89  |main_fadd_32ns_32ns_32_5_full_dsp_1  |        0|      2|  205|  390|    0|
    |main_fdiv_32ns_32ns_32_16_1_U90          |main_fdiv_32ns_32ns_32_16_1          |        0|      0|  761|  994|    0|
    +-----------------------------------------+-------------------------------------+---------+-------+-----+-----+-----+
    |Total                                    |                                     |        0|      2|  966| 1384|    0|
    +-----------------------------------------+-------------------------------------+---------+-------+-----+-----+-----+

    * DSP48E: 
    N/A

    * Memory: 
    N/A

    * FIFO: 
    N/A

    * Expression: 
    +-----------------------+----------+-------+---+----+------------+------------+
    |     Variable Name     | Operation| DSP48E| FF| LUT| Bitwidth P0| Bitwidth P1|
    +-----------------------+----------+-------+---+----+------------+------------+
    |add_ln105_1_fu_221_p2  |     +    |      0|  0|  23|          16|          16|
    |add_ln105_fu_204_p2    |     +    |      0|  0|  14|          10|          10|
    |add_ln106_fu_235_p2    |     +    |      0|  0|  15|           9|           9|
    |c_fu_182_p2            |     +    |      0|  0|  15|           6|           1|
    |p_fu_194_p2            |     +    |      0|  0|  15|           5|           1|
    |u_fu_132_p2            |     +    |      0|  0|  13|           4|           1|
    |sub_ln105_fu_162_p2    |     -    |      0|  0|  14|          10|          10|
    |icmp_ln102_fu_126_p2   |   icmp   |      0|  0|   9|           4|           4|
    |icmp_ln103_fu_176_p2   |   icmp   |      0|  0|  11|           6|           7|
    |icmp_ln105_fu_188_p2   |   icmp   |      0|  0|  11|           5|           5|
    +-----------------------+----------+-------+---+----+------------+------------+
    |Total                  |          |      0|  0| 140|          75|          64|
    +-----------------------+----------+-------+---+----+------------+------------+

    * Multiplexer: 
    +--------------+-----+-----------+-----+-----------+
    |     Name     | LUT | Input Size| Bits| Total Bits|
    +--------------+-----+-----------+-----+-----------+
    |acc_0_reg_92  |    9|          2|   32|         64|
    |ap_NS_fsm     |  125|         27|    1|         27|
    |c_0_reg_81    |    9|          2|    6|         12|
    |p_0_reg_104   |    9|          2|    5|         10|
    |u_0_reg_70    |    9|          2|    4|          8|
    +--------------+-----+-----------+-----+-----------+
    |Total         |  161|         35|   48|        121|
    +--------------+-----+-----------+-----+-----------+

    * Register: 
    +----------------------+----+----+-----+-----------+
    |         Name         | FF | LUT| Bits| Const Bits|
    +----------------------+----+----+-----+-----------+
    |Z_load_reg_297        |  32|   0|   32|          0|
    |acc_0_reg_92          |  32|   0|   32|          0|
    |add_ln106_reg_292     |   9|   0|    9|          0|
    |ap_CS_fsm             |  26|   0|   26|          0|
    |c_0_reg_81            |   6|   0|    6|          0|
    |c_reg_274             |   6|   0|    6|          0|
    |p_0_reg_104           |   5|   0|    5|          0|
    |p_reg_282             |   5|   0|    5|          0|
    |shl_ln105_6_reg_251   |   4|   0|    9|          5|
    |sub_ln105_reg_256     |   7|   0|   10|          3|
    |tmp_s_reg_307         |  32|   0|   32|          0|
    |u_0_reg_70            |   4|   0|    4|          0|
    |u_reg_246             |   4|   0|    4|          0|
    |zext_ln103_4_reg_266  |   6|   0|   16|         10|
    |zext_ln103_reg_261    |   6|   0|    9|          3|
    +----------------------+----+----+-----+-----------+
    |Total                 | 184|   0|  205|         21|
    +----------------------+----+----+-----+-----------+



================================================================
== Interface
================================================================
* Summary: 
+------------+-----+-----+------------+---------------+--------------+
|  RTL Ports | Dir | Bits|  Protocol  | Source Object |    C Type    |
+------------+-----+-----+------------+---------------+--------------+
|ap_clk      |  in |    1| ap_ctrl_hs | avgpool1d_P.1 | return value |
|ap_rst      |  in |    1| ap_ctrl_hs | avgpool1d_P.1 | return value |
|ap_start    |  in |    1| ap_ctrl_hs | avgpool1d_P.1 | return value |
|ap_done     | out |    1| ap_ctrl_hs | avgpool1d_P.1 | return value |
|ap_idle     | out |    1| ap_ctrl_hs | avgpool1d_P.1 | return value |
|ap_ready    | out |    1| ap_ctrl_hs | avgpool1d_P.1 | return value |
|Z_address0  | out |   14|  ap_memory |       Z       |     array    |
|Z_ce0       | out |    1|  ap_memory |       Z       |     array    |
|Z_q0        |  in |   32|  ap_memory |       Z       |     array    |
|U_address0  | out |    9|  ap_memory |       U       |     array    |
|U_ce0       | out |    1|  ap_memory |       U       |     array    |
|U_we0       | out |    1|  ap_memory |       U       |     array    |
|U_d0        | out |   32|  ap_memory |       U       |     array    |
+------------+-----+-----+------------+---------------+--------------+

============================================================
+ Verbose Summary: Synthesis Manager
============================================================
InlineROM: 1
ExposeGlobal: 0
============================================================
+ Verbose Summary: CDFG Model
============================================================
IsTopModel: 0
ResetActiveHigh: 1
IsCombinational: 2
IsDatapathOnly: 2
HasWiredReturn: 1
HasMFsm: 0
HasVarLatency: 1
IsPipeline: 0
IsRtlPipelined: 0
IsInstanceOverlapped: 0
IsDontTouch: 0
HasImplIP: 0
IsGatedGlobalClock: 0


============================================================
+ Verbose Summary: Schedule
============================================================
* Number of FSM states : 26
* Pipeline : 0
* Dataflow Pipeline: 0

* FSM state transitions: 
1 --> 2 
2 --> 3 
3 --> 4 2 
4 --> 5 11 
5 --> 6 
6 --> 7 
7 --> 8 
8 --> 9 
9 --> 10 
10 --> 4 
11 --> 12 
12 --> 13 
13 --> 14 
14 --> 15 
15 --> 16 
16 --> 17 
17 --> 18 
18 --> 19 
19 --> 20 
20 --> 21 
21 --> 22 
22 --> 23 
23 --> 24 
24 --> 25 
25 --> 26 
26 --> 3 

* FSM state operations: 

State 1 <SV = 0> <Delay = 1.76>
ST_1 : Operation 27 [1/1] (1.76ns)   --->   "br label %.loopexit" [main_5_slices.cpp:102]   --->   Operation 27 'br' <Predicate = true> <Delay = 1.76>

State 2 <SV = 1> <Delay = 1.82>
ST_2 : Operation 28 [1/1] (0.00ns)   --->   "%u_0 = phi i4 [ 0, %0 ], [ %u, %.loopexit.loopexit ]"   --->   Operation 28 'phi' 'u_0' <Predicate = true> <Delay = 0.00>
ST_2 : Operation 29 [1/1] (0.00ns)   --->   "%empty = call i32 (...)* @_ssdm_op_SpecLoopTripCount(i64 12, i64 12, i64 12)"   --->   Operation 29 'speclooptripcount' 'empty' <Predicate = true> <Delay = 0.00>
ST_2 : Operation 30 [1/1] (1.30ns)   --->   "%icmp_ln102 = icmp eq i4 %u_0, -4" [main_5_slices.cpp:102]   --->   Operation 30 'icmp' 'icmp_ln102' <Predicate = true> <Delay = 1.30> <Core = "Cmp">   --->   Core 25 'Cmp' <Latency = 0> <II = 1> <Delay = 1.36> <FuncUnit> <Opcode : 'icmp'> <InPorts = 2> <OutPorts = 1>
ST_2 : Operation 31 [1/1] (1.73ns)   --->   "%u = add i4 %u_0, 1" [main_5_slices.cpp:102]   --->   Operation 31 'add' 'u' <Predicate = true> <Delay = 1.73> <Core = "AddSub">   --->   Core 14 'AddSub' <Latency = 0> <II = 1> <Delay = 1.73> <FuncUnit> <Opcode : 'add' 'sub'> <InPorts = 2> <OutPorts = 1>
ST_2 : Operation 32 [1/1] (0.00ns)   --->   "br i1 %icmp_ln102, label %3, label %.preheader1.preheader" [main_5_slices.cpp:102]   --->   Operation 32 'br' <Predicate = true> <Delay = 0.00>
ST_2 : Operation 33 [1/1] (0.00ns)   --->   "%shl_ln105_6 = call i9 @_ssdm_op_BitConcatenate.i9.i4.i5(i4 %u_0, i5 0)" [main_5_slices.cpp:105]   --->   Operation 33 'bitconcatenate' 'shl_ln105_6' <Predicate = (!icmp_ln102)> <Delay = 0.00>
ST_2 : Operation 34 [1/1] (0.00ns)   --->   "%zext_ln105 = zext i9 %shl_ln105_6 to i10" [main_5_slices.cpp:105]   --->   Operation 34 'zext' 'zext_ln105' <Predicate = (!icmp_ln102)> <Delay = 0.00>
ST_2 : Operation 35 [1/1] (0.00ns)   --->   "%shl_ln105_7 = call i7 @_ssdm_op_BitConcatenate.i7.i4.i3(i4 %u_0, i3 0)" [main_5_slices.cpp:105]   --->   Operation 35 'bitconcatenate' 'shl_ln105_7' <Predicate = (!icmp_ln102)> <Delay = 0.00>
ST_2 : Operation 36 [1/1] (0.00ns)   --->   "%zext_ln105_7 = zext i7 %shl_ln105_7 to i10" [main_5_slices.cpp:105]   --->   Operation 36 'zext' 'zext_ln105_7' <Predicate = (!icmp_ln102)> <Delay = 0.00>
ST_2 : Operation 37 [1/1] (1.82ns)   --->   "%sub_ln105 = sub i10 %zext_ln105, %zext_ln105_7" [main_5_slices.cpp:105]   --->   Operation 37 'sub' 'sub_ln105' <Predicate = (!icmp_ln102)> <Delay = 1.82> <Core = "AddSub">   --->   Core 14 'AddSub' <Latency = 0> <II = 1> <Delay = 1.73> <FuncUnit> <Opcode : 'add' 'sub'> <InPorts = 2> <OutPorts = 1>
ST_2 : Operation 38 [1/1] (1.76ns)   --->   "br label %.preheader1" [main_5_slices.cpp:103]   --->   Operation 38 'br' <Predicate = (!icmp_ln102)> <Delay = 1.76>
ST_2 : Operation 39 [1/1] (0.00ns)   --->   "ret void" [main_5_slices.cpp:109]   --->   Operation 39 'ret' <Predicate = (icmp_ln102)> <Delay = 0.00>

State 3 <SV = 2> <Delay = 1.82>
ST_3 : Operation 40 [1/1] (0.00ns)   --->   "%c_0 = phi i6 [ %c, %2 ], [ 0, %.preheader1.preheader ]"   --->   Operation 40 'phi' 'c_0' <Predicate = true> <Delay = 0.00>
ST_3 : Operation 41 [1/1] (0.00ns)   --->   "%zext_ln103 = zext i6 %c_0 to i9" [main_5_slices.cpp:103]   --->   Operation 41 'zext' 'zext_ln103' <Predicate = true> <Delay = 0.00>
ST_3 : Operation 42 [1/1] (0.00ns)   --->   "%zext_ln103_4 = zext i6 %c_0 to i16" [main_5_slices.cpp:103]   --->   Operation 42 'zext' 'zext_ln103_4' <Predicate = true> <Delay = 0.00>
ST_3 : Operation 43 [1/1] (1.42ns)   --->   "%icmp_ln103 = icmp eq i6 %c_0, -32" [main_5_slices.cpp:103]   --->   Operation 43 'icmp' 'icmp_ln103' <Predicate = true> <Delay = 1.42> <Core = "Cmp">   --->   Core 25 'Cmp' <Latency = 0> <II = 1> <Delay = 1.36> <FuncUnit> <Opcode : 'icmp'> <InPorts = 2> <OutPorts = 1>
ST_3 : Operation 44 [1/1] (0.00ns)   --->   "%empty_95 = call i32 (...)* @_ssdm_op_SpecLoopTripCount(i64 32, i64 32, i64 32)"   --->   Operation 44 'speclooptripcount' 'empty_95' <Predicate = true> <Delay = 0.00>
ST_3 : Operation 45 [1/1] (1.82ns)   --->   "%c = add i6 %c_0, 1" [main_5_slices.cpp:103]   --->   Operation 45 'add' 'c' <Predicate = true> <Delay = 1.82> <Core = "AddSub">   --->   Core 14 'AddSub' <Latency = 0> <II = 1> <Delay = 1.73> <FuncUnit> <Opcode : 'add' 'sub'> <InPorts = 2> <OutPorts = 1>
ST_3 : Operation 46 [1/1] (0.00ns)   --->   "br i1 %icmp_ln103, label %.loopexit.loopexit, label %.preheader.preheader" [main_5_slices.cpp:103]   --->   Operation 46 'br' <Predicate = true> <Delay = 0.00>
ST_3 : Operation 47 [1/1] (1.76ns)   --->   "br label %.preheader"   --->   Operation 47 'br' <Predicate = (!icmp_ln103)> <Delay = 1.76>
ST_3 : Operation 48 [1/1] (0.00ns)   --->   "br label %.loopexit"   --->   Operation 48 'br' <Predicate = (icmp_ln103)> <Delay = 0.00>

State 4 <SV = 3> <Delay = 6.92>
ST_4 : Operation 49 [1/1] (0.00ns)   --->   "%acc_0 = phi float [ %acc, %1 ], [ 0.000000e+00, %.preheader.preheader ]"   --->   Operation 49 'phi' 'acc_0' <Predicate = true> <Delay = 0.00>
ST_4 : Operation 50 [1/1] (0.00ns)   --->   "%p_0 = phi i5 [ %p, %1 ], [ 0, %.preheader.preheader ]"   --->   Operation 50 'phi' 'p_0' <Predicate = true> <Delay = 0.00>
ST_4 : Operation 51 [1/1] (0.00ns)   --->   "%empty_96 = call i32 (...)* @_ssdm_op_SpecLoopTripCount(i64 24, i64 24, i64 24)"   --->   Operation 51 'speclooptripcount' 'empty_96' <Predicate = true> <Delay = 0.00>
ST_4 : Operation 52 [1/1] (1.36ns)   --->   "%icmp_ln105 = icmp eq i5 %p_0, -8" [main_5_slices.cpp:105]   --->   Operation 52 'icmp' 'icmp_ln105' <Predicate = true> <Delay = 1.36> <Core = "Cmp">   --->   Core 25 'Cmp' <Latency = 0> <II = 1> <Delay = 1.36> <FuncUnit> <Opcode : 'icmp'> <InPorts = 2> <OutPorts = 1>
ST_4 : Operation 53 [1/1] (1.78ns)   --->   "%p = add i5 %p_0, 1" [main_5_slices.cpp:105]   --->   Operation 53 'add' 'p' <Predicate = true> <Delay = 1.78> <Core = "AddSub">   --->   Core 14 'AddSub' <Latency = 0> <II = 1> <Delay = 1.73> <FuncUnit> <Opcode : 'add' 'sub'> <InPorts = 2> <OutPorts = 1>
ST_4 : Operation 54 [1/1] (0.00ns)   --->   "br i1 %icmp_ln105, label %2, label %1" [main_5_slices.cpp:105]   --->   Operation 54 'br' <Predicate = true> <Delay = 0.00>
ST_4 : Operation 55 [1/1] (0.00ns)   --->   "%zext_ln105_8 = zext i5 %p_0 to i10" [main_5_slices.cpp:105]   --->   Operation 55 'zext' 'zext_ln105_8' <Predicate = (!icmp_ln105)> <Delay = 0.00>
ST_4 : Operation 56 [1/1] (1.73ns)   --->   "%add_ln105 = add i10 %zext_ln105_8, %sub_ln105" [main_5_slices.cpp:105]   --->   Operation 56 'add' 'add_ln105' <Predicate = (!icmp_ln105)> <Delay = 1.73> <Core = "AddSub">   --->   Core 14 'AddSub' <Latency = 0> <II = 1> <Delay = 1.73> <FuncUnit> <Opcode : 'add' 'sub'> <InPorts = 2> <OutPorts = 1>
ST_4 : Operation 57 [1/1] (0.00ns)   --->   "%tmp = call i15 @_ssdm_op_BitConcatenate.i15.i10.i5(i10 %add_ln105, i5 0)" [main_5_slices.cpp:105]   --->   Operation 57 'bitconcatenate' 'tmp' <Predicate = (!icmp_ln105)> <Delay = 0.00>
ST_4 : Operation 58 [1/1] (0.00ns)   --->   "%sext_ln105 = sext i15 %tmp to i16" [main_5_slices.cpp:105]   --->   Operation 58 'sext' 'sext_ln105' <Predicate = (!icmp_ln105)> <Delay = 0.00>
ST_4 : Operation 59 [1/1] (1.94ns)   --->   "%add_ln105_1 = add i16 %zext_ln103_4, %sext_ln105" [main_5_slices.cpp:105]   --->   Operation 59 'add' 'add_ln105_1' <Predicate = (!icmp_ln105)> <Delay = 1.94> <Core = "AddSub">   --->   Core 14 'AddSub' <Latency = 0> <II = 1> <Delay = 1.73> <FuncUnit> <Opcode : 'add' 'sub'> <InPorts = 2> <OutPorts = 1>
ST_4 : Operation 60 [1/1] (0.00ns)   --->   "%sext_ln105_4 = sext i16 %add_ln105_1 to i32" [main_5_slices.cpp:105]   --->   Operation 60 'sext' 'sext_ln105_4' <Predicate = (!icmp_ln105)> <Delay = 0.00>
ST_4 : Operation 61 [1/1] (0.00ns)   --->   "%zext_ln105_4 = zext i32 %sext_ln105_4 to i64" [main_5_slices.cpp:105]   --->   Operation 61 'zext' 'zext_ln105_4' <Predicate = (!icmp_ln105)> <Delay = 0.00>
ST_4 : Operation 62 [1/1] (0.00ns)   --->   "%Z_addr = getelementptr [9216 x float]* %Z, i64 0, i64 %zext_ln105_4" [main_5_slices.cpp:105]   --->   Operation 62 'getelementptr' 'Z_addr' <Predicate = (!icmp_ln105)> <Delay = 0.00>
ST_4 : Operation 63 [2/2] (3.25ns)   --->   "%Z_load = load float* %Z_addr, align 4" [main_5_slices.cpp:105]   --->   Operation 63 'load' 'Z_load' <Predicate = (!icmp_ln105)> <Delay = 3.25> <Core = "RAM">   --->   Core 37 'RAM' <Latency = 1> <II = 1> <Delay = 3.25> <Storage> <Opcode : 'load' 'store'> <Ports = 2> <Width = 32> <Depth = 128> <RAM>
ST_4 : Operation 64 [16/16] (6.07ns)   --->   "%tmp_s = fdiv float %acc_0, 2.400000e+01" [main_5_slices.cpp:106]   --->   Operation 64 'fdiv' 'tmp_s' <Predicate = (icmp_ln105)> <Delay = 6.07> <Core = "FDiv">   --->   Core 107 'FDiv' <Latency = 15> <II = 1> <Delay = 6.07> <FuncUnit> <Opcode : 'fdiv' 'frem'> <InPorts = 2> <OutPorts = 1>
ST_4 : Operation 65 [1/1] (1.82ns)   --->   "%add_ln106 = add i9 %shl_ln105_6, %zext_ln103" [main_5_slices.cpp:106]   --->   Operation 65 'add' 'add_ln106' <Predicate = (icmp_ln105)> <Delay = 1.82> <Core = "AddSub">   --->   Core 14 'AddSub' <Latency = 0> <II = 1> <Delay = 1.73> <FuncUnit> <Opcode : 'add' 'sub'> <InPorts = 2> <OutPorts = 1>

State 5 <SV = 4> <Delay = 3.25>
ST_5 : Operation 66 [1/2] (3.25ns)   --->   "%Z_load = load float* %Z_addr, align 4" [main_5_slices.cpp:105]   --->   Operation 66 'load' 'Z_load' <Predicate = true> <Delay = 3.25> <Core = "RAM">   --->   Core 37 'RAM' <Latency = 1> <II = 1> <Delay = 3.25> <Storage> <Opcode : 'load' 'store'> <Ports = 2> <Width = 32> <Depth = 128> <RAM>

State 6 <SV = 5> <Delay = 7.25>
ST_6 : Operation 67 [5/5] (7.25ns)   --->   "%acc = fadd float %acc_0, %Z_load" [main_5_slices.cpp:105]   --->   Operation 67 'fadd' 'acc' <Predicate = true> <Delay = 7.25> <Core = "FAddSub">   --->   Core 105 'FAddSub' <Latency = 4> <II = 1> <Delay = 7.25> <FuncUnit> <Opcode : 'fadd' 'fsub'> <InPorts = 2> <OutPorts = 1>

State 7 <SV = 6> <Delay = 7.25>
ST_7 : Operation 68 [4/5] (7.25ns)   --->   "%acc = fadd float %acc_0, %Z_load" [main_5_slices.cpp:105]   --->   Operation 68 'fadd' 'acc' <Predicate = true> <Delay = 7.25> <Core = "FAddSub">   --->   Core 105 'FAddSub' <Latency = 4> <II = 1> <Delay = 7.25> <FuncUnit> <Opcode : 'fadd' 'fsub'> <InPorts = 2> <OutPorts = 1>

State 8 <SV = 7> <Delay = 7.25>
ST_8 : Operation 69 [3/5] (7.25ns)   --->   "%acc = fadd float %acc_0, %Z_load" [main_5_slices.cpp:105]   --->   Operation 69 'fadd' 'acc' <Predicate = true> <Delay = 7.25> <Core = "FAddSub">   --->   Core 105 'FAddSub' <Latency = 4> <II = 1> <Delay = 7.25> <FuncUnit> <Opcode : 'fadd' 'fsub'> <InPorts = 2> <OutPorts = 1>

State 9 <SV = 8> <Delay = 7.25>
ST_9 : Operation 70 [2/5] (7.25ns)   --->   "%acc = fadd float %acc_0, %Z_load" [main_5_slices.cpp:105]   --->   Operation 70 'fadd' 'acc' <Predicate = true> <Delay = 7.25> <Core = "FAddSub">   --->   Core 105 'FAddSub' <Latency = 4> <II = 1> <Delay = 7.25> <FuncUnit> <Opcode : 'fadd' 'fsub'> <InPorts = 2> <OutPorts = 1>

State 10 <SV = 9> <Delay = 7.25>
ST_10 : Operation 71 [1/5] (7.25ns)   --->   "%acc = fadd float %acc_0, %Z_load" [main_5_slices.cpp:105]   --->   Operation 71 'fadd' 'acc' <Predicate = true> <Delay = 7.25> <Core = "FAddSub">   --->   Core 105 'FAddSub' <Latency = 4> <II = 1> <Delay = 7.25> <FuncUnit> <Opcode : 'fadd' 'fsub'> <InPorts = 2> <OutPorts = 1>
ST_10 : Operation 72 [1/1] (0.00ns)   --->   "br label %.preheader" [main_5_slices.cpp:105]   --->   Operation 72 'br' <Predicate = true> <Delay = 0.00>

State 11 <SV = 4> <Delay = 6.07>
ST_11 : Operation 73 [15/16] (6.07ns)   --->   "%tmp_s = fdiv float %acc_0, 2.400000e+01" [main_5_slices.cpp:106]   --->   Operation 73 'fdiv' 'tmp_s' <Predicate = true> <Delay = 6.07> <Core = "FDiv">   --->   Core 107 'FDiv' <Latency = 15> <II = 1> <Delay = 6.07> <FuncUnit> <Opcode : 'fdiv' 'frem'> <InPorts = 2> <OutPorts = 1>

State 12 <SV = 5> <Delay = 6.07>
ST_12 : Operation 74 [14/16] (6.07ns)   --->   "%tmp_s = fdiv float %acc_0, 2.400000e+01" [main_5_slices.cpp:106]   --->   Operation 74 'fdiv' 'tmp_s' <Predicate = true> <Delay = 6.07> <Core = "FDiv">   --->   Core 107 'FDiv' <Latency = 15> <II = 1> <Delay = 6.07> <FuncUnit> <Opcode : 'fdiv' 'frem'> <InPorts = 2> <OutPorts = 1>

State 13 <SV = 6> <Delay = 6.07>
ST_13 : Operation 75 [13/16] (6.07ns)   --->   "%tmp_s = fdiv float %acc_0, 2.400000e+01" [main_5_slices.cpp:106]   --->   Operation 75 'fdiv' 'tmp_s' <Predicate = true> <Delay = 6.07> <Core = "FDiv">   --->   Core 107 'FDiv' <Latency = 15> <II = 1> <Delay = 6.07> <FuncUnit> <Opcode : 'fdiv' 'frem'> <InPorts = 2> <OutPorts = 1>

State 14 <SV = 7> <Delay = 6.07>
ST_14 : Operation 76 [12/16] (6.07ns)   --->   "%tmp_s = fdiv float %acc_0, 2.400000e+01" [main_5_slices.cpp:106]   --->   Operation 76 'fdiv' 'tmp_s' <Predicate = true> <Delay = 6.07> <Core = "FDiv">   --->   Core 107 'FDiv' <Latency = 15> <II = 1> <Delay = 6.07> <FuncUnit> <Opcode : 'fdiv' 'frem'> <InPorts = 2> <OutPorts = 1>

State 15 <SV = 8> <Delay = 6.07>
ST_15 : Operation 77 [11/16] (6.07ns)   --->   "%tmp_s = fdiv float %acc_0, 2.400000e+01" [main_5_slices.cpp:106]   --->   Operation 77 'fdiv' 'tmp_s' <Predicate = true> <Delay = 6.07> <Core = "FDiv">   --->   Core 107 'FDiv' <Latency = 15> <II = 1> <Delay = 6.07> <FuncUnit> <Opcode : 'fdiv' 'frem'> <InPorts = 2> <OutPorts = 1>

State 16 <SV = 9> <Delay = 6.07>
ST_16 : Operation 78 [10/16] (6.07ns)   --->   "%tmp_s = fdiv float %acc_0, 2.400000e+01" [main_5_slices.cpp:106]   --->   Operation 78 'fdiv' 'tmp_s' <Predicate = true> <Delay = 6.07> <Core = "FDiv">   --->   Core 107 'FDiv' <Latency = 15> <II = 1> <Delay = 6.07> <FuncUnit> <Opcode : 'fdiv' 'frem'> <InPorts = 2> <OutPorts = 1>

State 17 <SV = 10> <Delay = 6.07>
ST_17 : Operation 79 [9/16] (6.07ns)   --->   "%tmp_s = fdiv float %acc_0, 2.400000e+01" [main_5_slices.cpp:106]   --->   Operation 79 'fdiv' 'tmp_s' <Predicate = true> <Delay = 6.07> <Core = "FDiv">   --->   Core 107 'FDiv' <Latency = 15> <II = 1> <Delay = 6.07> <FuncUnit> <Opcode : 'fdiv' 'frem'> <InPorts = 2> <OutPorts = 1>

State 18 <SV = 11> <Delay = 6.07>
ST_18 : Operation 80 [8/16] (6.07ns)   --->   "%tmp_s = fdiv float %acc_0, 2.400000e+01" [main_5_slices.cpp:106]   --->   Operation 80 'fdiv' 'tmp_s' <Predicate = true> <Delay = 6.07> <Core = "FDiv">   --->   Core 107 'FDiv' <Latency = 15> <II = 1> <Delay = 6.07> <FuncUnit> <Opcode : 'fdiv' 'frem'> <InPorts = 2> <OutPorts = 1>

State 19 <SV = 12> <Delay = 6.07>
ST_19 : Operation 81 [7/16] (6.07ns)   --->   "%tmp_s = fdiv float %acc_0, 2.400000e+01" [main_5_slices.cpp:106]   --->   Operation 81 'fdiv' 'tmp_s' <Predicate = true> <Delay = 6.07> <Core = "FDiv">   --->   Core 107 'FDiv' <Latency = 15> <II = 1> <Delay = 6.07> <FuncUnit> <Opcode : 'fdiv' 'frem'> <InPorts = 2> <OutPorts = 1>

State 20 <SV = 13> <Delay = 6.07>
ST_20 : Operation 82 [6/16] (6.07ns)   --->   "%tmp_s = fdiv float %acc_0, 2.400000e+01" [main_5_slices.cpp:106]   --->   Operation 82 'fdiv' 'tmp_s' <Predicate = true> <Delay = 6.07> <Core = "FDiv">   --->   Core 107 'FDiv' <Latency = 15> <II = 1> <Delay = 6.07> <FuncUnit> <Opcode : 'fdiv' 'frem'> <InPorts = 2> <OutPorts = 1>

State 21 <SV = 14> <Delay = 6.07>
ST_21 : Operation 83 [5/16] (6.07ns)   --->   "%tmp_s = fdiv float %acc_0, 2.400000e+01" [main_5_slices.cpp:106]   --->   Operation 83 'fdiv' 'tmp_s' <Predicate = true> <Delay = 6.07> <Core = "FDiv">   --->   Core 107 'FDiv' <Latency = 15> <II = 1> <Delay = 6.07> <FuncUnit> <Opcode : 'fdiv' 'frem'> <InPorts = 2> <OutPorts = 1>

State 22 <SV = 15> <Delay = 6.07>
ST_22 : Operation 84 [4/16] (6.07ns)   --->   "%tmp_s = fdiv float %acc_0, 2.400000e+01" [main_5_slices.cpp:106]   --->   Operation 84 'fdiv' 'tmp_s' <Predicate = true> <Delay = 6.07> <Core = "FDiv">   --->   Core 107 'FDiv' <Latency = 15> <II = 1> <Delay = 6.07> <FuncUnit> <Opcode : 'fdiv' 'frem'> <InPorts = 2> <OutPorts = 1>

State 23 <SV = 16> <Delay = 6.07>
ST_23 : Operation 85 [3/16] (6.07ns)   --->   "%tmp_s = fdiv float %acc_0, 2.400000e+01" [main_5_slices.cpp:106]   --->   Operation 85 'fdiv' 'tmp_s' <Predicate = true> <Delay = 6.07> <Core = "FDiv">   --->   Core 107 'FDiv' <Latency = 15> <II = 1> <Delay = 6.07> <FuncUnit> <Opcode : 'fdiv' 'frem'> <InPorts = 2> <OutPorts = 1>

State 24 <SV = 17> <Delay = 6.07>
ST_24 : Operation 86 [2/16] (6.07ns)   --->   "%tmp_s = fdiv float %acc_0, 2.400000e+01" [main_5_slices.cpp:106]   --->   Operation 86 'fdiv' 'tmp_s' <Predicate = true> <Delay = 6.07> <Core = "FDiv">   --->   Core 107 'FDiv' <Latency = 15> <II = 1> <Delay = 6.07> <FuncUnit> <Opcode : 'fdiv' 'frem'> <InPorts = 2> <OutPorts = 1>

State 25 <SV = 18> <Delay = 6.07>
ST_25 : Operation 87 [1/16] (6.07ns)   --->   "%tmp_s = fdiv float %acc_0, 2.400000e+01" [main_5_slices.cpp:106]   --->   Operation 87 'fdiv' 'tmp_s' <Predicate = true> <Delay = 6.07> <Core = "FDiv">   --->   Core 107 'FDiv' <Latency = 15> <II = 1> <Delay = 6.07> <FuncUnit> <Opcode : 'fdiv' 'frem'> <InPorts = 2> <OutPorts = 1>

State 26 <SV = 19> <Delay = 3.25>
ST_26 : Operation 88 [1/1] (0.00ns)   --->   "%zext_ln106 = zext i9 %add_ln106 to i64" [main_5_slices.cpp:106]   --->   Operation 88 'zext' 'zext_ln106' <Predicate = true> <Delay = 0.00>
ST_26 : Operation 89 [1/1] (0.00ns)   --->   "%U_addr = getelementptr [384 x float]* %U, i64 0, i64 %zext_ln106" [main_5_slices.cpp:106]   --->   Operation 89 'getelementptr' 'U_addr' <Predicate = true> <Delay = 0.00>
ST_26 : Operation 90 [1/1] (3.25ns)   --->   "store float %tmp_s, float* %U_addr, align 4" [main_5_slices.cpp:106]   --->   Operation 90 'store' <Predicate = true> <Delay = 3.25> <Core = "RAM">   --->   Core 37 'RAM' <Latency = 1> <II = 1> <Delay = 3.25> <Storage> <Opcode : 'load' 'store'> <Ports = 2> <Width = 32> <Depth = 128> <RAM>
ST_26 : Operation 91 [1/1] (0.00ns)   --->   "br label %.preheader1" [main_5_slices.cpp:103]   --->   Operation 91 'br' <Predicate = true> <Delay = 0.00>


============================================================
+ Verbose Summary: Binding
============================================================
STG Binding: 
---------------- STG Properties BEGIN ----------------
- Is combinational: 0
- Is one-state seq: 0
- Is datapath-only: 0
- Is pipelined: 0
- Is top level: 0
Port [ Return ] is wired: 1; IO mode=ap_ctrl_hs:ce=0
Port [ Z]:  wired=1; compound=1; hidden=0; nouse=0; global=0; static=0; extern=0; dir=0; type=1; pingpong=0; private_global=0; MemPort=[13]; IO mode=ap_memory:ce=0
Port [ U]:  wired=1; compound=1; hidden=0; nouse=0; global=0; static=0; extern=0; dir=1; type=1; pingpong=0; private_global=0; MemPort=[03]; IO mode=ap_memory:ce=0
---------------- STG Properties END ------------------

---------------- Datapath Model BEGIN ----------------

<LifeTime>
<method=bitvector/>
br_ln102     (br               ) [ 011111111111111111111111111]
u_0          (phi              ) [ 001000000000000000000000000]
empty        (speclooptripcount) [ 000000000000000000000000000]
icmp_ln102   (icmp             ) [ 001111111111111111111111111]
u            (add              ) [ 011111111111111111111111111]
br_ln102     (br               ) [ 000000000000000000000000000]
shl_ln105_6  (bitconcatenate   ) [ 000111111111111111111111111]
zext_ln105   (zext             ) [ 000000000000000000000000000]
shl_ln105_7  (bitconcatenate   ) [ 000000000000000000000000000]
zext_ln105_7 (zext             ) [ 000000000000000000000000000]
sub_ln105    (sub              ) [ 000111111111111111111111111]
br_ln103     (br               ) [ 001111111111111111111111111]
ret_ln109    (ret              ) [ 000000000000000000000000000]
c_0          (phi              ) [ 000100000000000000000000000]
zext_ln103   (zext             ) [ 000011111110000000000000000]
zext_ln103_4 (zext             ) [ 000011111110000000000000000]
icmp_ln103   (icmp             ) [ 001111111111111111111111111]
empty_95     (speclooptripcount) [ 000000000000000000000000000]
c            (add              ) [ 001111111111111111111111111]
br_ln103     (br               ) [ 000000000000000000000000000]
br_ln0       (br               ) [ 001111111111111111111111111]
br_ln0       (br               ) [ 011111111111111111111111111]
acc_0        (phi              ) [ 000011111111111111111111110]
p_0          (phi              ) [ 000010000000000000000000000]
empty_96     (speclooptripcount) [ 000000000000000000000000000]
icmp_ln105   (icmp             ) [ 001111111111111111111111111]
p            (add              ) [ 001111111111111111111111111]
br_ln105     (br               ) [ 000000000000000000000000000]
zext_ln105_8 (zext             ) [ 000000000000000000000000000]
add_ln105    (add              ) [ 000000000000000000000000000]
tmp          (bitconcatenate   ) [ 000000000000000000000000000]
sext_ln105   (sext             ) [ 000000000000000000000000000]
add_ln105_1  (add              ) [ 000000000000000000000000000]
sext_ln105_4 (sext             ) [ 000000000000000000000000000]
zext_ln105_4 (zext             ) [ 000000000000000000000000000]
Z_addr       (getelementptr    ) [ 000001000000000000000000000]
add_ln106    (add              ) [ 000000000001111111111111111]
Z_load       (load             ) [ 000000111110000000000000000]
acc          (fadd             ) [ 001111111111111111111111111]
br_ln105     (br               ) [ 001111111111111111111111111]
tmp_s        (fdiv             ) [ 000000000000000000000000001]
zext_ln106   (zext             ) [ 000000000000000000000000000]
U_addr       (getelementptr    ) [ 000000000000000000000000000]
store_ln106  (store            ) [ 000000000000000000000000000]
br_ln103     (br               ) [ 001111111111111111111111111]
</LifeTime>

<model>

<comp_list>
<comp id="0" class="1000" name="Z">
<pin_list>
<pin id="1" dir="1" index="0" bw="1" slack="0"/>
</pin_list>
<bind>
<StgValue><ssdm name="Z"/><MemPortTyVec>1 3 </MemPortTyVec>
</StgValue>
</bind>
</comp>

<comp id="2" class="1000" name="U">
<pin_list>
<pin id="3" dir="1" index="0" bw="1" slack="0"/>
</pin_list>
<bind>
<StgValue><ssdm name="U"/><MemPortTyVec>0 3 </MemPortTyVec>
</StgValue>
</bind>
</comp>

<comp id="4" class="1001" name="const_4">
<pin_list>
<pin id="5" dir="1" index="0" bw="1" slack="1"/>
</pin_list>
<bind>
<StgValue><ssdm name=""/></StgValue>
</bind>
</comp>

<comp id="6" class="1001" name="const_6">
<pin_list>
<pin id="7" dir="1" index="0" bw="1" slack="2147483647"/>
</pin_list>
<bind>
<StgValue><ssdm name="_ssdm_op_SpecLoopTripCount"/></StgValue>
</bind>
</comp>

<comp id="8" class="1001" name="const_8">
<pin_list>
<pin id="9" dir="1" index="0" bw="1" slack="2147483647"/>
</pin_list>
<bind>
<StgValue><ssdm name=""/></StgValue>
</bind>
</comp>

<comp id="10" class="1001" name="const_10">
<pin_list>
<pin id="11" dir="1" index="0" bw="1" slack="0"/>
</pin_list>
<bind>
<StgValue><ssdm name=""/></StgValue>
</bind>
</comp>

<comp id="12" class="1001" name="const_12">
<pin_list>
<pin id="13" dir="1" index="0" bw="1" slack="0"/>
</pin_list>
<bind>
<StgValue><ssdm name=""/></StgValue>
</bind>
</comp>

<comp id="14" class="1001" name="const_14">
<pin_list>
<pin id="15" dir="1" index="0" bw="1" slack="0"/>
</pin_list>
<bind>
<StgValue><ssdm name="_ssdm_op_BitConcatenate.i9.i4.i5"/></StgValue>
</bind>
</comp>

<comp id="16" class="1001" name="const_16">
<pin_list>
<pin id="17" dir="1" index="0" bw="1" slack="0"/>
</pin_list>
<bind>
<StgValue><ssdm name=""/></StgValue>
</bind>
</comp>

<comp id="18" class="1001" name="const_18">
<pin_list>
<pin id="19" dir="1" index="0" bw="1" slack="0"/>
</pin_list>
<bind>
<StgValue><ssdm name="_ssdm_op_BitConcatenate.i7.i4.i3"/></StgValue>
</bind>
</comp>

<comp id="20" class="1001" name="const_20">
<pin_list>
<pin id="21" dir="1" index="0" bw="1" slack="0"/>
</pin_list>
<bind>
<StgValue><ssdm name=""/></StgValue>
</bind>
</comp>

<comp id="22" class="1001" name="const_22">
<pin_list>
<pin id="23" dir="1" index="0" bw="1" slack="1"/>
</pin_list>
<bind>
<StgValue><ssdm name=""/></StgValue>
</bind>
</comp>

<comp id="24" class="1001" name="const_24">
<pin_list>
<pin id="25" dir="1" index="0" bw="1" slack="0"/>
</pin_list>
<bind>
<StgValue><ssdm name=""/></StgValue>
</bind>
</comp>

<comp id="26" class="1001" name="const_26">
<pin_list>
<pin id="27" dir="1" index="0" bw="1" slack="2147483647"/>
</pin_list>
<bind>
<StgValue><ssdm name=""/></StgValue>
</bind>
</comp>

<comp id="28" class="1001" name="const_28">
<pin_list>
<pin id="29" dir="1" index="0" bw="1" slack="0"/>
</pin_list>
<bind>
<StgValue><ssdm name=""/></StgValue>
</bind>
</comp>

<comp id="30" class="1001" name="const_30">
<pin_list>
<pin id="31" dir="1" index="0" bw="1" slack="1"/>
</pin_list>
<bind>
<StgValue><ssdm name=""/></StgValue>
</bind>
</comp>

<comp id="32" class="1001" name="const_32">
<pin_list>
<pin id="33" dir="1" index="0" bw="1" slack="2147483647"/>
</pin_list>
<bind>
<StgValue><ssdm name=""/></StgValue>
</bind>
</comp>

<comp id="34" class="1001" name="const_34">
<pin_list>
<pin id="35" dir="1" index="0" bw="1" slack="0"/>
</pin_list>
<bind>
<StgValue><ssdm name=""/></StgValue>
</bind>
</comp>

<comp id="36" class="1001" name="const_36">
<pin_list>
<pin id="37" dir="1" index="0" bw="1" slack="0"/>
</pin_list>
<bind>
<StgValue><ssdm name=""/></StgValue>
</bind>
</comp>

<comp id="38" class="1001" name="const_38">
<pin_list>
<pin id="39" dir="1" index="0" bw="1" slack="0"/>
</pin_list>
<bind>
<StgValue><ssdm name="_ssdm_op_BitConcatenate.i15.i10.i5"/></StgValue>
</bind>
</comp>

<comp id="40" class="1001" name="const_40">
<pin_list>
<pin id="41" dir="1" index="0" bw="1" slack="0"/>
</pin_list>
<bind>
<StgValue><ssdm name=""/></StgValue>
</bind>
</comp>

<comp id="42" class="1001" name="const_42">
<pin_list>
<pin id="43" dir="1" index="0" bw="1" slack="0"/>
</pin_list>
<bind>
<StgValue><ssdm name=""/></StgValue>
</bind>
</comp>

<comp id="44" class="1004" name="Z_addr_gep_fu_44">
<pin_list>
<pin id="45" dir="0" index="0" bw="32" slack="0"/>
<pin id="46" dir="0" index="1" bw="1" slack="0"/>
<pin id="47" dir="0" index="2" bw="32" slack="0"/>
<pin id="48" dir="1" index="3" bw="14" slack="0"/>
</pin_list>
<bind>
<opcode="getelementptr(29) " fcode="getelementptr"/>
<opset="Z_addr/4 "/>
</bind>
</comp>

<comp id="51" class="1004" name="grp_access_fu_51">
<pin_list>
<pin id="52" dir="0" index="0" bw="14" slack="0"/>
<pin id="53" dir="0" index="1" bw="32" slack="2147483647"/>
<pin id="54" dir="0" index="2" bw="0" slack="2147483647"/>
<pin id="55" dir="1" index="3" bw="32" slack="1"/>
</pin_list>
<bind>
<opcode="load(27) " fcode="load"/>
<opset="Z_load/4 "/>
</bind>
</comp>

<comp id="57" class="1004" name="U_addr_gep_fu_57">
<pin_list>
<pin id="58" dir="0" index="0" bw="32" slack="0"/>
<pin id="59" dir="0" index="1" bw="1" slack="0"/>
<pin id="60" dir="0" index="2" bw="9" slack="0"/>
<pin id="61" dir="1" index="3" bw="9" slack="0"/>
</pin_list>
<bind>
<opcode="getelementptr(29) " fcode="getelementptr"/>
<opset="U_addr/26 "/>
</bind>
</comp>

<comp id="64" class="1004" name="store_ln106_access_fu_64">
<pin_list>
<pin id="65" dir="0" index="0" bw="9" slack="0"/>
<pin id="66" dir="0" index="1" bw="32" slack="1"/>
<pin id="67" dir="0" index="2" bw="0" slack="2147483647"/>
<pin id="68" dir="1" index="3" bw="32" slack="2147483647"/>
</pin_list>
<bind>
<opcode="store(28) " fcode="store"/>
<opset="store_ln106/26 "/>
</bind>
</comp>

<comp id="70" class="1005" name="u_0_reg_70">
<pin_list>
<pin id="71" dir="0" index="0" bw="4" slack="1"/>
<pin id="72" dir="1" index="1" bw="4" slack="1"/>
</pin_list>
<bind>
<opset="u_0 (phireg) "/>
</bind>
</comp>

<comp id="74" class="1004" name="u_0_phi_fu_74">
<pin_list>
<pin id="75" dir="0" index="0" bw="1" slack="1"/>
<pin id="76" dir="0" index="1" bw="0" slack="2147483647"/>
<pin id="77" dir="0" index="2" bw="4" slack="0"/>
<pin id="78" dir="0" index="3" bw="0" slack="2147483647"/>
<pin id="79" dir="1" index="4" bw="4" slack="0"/>
</pin_list>
<bind>
<opcode="phi(47) " fcode="phi"/>
<opset="u_0/2 "/>
</bind>
</comp>

<comp id="81" class="1005" name="c_0_reg_81">
<pin_list>
<pin id="82" dir="0" index="0" bw="6" slack="1"/>
<pin id="83" dir="1" index="1" bw="6" slack="1"/>
</pin_list>
<bind>
<opset="c_0 (phireg) "/>
</bind>
</comp>

<comp id="85" class="1004" name="c_0_phi_fu_85">
<pin_list>
<pin id="86" dir="0" index="0" bw="6" slack="0"/>
<pin id="87" dir="0" index="1" bw="0" slack="2147483647"/>
<pin id="88" dir="0" index="2" bw="1" slack="1"/>
<pin id="89" dir="0" index="3" bw="0" slack="2147483647"/>
<pin id="90" dir="1" index="4" bw="6" slack="0"/>
</pin_list>
<bind>
<opcode="phi(47) " fcode="phi"/>
<opset="c_0/3 "/>
</bind>
</comp>

<comp id="92" class="1005" name="acc_0_reg_92">
<pin_list>
<pin id="93" dir="0" index="0" bw="32" slack="1"/>
<pin id="94" dir="1" index="1" bw="32" slack="1"/>
</pin_list>
<bind>
<opset="acc_0 (phireg) "/>
</bind>
</comp>

<comp id="96" class="1004" name="acc_0_phi_fu_96">
<pin_list>
<pin id="97" dir="0" index="0" bw="32" slack="1"/>
<pin id="98" dir="0" index="1" bw="0" slack="2147483647"/>
<pin id="99" dir="0" index="2" bw="32" slack="1"/>
<pin id="100" dir="0" index="3" bw="0" slack="2147483647"/>
<pin id="101" dir="1" index="4" bw="32" slack="0"/>
</pin_list>
<bind>
<opcode="phi(47) " fcode="phi"/>
<opset="acc_0/4 "/>
</bind>
</comp>

<comp id="104" class="1005" name="p_0_reg_104">
<pin_list>
<pin id="105" dir="0" index="0" bw="5" slack="1"/>
<pin id="106" dir="1" index="1" bw="5" slack="1"/>
</pin_list>
<bind>
<opset="p_0 (phireg) "/>
</bind>
</comp>

<comp id="108" class="1004" name="p_0_phi_fu_108">
<pin_list>
<pin id="109" dir="0" index="0" bw="5" slack="0"/>
<pin id="110" dir="0" index="1" bw="0" slack="2147483647"/>
<pin id="111" dir="0" index="2" bw="1" slack="1"/>
<pin id="112" dir="0" index="3" bw="0" slack="2147483647"/>
<pin id="113" dir="1" index="4" bw="5" slack="0"/>
</pin_list>
<bind>
<opcode="phi(47) " fcode="phi"/>
<opset="p_0/4 "/>
</bind>
</comp>

<comp id="115" class="1004" name="grp_fu_115">
<pin_list>
<pin id="116" dir="0" index="0" bw="32" slack="2"/>
<pin id="117" dir="0" index="1" bw="32" slack="1"/>
<pin id="118" dir="1" index="2" bw="32" slack="1"/>
</pin_list>
<bind>
<opcode="fadd(9) " fcode="fadd"/>
<opset="acc/6 "/>
</bind>
</comp>

<comp id="120" class="1004" name="grp_fu_120">
<pin_list>
<pin id="121" dir="0" index="0" bw="32" slack="0"/>
<pin id="122" dir="0" index="1" bw="32" slack="0"/>
<pin id="123" dir="1" index="2" bw="32" slack="1"/>
</pin_list>
<bind>
<opcode="fdiv(16) " fcode="fdiv"/>
<opset="tmp_s/4 "/>
</bind>
</comp>

<comp id="126" class="1004" name="icmp_ln102_fu_126">
<pin_list>
<pin id="127" dir="0" index="0" bw="4" slack="0"/>
<pin id="128" dir="0" index="1" bw="4" slack="0"/>
<pin id="129" dir="1" index="2" bw="1" slack="2147483647"/>
</pin_list>
<bind>
<opcode="icmp(45) " fcode="icmp"/>
<opset="icmp_ln102/2 "/>
</bind>
</comp>

<comp id="132" class="1004" name="u_fu_132">
<pin_list>
<pin id="133" dir="0" index="0" bw="4" slack="0"/>
<pin id="134" dir="0" index="1" bw="1" slack="0"/>
<pin id="135" dir="1" index="2" bw="4" slack="0"/>
</pin_list>
<bind>
<opcode="add(8) " fcode="add"/>
<opset="u/2 "/>
</bind>
</comp>

<comp id="138" class="1004" name="shl_ln105_6_fu_138">
<pin_list>
<pin id="139" dir="0" index="0" bw="9" slack="0"/>
<pin id="140" dir="0" index="1" bw="4" slack="0"/>
<pin id="141" dir="0" index="2" bw="1" slack="0"/>
<pin id="142" dir="1" index="3" bw="9" slack="0"/>
</pin_list>
<bind>
<opcode="bitconcatenate(1004) " fcode="bitconcatenate"/>
<opset="shl_ln105_6/2 "/>
</bind>
</comp>

<comp id="146" class="1004" name="zext_ln105_fu_146">
<pin_list>
<pin id="147" dir="0" index="0" bw="9" slack="0"/>
<pin id="148" dir="1" index="1" bw="10" slack="0"/>
</pin_list>
<bind>
<opcode="zext(34) " fcode="zext"/>
<opset="zext_ln105/2 "/>
</bind>
</comp>

<comp id="150" class="1004" name="shl_ln105_7_fu_150">
<pin_list>
<pin id="151" dir="0" index="0" bw="7" slack="0"/>
<pin id="152" dir="0" index="1" bw="4" slack="0"/>
<pin id="153" dir="0" index="2" bw="1" slack="0"/>
<pin id="154" dir="1" index="3" bw="7" slack="0"/>
</pin_list>
<bind>
<opcode="bitconcatenate(1004) " fcode="bitconcatenate"/>
<opset="shl_ln105_7/2 "/>
</bind>
</comp>

<comp id="158" class="1004" name="zext_ln105_7_fu_158">
<pin_list>
<pin id="159" dir="0" index="0" bw="7" slack="0"/>
<pin id="160" dir="1" index="1" bw="10" slack="0"/>
</pin_list>
<bind>
<opcode="zext(34) " fcode="zext"/>
<opset="zext_ln105_7/2 "/>
</bind>
</comp>

<comp id="162" class="1004" name="sub_ln105_fu_162">
<pin_list>
<pin id="163" dir="0" index="0" bw="9" slack="0"/>
<pin id="164" dir="0" index="1" bw="7" slack="0"/>
<pin id="165" dir="1" index="2" bw="10" slack="2"/>
</pin_list>
<bind>
<opcode="sub(10) " fcode="sub"/>
<opset="sub_ln105/2 "/>
</bind>
</comp>

<comp id="168" class="1004" name="zext_ln103_fu_168">
<pin_list>
<pin id="169" dir="0" index="0" bw="6" slack="0"/>
<pin id="170" dir="1" index="1" bw="9" slack="1"/>
</pin_list>
<bind>
<opcode="zext(34) " fcode="zext"/>
<opset="zext_ln103/3 "/>
</bind>
</comp>

<comp id="172" class="1004" name="zext_ln103_4_fu_172">
<pin_list>
<pin id="173" dir="0" index="0" bw="6" slack="0"/>
<pin id="174" dir="1" index="1" bw="16" slack="1"/>
</pin_list>
<bind>
<opcode="zext(34) " fcode="zext"/>
<opset="zext_ln103_4/3 "/>
</bind>
</comp>

<comp id="176" class="1004" name="icmp_ln103_fu_176">
<pin_list>
<pin id="177" dir="0" index="0" bw="6" slack="0"/>
<pin id="178" dir="0" index="1" bw="6" slack="0"/>
<pin id="179" dir="1" index="2" bw="1" slack="2147483647"/>
</pin_list>
<bind>
<opcode="icmp(45) " fcode="icmp"/>
<opset="icmp_ln103/3 "/>
</bind>
</comp>

<comp id="182" class="1004" name="c_fu_182">
<pin_list>
<pin id="183" dir="0" index="0" bw="6" slack="0"/>
<pin id="184" dir="0" index="1" bw="1" slack="0"/>
<pin id="185" dir="1" index="2" bw="6" slack="0"/>
</pin_list>
<bind>
<opcode="add(8) " fcode="add"/>
<opset="c/3 "/>
</bind>
</comp>

<comp id="188" class="1004" name="icmp_ln105_fu_188">
<pin_list>
<pin id="189" dir="0" index="0" bw="5" slack="0"/>
<pin id="190" dir="0" index="1" bw="5" slack="0"/>
<pin id="191" dir="1" index="2" bw="1" slack="2147483647"/>
</pin_list>
<bind>
<opcode="icmp(45) " fcode="icmp"/>
<opset="icmp_ln105/4 "/>
</bind>
</comp>

<comp id="194" class="1004" name="p_fu_194">
<pin_list>
<pin id="195" dir="0" index="0" bw="5" slack="0"/>
<pin id="196" dir="0" index="1" bw="1" slack="0"/>
<pin id="197" dir="1" index="2" bw="5" slack="0"/>
</pin_list>
<bind>
<opcode="add(8) " fcode="add"/>
<opset="p/4 "/>
</bind>
</comp>

<comp id="200" class="1004" name="zext_ln105_8_fu_200">
<pin_list>
<pin id="201" dir="0" index="0" bw="5" slack="0"/>
<pin id="202" dir="1" index="1" bw="10" slack="0"/>
</pin_list>
<bind>
<opcode="zext(34) " fcode="zext"/>
<opset="zext_ln105_8/4 "/>
</bind>
</comp>

<comp id="204" class="1004" name="add_ln105_fu_204">
<pin_list>
<pin id="205" dir="0" index="0" bw="5" slack="0"/>
<pin id="206" dir="0" index="1" bw="10" slack="2"/>
<pin id="207" dir="1" index="2" bw="10" slack="0"/>
</pin_list>
<bind>
<opcode="add(8) " fcode="add"/>
<opset="add_ln105/4 "/>
</bind>
</comp>

<comp id="209" class="1004" name="tmp_fu_209">
<pin_list>
<pin id="210" dir="0" index="0" bw="15" slack="0"/>
<pin id="211" dir="0" index="1" bw="10" slack="0"/>
<pin id="212" dir="0" index="2" bw="1" slack="0"/>
<pin id="213" dir="1" index="3" bw="15" slack="0"/>
</pin_list>
<bind>
<opcode="bitconcatenate(1004) " fcode="bitconcatenate"/>
<opset="tmp/4 "/>
</bind>
</comp>

<comp id="217" class="1004" name="sext_ln105_fu_217">
<pin_list>
<pin id="218" dir="0" index="0" bw="15" slack="0"/>
<pin id="219" dir="1" index="1" bw="16" slack="0"/>
</pin_list>
<bind>
<opcode="sext(35) " fcode="sext"/>
<opset="sext_ln105/4 "/>
</bind>
</comp>

<comp id="221" class="1004" name="add_ln105_1_fu_221">
<pin_list>
<pin id="222" dir="0" index="0" bw="6" slack="1"/>
<pin id="223" dir="0" index="1" bw="15" slack="0"/>
<pin id="224" dir="1" index="2" bw="16" slack="0"/>
</pin_list>
<bind>
<opcode="add(8) " fcode="add"/>
<opset="add_ln105_1/4 "/>
</bind>
</comp>

<comp id="226" class="1004" name="sext_ln105_4_fu_226">
<pin_list>
<pin id="227" dir="0" index="0" bw="16" slack="0"/>
<pin id="228" dir="1" index="1" bw="32" slack="0"/>
</pin_list>
<bind>
<opcode="sext(35) " fcode="sext"/>
<opset="sext_ln105_4/4 "/>
</bind>
</comp>

<comp id="230" class="1004" name="zext_ln105_4_fu_230">
<pin_list>
<pin id="231" dir="0" index="0" bw="16" slack="0"/>
<pin id="232" dir="1" index="1" bw="64" slack="0"/>
</pin_list>
<bind>
<opcode="zext(34) " fcode="zext"/>
<opset="zext_ln105_4/4 "/>
</bind>
</comp>

<comp id="235" class="1004" name="add_ln106_fu_235">
<pin_list>
<pin id="236" dir="0" index="0" bw="9" slack="2"/>
<pin id="237" dir="0" index="1" bw="6" slack="1"/>
<pin id="238" dir="1" index="2" bw="9" slack="16"/>
</pin_list>
<bind>
<opcode="add(8) " fcode="add"/>
<opset="add_ln106/4 "/>
</bind>
</comp>

<comp id="239" class="1004" name="zext_ln106_fu_239">
<pin_list>
<pin id="240" dir="0" index="0" bw="9" slack="16"/>
<pin id="241" dir="1" index="1" bw="64" slack="0"/>
</pin_list>
<bind>
<opcode="zext(34) " fcode="zext"/>
<opset="zext_ln106/26 "/>
</bind>
</comp>

<comp id="246" class="1005" name="u_reg_246">
<pin_list>
<pin id="247" dir="0" index="0" bw="4" slack="0"/>
<pin id="248" dir="1" index="1" bw="4" slack="0"/>
</pin_list>
<bind>
<opset="u "/>
</bind>
</comp>

<comp id="251" class="1005" name="shl_ln105_6_reg_251">
<pin_list>
<pin id="252" dir="0" index="0" bw="9" slack="2"/>
<pin id="253" dir="1" index="1" bw="9" slack="2"/>
</pin_list>
<bind>
<opset="shl_ln105_6 "/>
</bind>
</comp>

<comp id="256" class="1005" name="sub_ln105_reg_256">
<pin_list>
<pin id="257" dir="0" index="0" bw="10" slack="2"/>
<pin id="258" dir="1" index="1" bw="10" slack="2"/>
</pin_list>
<bind>
<opset="sub_ln105 "/>
</bind>
</comp>

<comp id="261" class="1005" name="zext_ln103_reg_261">
<pin_list>
<pin id="262" dir="0" index="0" bw="9" slack="1"/>
<pin id="263" dir="1" index="1" bw="9" slack="1"/>
</pin_list>
<bind>
<opset="zext_ln103 "/>
</bind>
</comp>

<comp id="266" class="1005" name="zext_ln103_4_reg_266">
<pin_list>
<pin id="267" dir="0" index="0" bw="16" slack="1"/>
<pin id="268" dir="1" index="1" bw="16" slack="1"/>
</pin_list>
<bind>
<opset="zext_ln103_4 "/>
</bind>
</comp>

<comp id="274" class="1005" name="c_reg_274">
<pin_list>
<pin id="275" dir="0" index="0" bw="6" slack="0"/>
<pin id="276" dir="1" index="1" bw="6" slack="0"/>
</pin_list>
<bind>
<opset="c "/>
</bind>
</comp>

<comp id="282" class="1005" name="p_reg_282">
<pin_list>
<pin id="283" dir="0" index="0" bw="5" slack="0"/>
<pin id="284" dir="1" index="1" bw="5" slack="0"/>
</pin_list>
<bind>
<opset="p "/>
</bind>
</comp>

<comp id="287" class="1005" name="Z_addr_reg_287">
<pin_list>
<pin id="288" dir="0" index="0" bw="14" slack="1"/>
<pin id="289" dir="1" index="1" bw="14" slack="1"/>
</pin_list>
<bind>
<opset="Z_addr "/>
</bind>
</comp>

<comp id="292" class="1005" name="add_ln106_reg_292">
<pin_list>
<pin id="293" dir="0" index="0" bw="9" slack="16"/>
<pin id="294" dir="1" index="1" bw="9" slack="16"/>
</pin_list>
<bind>
<opset="add_ln106 "/>
</bind>
</comp>

<comp id="297" class="1005" name="Z_load_reg_297">
<pin_list>
<pin id="298" dir="0" index="0" bw="32" slack="1"/>
<pin id="299" dir="1" index="1" bw="32" slack="1"/>
</pin_list>
<bind>
<opset="Z_load "/>
</bind>
</comp>

<comp id="302" class="1005" name="acc_reg_302">
<pin_list>
<pin id="303" dir="0" index="0" bw="32" slack="1"/>
<pin id="304" dir="1" index="1" bw="32" slack="1"/>
</pin_list>
<bind>
<opset="acc "/>
</bind>
</comp>

<comp id="307" class="1005" name="tmp_s_reg_307">
<pin_list>
<pin id="308" dir="0" index="0" bw="32" slack="1"/>
<pin id="309" dir="1" index="1" bw="32" slack="1"/>
</pin_list>
<bind>
<opset="tmp_s "/>
</bind>
</comp>

</comp_list>

<net_list>
<net id="49"><net_src comp="0" pin="0"/><net_sink comp="44" pin=0"/></net>

<net id="50"><net_src comp="40" pin="0"/><net_sink comp="44" pin=1"/></net>

<net id="56"><net_src comp="44" pin="3"/><net_sink comp="51" pin=0"/></net>

<net id="62"><net_src comp="2" pin="0"/><net_sink comp="57" pin=0"/></net>

<net id="63"><net_src comp="40" pin="0"/><net_sink comp="57" pin=1"/></net>

<net id="69"><net_src comp="57" pin="3"/><net_sink comp="64" pin=0"/></net>

<net id="73"><net_src comp="4" pin="0"/><net_sink comp="70" pin=0"/></net>

<net id="80"><net_src comp="70" pin="1"/><net_sink comp="74" pin=0"/></net>

<net id="84"><net_src comp="22" pin="0"/><net_sink comp="81" pin=0"/></net>

<net id="91"><net_src comp="81" pin="1"/><net_sink comp="85" pin=2"/></net>

<net id="95"><net_src comp="30" pin="0"/><net_sink comp="92" pin=0"/></net>

<net id="102"><net_src comp="92" pin="1"/><net_sink comp="96" pin=2"/></net>

<net id="103"><net_src comp="96" pin="4"/><net_sink comp="92" pin=0"/></net>

<net id="107"><net_src comp="16" pin="0"/><net_sink comp="104" pin=0"/></net>

<net id="114"><net_src comp="104" pin="1"/><net_sink comp="108" pin=2"/></net>

<net id="119"><net_src comp="92" pin="1"/><net_sink comp="115" pin=0"/></net>

<net id="124"><net_src comp="96" pin="4"/><net_sink comp="120" pin=0"/></net>

<net id="125"><net_src comp="42" pin="0"/><net_sink comp="120" pin=1"/></net>

<net id="130"><net_src comp="74" pin="4"/><net_sink comp="126" pin=0"/></net>

<net id="131"><net_src comp="10" pin="0"/><net_sink comp="126" pin=1"/></net>

<net id="136"><net_src comp="74" pin="4"/><net_sink comp="132" pin=0"/></net>

<net id="137"><net_src comp="12" pin="0"/><net_sink comp="132" pin=1"/></net>

<net id="143"><net_src comp="14" pin="0"/><net_sink comp="138" pin=0"/></net>

<net id="144"><net_src comp="74" pin="4"/><net_sink comp="138" pin=1"/></net>

<net id="145"><net_src comp="16" pin="0"/><net_sink comp="138" pin=2"/></net>

<net id="149"><net_src comp="138" pin="3"/><net_sink comp="146" pin=0"/></net>

<net id="155"><net_src comp="18" pin="0"/><net_sink comp="150" pin=0"/></net>

<net id="156"><net_src comp="74" pin="4"/><net_sink comp="150" pin=1"/></net>

<net id="157"><net_src comp="20" pin="0"/><net_sink comp="150" pin=2"/></net>

<net id="161"><net_src comp="150" pin="3"/><net_sink comp="158" pin=0"/></net>

<net id="166"><net_src comp="146" pin="1"/><net_sink comp="162" pin=0"/></net>

<net id="167"><net_src comp="158" pin="1"/><net_sink comp="162" pin=1"/></net>

<net id="171"><net_src comp="85" pin="4"/><net_sink comp="168" pin=0"/></net>

<net id="175"><net_src comp="85" pin="4"/><net_sink comp="172" pin=0"/></net>

<net id="180"><net_src comp="85" pin="4"/><net_sink comp="176" pin=0"/></net>

<net id="181"><net_src comp="24" pin="0"/><net_sink comp="176" pin=1"/></net>

<net id="186"><net_src comp="85" pin="4"/><net_sink comp="182" pin=0"/></net>

<net id="187"><net_src comp="28" pin="0"/><net_sink comp="182" pin=1"/></net>

<net id="192"><net_src comp="108" pin="4"/><net_sink comp="188" pin=0"/></net>

<net id="193"><net_src comp="34" pin="0"/><net_sink comp="188" pin=1"/></net>

<net id="198"><net_src comp="108" pin="4"/><net_sink comp="194" pin=0"/></net>

<net id="199"><net_src comp="36" pin="0"/><net_sink comp="194" pin=1"/></net>

<net id="203"><net_src comp="108" pin="4"/><net_sink comp="200" pin=0"/></net>

<net id="208"><net_src comp="200" pin="1"/><net_sink comp="204" pin=0"/></net>

<net id="214"><net_src comp="38" pin="0"/><net_sink comp="209" pin=0"/></net>

<net id="215"><net_src comp="204" pin="2"/><net_sink comp="209" pin=1"/></net>

<net id="216"><net_src comp="16" pin="0"/><net_sink comp="209" pin=2"/></net>

<net id="220"><net_src comp="209" pin="3"/><net_sink comp="217" pin=0"/></net>

<net id="225"><net_src comp="217" pin="1"/><net_sink comp="221" pin=1"/></net>

<net id="229"><net_src comp="221" pin="2"/><net_sink comp="226" pin=0"/></net>

<net id="233"><net_src comp="226" pin="1"/><net_sink comp="230" pin=0"/></net>

<net id="234"><net_src comp="230" pin="1"/><net_sink comp="44" pin=2"/></net>

<net id="242"><net_src comp="239" pin="1"/><net_sink comp="57" pin=2"/></net>

<net id="249"><net_src comp="132" pin="2"/><net_sink comp="246" pin=0"/></net>

<net id="250"><net_src comp="246" pin="1"/><net_sink comp="74" pin=2"/></net>

<net id="254"><net_src comp="138" pin="3"/><net_sink comp="251" pin=0"/></net>

<net id="255"><net_src comp="251" pin="1"/><net_sink comp="235" pin=0"/></net>

<net id="259"><net_src comp="162" pin="2"/><net_sink comp="256" pin=0"/></net>

<net id="260"><net_src comp="256" pin="1"/><net_sink comp="204" pin=1"/></net>

<net id="264"><net_src comp="168" pin="1"/><net_sink comp="261" pin=0"/></net>

<net id="265"><net_src comp="261" pin="1"/><net_sink comp="235" pin=1"/></net>

<net id="269"><net_src comp="172" pin="1"/><net_sink comp="266" pin=0"/></net>

<net id="270"><net_src comp="266" pin="1"/><net_sink comp="221" pin=0"/></net>

<net id="277"><net_src comp="182" pin="2"/><net_sink comp="274" pin=0"/></net>

<net id="278"><net_src comp="274" pin="1"/><net_sink comp="85" pin=0"/></net>

<net id="285"><net_src comp="194" pin="2"/><net_sink comp="282" pin=0"/></net>

<net id="286"><net_src comp="282" pin="1"/><net_sink comp="108" pin=0"/></net>

<net id="290"><net_src comp="44" pin="3"/><net_sink comp="287" pin=0"/></net>

<net id="291"><net_src comp="287" pin="1"/><net_sink comp="51" pin=0"/></net>

<net id="295"><net_src comp="235" pin="2"/><net_sink comp="292" pin=0"/></net>

<net id="296"><net_src comp="292" pin="1"/><net_sink comp="239" pin=0"/></net>

<net id="300"><net_src comp="51" pin="3"/><net_sink comp="297" pin=0"/></net>

<net id="301"><net_src comp="297" pin="1"/><net_sink comp="115" pin=1"/></net>

<net id="305"><net_src comp="115" pin="2"/><net_sink comp="302" pin=0"/></net>

<net id="306"><net_src comp="302" pin="1"/><net_sink comp="96" pin=0"/></net>

<net id="310"><net_src comp="120" pin="2"/><net_sink comp="307" pin=0"/></net>

<net id="311"><net_src comp="307" pin="1"/><net_sink comp="64" pin=1"/></net>

</net_list>

</model> 
---------------- Datapath Model END ------------------

* FSMD analyzer results:
  - Output states:
	Port: U | {26 }
 - Input state : 
	Port: avgpool1d_P.1 : Z | {4 5 }
  - Chain level:
	State 1
	State 2
		icmp_ln102 : 1
		u : 1
		br_ln102 : 2
		shl_ln105_6 : 1
		zext_ln105 : 2
		shl_ln105_7 : 1
		zext_ln105_7 : 2
		sub_ln105 : 3
	State 3
		zext_ln103 : 1
		zext_ln103_4 : 1
		icmp_ln103 : 1
		c : 1
		br_ln103 : 2
	State 4
		icmp_ln105 : 1
		p : 1
		br_ln105 : 2
		zext_ln105_8 : 1
		add_ln105 : 2
		tmp : 3
		sext_ln105 : 4
		add_ln105_1 : 5
		sext_ln105_4 : 6
		zext_ln105_4 : 7
		Z_addr : 8
		Z_load : 9
		tmp_s : 1
	State 5
	State 6
	State 7
	State 8
	State 9
	State 10
	State 11
	State 12
	State 13
	State 14
	State 15
	State 16
	State 17
	State 18
	State 19
	State 20
	State 21
	State 22
	State 23
	State 24
	State 25
	State 26
		U_addr : 1
		store_ln106 : 2


============================================================
+ Verbose Summary: Datapath Resource usage 
============================================================

* Functional unit list:
|----------|---------------------|---------|---------|---------|
| Operation|   Functional Unit   |  DSP48E |    FF   |   LUT   |
|----------|---------------------|---------|---------|---------|
|   fdiv   |      grp_fu_120     |    0    |   761   |   994   |
|----------|---------------------|---------|---------|---------|
|   fadd   |      grp_fu_115     |    2    |   205   |   390   |
|----------|---------------------|---------|---------|---------|
|          |       u_fu_132      |    0    |    0    |    13   |
|          |       c_fu_182      |    0    |    0    |    15   |
|    add   |       p_fu_194      |    0    |    0    |    15   |
|          |   add_ln105_fu_204  |    0    |    0    |    14   |
|          |  add_ln105_1_fu_221 |    0    |    0    |    21   |
|          |   add_ln106_fu_235  |    0    |    0    |    15   |
|----------|---------------------|---------|---------|---------|
|          |  icmp_ln102_fu_126  |    0    |    0    |    9    |
|   icmp   |  icmp_ln103_fu_176  |    0    |    0    |    11   |
|          |  icmp_ln105_fu_188  |    0    |    0    |    11   |
|----------|---------------------|---------|---------|---------|
|    sub   |   sub_ln105_fu_162  |    0    |    0    |    15   |
|----------|---------------------|---------|---------|---------|
|          |  shl_ln105_6_fu_138 |    0    |    0    |    0    |
|bitconcatenate|  shl_ln105_7_fu_150 |    0    |    0    |    0    |
|          |      tmp_fu_209     |    0    |    0    |    0    |
|----------|---------------------|---------|---------|---------|
|          |  zext_ln105_fu_146  |    0    |    0    |    0    |
|          | zext_ln105_7_fu_158 |    0    |    0    |    0    |
|          |  zext_ln103_fu_168  |    0    |    0    |    0    |
|   zext   | zext_ln103_4_fu_172 |    0    |    0    |    0    |
|          | zext_ln105_8_fu_200 |    0    |    0    |    0    |
|          | zext_ln105_4_fu_230 |    0    |    0    |    0    |
|          |  zext_ln106_fu_239  |    0    |    0    |    0    |
|----------|---------------------|---------|---------|---------|
|   sext   |  sext_ln105_fu_217  |    0    |    0    |    0    |
|          | sext_ln105_4_fu_226 |    0    |    0    |    0    |
|----------|---------------------|---------|---------|---------|
|   Total  |                     |    2    |   966   |   1523  |
|----------|---------------------|---------|---------|---------|

Memories:
N/A

* Register list:
+--------------------+--------+
|                    |   FF   |
+--------------------+--------+
|   Z_addr_reg_287   |   14   |
|   Z_load_reg_297   |   32   |
|    acc_0_reg_92    |   32   |
|     acc_reg_302    |   32   |
|  add_ln106_reg_292 |    9   |
|     c_0_reg_81     |    6   |
|      c_reg_274     |    6   |
|     p_0_reg_104    |    5   |
|      p_reg_282     |    5   |
| shl_ln105_6_reg_251|    9   |
|  sub_ln105_reg_256 |   10   |
|    tmp_s_reg_307   |   32   |
|     u_0_reg_70     |    4   |
|      u_reg_246     |    4   |
|zext_ln103_4_reg_266|   16   |
| zext_ln103_reg_261 |    9   |
+--------------------+--------+
|        Total       |   225  |
+--------------------+--------+

* Multiplexer (MUX) list: 
|------------------|------|------|------|--------||---------||---------|
|       Comp       |  Pin | Size |  BW  | S x BW ||  Delay  ||   LUT   |
|------------------|------|------|------|--------||---------||---------|
| grp_access_fu_51 |  p0  |   2  |  14  |   28   ||    9    |
|   acc_0_reg_92   |  p0  |   2  |  32  |   64   ||    9    |
|------------------|------|------|------|--------||---------||---------|
|       Total      |      |      |      |   92   ||  3.538  ||    18   |
|------------------|------|------|------|--------||---------||---------|



* Summary:
+-----------+--------+--------+--------+--------+
|           | DSP48E |  Delay |   FF   |   LUT  |
+-----------+--------+--------+--------+--------+
|  Function |    2   |    -   |   966  |  1523  |
|   Memory  |    -   |    -   |    -   |    -   |
|Multiplexer|    -   |    3   |    -   |   18   |
|  Register |    -   |    -   |   225  |    -   |
+-----------+--------+--------+--------+--------+
|   Total   |    2   |    3   |  1191  |  1541  |
+-----------+--------+--------+--------+--------+
