

================================================================
== Vivado HLS Report for 'avgpool1d_P_2'
================================================================
* Date:           Tue Sep  2 19:40:08 2025

* Version:        2019.1 (Build 2552052 on Fri May 24 15:28:33 MDT 2019)
* Project:        BranchPredictionAI
* Solution:       solution1
* Product family: zynq
* Target device:  xc7z020-clg484-1


================================================================
== Performance Estimates
================================================================
+ Timing (ns): 
    * Summary: 
    +--------+-------+----------+------------+
    |  Clock | Target| Estimated| Uncertainty|
    +--------+-------+----------+------------+
    |ap_clk  |  10.00|     7.256|        1.25|
    +--------+-------+----------+------------+

+ Latency (clock cycles): 
    * Summary: 
    +-------+-------+-------+-------+---------+
    |    Latency    |    Interval   | Pipeline|
    |  min  |  max  |  min  |  max  |   Type  |
    +-------+-------+-------+-------+---------+
    |  39193|  39193|  39193|  39193|   none  |
    +-------+-------+-------+-------+---------+

    + Detail: 
        * Instance: 
        N/A

        * Loop: 
        +-----------------+-------+-------+----------+-----------+-----------+------+----------+
        |                 |    Latency    | Iteration|  Initiation Interval  | Trip |          |
        |    Loop Name    |  min  |  max  |  Latency |  achieved |   target  | Count| Pipelined|
        +-----------------+-------+-------+----------+-----------+-----------+------+----------+
        |- Loop 1         |  39192|  39192|      3266|          -|          -|    12|    no    |
        | + Loop 1.1      |   3264|   3264|       102|          -|          -|    32|    no    |
        |  ++ Loop 1.1.1  |     84|     84|         7|          -|          -|    12|    no    |
        +-----------------+-------+-------+----------+-----------+-----------+------+----------+

============================================================
+ Verbose Summary: Synthesis Manager
============================================================
InlineROM: 1
ExposeGlobal: 0
============================================================
+ Verbose Summary: CDFG Model
============================================================
IsTopModel: 0
ResetActiveHigh: 1
IsCombinational: 0
IsDatapathOnly: 0
HasWiredReturn: 1
HasMFsm: 0
HasVarLatency: 1
IsPipeline: 0
IsRtlPipelined: 0
IsInstanceOverlapped: 0
IsDontTouch: 0
HasImplIP: 0
IsGatedGlobalClock: 0


============================================================
+ Verbose Summary: Schedule
============================================================
* Number of FSM states : 26
* Pipeline : 0
* Dataflow Pipeline: 0

* FSM state transitions: 
1 --> 2 
2 --> 3 
3 --> 4 2 
4 --> 5 11 
5 --> 6 
6 --> 7 
7 --> 8 
8 --> 9 
9 --> 10 
10 --> 4 
11 --> 12 
12 --> 13 
13 --> 14 
14 --> 15 
15 --> 16 
16 --> 17 
17 --> 18 
18 --> 19 
19 --> 20 
20 --> 21 
21 --> 22 
22 --> 23 
23 --> 24 
24 --> 25 
25 --> 26 
26 --> 3 

* FSM state operations: 

State 1 <SV = 0> <Delay = 1.76>
ST_1 : Operation 27 [1/1] (1.76ns)   --->   "br label %.loopexit" [main_5_slices.cpp:102]   --->   Operation 27 'br' <Predicate = true> <Delay = 1.76>

State 2 <SV = 1> <Delay = 1.91>
ST_2 : Operation 28 [1/1] (0.00ns)   --->   "%u_0 = phi i4 [ 0, %0 ], [ %u, %.loopexit.loopexit ]"   --->   Operation 28 'phi' 'u_0' <Predicate = true> <Delay = 0.00>
ST_2 : Operation 29 [1/1] (0.00ns)   --->   "%empty = call i32 (...)* @_ssdm_op_SpecLoopTripCount(i64 12, i64 12, i64 12)"   --->   Operation 29 'speclooptripcount' 'empty' <Predicate = true> <Delay = 0.00>
ST_2 : Operation 30 [1/1] (1.30ns)   --->   "%icmp_ln102 = icmp eq i4 %u_0, -4" [main_5_slices.cpp:102]   --->   Operation 30 'icmp' 'icmp_ln102' <Predicate = true> <Delay = 1.30> <Core = "Cmp">   --->   Core 25 'Cmp' <Latency = 0> <II = 1> <Delay = 1.30> <FuncUnit> <Opcode : 'icmp'> <InPorts = 2> <OutPorts = 1>
ST_2 : Operation 31 [1/1] (1.73ns)   --->   "%u = add i4 %u_0, 1" [main_5_slices.cpp:102]   --->   Operation 31 'add' 'u' <Predicate = true> <Delay = 1.73> <Core = "AddSub">   --->   Core 14 'AddSub' <Latency = 0> <II = 1> <Delay = 1.82> <FuncUnit> <Opcode : 'add' 'sub'> <InPorts = 2> <OutPorts = 1>
ST_2 : Operation 32 [1/1] (0.00ns)   --->   "br i1 %icmp_ln102, label %3, label %.preheader1.preheader" [main_5_slices.cpp:102]   --->   Operation 32 'br' <Predicate = true> <Delay = 0.00>
ST_2 : Operation 33 [1/1] (0.00ns)   --->   "%shl_ln105_4 = call i8 @_ssdm_op_BitConcatenate.i8.i4.i4(i4 %u_0, i4 0)" [main_5_slices.cpp:105]   --->   Operation 33 'bitconcatenate' 'shl_ln105_4' <Predicate = (!icmp_ln102)> <Delay = 0.00>
ST_2 : Operation 34 [1/1] (0.00ns)   --->   "%zext_ln105 = zext i8 %shl_ln105_4 to i9" [main_5_slices.cpp:105]   --->   Operation 34 'zext' 'zext_ln105' <Predicate = (!icmp_ln102)> <Delay = 0.00>
ST_2 : Operation 35 [1/1] (0.00ns)   --->   "%shl_ln105_5 = call i6 @_ssdm_op_BitConcatenate.i6.i4.i2(i4 %u_0, i2 0)" [main_5_slices.cpp:105]   --->   Operation 35 'bitconcatenate' 'shl_ln105_5' <Predicate = (!icmp_ln102)> <Delay = 0.00>
ST_2 : Operation 36 [1/1] (0.00ns)   --->   "%zext_ln105_5 = zext i6 %shl_ln105_5 to i9" [main_5_slices.cpp:105]   --->   Operation 36 'zext' 'zext_ln105_5' <Predicate = (!icmp_ln102)> <Delay = 0.00>
ST_2 : Operation 37 [1/1] (1.91ns)   --->   "%sub_ln105 = sub i9 %zext_ln105, %zext_ln105_5" [main_5_slices.cpp:105]   --->   Operation 37 'sub' 'sub_ln105' <Predicate = (!icmp_ln102)> <Delay = 1.91> <Core = "AddSub">   --->   Core 14 'AddSub' <Latency = 0> <II = 1> <Delay = 1.82> <FuncUnit> <Opcode : 'add' 'sub'> <InPorts = 2> <OutPorts = 1>
ST_2 : Operation 38 [1/1] (0.00ns)   --->   "%shl_ln = call i9 @_ssdm_op_BitConcatenate.i9.i4.i5(i4 %u_0, i5 0)" [main_5_slices.cpp:106]   --->   Operation 38 'bitconcatenate' 'shl_ln' <Predicate = (!icmp_ln102)> <Delay = 0.00>
ST_2 : Operation 39 [1/1] (1.76ns)   --->   "br label %.preheader1" [main_5_slices.cpp:103]   --->   Operation 39 'br' <Predicate = (!icmp_ln102)> <Delay = 1.76>
ST_2 : Operation 40 [1/1] (0.00ns)   --->   "ret void" [main_5_slices.cpp:109]   --->   Operation 40 'ret' <Predicate = (icmp_ln102)> <Delay = 0.00>

State 3 <SV = 2> <Delay = 1.82>
ST_3 : Operation 41 [1/1] (0.00ns)   --->   "%c_0 = phi i6 [ %c, %2 ], [ 0, %.preheader1.preheader ]"   --->   Operation 41 'phi' 'c_0' <Predicate = true> <Delay = 0.00>
ST_3 : Operation 42 [1/1] (0.00ns)   --->   "%zext_ln103 = zext i6 %c_0 to i9" [main_5_slices.cpp:103]   --->   Operation 42 'zext' 'zext_ln103' <Predicate = true> <Delay = 0.00>
ST_3 : Operation 43 [1/1] (0.00ns)   --->   "%zext_ln103_3 = zext i6 %c_0 to i15" [main_5_slices.cpp:103]   --->   Operation 43 'zext' 'zext_ln103_3' <Predicate = true> <Delay = 0.00>
ST_3 : Operation 44 [1/1] (1.42ns)   --->   "%icmp_ln103 = icmp eq i6 %c_0, -32" [main_5_slices.cpp:103]   --->   Operation 44 'icmp' 'icmp_ln103' <Predicate = true> <Delay = 1.42> <Core = "Cmp">   --->   Core 25 'Cmp' <Latency = 0> <II = 1> <Delay = 1.30> <FuncUnit> <Opcode : 'icmp'> <InPorts = 2> <OutPorts = 1>
ST_3 : Operation 45 [1/1] (0.00ns)   --->   "%empty_93 = call i32 (...)* @_ssdm_op_SpecLoopTripCount(i64 32, i64 32, i64 32)"   --->   Operation 45 'speclooptripcount' 'empty_93' <Predicate = true> <Delay = 0.00>
ST_3 : Operation 46 [1/1] (1.82ns)   --->   "%c = add i6 %c_0, 1" [main_5_slices.cpp:103]   --->   Operation 46 'add' 'c' <Predicate = true> <Delay = 1.82> <Core = "AddSub">   --->   Core 14 'AddSub' <Latency = 0> <II = 1> <Delay = 1.82> <FuncUnit> <Opcode : 'add' 'sub'> <InPorts = 2> <OutPorts = 1>
ST_3 : Operation 47 [1/1] (0.00ns)   --->   "br i1 %icmp_ln103, label %.loopexit.loopexit, label %.preheader.preheader" [main_5_slices.cpp:103]   --->   Operation 47 'br' <Predicate = true> <Delay = 0.00>
ST_3 : Operation 48 [1/1] (1.76ns)   --->   "br label %.preheader"   --->   Operation 48 'br' <Predicate = (!icmp_ln103)> <Delay = 1.76>
ST_3 : Operation 49 [1/1] (0.00ns)   --->   "br label %.loopexit"   --->   Operation 49 'br' <Predicate = (icmp_ln103)> <Delay = 0.00>

State 4 <SV = 3> <Delay = 6.88>
ST_4 : Operation 50 [1/1] (0.00ns)   --->   "%acc_0 = phi float [ %acc, %1 ], [ 0.000000e+00, %.preheader.preheader ]"   --->   Operation 50 'phi' 'acc_0' <Predicate = true> <Delay = 0.00>
ST_4 : Operation 51 [1/1] (0.00ns)   --->   "%p_0 = phi i4 [ %p, %1 ], [ 0, %.preheader.preheader ]"   --->   Operation 51 'phi' 'p_0' <Predicate = true> <Delay = 0.00>
ST_4 : Operation 52 [1/1] (0.00ns)   --->   "%empty_94 = call i32 (...)* @_ssdm_op_SpecLoopTripCount(i64 12, i64 12, i64 12)"   --->   Operation 52 'speclooptripcount' 'empty_94' <Predicate = true> <Delay = 0.00>
ST_4 : Operation 53 [1/1] (1.30ns)   --->   "%icmp_ln105 = icmp eq i4 %p_0, -4" [main_5_slices.cpp:105]   --->   Operation 53 'icmp' 'icmp_ln105' <Predicate = true> <Delay = 1.30> <Core = "Cmp">   --->   Core 25 'Cmp' <Latency = 0> <II = 1> <Delay = 1.30> <FuncUnit> <Opcode : 'icmp'> <InPorts = 2> <OutPorts = 1>
ST_4 : Operation 54 [1/1] (1.73ns)   --->   "%p = add i4 %p_0, 1" [main_5_slices.cpp:105]   --->   Operation 54 'add' 'p' <Predicate = true> <Delay = 1.73> <Core = "AddSub">   --->   Core 14 'AddSub' <Latency = 0> <II = 1> <Delay = 1.82> <FuncUnit> <Opcode : 'add' 'sub'> <InPorts = 2> <OutPorts = 1>
ST_4 : Operation 55 [1/1] (0.00ns)   --->   "br i1 %icmp_ln105, label %2, label %1" [main_5_slices.cpp:105]   --->   Operation 55 'br' <Predicate = true> <Delay = 0.00>
ST_4 : Operation 56 [1/1] (0.00ns)   --->   "%zext_ln105_6 = zext i4 %p_0 to i9" [main_5_slices.cpp:105]   --->   Operation 56 'zext' 'zext_ln105_6' <Predicate = (!icmp_ln105)> <Delay = 0.00>
ST_4 : Operation 57 [1/1] (1.82ns)   --->   "%add_ln105 = add i9 %zext_ln105_6, %sub_ln105" [main_5_slices.cpp:105]   --->   Operation 57 'add' 'add_ln105' <Predicate = (!icmp_ln105)> <Delay = 1.82> <Core = "AddSub">   --->   Core 14 'AddSub' <Latency = 0> <II = 1> <Delay = 1.82> <FuncUnit> <Opcode : 'add' 'sub'> <InPorts = 2> <OutPorts = 1>
ST_4 : Operation 58 [1/1] (0.00ns)   --->   "%tmp = call i14 @_ssdm_op_BitConcatenate.i14.i9.i5(i9 %add_ln105, i5 0)" [main_5_slices.cpp:105]   --->   Operation 58 'bitconcatenate' 'tmp' <Predicate = (!icmp_ln105)> <Delay = 0.00>
ST_4 : Operation 59 [1/1] (0.00ns)   --->   "%sext_ln105 = sext i14 %tmp to i15" [main_5_slices.cpp:105]   --->   Operation 59 'sext' 'sext_ln105' <Predicate = (!icmp_ln105)> <Delay = 0.00>
ST_4 : Operation 60 [1/1] (1.81ns)   --->   "%add_ln105_1 = add i15 %zext_ln103_3, %sext_ln105" [main_5_slices.cpp:105]   --->   Operation 60 'add' 'add_ln105_1' <Predicate = (!icmp_ln105)> <Delay = 1.81> <Core = "AddSub">   --->   Core 14 'AddSub' <Latency = 0> <II = 1> <Delay = 1.82> <FuncUnit> <Opcode : 'add' 'sub'> <InPorts = 2> <OutPorts = 1>
ST_4 : Operation 61 [1/1] (0.00ns)   --->   "%sext_ln105_3 = sext i15 %add_ln105_1 to i32" [main_5_slices.cpp:105]   --->   Operation 61 'sext' 'sext_ln105_3' <Predicate = (!icmp_ln105)> <Delay = 0.00>
ST_4 : Operation 62 [1/1] (0.00ns)   --->   "%zext_ln105_3 = zext i32 %sext_ln105_3 to i64" [main_5_slices.cpp:105]   --->   Operation 62 'zext' 'zext_ln105_3' <Predicate = (!icmp_ln105)> <Delay = 0.00>
ST_4 : Operation 63 [1/1] (0.00ns)   --->   "%Z_addr = getelementptr [4608 x float]* %Z, i64 0, i64 %zext_ln105_3" [main_5_slices.cpp:105]   --->   Operation 63 'getelementptr' 'Z_addr' <Predicate = (!icmp_ln105)> <Delay = 0.00>
ST_4 : Operation 64 [2/2] (3.25ns)   --->   "%Z_load = load float* %Z_addr, align 4" [main_5_slices.cpp:105]   --->   Operation 64 'load' 'Z_load' <Predicate = (!icmp_ln105)> <Delay = 3.25> <Core = "RAM">   --->   Core 37 'RAM' <Latency = 1> <II = 1> <Delay = 3.25> <Storage> <Opcode : 'load' 'store'> <Ports = 2> <Width = 32> <Depth = 384> <RAM>
ST_4 : Operation 65 [16/16] (6.07ns)   --->   "%tmp_s = fdiv float %acc_0, 1.200000e+01" [main_5_slices.cpp:106]   --->   Operation 65 'fdiv' 'tmp_s' <Predicate = (icmp_ln105)> <Delay = 6.07> <Core = "FDiv">   --->   Core 107 'FDiv' <Latency = 15> <II = 1> <Delay = 6.07> <FuncUnit> <Opcode : 'fdiv' 'frem'> <InPorts = 2> <OutPorts = 1>
ST_4 : Operation 66 [1/1] (1.82ns)   --->   "%add_ln106 = add i9 %shl_ln, %zext_ln103" [main_5_slices.cpp:106]   --->   Operation 66 'add' 'add_ln106' <Predicate = (icmp_ln105)> <Delay = 1.82> <Core = "AddSub">   --->   Core 14 'AddSub' <Latency = 0> <II = 1> <Delay = 1.82> <FuncUnit> <Opcode : 'add' 'sub'> <InPorts = 2> <OutPorts = 1>

State 5 <SV = 4> <Delay = 3.25>
ST_5 : Operation 67 [1/2] (3.25ns)   --->   "%Z_load = load float* %Z_addr, align 4" [main_5_slices.cpp:105]   --->   Operation 67 'load' 'Z_load' <Predicate = true> <Delay = 3.25> <Core = "RAM">   --->   Core 37 'RAM' <Latency = 1> <II = 1> <Delay = 3.25> <Storage> <Opcode : 'load' 'store'> <Ports = 2> <Width = 32> <Depth = 384> <RAM>

State 6 <SV = 5> <Delay = 7.25>
ST_6 : Operation 68 [5/5] (7.25ns)   --->   "%acc = fadd float %acc_0, %Z_load" [main_5_slices.cpp:105]   --->   Operation 68 'fadd' 'acc' <Predicate = true> <Delay = 7.25> <Core = "FAddSub">   --->   Core 105 'FAddSub' <Latency = 4> <II = 1> <Delay = 7.25> <FuncUnit> <Opcode : 'fadd' 'fsub'> <InPorts = 2> <OutPorts = 1>

State 7 <SV = 6> <Delay = 7.25>
ST_7 : Operation 69 [4/5] (7.25ns)   --->   "%acc = fadd float %acc_0, %Z_load" [main_5_slices.cpp:105]   --->   Operation 69 'fadd' 'acc' <Predicate = true> <Delay = 7.25> <Core = "FAddSub">   --->   Core 105 'FAddSub' <Latency = 4> <II = 1> <Delay = 7.25> <FuncUnit> <Opcode : 'fadd' 'fsub'> <InPorts = 2> <OutPorts = 1>

State 8 <SV = 7> <Delay = 7.25>
ST_8 : Operation 70 [3/5] (7.25ns)   --->   "%acc = fadd float %acc_0, %Z_load" [main_5_slices.cpp:105]   --->   Operation 70 'fadd' 'acc' <Predicate = true> <Delay = 7.25> <Core = "FAddSub">   --->   Core 105 'FAddSub' <Latency = 4> <II = 1> <Delay = 7.25> <FuncUnit> <Opcode : 'fadd' 'fsub'> <InPorts = 2> <OutPorts = 1>

State 9 <SV = 8> <Delay = 7.25>
ST_9 : Operation 71 [2/5] (7.25ns)   --->   "%acc = fadd float %acc_0, %Z_load" [main_5_slices.cpp:105]   --->   Operation 71 'fadd' 'acc' <Predicate = true> <Delay = 7.25> <Core = "FAddSub">   --->   Core 105 'FAddSub' <Latency = 4> <II = 1> <Delay = 7.25> <FuncUnit> <Opcode : 'fadd' 'fsub'> <InPorts = 2> <OutPorts = 1>

State 10 <SV = 9> <Delay = 7.25>
ST_10 : Operation 72 [1/5] (7.25ns)   --->   "%acc = fadd float %acc_0, %Z_load" [main_5_slices.cpp:105]   --->   Operation 72 'fadd' 'acc' <Predicate = true> <Delay = 7.25> <Core = "FAddSub">   --->   Core 105 'FAddSub' <Latency = 4> <II = 1> <Delay = 7.25> <FuncUnit> <Opcode : 'fadd' 'fsub'> <InPorts = 2> <OutPorts = 1>
ST_10 : Operation 73 [1/1] (0.00ns)   --->   "br label %.preheader" [main_5_slices.cpp:105]   --->   Operation 73 'br' <Predicate = true> <Delay = 0.00>

State 11 <SV = 4> <Delay = 6.07>
ST_11 : Operation 74 [15/16] (6.07ns)   --->   "%tmp_s = fdiv float %acc_0, 1.200000e+01" [main_5_slices.cpp:106]   --->   Operation 74 'fdiv' 'tmp_s' <Predicate = true> <Delay = 6.07> <Core = "FDiv">   --->   Core 107 'FDiv' <Latency = 15> <II = 1> <Delay = 6.07> <FuncUnit> <Opcode : 'fdiv' 'frem'> <InPorts = 2> <OutPorts = 1>

State 12 <SV = 5> <Delay = 6.07>
ST_12 : Operation 75 [14/16] (6.07ns)   --->   "%tmp_s = fdiv float %acc_0, 1.200000e+01" [main_5_slices.cpp:106]   --->   Operation 75 'fdiv' 'tmp_s' <Predicate = true> <Delay = 6.07> <Core = "FDiv">   --->   Core 107 'FDiv' <Latency = 15> <II = 1> <Delay = 6.07> <FuncUnit> <Opcode : 'fdiv' 'frem'> <InPorts = 2> <OutPorts = 1>

State 13 <SV = 6> <Delay = 6.07>
ST_13 : Operation 76 [13/16] (6.07ns)   --->   "%tmp_s = fdiv float %acc_0, 1.200000e+01" [main_5_slices.cpp:106]   --->   Operation 76 'fdiv' 'tmp_s' <Predicate = true> <Delay = 6.07> <Core = "FDiv">   --->   Core 107 'FDiv' <Latency = 15> <II = 1> <Delay = 6.07> <FuncUnit> <Opcode : 'fdiv' 'frem'> <InPorts = 2> <OutPorts = 1>

State 14 <SV = 7> <Delay = 6.07>
ST_14 : Operation 77 [12/16] (6.07ns)   --->   "%tmp_s = fdiv float %acc_0, 1.200000e+01" [main_5_slices.cpp:106]   --->   Operation 77 'fdiv' 'tmp_s' <Predicate = true> <Delay = 6.07> <Core = "FDiv">   --->   Core 107 'FDiv' <Latency = 15> <II = 1> <Delay = 6.07> <FuncUnit> <Opcode : 'fdiv' 'frem'> <InPorts = 2> <OutPorts = 1>

State 15 <SV = 8> <Delay = 6.07>
ST_15 : Operation 78 [11/16] (6.07ns)   --->   "%tmp_s = fdiv float %acc_0, 1.200000e+01" [main_5_slices.cpp:106]   --->   Operation 78 'fdiv' 'tmp_s' <Predicate = true> <Delay = 6.07> <Core = "FDiv">   --->   Core 107 'FDiv' <Latency = 15> <II = 1> <Delay = 6.07> <FuncUnit> <Opcode : 'fdiv' 'frem'> <InPorts = 2> <OutPorts = 1>

State 16 <SV = 9> <Delay = 6.07>
ST_16 : Operation 79 [10/16] (6.07ns)   --->   "%tmp_s = fdiv float %acc_0, 1.200000e+01" [main_5_slices.cpp:106]   --->   Operation 79 'fdiv' 'tmp_s' <Predicate = true> <Delay = 6.07> <Core = "FDiv">   --->   Core 107 'FDiv' <Latency = 15> <II = 1> <Delay = 6.07> <FuncUnit> <Opcode : 'fdiv' 'frem'> <InPorts = 2> <OutPorts = 1>

State 17 <SV = 10> <Delay = 6.07>
ST_17 : Operation 80 [9/16] (6.07ns)   --->   "%tmp_s = fdiv float %acc_0, 1.200000e+01" [main_5_slices.cpp:106]   --->   Operation 80 'fdiv' 'tmp_s' <Predicate = true> <Delay = 6.07> <Core = "FDiv">   --->   Core 107 'FDiv' <Latency = 15> <II = 1> <Delay = 6.07> <FuncUnit> <Opcode : 'fdiv' 'frem'> <InPorts = 2> <OutPorts = 1>

State 18 <SV = 11> <Delay = 6.07>
ST_18 : Operation 81 [8/16] (6.07ns)   --->   "%tmp_s = fdiv float %acc_0, 1.200000e+01" [main_5_slices.cpp:106]   --->   Operation 81 'fdiv' 'tmp_s' <Predicate = true> <Delay = 6.07> <Core = "FDiv">   --->   Core 107 'FDiv' <Latency = 15> <II = 1> <Delay = 6.07> <FuncUnit> <Opcode : 'fdiv' 'frem'> <InPorts = 2> <OutPorts = 1>

State 19 <SV = 12> <Delay = 6.07>
ST_19 : Operation 82 [7/16] (6.07ns)   --->   "%tmp_s = fdiv float %acc_0, 1.200000e+01" [main_5_slices.cpp:106]   --->   Operation 82 'fdiv' 'tmp_s' <Predicate = true> <Delay = 6.07> <Core = "FDiv">   --->   Core 107 'FDiv' <Latency = 15> <II = 1> <Delay = 6.07> <FuncUnit> <Opcode : 'fdiv' 'frem'> <InPorts = 2> <OutPorts = 1>

State 20 <SV = 13> <Delay = 6.07>
ST_20 : Operation 83 [6/16] (6.07ns)   --->   "%tmp_s = fdiv float %acc_0, 1.200000e+01" [main_5_slices.cpp:106]   --->   Operation 83 'fdiv' 'tmp_s' <Predicate = true> <Delay = 6.07> <Core = "FDiv">   --->   Core 107 'FDiv' <Latency = 15> <II = 1> <Delay = 6.07> <FuncUnit> <Opcode : 'fdiv' 'frem'> <InPorts = 2> <OutPorts = 1>

State 21 <SV = 14> <Delay = 6.07>
ST_21 : Operation 84 [5/16] (6.07ns)   --->   "%tmp_s = fdiv float %acc_0, 1.200000e+01" [main_5_slices.cpp:106]   --->   Operation 84 'fdiv' 'tmp_s' <Predicate = true> <Delay = 6.07> <Core = "FDiv">   --->   Core 107 'FDiv' <Latency = 15> <II = 1> <Delay = 6.07> <FuncUnit> <Opcode : 'fdiv' 'frem'> <InPorts = 2> <OutPorts = 1>

State 22 <SV = 15> <Delay = 6.07>
ST_22 : Operation 85 [4/16] (6.07ns)   --->   "%tmp_s = fdiv float %acc_0, 1.200000e+01" [main_5_slices.cpp:106]   --->   Operation 85 'fdiv' 'tmp_s' <Predicate = true> <Delay = 6.07> <Core = "FDiv">   --->   Core 107 'FDiv' <Latency = 15> <II = 1> <Delay = 6.07> <FuncUnit> <Opcode : 'fdiv' 'frem'> <InPorts = 2> <OutPorts = 1>

State 23 <SV = 16> <Delay = 6.07>
ST_23 : Operation 86 [3/16] (6.07ns)   --->   "%tmp_s = fdiv float %acc_0, 1.200000e+01" [main_5_slices.cpp:106]   --->   Operation 86 'fdiv' 'tmp_s' <Predicate = true> <Delay = 6.07> <Core = "FDiv">   --->   Core 107 'FDiv' <Latency = 15> <II = 1> <Delay = 6.07> <FuncUnit> <Opcode : 'fdiv' 'frem'> <InPorts = 2> <OutPorts = 1>

State 24 <SV = 17> <Delay = 6.07>
ST_24 : Operation 87 [2/16] (6.07ns)   --->   "%tmp_s = fdiv float %acc_0, 1.200000e+01" [main_5_slices.cpp:106]   --->   Operation 87 'fdiv' 'tmp_s' <Predicate = true> <Delay = 6.07> <Core = "FDiv">   --->   Core 107 'FDiv' <Latency = 15> <II = 1> <Delay = 6.07> <FuncUnit> <Opcode : 'fdiv' 'frem'> <InPorts = 2> <OutPorts = 1>

State 25 <SV = 18> <Delay = 6.07>
ST_25 : Operation 88 [1/16] (6.07ns)   --->   "%tmp_s = fdiv float %acc_0, 1.200000e+01" [main_5_slices.cpp:106]   --->   Operation 88 'fdiv' 'tmp_s' <Predicate = true> <Delay = 6.07> <Core = "FDiv">   --->   Core 107 'FDiv' <Latency = 15> <II = 1> <Delay = 6.07> <FuncUnit> <Opcode : 'fdiv' 'frem'> <InPorts = 2> <OutPorts = 1>

State 26 <SV = 19> <Delay = 3.25>
ST_26 : Operation 89 [1/1] (0.00ns)   --->   "%zext_ln106 = zext i9 %add_ln106 to i64" [main_5_slices.cpp:106]   --->   Operation 89 'zext' 'zext_ln106' <Predicate = true> <Delay = 0.00>
ST_26 : Operation 90 [1/1] (0.00ns)   --->   "%U_addr = getelementptr [384 x float]* %U, i64 0, i64 %zext_ln106" [main_5_slices.cpp:106]   --->   Operation 90 'getelementptr' 'U_addr' <Predicate = true> <Delay = 0.00>
ST_26 : Operation 91 [1/1] (3.25ns)   --->   "store float %tmp_s, float* %U_addr, align 4" [main_5_slices.cpp:106]   --->   Operation 91 'store' <Predicate = true> <Delay = 3.25> <Core = "RAM">   --->   Core 37 'RAM' <Latency = 1> <II = 1> <Delay = 3.25> <Storage> <Opcode : 'load' 'store'> <Ports = 2> <Width = 32> <Depth = 384> <RAM>
ST_26 : Operation 92 [1/1] (0.00ns)   --->   "br label %.preheader1" [main_5_slices.cpp:103]   --->   Operation 92 'br' <Predicate = true> <Delay = 0.00>


============================================================
+ Verbose Summary: Timing violations
============================================================
Target clock period: 10ns, clock uncertainty: 1.25ns.

 <State 1>: 1.77ns
The critical path consists of the following:
	multiplexor before 'phi' operation ('u') with incoming values : ('u', main_5_slices.cpp:102) [5]  (1.77 ns)

 <State 2>: 1.92ns
The critical path consists of the following:
	'phi' operation ('u') with incoming values : ('u', main_5_slices.cpp:102) [5]  (0 ns)
	'sub' operation ('sub_ln105', main_5_slices.cpp:105) [15]  (1.92 ns)

 <State 3>: 1.83ns
The critical path consists of the following:
	'phi' operation ('c') with incoming values : ('c', main_5_slices.cpp:103) [19]  (0 ns)
	'add' operation ('c', main_5_slices.cpp:103) [24]  (1.83 ns)

 <State 4>: 6.89ns
The critical path consists of the following:
	'phi' operation ('p') with incoming values : ('p', main_5_slices.cpp:105) [30]  (0 ns)
	'add' operation ('add_ln105', main_5_slices.cpp:105) [37]  (1.82 ns)
	'add' operation ('add_ln105_1', main_5_slices.cpp:105) [40]  (1.81 ns)
	'getelementptr' operation ('Z_addr', main_5_slices.cpp:105) [43]  (0 ns)
	'load' operation ('Z_load', main_5_slices.cpp:105) on array 'Z' [44]  (3.25 ns)

 <State 5>: 3.25ns
The critical path consists of the following:
	'load' operation ('Z_load', main_5_slices.cpp:105) on array 'Z' [44]  (3.25 ns)

 <State 6>: 7.26ns
The critical path consists of the following:
	'fadd' operation ('acc', main_5_slices.cpp:105) [45]  (7.26 ns)

 <State 7>: 7.26ns
The critical path consists of the following:
	'fadd' operation ('acc', main_5_slices.cpp:105) [45]  (7.26 ns)

 <State 8>: 7.26ns
The critical path consists of the following:
	'fadd' operation ('acc', main_5_slices.cpp:105) [45]  (7.26 ns)

 <State 9>: 7.26ns
The critical path consists of the following:
	'fadd' operation ('acc', main_5_slices.cpp:105) [45]  (7.26 ns)

 <State 10>: 7.26ns
The critical path consists of the following:
	'fadd' operation ('acc', main_5_slices.cpp:105) [45]  (7.26 ns)

 <State 11>: 6.08ns
The critical path consists of the following:
	'fdiv' operation ('tmp_s', main_5_slices.cpp:106) [48]  (6.08 ns)

 <State 12>: 6.08ns
The critical path consists of the following:
	'fdiv' operation ('tmp_s', main_5_slices.cpp:106) [48]  (6.08 ns)

 <State 13>: 6.08ns
The critical path consists of the following:
	'fdiv' operation ('tmp_s', main_5_slices.cpp:106) [48]  (6.08 ns)

 <State 14>: 6.08ns
The critical path consists of the following:
	'fdiv' operation ('tmp_s', main_5_slices.cpp:106) [48]  (6.08 ns)

 <State 15>: 6.08ns
The critical path consists of the following:
	'fdiv' operation ('tmp_s', main_5_slices.cpp:106) [48]  (6.08 ns)

 <State 16>: 6.08ns
The critical path consists of the following:
	'fdiv' operation ('tmp_s', main_5_slices.cpp:106) [48]  (6.08 ns)

 <State 17>: 6.08ns
The critical path consists of the following:
	'fdiv' operation ('tmp_s', main_5_slices.cpp:106) [48]  (6.08 ns)

 <State 18>: 6.08ns
The critical path consists of the following:
	'fdiv' operation ('tmp_s', main_5_slices.cpp:106) [48]  (6.08 ns)

 <State 19>: 6.08ns
The critical path consists of the following:
	'fdiv' operation ('tmp_s', main_5_slices.cpp:106) [48]  (6.08 ns)

 <State 20>: 6.08ns
The critical path consists of the following:
	'fdiv' operation ('tmp_s', main_5_slices.cpp:106) [48]  (6.08 ns)

 <State 21>: 6.08ns
The critical path consists of the following:
	'fdiv' operation ('tmp_s', main_5_slices.cpp:106) [48]  (6.08 ns)

 <State 22>: 6.08ns
The critical path consists of the following:
	'fdiv' operation ('tmp_s', main_5_slices.cpp:106) [48]  (6.08 ns)

 <State 23>: 6.08ns
The critical path consists of the following:
	'fdiv' operation ('tmp_s', main_5_slices.cpp:106) [48]  (6.08 ns)

 <State 24>: 6.08ns
The critical path consists of the following:
	'fdiv' operation ('tmp_s', main_5_slices.cpp:106) [48]  (6.08 ns)

 <State 25>: 6.08ns
The critical path consists of the following:
	'fdiv' operation ('tmp_s', main_5_slices.cpp:106) [48]  (6.08 ns)

 <State 26>: 3.25ns
The critical path consists of the following:
	'getelementptr' operation ('U_addr', main_5_slices.cpp:106) [51]  (0 ns)
	'store' operation ('store_ln106', main_5_slices.cpp:106) of variable 'tmp_s', main_5_slices.cpp:106 on array 'U' [52]  (3.25 ns)


============================================================
+ Verbose Summary: Binding
============================================================
N/A
* FSMD analyzer results:
  - Output states:
 - Input state : 
  - Chain level:
	State 1
	State 2
	State 3
	State 4
	State 5
	State 6
	State 7
	State 8
	State 9
	State 10
	State 11
	State 12
	State 13
	State 14
	State 15
	State 16
	State 17
	State 18
	State 19
	State 20
	State 21
	State 22
	State 23
	State 24
	State 25
	State 26


============================================================
+ Verbose Summary: Datapath Resource usage 
============================================================
N/A
