

================================================================
== Vivado HLS Report for 'conv_bn_act_pool'
================================================================
* Date:           Thu Sep  4 12:27:56 2025

* Version:        2019.1 (Build 2552052 on Fri May 24 15:28:33 MDT 2019)
* Project:        BranchPredictionAI
* Solution:       solution1
* Product family: zynq
* Target device:  xc7z020-clg484-1


================================================================
== Performance Estimates
================================================================
+ Timing (ns): 
    * Summary: 
    +--------+-------+----------+------------+
    |  Clock | Target| Estimated| Uncertainty|
    +--------+-------+----------+------------+
    |ap_clk  |  10.00|     8.129|        1.25|
    +--------+-------+----------+------------+

+ Latency (clock cycles): 
    * Summary: 
    +----------+----------+----------+----------+---------+
    |       Latency       |       Interval      | Pipeline|
    |    min   |    max   |    min   |    max   |   Type  |
    +----------+----------+----------+----------+---------+
    |  65526951|  65526951|  65526951|  65526951|   none  |
    +----------+----------+----------+----------+---------+

    + Detail: 
        * Instance: 
        N/A

        * Loop: 
        +---------------------+----------+----------+----------+-----------+-----------+------+----------+
        |                     |       Latency       | Iteration|  Initiation Interval  | Trip |          |
        |      Loop Name      |    min   |    max   |  Latency |  achieved |   target  | Count| Pipelined|
        +---------------------+----------+----------+----------+-----------+-----------+------+----------+
        |- Loop 1             |  45712512|  45712512|     79362|          -|          -|   576|    no    |
        | + Loop 1.1          |     79360|     79360|      2480|          -|          -|    32|    no    |
        |  ++ Loop 1.1.1      |      2478|      2478|       354|          -|          -|     7|    no    |
        |   +++ Loop 1.1.1.1  |       352|       352|        11|          -|          -|    32|    no    |
        |- Loop 2             |  17097996|  17097996|     29378|          -|          -|   582|    no    |
        | + Loop 2.1          |     29376|     29376|        51|          -|          -|   576|    no    |
        |- Loop 3             |   2716440|   2716440|    226370|          -|          -|    12|    no    |
        | + Loop 3.1          |    226368|    226368|       393|          -|          -|   576|    no    |
        |  ++ Loop 3.1.1      |       384|       384|         8|          -|          -|    48|    no    |
        +---------------------+----------+----------+----------+-----------+-----------+------+----------+

============================================================
+ Verbose Summary: Synthesis Manager
============================================================
InlineROM: 1
ExposeGlobal: 0
============================================================
+ Verbose Summary: CDFG Model
============================================================
IsTopModel: 0
ResetActiveHigh: 1
IsCombinational: 0
IsDatapathOnly: 0
HasWiredReturn: 1
HasMFsm: 0
HasVarLatency: 1
IsPipeline: 0
IsRtlPipelined: 0
IsInstanceOverlapped: 0
IsDontTouch: 0
HasImplIP: 0
IsGatedGlobalClock: 0


============================================================
+ Verbose Summary: Schedule
============================================================
* Number of FSM states : 84
* Pipeline : 0
* Dataflow Pipeline: 0

* FSM state transitions: 
1 --> 2 
2 --> 3 16 
3 --> 4 2 
4 --> 5 3 
5 --> 6 4 
6 --> 7 
7 --> 8 
8 --> 9 
9 --> 10 
10 --> 11 
11 --> 12 
12 --> 13 
13 --> 14 
14 --> 15 
15 --> 5 
16 --> 17 68 
17 --> 18 16 
18 --> 19 
19 --> 20 
20 --> 21 
21 --> 22 
22 --> 23 
23 --> 24 
24 --> 25 
25 --> 26 
26 --> 27 
27 --> 28 
28 --> 29 
29 --> 30 
30 --> 31 
31 --> 32 
32 --> 33 
33 --> 34 
34 --> 35 
35 --> 36 
36 --> 37 
37 --> 38 
38 --> 39 
39 --> 40 
40 --> 41 
41 --> 42 
42 --> 43 
43 --> 44 
44 --> 45 
45 --> 46 
46 --> 47 
47 --> 48 
48 --> 49 
49 --> 50 
50 --> 51 
51 --> 52 
52 --> 53 
53 --> 54 
54 --> 55 
55 --> 56 
56 --> 57 
57 --> 58 
58 --> 59 
59 --> 60 
60 --> 61 
61 --> 62 
62 --> 63 
63 --> 64 
64 --> 65 
65 --> 66 
66 --> 67 
67 --> 17 
68 --> 69 
69 --> 70 68 
70 --> 71 78 
71 --> 72 
72 --> 73 
73 --> 74 
74 --> 75 
75 --> 76 
76 --> 77 
77 --> 70 
78 --> 79 
79 --> 80 
80 --> 81 
81 --> 82 
82 --> 83 
83 --> 84 
84 --> 69 

* FSM state operations: 

State 1 <SV = 0> <Delay = 1.76>
ST_1 : Operation 85 [1/1] (1.76ns)   --->   "br label %.loopexit1" [main_5_slices.cpp:77]   --->   Operation 85 'br' <Predicate = true> <Delay = 1.76>

State 2 <SV = 1> <Delay = 1.77>
ST_2 : Operation 86 [1/1] (0.00ns)   --->   "%t_0 = phi i10 [ 0, %0 ], [ %t, %.loopexit1.loopexit ]"   --->   Operation 86 'phi' 't_0' <Predicate = true> <Delay = 0.00>
ST_2 : Operation 87 [1/1] (0.00ns)   --->   "%empty = call i32 (...)* @_ssdm_op_SpecLoopTripCount(i64 576, i64 576, i64 576)"   --->   Operation 87 'speclooptripcount' 'empty' <Predicate = true> <Delay = 0.00>
ST_2 : Operation 88 [1/1] (1.77ns)   --->   "%icmp_ln77 = icmp eq i10 %t_0, -448" [main_5_slices.cpp:77]   --->   Operation 88 'icmp' 'icmp_ln77' <Predicate = true> <Delay = 1.77> <Core = "Cmp">   --->   Core 25 'Cmp' <Latency = 0> <II = 1> <Delay = 1.42> <FuncUnit> <Opcode : 'icmp'> <InPorts = 2> <OutPorts = 1>
ST_2 : Operation 89 [1/1] (1.73ns)   --->   "%t = add i10 %t_0, 1" [main_5_slices.cpp:77]   --->   Operation 89 'add' 't' <Predicate = true> <Delay = 1.73> <Core = "AddSub">   --->   Core 14 'AddSub' <Latency = 0> <II = 1> <Delay = 1.67> <FuncUnit> <Opcode : 'add' 'sub'> <InPorts = 2> <OutPorts = 1>
ST_2 : Operation 90 [1/1] (0.00ns)   --->   "br i1 %icmp_ln77, label %.preheader5.preheader, label %.preheader6.preheader" [main_5_slices.cpp:77]   --->   Operation 90 'br' <Predicate = true> <Delay = 0.00>
ST_2 : Operation 91 [1/1] (0.00ns)   --->   "%shl_ln = call i15 @_ssdm_op_BitConcatenate.i15.i10.i5(i10 %t_0, i5 0)" [main_5_slices.cpp:88]   --->   Operation 91 'bitconcatenate' 'shl_ln' <Predicate = (!icmp_ln77)> <Delay = 0.00>
ST_2 : Operation 92 [1/1] (1.76ns)   --->   "br label %.preheader6" [main_5_slices.cpp:78]   --->   Operation 92 'br' <Predicate = (!icmp_ln77)> <Delay = 1.76>
ST_2 : Operation 93 [1/1] (1.76ns)   --->   "br label %.preheader5"   --->   Operation 93 'br' <Predicate = (icmp_ln77)> <Delay = 1.76>

State 3 <SV = 2> <Delay = 1.82>
ST_3 : Operation 94 [1/1] (0.00ns)   --->   "%f_0 = phi i6 [ %f, %4 ], [ 0, %.preheader6.preheader ]"   --->   Operation 94 'phi' 'f_0' <Predicate = true> <Delay = 0.00>
ST_3 : Operation 95 [1/1] (0.00ns)   --->   "%zext_ln78 = zext i6 %f_0 to i15" [main_5_slices.cpp:78]   --->   Operation 95 'zext' 'zext_ln78' <Predicate = true> <Delay = 0.00>
ST_3 : Operation 96 [1/1] (1.42ns)   --->   "%icmp_ln78 = icmp eq i6 %f_0, -32" [main_5_slices.cpp:78]   --->   Operation 96 'icmp' 'icmp_ln78' <Predicate = true> <Delay = 1.42> <Core = "Cmp">   --->   Core 25 'Cmp' <Latency = 0> <II = 1> <Delay = 1.42> <FuncUnit> <Opcode : 'icmp'> <InPorts = 2> <OutPorts = 1>
ST_3 : Operation 97 [1/1] (0.00ns)   --->   "%empty_90 = call i32 (...)* @_ssdm_op_SpecLoopTripCount(i64 32, i64 32, i64 32)"   --->   Operation 97 'speclooptripcount' 'empty_90' <Predicate = true> <Delay = 0.00>
ST_3 : Operation 98 [1/1] (1.82ns)   --->   "%f = add i6 %f_0, 1" [main_5_slices.cpp:78]   --->   Operation 98 'add' 'f' <Predicate = true> <Delay = 1.82> <Core = "AddSub">   --->   Core 14 'AddSub' <Latency = 0> <II = 1> <Delay = 1.67> <FuncUnit> <Opcode : 'add' 'sub'> <InPorts = 2> <OutPorts = 1>
ST_3 : Operation 99 [1/1] (0.00ns)   --->   "br i1 %icmp_ln78, label %.loopexit1.loopexit, label %._crit_edge" [main_5_slices.cpp:78]   --->   Operation 99 'br' <Predicate = true> <Delay = 0.00>
ST_3 : Operation 100 [1/1] (0.00ns)   --->   "%zext_ln81 = zext i6 %f_0 to i13" [main_5_slices.cpp:81]   --->   Operation 100 'zext' 'zext_ln81' <Predicate = (!icmp_ln78)> <Delay = 0.00>
ST_3 : Operation 101 [1/1] (1.76ns)   --->   "br label %.loopexit" [main_5_slices.cpp:81]   --->   Operation 101 'br' <Predicate = (!icmp_ln78)> <Delay = 1.76>
ST_3 : Operation 102 [1/1] (0.00ns)   --->   "br label %.loopexit1"   --->   Operation 102 'br' <Predicate = (icmp_ln78)> <Delay = 0.00>

State 4 <SV = 3> <Delay = 5.19>
ST_4 : Operation 103 [1/1] (0.00ns)   --->   "%acc_0 = phi half [ 0x0, %._crit_edge ], [ %acc_1, %.loopexit.loopexit ]" [main_5_slices.cpp:85]   --->   Operation 103 'phi' 'acc_0' <Predicate = true> <Delay = 0.00>
ST_4 : Operation 104 [1/1] (0.00ns)   --->   "%k_0 = phi i3 [ 0, %._crit_edge ], [ %k, %.loopexit.loopexit ]"   --->   Operation 104 'phi' 'k_0' <Predicate = true> <Delay = 0.00>
ST_4 : Operation 105 [1/1] (1.13ns)   --->   "%icmp_ln81 = icmp eq i3 %k_0, -1" [main_5_slices.cpp:81]   --->   Operation 105 'icmp' 'icmp_ln81' <Predicate = true> <Delay = 1.13> <Core = "Cmp">   --->   Core 25 'Cmp' <Latency = 0> <II = 1> <Delay = 1.42> <FuncUnit> <Opcode : 'icmp'> <InPorts = 2> <OutPorts = 1>
ST_4 : Operation 106 [1/1] (0.00ns)   --->   "%empty_91 = call i32 (...)* @_ssdm_op_SpecLoopTripCount(i64 7, i64 7, i64 7)"   --->   Operation 106 'speclooptripcount' 'empty_91' <Predicate = true> <Delay = 0.00>
ST_4 : Operation 107 [1/1] (1.65ns)   --->   "%k = add i3 %k_0, 1" [main_5_slices.cpp:81]   --->   Operation 107 'add' 'k' <Predicate = true> <Delay = 1.65> <Core = "AddSub">   --->   Core 14 'AddSub' <Latency = 0> <II = 1> <Delay = 1.67> <FuncUnit> <Opcode : 'add' 'sub'> <InPorts = 2> <OutPorts = 1>
ST_4 : Operation 108 [1/1] (0.00ns)   --->   "br i1 %icmp_ln81, label %4, label %1" [main_5_slices.cpp:81]   --->   Operation 108 'br' <Predicate = true> <Delay = 0.00>
ST_4 : Operation 109 [1/1] (0.00ns)   --->   "%zext_ln82 = zext i3 %k_0 to i10" [main_5_slices.cpp:82]   --->   Operation 109 'zext' 'zext_ln82' <Predicate = (!icmp_ln81)> <Delay = 0.00>
ST_4 : Operation 110 [1/1] (1.73ns)   --->   "%add_ln82 = add i10 %t_0, %zext_ln82" [main_5_slices.cpp:82]   --->   Operation 110 'add' 'add_ln82' <Predicate = (!icmp_ln81)> <Delay = 1.73> <Core = "AddSub">   --->   Core 14 'AddSub' <Latency = 0> <II = 1> <Delay = 1.67> <FuncUnit> <Opcode : 'add' 'sub'> <InPorts = 2> <OutPorts = 1>
ST_4 : Operation 111 [1/1] (0.00ns)   --->   "%shl_ln16 = call i15 @_ssdm_op_BitConcatenate.i15.i10.i5(i10 %add_ln82, i5 0)" [main_5_slices.cpp:82]   --->   Operation 111 'bitconcatenate' 'shl_ln16' <Predicate = (!icmp_ln81)> <Delay = 0.00>
ST_4 : Operation 112 [1/1] (1.76ns)   --->   "br label %2" [main_5_slices.cpp:84]   --->   Operation 112 'br' <Predicate = (!icmp_ln81)> <Delay = 1.76>
ST_4 : Operation 113 [1/1] (1.94ns)   --->   "%add_ln88 = add i15 %shl_ln, %zext_ln78" [main_5_slices.cpp:88]   --->   Operation 113 'add' 'add_ln88' <Predicate = (icmp_ln81)> <Delay = 1.94> <Core = "AddSub">   --->   Core 14 'AddSub' <Latency = 0> <II = 1> <Delay = 1.67> <FuncUnit> <Opcode : 'add' 'sub'> <InPorts = 2> <OutPorts = 1>
ST_4 : Operation 114 [1/1] (0.00ns)   --->   "%zext_ln88 = zext i15 %add_ln88 to i64" [main_5_slices.cpp:88]   --->   Operation 114 'zext' 'zext_ln88' <Predicate = (icmp_ln81)> <Delay = 0.00>
ST_4 : Operation 115 [1/1] (0.00ns)   --->   "%Y_addr = getelementptr [18432 x half]* @Y, i64 0, i64 %zext_ln88" [main_5_slices.cpp:88]   --->   Operation 115 'getelementptr' 'Y_addr' <Predicate = (icmp_ln81)> <Delay = 0.00>
ST_4 : Operation 116 [1/1] (3.25ns)   --->   "store half %acc_0, half* %Y_addr, align 2" [main_5_slices.cpp:88]   --->   Operation 116 'store' <Predicate = (icmp_ln81)> <Delay = 3.25> <Core = "RAM">   --->   Core 37 'RAM' <Latency = 1> <II = 1> <Delay = 3.25> <Storage> <Opcode : 'load' 'store'> <Ports = 2> <Width = 16> <Depth = 384> <RAM>
ST_4 : Operation 117 [1/1] (0.00ns)   --->   "br label %.preheader6" [main_5_slices.cpp:78]   --->   Operation 117 'br' <Predicate = (icmp_ln81)> <Delay = 0.00>

State 5 <SV = 4> <Delay = 5.19>
ST_5 : Operation 118 [1/1] (0.00ns)   --->   "%acc_1 = phi half [ %acc_0, %1 ], [ %acc_3, %3 ]"   --->   Operation 118 'phi' 'acc_1' <Predicate = true> <Delay = 0.00>
ST_5 : Operation 119 [1/1] (0.00ns)   --->   "%e_0 = phi i6 [ 0, %1 ], [ %e, %3 ]"   --->   Operation 119 'phi' 'e_0' <Predicate = true> <Delay = 0.00>
ST_5 : Operation 120 [1/1] (1.42ns)   --->   "%icmp_ln84 = icmp eq i6 %e_0, -32" [main_5_slices.cpp:84]   --->   Operation 120 'icmp' 'icmp_ln84' <Predicate = true> <Delay = 1.42> <Core = "Cmp">   --->   Core 25 'Cmp' <Latency = 0> <II = 1> <Delay = 1.42> <FuncUnit> <Opcode : 'icmp'> <InPorts = 2> <OutPorts = 1>
ST_5 : Operation 121 [1/1] (0.00ns)   --->   "%empty_92 = call i32 (...)* @_ssdm_op_SpecLoopTripCount(i64 32, i64 32, i64 32)"   --->   Operation 121 'speclooptripcount' 'empty_92' <Predicate = true> <Delay = 0.00>
ST_5 : Operation 122 [1/1] (1.82ns)   --->   "%e = add i6 %e_0, 1" [main_5_slices.cpp:84]   --->   Operation 122 'add' 'e' <Predicate = true> <Delay = 1.82> <Core = "AddSub">   --->   Core 14 'AddSub' <Latency = 0> <II = 1> <Delay = 1.67> <FuncUnit> <Opcode : 'add' 'sub'> <InPorts = 2> <OutPorts = 1>
ST_5 : Operation 123 [1/1] (0.00ns)   --->   "br i1 %icmp_ln84, label %.loopexit.loopexit, label %3" [main_5_slices.cpp:84]   --->   Operation 123 'br' <Predicate = true> <Delay = 0.00>
ST_5 : Operation 124 [1/1] (0.00ns)   --->   "%zext_ln85 = zext i6 %e_0 to i15" [main_5_slices.cpp:85]   --->   Operation 124 'zext' 'zext_ln85' <Predicate = (!icmp_ln84)> <Delay = 0.00>
ST_5 : Operation 125 [1/1] (1.94ns)   --->   "%add_ln85 = add i15 %zext_ln85, %shl_ln16" [main_5_slices.cpp:85]   --->   Operation 125 'add' 'add_ln85' <Predicate = (!icmp_ln84)> <Delay = 1.94> <Core = "AddSub">   --->   Core 14 'AddSub' <Latency = 0> <II = 1> <Delay = 1.67> <FuncUnit> <Opcode : 'add' 'sub'> <InPorts = 2> <OutPorts = 1>
ST_5 : Operation 126 [1/1] (0.00ns)   --->   "%zext_ln85_9 = zext i15 %add_ln85 to i64" [main_5_slices.cpp:85]   --->   Operation 126 'zext' 'zext_ln85_9' <Predicate = (!icmp_ln84)> <Delay = 0.00>
ST_5 : Operation 127 [1/1] (0.00ns)   --->   "%X_addr = getelementptr [18624 x half]* %X, i64 0, i64 %zext_ln85_9" [main_5_slices.cpp:85]   --->   Operation 127 'getelementptr' 'X_addr' <Predicate = (!icmp_ln84)> <Delay = 0.00>
ST_5 : Operation 128 [2/2] (3.25ns)   --->   "%X_load = load half* %X_addr, align 2" [main_5_slices.cpp:85]   --->   Operation 128 'load' 'X_load' <Predicate = (!icmp_ln84)> <Delay = 3.25> <Core = "RAM">   --->   Core 37 'RAM' <Latency = 1> <II = 1> <Delay = 3.25> <Storage> <Opcode : 'load' 'store'> <Ports = 2> <Width = 16> <Depth = 384> <RAM>
ST_5 : Operation 129 [1/1] (0.00ns)   --->   "%trunc_ln85 = trunc i6 %e_0 to i5" [main_5_slices.cpp:85]   --->   Operation 129 'trunc' 'trunc_ln85' <Predicate = (!icmp_ln84)> <Delay = 0.00>
ST_5 : Operation 130 [1/1] (0.00ns)   --->   "%tmp = call i13 @_ssdm_op_BitConcatenate.i13.i3.i5.i5(i3 %k_0, i5 %trunc_ln85, i5 0)" [main_5_slices.cpp:85]   --->   Operation 130 'bitconcatenate' 'tmp' <Predicate = (!icmp_ln84)> <Delay = 0.00>
ST_5 : Operation 131 [1/1] (1.67ns)   --->   "%add_ln85_5 = add i13 %zext_ln81, %tmp" [main_5_slices.cpp:85]   --->   Operation 131 'add' 'add_ln85_5' <Predicate = (!icmp_ln84)> <Delay = 1.67> <Core = "AddSub">   --->   Core 14 'AddSub' <Latency = 0> <II = 1> <Delay = 1.67> <FuncUnit> <Opcode : 'add' 'sub'> <InPorts = 2> <OutPorts = 1>
ST_5 : Operation 132 [1/1] (0.00ns)   --->   "%zext_ln85_10 = zext i13 %add_ln85_5 to i64" [main_5_slices.cpp:85]   --->   Operation 132 'zext' 'zext_ln85_10' <Predicate = (!icmp_ln84)> <Delay = 0.00>
ST_5 : Operation 133 [1/1] (0.00ns)   --->   "%ConvW4_addr = getelementptr [7168 x half]* @ConvW4, i64 0, i64 %zext_ln85_10" [main_5_slices.cpp:85]   --->   Operation 133 'getelementptr' 'ConvW4_addr' <Predicate = (!icmp_ln84)> <Delay = 0.00>
ST_5 : Operation 134 [2/2] (3.25ns)   --->   "%ConvW4_load = load half* %ConvW4_addr, align 2" [main_5_slices.cpp:85]   --->   Operation 134 'load' 'ConvW4_load' <Predicate = (!icmp_ln84)> <Delay = 3.25> <Core = "ROM_nP">   --->   Core 52 'ROM_nP' <Latency = 1> <II = 1> <Delay = 3.25> <Storage> <Opcode : 'load'> <Ports = 0> <Width = 16> <Depth = 32> <ROM>
ST_5 : Operation 135 [1/1] (0.00ns)   --->   "br label %.loopexit"   --->   Operation 135 'br' <Predicate = (icmp_ln84)> <Delay = 0.00>

State 6 <SV = 5> <Delay = 3.25>
ST_6 : Operation 136 [1/2] (3.25ns)   --->   "%X_load = load half* %X_addr, align 2" [main_5_slices.cpp:85]   --->   Operation 136 'load' 'X_load' <Predicate = true> <Delay = 3.25> <Core = "RAM">   --->   Core 37 'RAM' <Latency = 1> <II = 1> <Delay = 3.25> <Storage> <Opcode : 'load' 'store'> <Ports = 2> <Width = 16> <Depth = 384> <RAM>
ST_6 : Operation 137 [1/2] (3.25ns)   --->   "%ConvW4_load = load half* %ConvW4_addr, align 2" [main_5_slices.cpp:85]   --->   Operation 137 'load' 'ConvW4_load' <Predicate = true> <Delay = 3.25> <Core = "ROM_nP">   --->   Core 52 'ROM_nP' <Latency = 1> <II = 1> <Delay = 3.25> <Storage> <Opcode : 'load'> <Ports = 0> <Width = 16> <Depth = 32> <ROM>

State 7 <SV = 6> <Delay = 6.86>
ST_7 : Operation 138 [4/4] (6.86ns)   --->   "%tmp_118 = fmul half %X_load, %ConvW4_load" [main_5_slices.cpp:85]   --->   Operation 138 'hmul' 'tmp_118' <Predicate = true> <Delay = 6.86> <Core = "HMul">   --->   Core 91 'HMul' <Latency = 3> <II = 1> <Delay = 6.86> <FuncUnit> <Opcode : 'hmul'> <InPorts = 2> <OutPorts = 1>

State 8 <SV = 7> <Delay = 6.86>
ST_8 : Operation 139 [3/4] (6.86ns)   --->   "%tmp_118 = fmul half %X_load, %ConvW4_load" [main_5_slices.cpp:85]   --->   Operation 139 'hmul' 'tmp_118' <Predicate = true> <Delay = 6.86> <Core = "HMul">   --->   Core 91 'HMul' <Latency = 3> <II = 1> <Delay = 6.86> <FuncUnit> <Opcode : 'hmul'> <InPorts = 2> <OutPorts = 1>

State 9 <SV = 8> <Delay = 6.86>
ST_9 : Operation 140 [2/4] (6.86ns)   --->   "%tmp_118 = fmul half %X_load, %ConvW4_load" [main_5_slices.cpp:85]   --->   Operation 140 'hmul' 'tmp_118' <Predicate = true> <Delay = 6.86> <Core = "HMul">   --->   Core 91 'HMul' <Latency = 3> <II = 1> <Delay = 6.86> <FuncUnit> <Opcode : 'hmul'> <InPorts = 2> <OutPorts = 1>

State 10 <SV = 9> <Delay = 6.86>
ST_10 : Operation 141 [1/4] (6.86ns)   --->   "%tmp_118 = fmul half %X_load, %ConvW4_load" [main_5_slices.cpp:85]   --->   Operation 141 'hmul' 'tmp_118' <Predicate = true> <Delay = 6.86> <Core = "HMul">   --->   Core 91 'HMul' <Latency = 3> <II = 1> <Delay = 6.86> <FuncUnit> <Opcode : 'hmul'> <InPorts = 2> <OutPorts = 1>

State 11 <SV = 10> <Delay = 7.61>
ST_11 : Operation 142 [5/5] (7.61ns)   --->   "%acc_3 = fadd half %acc_1, %tmp_118" [main_5_slices.cpp:85]   --->   Operation 142 'hadd' 'acc_3' <Predicate = true> <Delay = 7.61> <Core = "HAddSub">   --->   Core 90 'HAddSub' <Latency = 4> <II = 1> <Delay = 7.61> <FuncUnit> <Opcode : 'hadd' 'hsub'> <InPorts = 2> <OutPorts = 1>

State 12 <SV = 11> <Delay = 7.61>
ST_12 : Operation 143 [4/5] (7.61ns)   --->   "%acc_3 = fadd half %acc_1, %tmp_118" [main_5_slices.cpp:85]   --->   Operation 143 'hadd' 'acc_3' <Predicate = true> <Delay = 7.61> <Core = "HAddSub">   --->   Core 90 'HAddSub' <Latency = 4> <II = 1> <Delay = 7.61> <FuncUnit> <Opcode : 'hadd' 'hsub'> <InPorts = 2> <OutPorts = 1>

State 13 <SV = 12> <Delay = 7.61>
ST_13 : Operation 144 [3/5] (7.61ns)   --->   "%acc_3 = fadd half %acc_1, %tmp_118" [main_5_slices.cpp:85]   --->   Operation 144 'hadd' 'acc_3' <Predicate = true> <Delay = 7.61> <Core = "HAddSub">   --->   Core 90 'HAddSub' <Latency = 4> <II = 1> <Delay = 7.61> <FuncUnit> <Opcode : 'hadd' 'hsub'> <InPorts = 2> <OutPorts = 1>

State 14 <SV = 13> <Delay = 7.61>
ST_14 : Operation 145 [2/5] (7.61ns)   --->   "%acc_3 = fadd half %acc_1, %tmp_118" [main_5_slices.cpp:85]   --->   Operation 145 'hadd' 'acc_3' <Predicate = true> <Delay = 7.61> <Core = "HAddSub">   --->   Core 90 'HAddSub' <Latency = 4> <II = 1> <Delay = 7.61> <FuncUnit> <Opcode : 'hadd' 'hsub'> <InPorts = 2> <OutPorts = 1>

State 15 <SV = 14> <Delay = 7.61>
ST_15 : Operation 146 [1/5] (7.61ns)   --->   "%acc_3 = fadd half %acc_1, %tmp_118" [main_5_slices.cpp:85]   --->   Operation 146 'hadd' 'acc_3' <Predicate = true> <Delay = 7.61> <Core = "HAddSub">   --->   Core 90 'HAddSub' <Latency = 4> <II = 1> <Delay = 7.61> <FuncUnit> <Opcode : 'hadd' 'hsub'> <InPorts = 2> <OutPorts = 1>
ST_15 : Operation 147 [1/1] (0.00ns)   --->   "br label %2" [main_5_slices.cpp:84]   --->   Operation 147 'br' <Predicate = true> <Delay = 0.00>

State 16 <SV = 2> <Delay = 2.07>
ST_16 : Operation 148 [1/1] (0.00ns)   --->   "%t_1 = phi i10 [ %t_6, %.preheader5.loopexit ], [ 0, %.preheader5.preheader ]"   --->   Operation 148 'phi' 't_1' <Predicate = true> <Delay = 0.00>
ST_16 : Operation 149 [1/1] (0.00ns)   --->   "%empty_93 = call i32 (...)* @_ssdm_op_SpecLoopTripCount(i64 582, i64 582, i64 582)"   --->   Operation 149 'speclooptripcount' 'empty_93' <Predicate = true> <Delay = 0.00>
ST_16 : Operation 150 [1/1] (1.77ns)   --->   "%icmp_ln92 = icmp eq i10 %t_1, -442" [main_5_slices.cpp:92]   --->   Operation 150 'icmp' 'icmp_ln92' <Predicate = true> <Delay = 1.77> <Core = "Cmp">   --->   Core 25 'Cmp' <Latency = 0> <II = 1> <Delay = 1.42> <FuncUnit> <Opcode : 'icmp'> <InPorts = 2> <OutPorts = 1>
ST_16 : Operation 151 [1/1] (1.73ns)   --->   "%t_6 = add i10 %t_1, 1" [main_5_slices.cpp:92]   --->   Operation 151 'add' 't_6' <Predicate = true> <Delay = 1.73> <Core = "AddSub">   --->   Core 14 'AddSub' <Latency = 0> <II = 1> <Delay = 1.67> <FuncUnit> <Opcode : 'add' 'sub'> <InPorts = 2> <OutPorts = 1>
ST_16 : Operation 152 [1/1] (0.00ns)   --->   "br i1 %icmp_ln92, label %.preheader8.preheader, label %5" [main_5_slices.cpp:92]   --->   Operation 152 'br' <Predicate = true> <Delay = 0.00>
ST_16 : Operation 153 [1/1] (0.00ns)   --->   "%trunc_ln94 = trunc i10 %t_1 to i7" [main_5_slices.cpp:94]   --->   Operation 153 'trunc' 'trunc_ln94' <Predicate = (!icmp_ln92)> <Delay = 0.00>
ST_16 : Operation 154 [1/1] (0.00ns)   --->   "%shl_ln12 = call i16 @_ssdm_op_BitConcatenate.i16.i7.i9(i7 %trunc_ln94, i9 0)" [main_5_slices.cpp:94]   --->   Operation 154 'bitconcatenate' 'shl_ln12' <Predicate = (!icmp_ln92)> <Delay = 0.00>
ST_16 : Operation 155 [1/1] (0.00ns)   --->   "%shl_ln13 = call i16 @_ssdm_op_BitConcatenate.i16.i10.i6(i10 %t_1, i6 0)" [main_5_slices.cpp:93]   --->   Operation 155 'bitconcatenate' 'shl_ln13' <Predicate = (!icmp_ln92)> <Delay = 0.00>
ST_16 : Operation 156 [1/1] (2.07ns)   --->   "%add_ln94 = add i16 %shl_ln12, %shl_ln13" [main_5_slices.cpp:94]   --->   Operation 156 'add' 'add_ln94' <Predicate = (!icmp_ln92)> <Delay = 2.07> <Core = "AddSub">   --->   Core 14 'AddSub' <Latency = 0> <II = 1> <Delay = 1.67> <FuncUnit> <Opcode : 'add' 'sub'> <InPorts = 2> <OutPorts = 1>
ST_16 : Operation 157 [1/1] (1.76ns)   --->   "br label %6" [main_5_slices.cpp:94]   --->   Operation 157 'br' <Predicate = (!icmp_ln92)> <Delay = 1.76>
ST_16 : Operation 158 [1/1] (1.76ns)   --->   "br label %.preheader8"   --->   Operation 158 'br' <Predicate = (icmp_ln92)> <Delay = 1.76>

State 17 <SV = 3> <Delay = 3.25>
ST_17 : Operation 159 [1/1] (0.00ns)   --->   "%c_0 = phi i10 [ 0, %5 ], [ %c, %_ifconv ]"   --->   Operation 159 'phi' 'c_0' <Predicate = true> <Delay = 0.00>
ST_17 : Operation 160 [1/1] (0.00ns)   --->   "%empty_94 = call i32 (...)* @_ssdm_op_SpecLoopTripCount(i64 576, i64 576, i64 576)"   --->   Operation 160 'speclooptripcount' 'empty_94' <Predicate = true> <Delay = 0.00>
ST_17 : Operation 161 [1/1] (1.77ns)   --->   "%icmp_ln94 = icmp eq i10 %c_0, -448" [main_5_slices.cpp:94]   --->   Operation 161 'icmp' 'icmp_ln94' <Predicate = true> <Delay = 1.77> <Core = "Cmp">   --->   Core 25 'Cmp' <Latency = 0> <II = 1> <Delay = 1.42> <FuncUnit> <Opcode : 'icmp'> <InPorts = 2> <OutPorts = 1>
ST_17 : Operation 162 [1/1] (1.73ns)   --->   "%c = add i10 %c_0, 1" [main_5_slices.cpp:94]   --->   Operation 162 'add' 'c' <Predicate = true> <Delay = 1.73> <Core = "AddSub">   --->   Core 14 'AddSub' <Latency = 0> <II = 1> <Delay = 1.67> <FuncUnit> <Opcode : 'add' 'sub'> <InPorts = 2> <OutPorts = 1>
ST_17 : Operation 163 [1/1] (0.00ns)   --->   "br i1 %icmp_ln94, label %.preheader5.loopexit, label %_ifconv" [main_5_slices.cpp:94]   --->   Operation 163 'br' <Predicate = true> <Delay = 0.00>
ST_17 : Operation 164 [1/1] (0.00ns)   --->   "%zext_ln95 = zext i10 %c_0 to i64" [main_5_slices.cpp:95]   --->   Operation 164 'zext' 'zext_ln95' <Predicate = (!icmp_ln94)> <Delay = 0.00>
ST_17 : Operation 165 [1/1] (0.00ns)   --->   "%zext_ln95_9 = zext i10 %c_0 to i16" [main_5_slices.cpp:95]   --->   Operation 165 'zext' 'zext_ln95_9' <Predicate = (!icmp_ln94)> <Delay = 0.00>
ST_17 : Operation 166 [1/1] (2.07ns)   --->   "%add_ln95 = add i16 %add_ln94, %zext_ln95_9" [main_5_slices.cpp:95]   --->   Operation 166 'add' 'add_ln95' <Predicate = (!icmp_ln94)> <Delay = 2.07> <Core = "AddSub">   --->   Core 14 'AddSub' <Latency = 0> <II = 1> <Delay = 1.67> <FuncUnit> <Opcode : 'add' 'sub'> <InPorts = 2> <OutPorts = 1>
ST_17 : Operation 167 [1/1] (0.00ns)   --->   "%zext_ln95_10 = zext i16 %add_ln95 to i64" [main_5_slices.cpp:95]   --->   Operation 167 'zext' 'zext_ln95_10' <Predicate = (!icmp_ln94)> <Delay = 0.00>
ST_17 : Operation 168 [1/1] (0.00ns)   --->   "%Y_addr12 = getelementptr [18432 x half]* @Y, i64 0, i64 %zext_ln95_10" [main_5_slices.cpp:95]   --->   Operation 168 'getelementptr' 'Y_addr12' <Predicate = (!icmp_ln94)> <Delay = 0.00>
ST_17 : Operation 169 [1/1] (0.00ns)   --->   "%BN1_var4_addr = getelementptr [32 x half]* @BN1_var4, i64 0, i64 %zext_ln95" [main_5_slices.cpp:95]   --->   Operation 169 'getelementptr' 'BN1_var4_addr' <Predicate = (!icmp_ln94)> <Delay = 0.00>
ST_17 : Operation 170 [2/2] (3.25ns)   --->   "%BN1_var4_load = load half* %BN1_var4_addr, align 2" [main_5_slices.cpp:95]   --->   Operation 170 'load' 'BN1_var4_load' <Predicate = (!icmp_ln94)> <Delay = 3.25> <Core = "ROM_nP">   --->   Core 52 'ROM_nP' <Latency = 1> <II = 1> <Delay = 3.25> <Storage> <Opcode : 'load'> <Ports = 0> <Width = 16> <Depth = 32> <ROM>
ST_17 : Operation 171 [1/1] (0.00ns)   --->   "%BN1_gamma4_addr = getelementptr [32 x half]* @BN1_gamma4, i64 0, i64 %zext_ln95" [main_5_slices.cpp:96]   --->   Operation 171 'getelementptr' 'BN1_gamma4_addr' <Predicate = (!icmp_ln94)> <Delay = 0.00>
ST_17 : Operation 172 [2/2] (3.25ns)   --->   "%BN1_gamma4_load = load half* %BN1_gamma4_addr, align 2" [main_5_slices.cpp:96]   --->   Operation 172 'load' 'BN1_gamma4_load' <Predicate = (!icmp_ln94)> <Delay = 3.25> <Core = "ROM_nP">   --->   Core 52 'ROM_nP' <Latency = 1> <II = 1> <Delay = 3.25> <Storage> <Opcode : 'load'> <Ports = 0> <Width = 16> <Depth = 32> <ROM>
ST_17 : Operation 173 [1/1] (0.00ns)   --->   "br label %.preheader5"   --->   Operation 173 'br' <Predicate = (icmp_ln94)> <Delay = 0.00>

State 18 <SV = 4> <Delay = 3.25>
ST_18 : Operation 174 [1/2] (3.25ns)   --->   "%BN1_var4_load = load half* %BN1_var4_addr, align 2" [main_5_slices.cpp:95]   --->   Operation 174 'load' 'BN1_var4_load' <Predicate = true> <Delay = 3.25> <Core = "ROM_nP">   --->   Core 52 'ROM_nP' <Latency = 1> <II = 1> <Delay = 3.25> <Storage> <Opcode : 'load'> <Ports = 0> <Width = 16> <Depth = 32> <ROM>
ST_18 : Operation 175 [1/2] (3.25ns)   --->   "%BN1_gamma4_load = load half* %BN1_gamma4_addr, align 2" [main_5_slices.cpp:96]   --->   Operation 175 'load' 'BN1_gamma4_load' <Predicate = true> <Delay = 3.25> <Core = "ROM_nP">   --->   Core 52 'ROM_nP' <Latency = 1> <II = 1> <Delay = 3.25> <Storage> <Opcode : 'load'> <Ports = 0> <Width = 16> <Depth = 32> <ROM>

State 19 <SV = 5> <Delay = 7.61>
ST_19 : Operation 176 [5/5] (7.61ns)   --->   "%tmp_112 = fadd half %BN1_var4_load, 0x3F50640000000000" [main_5_slices.cpp:95]   --->   Operation 176 'hadd' 'tmp_112' <Predicate = true> <Delay = 7.61> <Core = "HAddSub">   --->   Core 90 'HAddSub' <Latency = 4> <II = 1> <Delay = 7.61> <FuncUnit> <Opcode : 'hadd' 'hsub'> <InPorts = 2> <OutPorts = 1>

State 20 <SV = 6> <Delay = 7.61>
ST_20 : Operation 177 [4/5] (7.61ns)   --->   "%tmp_112 = fadd half %BN1_var4_load, 0x3F50640000000000" [main_5_slices.cpp:95]   --->   Operation 177 'hadd' 'tmp_112' <Predicate = true> <Delay = 7.61> <Core = "HAddSub">   --->   Core 90 'HAddSub' <Latency = 4> <II = 1> <Delay = 7.61> <FuncUnit> <Opcode : 'hadd' 'hsub'> <InPorts = 2> <OutPorts = 1>

State 21 <SV = 7> <Delay = 7.61>
ST_21 : Operation 178 [3/5] (7.61ns)   --->   "%tmp_112 = fadd half %BN1_var4_load, 0x3F50640000000000" [main_5_slices.cpp:95]   --->   Operation 178 'hadd' 'tmp_112' <Predicate = true> <Delay = 7.61> <Core = "HAddSub">   --->   Core 90 'HAddSub' <Latency = 4> <II = 1> <Delay = 7.61> <FuncUnit> <Opcode : 'hadd' 'hsub'> <InPorts = 2> <OutPorts = 1>

State 22 <SV = 8> <Delay = 7.61>
ST_22 : Operation 179 [2/5] (7.61ns)   --->   "%tmp_112 = fadd half %BN1_var4_load, 0x3F50640000000000" [main_5_slices.cpp:95]   --->   Operation 179 'hadd' 'tmp_112' <Predicate = true> <Delay = 7.61> <Core = "HAddSub">   --->   Core 90 'HAddSub' <Latency = 4> <II = 1> <Delay = 7.61> <FuncUnit> <Opcode : 'hadd' 'hsub'> <InPorts = 2> <OutPorts = 1>

State 23 <SV = 9> <Delay = 7.61>
ST_23 : Operation 180 [1/5] (7.61ns)   --->   "%tmp_112 = fadd half %BN1_var4_load, 0x3F50640000000000" [main_5_slices.cpp:95]   --->   Operation 180 'hadd' 'tmp_112' <Predicate = true> <Delay = 7.61> <Core = "HAddSub">   --->   Core 90 'HAddSub' <Latency = 4> <II = 1> <Delay = 7.61> <FuncUnit> <Opcode : 'hadd' 'hsub'> <InPorts = 2> <OutPorts = 1>

State 24 <SV = 10> <Delay = 3.52>
ST_24 : Operation 181 [2/2] (3.52ns)   --->   "%tmp_113 = fpext half %tmp_112 to float" [main_5_slices.cpp:95]   --->   Operation 181 'hptosp' 'tmp_113' <Predicate = true> <Delay = 3.52> <Core = "Half2Float">   --->   Core 93 'Half2Float' <Latency = 1> <II = 1> <Delay = 3.52> <FuncUnit> <Opcode : 'hptosp'> <InPorts = 1> <OutPorts = 1>

State 25 <SV = 11> <Delay = 3.52>
ST_25 : Operation 182 [1/2] (3.52ns)   --->   "%tmp_113 = fpext half %tmp_112 to float" [main_5_slices.cpp:95]   --->   Operation 182 'hptosp' 'tmp_113' <Predicate = true> <Delay = 3.52> <Core = "Half2Float">   --->   Core 93 'Half2Float' <Latency = 1> <II = 1> <Delay = 3.52> <FuncUnit> <Opcode : 'hptosp'> <InPorts = 1> <OutPorts = 1>

State 26 <SV = 12> <Delay = 8.12>
ST_26 : Operation 183 [12/12] (8.12ns)   --->   "%tmp_114 = call float @llvm.sqrt.f32(float %tmp_113)" [main_5_slices.cpp:95]   --->   Operation 183 'fsqrt' 'tmp_114' <Predicate = true> <Delay = 8.12> <Core = "FSqrt">   --->   Core 108 'FSqrt' <Latency = 11> <II = 1> <Delay = 8.12> <FuncUnit> <Opcode : 'fsqrt'> <InPorts = 1> <OutPorts = 1>

State 27 <SV = 13> <Delay = 8.12>
ST_27 : Operation 184 [11/12] (8.12ns)   --->   "%tmp_114 = call float @llvm.sqrt.f32(float %tmp_113)" [main_5_slices.cpp:95]   --->   Operation 184 'fsqrt' 'tmp_114' <Predicate = true> <Delay = 8.12> <Core = "FSqrt">   --->   Core 108 'FSqrt' <Latency = 11> <II = 1> <Delay = 8.12> <FuncUnit> <Opcode : 'fsqrt'> <InPorts = 1> <OutPorts = 1>

State 28 <SV = 14> <Delay = 8.12>
ST_28 : Operation 185 [10/12] (8.12ns)   --->   "%tmp_114 = call float @llvm.sqrt.f32(float %tmp_113)" [main_5_slices.cpp:95]   --->   Operation 185 'fsqrt' 'tmp_114' <Predicate = true> <Delay = 8.12> <Core = "FSqrt">   --->   Core 108 'FSqrt' <Latency = 11> <II = 1> <Delay = 8.12> <FuncUnit> <Opcode : 'fsqrt'> <InPorts = 1> <OutPorts = 1>

State 29 <SV = 15> <Delay = 8.12>
ST_29 : Operation 186 [9/12] (8.12ns)   --->   "%tmp_114 = call float @llvm.sqrt.f32(float %tmp_113)" [main_5_slices.cpp:95]   --->   Operation 186 'fsqrt' 'tmp_114' <Predicate = true> <Delay = 8.12> <Core = "FSqrt">   --->   Core 108 'FSqrt' <Latency = 11> <II = 1> <Delay = 8.12> <FuncUnit> <Opcode : 'fsqrt'> <InPorts = 1> <OutPorts = 1>

State 30 <SV = 16> <Delay = 8.12>
ST_30 : Operation 187 [8/12] (8.12ns)   --->   "%tmp_114 = call float @llvm.sqrt.f32(float %tmp_113)" [main_5_slices.cpp:95]   --->   Operation 187 'fsqrt' 'tmp_114' <Predicate = true> <Delay = 8.12> <Core = "FSqrt">   --->   Core 108 'FSqrt' <Latency = 11> <II = 1> <Delay = 8.12> <FuncUnit> <Opcode : 'fsqrt'> <InPorts = 1> <OutPorts = 1>

State 31 <SV = 17> <Delay = 8.12>
ST_31 : Operation 188 [7/12] (8.12ns)   --->   "%tmp_114 = call float @llvm.sqrt.f32(float %tmp_113)" [main_5_slices.cpp:95]   --->   Operation 188 'fsqrt' 'tmp_114' <Predicate = true> <Delay = 8.12> <Core = "FSqrt">   --->   Core 108 'FSqrt' <Latency = 11> <II = 1> <Delay = 8.12> <FuncUnit> <Opcode : 'fsqrt'> <InPorts = 1> <OutPorts = 1>

State 32 <SV = 18> <Delay = 8.12>
ST_32 : Operation 189 [6/12] (8.12ns)   --->   "%tmp_114 = call float @llvm.sqrt.f32(float %tmp_113)" [main_5_slices.cpp:95]   --->   Operation 189 'fsqrt' 'tmp_114' <Predicate = true> <Delay = 8.12> <Core = "FSqrt">   --->   Core 108 'FSqrt' <Latency = 11> <II = 1> <Delay = 8.12> <FuncUnit> <Opcode : 'fsqrt'> <InPorts = 1> <OutPorts = 1>

State 33 <SV = 19> <Delay = 8.12>
ST_33 : Operation 190 [5/12] (8.12ns)   --->   "%tmp_114 = call float @llvm.sqrt.f32(float %tmp_113)" [main_5_slices.cpp:95]   --->   Operation 190 'fsqrt' 'tmp_114' <Predicate = true> <Delay = 8.12> <Core = "FSqrt">   --->   Core 108 'FSqrt' <Latency = 11> <II = 1> <Delay = 8.12> <FuncUnit> <Opcode : 'fsqrt'> <InPorts = 1> <OutPorts = 1>

State 34 <SV = 20> <Delay = 8.12>
ST_34 : Operation 191 [4/12] (8.12ns)   --->   "%tmp_114 = call float @llvm.sqrt.f32(float %tmp_113)" [main_5_slices.cpp:95]   --->   Operation 191 'fsqrt' 'tmp_114' <Predicate = true> <Delay = 8.12> <Core = "FSqrt">   --->   Core 108 'FSqrt' <Latency = 11> <II = 1> <Delay = 8.12> <FuncUnit> <Opcode : 'fsqrt'> <InPorts = 1> <OutPorts = 1>

State 35 <SV = 21> <Delay = 8.12>
ST_35 : Operation 192 [2/2] (3.25ns)   --->   "%Y_load = load half* %Y_addr12, align 2" [main_5_slices.cpp:95]   --->   Operation 192 'load' 'Y_load' <Predicate = true> <Delay = 3.25> <Core = "RAM">   --->   Core 37 'RAM' <Latency = 1> <II = 1> <Delay = 3.25> <Storage> <Opcode : 'load' 'store'> <Ports = 2> <Width = 16> <Depth = 384> <RAM>
ST_35 : Operation 193 [3/12] (8.12ns)   --->   "%tmp_114 = call float @llvm.sqrt.f32(float %tmp_113)" [main_5_slices.cpp:95]   --->   Operation 193 'fsqrt' 'tmp_114' <Predicate = true> <Delay = 8.12> <Core = "FSqrt">   --->   Core 108 'FSqrt' <Latency = 11> <II = 1> <Delay = 8.12> <FuncUnit> <Opcode : 'fsqrt'> <InPorts = 1> <OutPorts = 1>

State 36 <SV = 22> <Delay = 8.12>
ST_36 : Operation 194 [1/2] (3.25ns)   --->   "%Y_load = load half* %Y_addr12, align 2" [main_5_slices.cpp:95]   --->   Operation 194 'load' 'Y_load' <Predicate = true> <Delay = 3.25> <Core = "RAM">   --->   Core 37 'RAM' <Latency = 1> <II = 1> <Delay = 3.25> <Storage> <Opcode : 'load' 'store'> <Ports = 2> <Width = 16> <Depth = 384> <RAM>
ST_36 : Operation 195 [2/2] (3.52ns)   --->   "%tmp_111 = fpext half %Y_load to float" [main_5_slices.cpp:95]   --->   Operation 195 'hptosp' 'tmp_111' <Predicate = true> <Delay = 3.52> <Core = "Half2Float">   --->   Core 93 'Half2Float' <Latency = 1> <II = 1> <Delay = 3.52> <FuncUnit> <Opcode : 'hptosp'> <InPorts = 1> <OutPorts = 1>
ST_36 : Operation 196 [2/12] (8.12ns)   --->   "%tmp_114 = call float @llvm.sqrt.f32(float %tmp_113)" [main_5_slices.cpp:95]   --->   Operation 196 'fsqrt' 'tmp_114' <Predicate = true> <Delay = 8.12> <Core = "FSqrt">   --->   Core 108 'FSqrt' <Latency = 11> <II = 1> <Delay = 8.12> <FuncUnit> <Opcode : 'fsqrt'> <InPorts = 1> <OutPorts = 1>

State 37 <SV = 23> <Delay = 8.12>
ST_37 : Operation 197 [1/2] (3.52ns)   --->   "%tmp_111 = fpext half %Y_load to float" [main_5_slices.cpp:95]   --->   Operation 197 'hptosp' 'tmp_111' <Predicate = true> <Delay = 3.52> <Core = "Half2Float">   --->   Core 93 'Half2Float' <Latency = 1> <II = 1> <Delay = 3.52> <FuncUnit> <Opcode : 'hptosp'> <InPorts = 1> <OutPorts = 1>
ST_37 : Operation 198 [1/12] (8.12ns)   --->   "%tmp_114 = call float @llvm.sqrt.f32(float %tmp_113)" [main_5_slices.cpp:95]   --->   Operation 198 'fsqrt' 'tmp_114' <Predicate = true> <Delay = 8.12> <Core = "FSqrt">   --->   Core 108 'FSqrt' <Latency = 11> <II = 1> <Delay = 8.12> <FuncUnit> <Opcode : 'fsqrt'> <InPorts = 1> <OutPorts = 1>

State 38 <SV = 24> <Delay = 6.07>
ST_38 : Operation 199 [16/16] (6.07ns)   --->   "%tmp_115 = fdiv float %tmp_111, %tmp_114" [main_5_slices.cpp:95]   --->   Operation 199 'fdiv' 'tmp_115' <Predicate = true> <Delay = 6.07> <Core = "FDiv">   --->   Core 107 'FDiv' <Latency = 15> <II = 1> <Delay = 6.07> <FuncUnit> <Opcode : 'fdiv' 'frem'> <InPorts = 2> <OutPorts = 1>

State 39 <SV = 25> <Delay = 6.07>
ST_39 : Operation 200 [15/16] (6.07ns)   --->   "%tmp_115 = fdiv float %tmp_111, %tmp_114" [main_5_slices.cpp:95]   --->   Operation 200 'fdiv' 'tmp_115' <Predicate = true> <Delay = 6.07> <Core = "FDiv">   --->   Core 107 'FDiv' <Latency = 15> <II = 1> <Delay = 6.07> <FuncUnit> <Opcode : 'fdiv' 'frem'> <InPorts = 2> <OutPorts = 1>

State 40 <SV = 26> <Delay = 6.07>
ST_40 : Operation 201 [14/16] (6.07ns)   --->   "%tmp_115 = fdiv float %tmp_111, %tmp_114" [main_5_slices.cpp:95]   --->   Operation 201 'fdiv' 'tmp_115' <Predicate = true> <Delay = 6.07> <Core = "FDiv">   --->   Core 107 'FDiv' <Latency = 15> <II = 1> <Delay = 6.07> <FuncUnit> <Opcode : 'fdiv' 'frem'> <InPorts = 2> <OutPorts = 1>

State 41 <SV = 27> <Delay = 6.07>
ST_41 : Operation 202 [13/16] (6.07ns)   --->   "%tmp_115 = fdiv float %tmp_111, %tmp_114" [main_5_slices.cpp:95]   --->   Operation 202 'fdiv' 'tmp_115' <Predicate = true> <Delay = 6.07> <Core = "FDiv">   --->   Core 107 'FDiv' <Latency = 15> <II = 1> <Delay = 6.07> <FuncUnit> <Opcode : 'fdiv' 'frem'> <InPorts = 2> <OutPorts = 1>

State 42 <SV = 28> <Delay = 6.07>
ST_42 : Operation 203 [12/16] (6.07ns)   --->   "%tmp_115 = fdiv float %tmp_111, %tmp_114" [main_5_slices.cpp:95]   --->   Operation 203 'fdiv' 'tmp_115' <Predicate = true> <Delay = 6.07> <Core = "FDiv">   --->   Core 107 'FDiv' <Latency = 15> <II = 1> <Delay = 6.07> <FuncUnit> <Opcode : 'fdiv' 'frem'> <InPorts = 2> <OutPorts = 1>

State 43 <SV = 29> <Delay = 6.07>
ST_43 : Operation 204 [11/16] (6.07ns)   --->   "%tmp_115 = fdiv float %tmp_111, %tmp_114" [main_5_slices.cpp:95]   --->   Operation 204 'fdiv' 'tmp_115' <Predicate = true> <Delay = 6.07> <Core = "FDiv">   --->   Core 107 'FDiv' <Latency = 15> <II = 1> <Delay = 6.07> <FuncUnit> <Opcode : 'fdiv' 'frem'> <InPorts = 2> <OutPorts = 1>

State 44 <SV = 30> <Delay = 6.07>
ST_44 : Operation 205 [10/16] (6.07ns)   --->   "%tmp_115 = fdiv float %tmp_111, %tmp_114" [main_5_slices.cpp:95]   --->   Operation 205 'fdiv' 'tmp_115' <Predicate = true> <Delay = 6.07> <Core = "FDiv">   --->   Core 107 'FDiv' <Latency = 15> <II = 1> <Delay = 6.07> <FuncUnit> <Opcode : 'fdiv' 'frem'> <InPorts = 2> <OutPorts = 1>

State 45 <SV = 31> <Delay = 6.07>
ST_45 : Operation 206 [9/16] (6.07ns)   --->   "%tmp_115 = fdiv float %tmp_111, %tmp_114" [main_5_slices.cpp:95]   --->   Operation 206 'fdiv' 'tmp_115' <Predicate = true> <Delay = 6.07> <Core = "FDiv">   --->   Core 107 'FDiv' <Latency = 15> <II = 1> <Delay = 6.07> <FuncUnit> <Opcode : 'fdiv' 'frem'> <InPorts = 2> <OutPorts = 1>

State 46 <SV = 32> <Delay = 6.07>
ST_46 : Operation 207 [8/16] (6.07ns)   --->   "%tmp_115 = fdiv float %tmp_111, %tmp_114" [main_5_slices.cpp:95]   --->   Operation 207 'fdiv' 'tmp_115' <Predicate = true> <Delay = 6.07> <Core = "FDiv">   --->   Core 107 'FDiv' <Latency = 15> <II = 1> <Delay = 6.07> <FuncUnit> <Opcode : 'fdiv' 'frem'> <InPorts = 2> <OutPorts = 1>

State 47 <SV = 33> <Delay = 6.07>
ST_47 : Operation 208 [7/16] (6.07ns)   --->   "%tmp_115 = fdiv float %tmp_111, %tmp_114" [main_5_slices.cpp:95]   --->   Operation 208 'fdiv' 'tmp_115' <Predicate = true> <Delay = 6.07> <Core = "FDiv">   --->   Core 107 'FDiv' <Latency = 15> <II = 1> <Delay = 6.07> <FuncUnit> <Opcode : 'fdiv' 'frem'> <InPorts = 2> <OutPorts = 1>

State 48 <SV = 34> <Delay = 6.07>
ST_48 : Operation 209 [6/16] (6.07ns)   --->   "%tmp_115 = fdiv float %tmp_111, %tmp_114" [main_5_slices.cpp:95]   --->   Operation 209 'fdiv' 'tmp_115' <Predicate = true> <Delay = 6.07> <Core = "FDiv">   --->   Core 107 'FDiv' <Latency = 15> <II = 1> <Delay = 6.07> <FuncUnit> <Opcode : 'fdiv' 'frem'> <InPorts = 2> <OutPorts = 1>

State 49 <SV = 35> <Delay = 6.07>
ST_49 : Operation 210 [5/16] (6.07ns)   --->   "%tmp_115 = fdiv float %tmp_111, %tmp_114" [main_5_slices.cpp:95]   --->   Operation 210 'fdiv' 'tmp_115' <Predicate = true> <Delay = 6.07> <Core = "FDiv">   --->   Core 107 'FDiv' <Latency = 15> <II = 1> <Delay = 6.07> <FuncUnit> <Opcode : 'fdiv' 'frem'> <InPorts = 2> <OutPorts = 1>

State 50 <SV = 36> <Delay = 6.07>
ST_50 : Operation 211 [4/16] (6.07ns)   --->   "%tmp_115 = fdiv float %tmp_111, %tmp_114" [main_5_slices.cpp:95]   --->   Operation 211 'fdiv' 'tmp_115' <Predicate = true> <Delay = 6.07> <Core = "FDiv">   --->   Core 107 'FDiv' <Latency = 15> <II = 1> <Delay = 6.07> <FuncUnit> <Opcode : 'fdiv' 'frem'> <InPorts = 2> <OutPorts = 1>

State 51 <SV = 37> <Delay = 6.07>
ST_51 : Operation 212 [3/16] (6.07ns)   --->   "%tmp_115 = fdiv float %tmp_111, %tmp_114" [main_5_slices.cpp:95]   --->   Operation 212 'fdiv' 'tmp_115' <Predicate = true> <Delay = 6.07> <Core = "FDiv">   --->   Core 107 'FDiv' <Latency = 15> <II = 1> <Delay = 6.07> <FuncUnit> <Opcode : 'fdiv' 'frem'> <InPorts = 2> <OutPorts = 1>

State 52 <SV = 38> <Delay = 6.07>
ST_52 : Operation 213 [2/16] (6.07ns)   --->   "%tmp_115 = fdiv float %tmp_111, %tmp_114" [main_5_slices.cpp:95]   --->   Operation 213 'fdiv' 'tmp_115' <Predicate = true> <Delay = 6.07> <Core = "FDiv">   --->   Core 107 'FDiv' <Latency = 15> <II = 1> <Delay = 6.07> <FuncUnit> <Opcode : 'fdiv' 'frem'> <InPorts = 2> <OutPorts = 1>

State 53 <SV = 39> <Delay = 6.07>
ST_53 : Operation 214 [1/16] (6.07ns)   --->   "%tmp_115 = fdiv float %tmp_111, %tmp_114" [main_5_slices.cpp:95]   --->   Operation 214 'fdiv' 'tmp_115' <Predicate = true> <Delay = 6.07> <Core = "FDiv">   --->   Core 107 'FDiv' <Latency = 15> <II = 1> <Delay = 6.07> <FuncUnit> <Opcode : 'fdiv' 'frem'> <InPorts = 2> <OutPorts = 1>

State 54 <SV = 40> <Delay = 5.22>
ST_54 : Operation 215 [2/2] (5.22ns)   --->   "%nrm = fptrunc float %tmp_115 to half" [main_5_slices.cpp:95]   --->   Operation 215 'sptohp' 'nrm' <Predicate = true> <Delay = 5.22> <Core = "Float2Half">   --->   Core 94 'Float2Half' <Latency = 1> <II = 1> <Delay = 5.22> <FuncUnit> <Opcode : 'sptohp'> <InPorts = 1> <OutPorts = 1>

State 55 <SV = 41> <Delay = 5.22>
ST_55 : Operation 216 [1/2] (5.22ns)   --->   "%nrm = fptrunc float %tmp_115 to half" [main_5_slices.cpp:95]   --->   Operation 216 'sptohp' 'nrm' <Predicate = true> <Delay = 5.22> <Core = "Float2Half">   --->   Core 94 'Float2Half' <Latency = 1> <II = 1> <Delay = 5.22> <FuncUnit> <Opcode : 'sptohp'> <InPorts = 1> <OutPorts = 1>

State 56 <SV = 42> <Delay = 6.86>
ST_56 : Operation 217 [4/4] (6.86ns)   --->   "%tmp_116 = fmul half %BN1_gamma4_load, %nrm" [main_5_slices.cpp:96]   --->   Operation 217 'hmul' 'tmp_116' <Predicate = true> <Delay = 6.86> <Core = "HMul">   --->   Core 91 'HMul' <Latency = 3> <II = 1> <Delay = 6.86> <FuncUnit> <Opcode : 'hmul'> <InPorts = 2> <OutPorts = 1>

State 57 <SV = 43> <Delay = 6.86>
ST_57 : Operation 218 [3/4] (6.86ns)   --->   "%tmp_116 = fmul half %BN1_gamma4_load, %nrm" [main_5_slices.cpp:96]   --->   Operation 218 'hmul' 'tmp_116' <Predicate = true> <Delay = 6.86> <Core = "HMul">   --->   Core 91 'HMul' <Latency = 3> <II = 1> <Delay = 6.86> <FuncUnit> <Opcode : 'hmul'> <InPorts = 2> <OutPorts = 1>

State 58 <SV = 44> <Delay = 6.86>
ST_58 : Operation 219 [2/4] (6.86ns)   --->   "%tmp_116 = fmul half %BN1_gamma4_load, %nrm" [main_5_slices.cpp:96]   --->   Operation 219 'hmul' 'tmp_116' <Predicate = true> <Delay = 6.86> <Core = "HMul">   --->   Core 91 'HMul' <Latency = 3> <II = 1> <Delay = 6.86> <FuncUnit> <Opcode : 'hmul'> <InPorts = 2> <OutPorts = 1>

State 59 <SV = 45> <Delay = 6.86>
ST_59 : Operation 220 [1/4] (6.86ns)   --->   "%tmp_116 = fmul half %BN1_gamma4_load, %nrm" [main_5_slices.cpp:96]   --->   Operation 220 'hmul' 'tmp_116' <Predicate = true> <Delay = 6.86> <Core = "HMul">   --->   Core 91 'HMul' <Latency = 3> <II = 1> <Delay = 6.86> <FuncUnit> <Opcode : 'hmul'> <InPorts = 2> <OutPorts = 1>

State 60 <SV = 46> <Delay = 7.61>
ST_60 : Operation 221 [5/5] (7.61ns)   --->   "%x = fadd half %tmp_116, 0x0" [main_5_slices.cpp:96]   --->   Operation 221 'hadd' 'x' <Predicate = true> <Delay = 7.61> <Core = "HAddSub">   --->   Core 90 'HAddSub' <Latency = 4> <II = 1> <Delay = 7.61> <FuncUnit> <Opcode : 'hadd' 'hsub'> <InPorts = 2> <OutPorts = 1>

State 61 <SV = 47> <Delay = 7.61>
ST_61 : Operation 222 [4/5] (7.61ns)   --->   "%x = fadd half %tmp_116, 0x0" [main_5_slices.cpp:96]   --->   Operation 222 'hadd' 'x' <Predicate = true> <Delay = 7.61> <Core = "HAddSub">   --->   Core 90 'HAddSub' <Latency = 4> <II = 1> <Delay = 7.61> <FuncUnit> <Opcode : 'hadd' 'hsub'> <InPorts = 2> <OutPorts = 1>

State 62 <SV = 48> <Delay = 7.61>
ST_62 : Operation 223 [3/5] (7.61ns)   --->   "%x = fadd half %tmp_116, 0x0" [main_5_slices.cpp:96]   --->   Operation 223 'hadd' 'x' <Predicate = true> <Delay = 7.61> <Core = "HAddSub">   --->   Core 90 'HAddSub' <Latency = 4> <II = 1> <Delay = 7.61> <FuncUnit> <Opcode : 'hadd' 'hsub'> <InPorts = 2> <OutPorts = 1>

State 63 <SV = 49> <Delay = 7.61>
ST_63 : Operation 224 [2/5] (7.61ns)   --->   "%x = fadd half %tmp_116, 0x0" [main_5_slices.cpp:96]   --->   Operation 224 'hadd' 'x' <Predicate = true> <Delay = 7.61> <Core = "HAddSub">   --->   Core 90 'HAddSub' <Latency = 4> <II = 1> <Delay = 7.61> <FuncUnit> <Opcode : 'hadd' 'hsub'> <InPorts = 2> <OutPorts = 1>

State 64 <SV = 50> <Delay = 7.61>
ST_64 : Operation 225 [1/5] (7.61ns)   --->   "%x = fadd half %tmp_116, 0x0" [main_5_slices.cpp:96]   --->   Operation 225 'hadd' 'x' <Predicate = true> <Delay = 7.61> <Core = "HAddSub">   --->   Core 90 'HAddSub' <Latency = 4> <II = 1> <Delay = 7.61> <FuncUnit> <Opcode : 'hadd' 'hsub'> <InPorts = 2> <OutPorts = 1>

State 65 <SV = 51> <Delay = 5.18>
ST_65 : Operation 226 [2/2] (5.18ns)   --->   "%tmp_117 = fcmp ogt half %x, 0x0" [main_5_slices.cpp:46->main_5_slices.cpp:98]   --->   Operation 226 'hcmp' 'tmp_117' <Predicate = true> <Delay = 5.18> <Core = "HCmp">   --->   Core 98 'HCmp' <Latency = 1> <II = 1> <Delay = 5.18> <FuncUnit> <Opcode : 'hcmp'> <InPorts = 2> <OutPorts = 1>

State 66 <SV = 52> <Delay = 5.99>
ST_66 : Operation 227 [1/2] (5.18ns)   --->   "%tmp_117 = fcmp ogt half %x, 0x0" [main_5_slices.cpp:46->main_5_slices.cpp:98]   --->   Operation 227 'hcmp' 'tmp_117' <Predicate = true> <Delay = 5.18> <Core = "HCmp">   --->   Core 98 'HCmp' <Latency = 1> <II = 1> <Delay = 5.18> <FuncUnit> <Opcode : 'hcmp'> <InPorts = 2> <OutPorts = 1>
ST_66 : Operation 228 [1/1] (0.80ns)   --->   "%select_ln46 = select i1 %tmp_117, half %x, half 0x0" [main_5_slices.cpp:46->main_5_slices.cpp:98]   --->   Operation 228 'select' 'select_ln46' <Predicate = true> <Delay = 0.80> <Core = "Sel">   --->   Core 26 'Sel' <Latency = 0> <II = 1> <Delay = 0.80> <FuncUnit> <Opcode : 'select'> <InPorts = 3> <OutPorts = 1>

State 67 <SV = 53> <Delay = 3.25>
ST_67 : Operation 229 [1/1] (3.25ns)   --->   "store half %select_ln46, half* %Y_addr12, align 2" [main_5_slices.cpp:98]   --->   Operation 229 'store' <Predicate = true> <Delay = 3.25> <Core = "RAM">   --->   Core 37 'RAM' <Latency = 1> <II = 1> <Delay = 3.25> <Storage> <Opcode : 'load' 'store'> <Ports = 2> <Width = 16> <Depth = 384> <RAM>
ST_67 : Operation 230 [1/1] (0.00ns)   --->   "br label %6" [main_5_slices.cpp:94]   --->   Operation 230 'br' <Predicate = true> <Delay = 0.00>

State 68 <SV = 3> <Delay = 1.76>
ST_68 : Operation 231 [1/1] (0.00ns)   --->   "%u_0 = phi i4 [ %u, %.preheader8.loopexit ], [ 0, %.preheader8.preheader ]"   --->   Operation 231 'phi' 'u_0' <Predicate = true> <Delay = 0.00>
ST_68 : Operation 232 [1/1] (0.00ns)   --->   "%empty_95 = call i32 (...)* @_ssdm_op_SpecLoopTripCount(i64 12, i64 12, i64 12)"   --->   Operation 232 'speclooptripcount' 'empty_95' <Predicate = true> <Delay = 0.00>
ST_68 : Operation 233 [1/1] (1.30ns)   --->   "%icmp_ln103 = icmp eq i4 %u_0, -4" [main_5_slices.cpp:103]   --->   Operation 233 'icmp' 'icmp_ln103' <Predicate = true> <Delay = 1.30> <Core = "Cmp">   --->   Core 25 'Cmp' <Latency = 0> <II = 1> <Delay = 1.42> <FuncUnit> <Opcode : 'icmp'> <InPorts = 2> <OutPorts = 1>
ST_68 : Operation 234 [1/1] (1.73ns)   --->   "%u = add i4 %u_0, 1" [main_5_slices.cpp:103]   --->   Operation 234 'add' 'u' <Predicate = true> <Delay = 1.73> <Core = "AddSub">   --->   Core 14 'AddSub' <Latency = 0> <II = 1> <Delay = 1.67> <FuncUnit> <Opcode : 'add' 'sub'> <InPorts = 2> <OutPorts = 1>
ST_68 : Operation 235 [1/1] (0.00ns)   --->   "br i1 %icmp_ln103, label %9, label %.preheader4.preheader" [main_5_slices.cpp:103]   --->   Operation 235 'br' <Predicate = true> <Delay = 0.00>
ST_68 : Operation 236 [1/1] (0.00ns)   --->   "%shl_ln14 = call i10 @_ssdm_op_BitConcatenate.i10.i4.i6(i4 %u_0, i6 0)" [main_5_slices.cpp:106]   --->   Operation 236 'bitconcatenate' 'shl_ln14' <Predicate = (!icmp_ln103)> <Delay = 0.00>
ST_68 : Operation 237 [1/1] (0.00ns)   --->   "%zext_ln106_8 = zext i10 %shl_ln14 to i11" [main_5_slices.cpp:106]   --->   Operation 237 'zext' 'zext_ln106_8' <Predicate = (!icmp_ln103)> <Delay = 0.00>
ST_68 : Operation 238 [1/1] (0.00ns)   --->   "%shl_ln106_s = call i8 @_ssdm_op_BitConcatenate.i8.i4.i4(i4 %u_0, i4 0)" [main_5_slices.cpp:106]   --->   Operation 238 'bitconcatenate' 'shl_ln106_s' <Predicate = (!icmp_ln103)> <Delay = 0.00>
ST_68 : Operation 239 [1/1] (0.00ns)   --->   "%zext_ln106_9 = zext i8 %shl_ln106_s to i11" [main_5_slices.cpp:106]   --->   Operation 239 'zext' 'zext_ln106_9' <Predicate = (!icmp_ln103)> <Delay = 0.00>
ST_68 : Operation 240 [1/1] (1.73ns)   --->   "%sub_ln106 = sub i11 %zext_ln106_8, %zext_ln106_9" [main_5_slices.cpp:106]   --->   Operation 240 'sub' 'sub_ln106' <Predicate = (!icmp_ln103)> <Delay = 1.73> <Core = "AddSub">   --->   Core 14 'AddSub' <Latency = 0> <II = 1> <Delay = 1.67> <FuncUnit> <Opcode : 'add' 'sub'> <InPorts = 2> <OutPorts = 1>
ST_68 : Operation 241 [1/1] (0.00ns)   --->   "%shl_ln15 = call i13 @_ssdm_op_BitConcatenate.i13.i4.i9(i4 %u_0, i9 0)" [main_5_slices.cpp:107]   --->   Operation 241 'bitconcatenate' 'shl_ln15' <Predicate = (!icmp_ln103)> <Delay = 0.00>
ST_68 : Operation 242 [1/1] (1.76ns)   --->   "br label %.preheader4" [main_5_slices.cpp:104]   --->   Operation 242 'br' <Predicate = (!icmp_ln103)> <Delay = 1.76>
ST_68 : Operation 243 [1/1] (0.00ns)   --->   "ret void" [main_5_slices.cpp:110]   --->   Operation 243 'ret' <Predicate = (icmp_ln103)> <Delay = 0.00>

State 69 <SV = 4> <Delay = 1.77>
ST_69 : Operation 244 [1/1] (0.00ns)   --->   "%c_1 = phi i10 [ %c_10, %8 ], [ 0, %.preheader4.preheader ]"   --->   Operation 244 'phi' 'c_1' <Predicate = true> <Delay = 0.00>
ST_69 : Operation 245 [1/1] (0.00ns)   --->   "%c_1_cast4 = zext i10 %c_1 to i11" [main_5_slices.cpp:104]   --->   Operation 245 'zext' 'c_1_cast4' <Predicate = true> <Delay = 0.00>
ST_69 : Operation 246 [1/1] (0.00ns)   --->   "%c_1_cast = zext i10 %c_1 to i17" [main_5_slices.cpp:104]   --->   Operation 246 'zext' 'c_1_cast' <Predicate = true> <Delay = 0.00>
ST_69 : Operation 247 [1/1] (0.00ns)   --->   "%empty_96 = call i32 (...)* @_ssdm_op_SpecLoopTripCount(i64 576, i64 576, i64 576)"   --->   Operation 247 'speclooptripcount' 'empty_96' <Predicate = true> <Delay = 0.00>
ST_69 : Operation 248 [1/1] (1.77ns)   --->   "%icmp_ln104 = icmp eq i10 %c_1, -448" [main_5_slices.cpp:104]   --->   Operation 248 'icmp' 'icmp_ln104' <Predicate = true> <Delay = 1.77> <Core = "Cmp">   --->   Core 25 'Cmp' <Latency = 0> <II = 1> <Delay = 1.42> <FuncUnit> <Opcode : 'icmp'> <InPorts = 2> <OutPorts = 1>
ST_69 : Operation 249 [1/1] (1.73ns)   --->   "%c_10 = add i10 %c_1, 1" [main_5_slices.cpp:104]   --->   Operation 249 'add' 'c_10' <Predicate = true> <Delay = 1.73> <Core = "AddSub">   --->   Core 14 'AddSub' <Latency = 0> <II = 1> <Delay = 1.67> <FuncUnit> <Opcode : 'add' 'sub'> <InPorts = 2> <OutPorts = 1>
ST_69 : Operation 250 [1/1] (0.00ns)   --->   "br i1 %icmp_ln104, label %.preheader8.loopexit, label %.preheader.preheader" [main_5_slices.cpp:104]   --->   Operation 250 'br' <Predicate = true> <Delay = 0.00>
ST_69 : Operation 251 [1/1] (1.76ns)   --->   "br label %.preheader"   --->   Operation 251 'br' <Predicate = (!icmp_ln104)> <Delay = 1.76>
ST_69 : Operation 252 [1/1] (0.00ns)   --->   "br label %.preheader8"   --->   Operation 252 'br' <Predicate = (icmp_ln104)> <Delay = 0.00>

State 70 <SV = 5> <Delay = 7.97>
ST_70 : Operation 253 [1/1] (0.00ns)   --->   "%acc_2 = phi half [ %acc, %7 ], [ 0x0, %.preheader.preheader ]"   --->   Operation 253 'phi' 'acc_2' <Predicate = true> <Delay = 0.00>
ST_70 : Operation 254 [1/1] (0.00ns)   --->   "%p_0 = phi i6 [ %p, %7 ], [ 0, %.preheader.preheader ]"   --->   Operation 254 'phi' 'p_0' <Predicate = true> <Delay = 0.00>
ST_70 : Operation 255 [1/1] (0.00ns)   --->   "%p_0_cast = zext i6 %p_0 to i11" [main_5_slices.cpp:106]   --->   Operation 255 'zext' 'p_0_cast' <Predicate = true> <Delay = 0.00>
ST_70 : Operation 256 [1/1] (0.00ns)   --->   "%empty_97 = call i32 (...)* @_ssdm_op_SpecLoopTripCount(i64 48, i64 48, i64 48)"   --->   Operation 256 'speclooptripcount' 'empty_97' <Predicate = true> <Delay = 0.00>
ST_70 : Operation 257 [1/1] (1.42ns)   --->   "%icmp_ln106 = icmp eq i6 %p_0, -16" [main_5_slices.cpp:106]   --->   Operation 257 'icmp' 'icmp_ln106' <Predicate = true> <Delay = 1.42> <Core = "Cmp">   --->   Core 25 'Cmp' <Latency = 0> <II = 1> <Delay = 1.42> <FuncUnit> <Opcode : 'icmp'> <InPorts = 2> <OutPorts = 1>
ST_70 : Operation 258 [1/1] (1.82ns)   --->   "%p = add i6 %p_0, 1" [main_5_slices.cpp:106]   --->   Operation 258 'add' 'p' <Predicate = true> <Delay = 1.82> <Core = "AddSub">   --->   Core 14 'AddSub' <Latency = 0> <II = 1> <Delay = 1.67> <FuncUnit> <Opcode : 'add' 'sub'> <InPorts = 2> <OutPorts = 1>
ST_70 : Operation 259 [1/1] (0.00ns)   --->   "br i1 %icmp_ln106, label %8, label %7" [main_5_slices.cpp:106]   --->   Operation 259 'br' <Predicate = true> <Delay = 0.00>
ST_70 : Operation 260 [1/1] (1.63ns)   --->   "%add_ln106 = add i11 %p_0_cast, %sub_ln106" [main_5_slices.cpp:106]   --->   Operation 260 'add' 'add_ln106' <Predicate = (!icmp_ln106)> <Delay = 1.63> <Core = "AddSub">   --->   Core 14 'AddSub' <Latency = 0> <II = 1> <Delay = 1.67> <FuncUnit> <Opcode : 'add' 'sub'> <InPorts = 2> <OutPorts = 1>
ST_70 : Operation 261 [1/1] (0.00ns)   --->   "%shl_ln106_2 = call i20 @_ssdm_op_BitConcatenate.i20.i11.i9(i11 %add_ln106, i9 0)" [main_5_slices.cpp:106]   --->   Operation 261 'bitconcatenate' 'shl_ln106_2' <Predicate = (!icmp_ln106)> <Delay = 0.00>
ST_70 : Operation 262 [1/1] (0.00ns)   --->   "%shl_ln106_3 = call i17 @_ssdm_op_BitConcatenate.i17.i11.i6(i11 %add_ln106, i6 0)" [main_5_slices.cpp:106]   --->   Operation 262 'bitconcatenate' 'shl_ln106_3' <Predicate = (!icmp_ln106)> <Delay = 0.00>
ST_70 : Operation 263 [1/1] (2.10ns)   --->   "%add_ln106_10 = add i17 %c_1_cast, %shl_ln106_3" [main_5_slices.cpp:106]   --->   Operation 263 'add' 'add_ln106_10' <Predicate = (!icmp_ln106)> <Delay = 2.10> <Core = "AddSub">   --->   Core 14 'AddSub' <Latency = 0> <II = 1> <Delay = 1.67> <FuncUnit> <Opcode : 'add' 'sub'> <InPorts = 2> <OutPorts = 1>
ST_70 : Operation 264 [1/1] (0.00ns)   --->   "%sext_ln106 = sext i17 %add_ln106_10 to i20" [main_5_slices.cpp:106]   --->   Operation 264 'sext' 'sext_ln106' <Predicate = (!icmp_ln106)> <Delay = 0.00>
ST_70 : Operation 265 [1/1] (2.19ns)   --->   "%add_ln106_1 = add i20 %shl_ln106_2, %sext_ln106" [main_5_slices.cpp:106]   --->   Operation 265 'add' 'add_ln106_1' <Predicate = (!icmp_ln106)> <Delay = 2.19> <Core = "AddSub">   --->   Core 14 'AddSub' <Latency = 0> <II = 1> <Delay = 1.67> <FuncUnit> <Opcode : 'add' 'sub'> <InPorts = 2> <OutPorts = 1>
ST_70 : Operation 266 [7/7] (7.97ns)   --->   "%tmp_s = fdiv half %acc_2, 0x4048000000000000" [main_5_slices.cpp:107]   --->   Operation 266 'hdiv' 'tmp_s' <Predicate = (icmp_ln106)> <Delay = 7.97> <Core = "HDiv">   --->   Core 92 'HDiv' <Latency = 6> <II = 1> <Delay = 7.97> <FuncUnit> <Opcode : 'hdiv'> <InPorts = 2> <OutPorts = 1>
ST_70 : Operation 267 [1/1] (1.73ns)   --->   "%add_ln107_5 = add i11 %zext_ln106_8, %c_1_cast4" [main_5_slices.cpp:107]   --->   Operation 267 'add' 'add_ln107_5' <Predicate = (icmp_ln106)> <Delay = 1.73> <Core = "AddSub">   --->   Core 14 'AddSub' <Latency = 0> <II = 1> <Delay = 1.67> <FuncUnit> <Opcode : 'add' 'sub'> <InPorts = 2> <OutPorts = 1>
ST_70 : Operation 268 [1/1] (0.00ns)   --->   "%zext_ln107_5 = zext i11 %add_ln107_5 to i13" [main_5_slices.cpp:107]   --->   Operation 268 'zext' 'zext_ln107_5' <Predicate = (icmp_ln106)> <Delay = 0.00>
ST_70 : Operation 269 [1/1] (1.67ns)   --->   "%add_ln107 = add i13 %zext_ln107_5, %shl_ln15" [main_5_slices.cpp:107]   --->   Operation 269 'add' 'add_ln107' <Predicate = (icmp_ln106)> <Delay = 1.67> <Core = "AddSub">   --->   Core 14 'AddSub' <Latency = 0> <II = 1> <Delay = 1.67> <FuncUnit> <Opcode : 'add' 'sub'> <InPorts = 2> <OutPorts = 1>

State 71 <SV = 6> <Delay = 3.25>
ST_71 : Operation 270 [1/1] (0.00ns)   --->   "%sext_ln106_5 = sext i20 %add_ln106_1 to i32" [main_5_slices.cpp:106]   --->   Operation 270 'sext' 'sext_ln106_5' <Predicate = true> <Delay = 0.00>
ST_71 : Operation 271 [1/1] (0.00ns)   --->   "%zext_ln106 = zext i32 %sext_ln106_5 to i64" [main_5_slices.cpp:106]   --->   Operation 271 'zext' 'zext_ln106' <Predicate = true> <Delay = 0.00>
ST_71 : Operation 272 [1/1] (0.00ns)   --->   "%Y_addr_6 = getelementptr [18432 x half]* @Y, i64 0, i64 %zext_ln106" [main_5_slices.cpp:106]   --->   Operation 272 'getelementptr' 'Y_addr_6' <Predicate = true> <Delay = 0.00>
ST_71 : Operation 273 [2/2] (3.25ns)   --->   "%Y_load_1 = load half* %Y_addr_6, align 2" [main_5_slices.cpp:106]   --->   Operation 273 'load' 'Y_load_1' <Predicate = true> <Delay = 3.25> <Core = "RAM">   --->   Core 37 'RAM' <Latency = 1> <II = 1> <Delay = 3.25> <Storage> <Opcode : 'load' 'store'> <Ports = 2> <Width = 16> <Depth = 384> <RAM>

State 72 <SV = 7> <Delay = 3.25>
ST_72 : Operation 274 [1/2] (3.25ns)   --->   "%Y_load_1 = load half* %Y_addr_6, align 2" [main_5_slices.cpp:106]   --->   Operation 274 'load' 'Y_load_1' <Predicate = true> <Delay = 3.25> <Core = "RAM">   --->   Core 37 'RAM' <Latency = 1> <II = 1> <Delay = 3.25> <Storage> <Opcode : 'load' 'store'> <Ports = 2> <Width = 16> <Depth = 384> <RAM>

State 73 <SV = 8> <Delay = 7.61>
ST_73 : Operation 275 [5/5] (7.61ns)   --->   "%acc = fadd half %acc_2, %Y_load_1" [main_5_slices.cpp:106]   --->   Operation 275 'hadd' 'acc' <Predicate = true> <Delay = 7.61> <Core = "HAddSub">   --->   Core 90 'HAddSub' <Latency = 4> <II = 1> <Delay = 7.61> <FuncUnit> <Opcode : 'hadd' 'hsub'> <InPorts = 2> <OutPorts = 1>

State 74 <SV = 9> <Delay = 7.61>
ST_74 : Operation 276 [4/5] (7.61ns)   --->   "%acc = fadd half %acc_2, %Y_load_1" [main_5_slices.cpp:106]   --->   Operation 276 'hadd' 'acc' <Predicate = true> <Delay = 7.61> <Core = "HAddSub">   --->   Core 90 'HAddSub' <Latency = 4> <II = 1> <Delay = 7.61> <FuncUnit> <Opcode : 'hadd' 'hsub'> <InPorts = 2> <OutPorts = 1>

State 75 <SV = 10> <Delay = 7.61>
ST_75 : Operation 277 [3/5] (7.61ns)   --->   "%acc = fadd half %acc_2, %Y_load_1" [main_5_slices.cpp:106]   --->   Operation 277 'hadd' 'acc' <Predicate = true> <Delay = 7.61> <Core = "HAddSub">   --->   Core 90 'HAddSub' <Latency = 4> <II = 1> <Delay = 7.61> <FuncUnit> <Opcode : 'hadd' 'hsub'> <InPorts = 2> <OutPorts = 1>

State 76 <SV = 11> <Delay = 7.61>
ST_76 : Operation 278 [2/5] (7.61ns)   --->   "%acc = fadd half %acc_2, %Y_load_1" [main_5_slices.cpp:106]   --->   Operation 278 'hadd' 'acc' <Predicate = true> <Delay = 7.61> <Core = "HAddSub">   --->   Core 90 'HAddSub' <Latency = 4> <II = 1> <Delay = 7.61> <FuncUnit> <Opcode : 'hadd' 'hsub'> <InPorts = 2> <OutPorts = 1>

State 77 <SV = 12> <Delay = 7.61>
ST_77 : Operation 279 [1/5] (7.61ns)   --->   "%acc = fadd half %acc_2, %Y_load_1" [main_5_slices.cpp:106]   --->   Operation 279 'hadd' 'acc' <Predicate = true> <Delay = 7.61> <Core = "HAddSub">   --->   Core 90 'HAddSub' <Latency = 4> <II = 1> <Delay = 7.61> <FuncUnit> <Opcode : 'hadd' 'hsub'> <InPorts = 2> <OutPorts = 1>
ST_77 : Operation 280 [1/1] (0.00ns)   --->   "br label %.preheader" [main_5_slices.cpp:106]   --->   Operation 280 'br' <Predicate = true> <Delay = 0.00>

State 78 <SV = 6> <Delay = 7.97>
ST_78 : Operation 281 [6/7] (7.97ns)   --->   "%tmp_s = fdiv half %acc_2, 0x4048000000000000" [main_5_slices.cpp:107]   --->   Operation 281 'hdiv' 'tmp_s' <Predicate = true> <Delay = 7.97> <Core = "HDiv">   --->   Core 92 'HDiv' <Latency = 6> <II = 1> <Delay = 7.97> <FuncUnit> <Opcode : 'hdiv'> <InPorts = 2> <OutPorts = 1>

State 79 <SV = 7> <Delay = 7.97>
ST_79 : Operation 282 [5/7] (7.97ns)   --->   "%tmp_s = fdiv half %acc_2, 0x4048000000000000" [main_5_slices.cpp:107]   --->   Operation 282 'hdiv' 'tmp_s' <Predicate = true> <Delay = 7.97> <Core = "HDiv">   --->   Core 92 'HDiv' <Latency = 6> <II = 1> <Delay = 7.97> <FuncUnit> <Opcode : 'hdiv'> <InPorts = 2> <OutPorts = 1>

State 80 <SV = 8> <Delay = 7.97>
ST_80 : Operation 283 [4/7] (7.97ns)   --->   "%tmp_s = fdiv half %acc_2, 0x4048000000000000" [main_5_slices.cpp:107]   --->   Operation 283 'hdiv' 'tmp_s' <Predicate = true> <Delay = 7.97> <Core = "HDiv">   --->   Core 92 'HDiv' <Latency = 6> <II = 1> <Delay = 7.97> <FuncUnit> <Opcode : 'hdiv'> <InPorts = 2> <OutPorts = 1>

State 81 <SV = 9> <Delay = 7.97>
ST_81 : Operation 284 [3/7] (7.97ns)   --->   "%tmp_s = fdiv half %acc_2, 0x4048000000000000" [main_5_slices.cpp:107]   --->   Operation 284 'hdiv' 'tmp_s' <Predicate = true> <Delay = 7.97> <Core = "HDiv">   --->   Core 92 'HDiv' <Latency = 6> <II = 1> <Delay = 7.97> <FuncUnit> <Opcode : 'hdiv'> <InPorts = 2> <OutPorts = 1>

State 82 <SV = 10> <Delay = 7.97>
ST_82 : Operation 285 [2/7] (7.97ns)   --->   "%tmp_s = fdiv half %acc_2, 0x4048000000000000" [main_5_slices.cpp:107]   --->   Operation 285 'hdiv' 'tmp_s' <Predicate = true> <Delay = 7.97> <Core = "HDiv">   --->   Core 92 'HDiv' <Latency = 6> <II = 1> <Delay = 7.97> <FuncUnit> <Opcode : 'hdiv'> <InPorts = 2> <OutPorts = 1>

State 83 <SV = 11> <Delay = 7.97>
ST_83 : Operation 286 [1/7] (7.97ns)   --->   "%tmp_s = fdiv half %acc_2, 0x4048000000000000" [main_5_slices.cpp:107]   --->   Operation 286 'hdiv' 'tmp_s' <Predicate = true> <Delay = 7.97> <Core = "HDiv">   --->   Core 92 'HDiv' <Latency = 6> <II = 1> <Delay = 7.97> <FuncUnit> <Opcode : 'hdiv'> <InPorts = 2> <OutPorts = 1>

State 84 <SV = 12> <Delay = 3.25>
ST_84 : Operation 287 [1/1] (0.00ns)   --->   "%zext_ln107 = zext i13 %add_ln107 to i64" [main_5_slices.cpp:107]   --->   Operation 287 'zext' 'zext_ln107' <Predicate = true> <Delay = 0.00>
ST_84 : Operation 288 [1/1] (0.00ns)   --->   "%U_addr = getelementptr [384 x half]* %U, i64 0, i64 %zext_ln107" [main_5_slices.cpp:107]   --->   Operation 288 'getelementptr' 'U_addr' <Predicate = true> <Delay = 0.00>
ST_84 : Operation 289 [1/1] (3.25ns)   --->   "store half %tmp_s, half* %U_addr, align 2" [main_5_slices.cpp:107]   --->   Operation 289 'store' <Predicate = true> <Delay = 3.25> <Core = "RAM">   --->   Core 37 'RAM' <Latency = 1> <II = 1> <Delay = 3.25> <Storage> <Opcode : 'load' 'store'> <Ports = 2> <Width = 16> <Depth = 384> <RAM>
ST_84 : Operation 290 [1/1] (0.00ns)   --->   "br label %.preheader4" [main_5_slices.cpp:104]   --->   Operation 290 'br' <Predicate = true> <Delay = 0.00>


============================================================
+ Verbose Summary: Timing violations
============================================================
Target clock period: 10ns, clock uncertainty: 1.25ns.

 <State 1>: 1.77ns
The critical path consists of the following:
	multiplexor before 'phi' operation ('t') with incoming values : ('t', main_5_slices.cpp:77) [9]  (1.77 ns)

 <State 2>: 1.77ns
The critical path consists of the following:
	'phi' operation ('t') with incoming values : ('t', main_5_slices.cpp:77) [9]  (0 ns)
	'icmp' operation ('icmp_ln77', main_5_slices.cpp:77) [11]  (1.77 ns)

 <State 3>: 1.83ns
The critical path consists of the following:
	'phi' operation ('f') with incoming values : ('f', main_5_slices.cpp:78) [18]  (0 ns)
	'add' operation ('f', main_5_slices.cpp:78) [22]  (1.83 ns)

 <State 4>: 5.2ns
The critical path consists of the following:
	'add' operation ('add_ln88', main_5_slices.cpp:88) [64]  (1.94 ns)
	'getelementptr' operation ('Y_addr', main_5_slices.cpp:88) [66]  (0 ns)
	'store' operation ('store_ln88', main_5_slices.cpp:88) of variable 'acc_0', main_5_slices.cpp:85 on array 'Y' [67]  (3.25 ns)

 <State 5>: 5.2ns
The critical path consists of the following:
	'phi' operation ('e') with incoming values : ('e', main_5_slices.cpp:84) [41]  (0 ns)
	'add' operation ('add_ln85', main_5_slices.cpp:85) [48]  (1.94 ns)
	'getelementptr' operation ('X_addr', main_5_slices.cpp:85) [50]  (0 ns)
	'load' operation ('X_load', main_5_slices.cpp:85) on array 'X' [51]  (3.25 ns)

 <State 6>: 3.25ns
The critical path consists of the following:
	'load' operation ('X_load', main_5_slices.cpp:85) on array 'X' [51]  (3.25 ns)

 <State 7>: 6.87ns
The critical path consists of the following:
	'hmul' operation ('tmp_118', main_5_slices.cpp:85) [58]  (6.87 ns)

 <State 8>: 6.87ns
The critical path consists of the following:
	'hmul' operation ('tmp_118', main_5_slices.cpp:85) [58]  (6.87 ns)

 <State 9>: 6.87ns
The critical path consists of the following:
	'hmul' operation ('tmp_118', main_5_slices.cpp:85) [58]  (6.87 ns)

 <State 10>: 6.87ns
The critical path consists of the following:
	'hmul' operation ('tmp_118', main_5_slices.cpp:85) [58]  (6.87 ns)

 <State 11>: 7.61ns
The critical path consists of the following:
	'hadd' operation ('acc', main_5_slices.cpp:85) [59]  (7.61 ns)

 <State 12>: 7.61ns
The critical path consists of the following:
	'hadd' operation ('acc', main_5_slices.cpp:85) [59]  (7.61 ns)

 <State 13>: 7.61ns
The critical path consists of the following:
	'hadd' operation ('acc', main_5_slices.cpp:85) [59]  (7.61 ns)

 <State 14>: 7.61ns
The critical path consists of the following:
	'hadd' operation ('acc', main_5_slices.cpp:85) [59]  (7.61 ns)

 <State 15>: 7.61ns
The critical path consists of the following:
	'hadd' operation ('acc', main_5_slices.cpp:85) [59]  (7.61 ns)

 <State 16>: 2.08ns
The critical path consists of the following:
	'phi' operation ('t') with incoming values : ('t', main_5_slices.cpp:92) [74]  (0 ns)
	'add' operation ('add_ln94', main_5_slices.cpp:94) [83]  (2.08 ns)

 <State 17>: 3.25ns
The critical path consists of the following:
	'phi' operation ('c') with incoming values : ('c', main_5_slices.cpp:94) [86]  (0 ns)
	'getelementptr' operation ('BN1_var4_addr', main_5_slices.cpp:95) [99]  (0 ns)
	'load' operation ('BN1_var4_load', main_5_slices.cpp:95) on array 'BN1_var4' [100]  (3.25 ns)

 <State 18>: 3.25ns
The critical path consists of the following:
	'load' operation ('BN1_var4_load', main_5_slices.cpp:95) on array 'BN1_var4' [100]  (3.25 ns)

 <State 19>: 7.61ns
The critical path consists of the following:
	'hadd' operation ('tmp_112', main_5_slices.cpp:95) [101]  (7.61 ns)

 <State 20>: 7.61ns
The critical path consists of the following:
	'hadd' operation ('tmp_112', main_5_slices.cpp:95) [101]  (7.61 ns)

 <State 21>: 7.61ns
The critical path consists of the following:
	'hadd' operation ('tmp_112', main_5_slices.cpp:95) [101]  (7.61 ns)

 <State 22>: 7.61ns
The critical path consists of the following:
	'hadd' operation ('tmp_112', main_5_slices.cpp:95) [101]  (7.61 ns)

 <State 23>: 7.61ns
The critical path consists of the following:
	'hadd' operation ('tmp_112', main_5_slices.cpp:95) [101]  (7.61 ns)

 <State 24>: 3.52ns
The critical path consists of the following:
	'hptosp' operation ('tmp_113', main_5_slices.cpp:95) [102]  (3.52 ns)

 <State 25>: 3.52ns
The critical path consists of the following:
	'hptosp' operation ('tmp_113', main_5_slices.cpp:95) [102]  (3.52 ns)

 <State 26>: 8.13ns
The critical path consists of the following:
	'fsqrt' operation ('tmp_114', main_5_slices.cpp:95) [103]  (8.13 ns)

 <State 27>: 8.13ns
The critical path consists of the following:
	'fsqrt' operation ('tmp_114', main_5_slices.cpp:95) [103]  (8.13 ns)

 <State 28>: 8.13ns
The critical path consists of the following:
	'fsqrt' operation ('tmp_114', main_5_slices.cpp:95) [103]  (8.13 ns)

 <State 29>: 8.13ns
The critical path consists of the following:
	'fsqrt' operation ('tmp_114', main_5_slices.cpp:95) [103]  (8.13 ns)

 <State 30>: 8.13ns
The critical path consists of the following:
	'fsqrt' operation ('tmp_114', main_5_slices.cpp:95) [103]  (8.13 ns)

 <State 31>: 8.13ns
The critical path consists of the following:
	'fsqrt' operation ('tmp_114', main_5_slices.cpp:95) [103]  (8.13 ns)

 <State 32>: 8.13ns
The critical path consists of the following:
	'fsqrt' operation ('tmp_114', main_5_slices.cpp:95) [103]  (8.13 ns)

 <State 33>: 8.13ns
The critical path consists of the following:
	'fsqrt' operation ('tmp_114', main_5_slices.cpp:95) [103]  (8.13 ns)

 <State 34>: 8.13ns
The critical path consists of the following:
	'fsqrt' operation ('tmp_114', main_5_slices.cpp:95) [103]  (8.13 ns)

 <State 35>: 8.13ns
The critical path consists of the following:
	'fsqrt' operation ('tmp_114', main_5_slices.cpp:95) [103]  (8.13 ns)

 <State 36>: 8.13ns
The critical path consists of the following:
	'fsqrt' operation ('tmp_114', main_5_slices.cpp:95) [103]  (8.13 ns)

 <State 37>: 8.13ns
The critical path consists of the following:
	'fsqrt' operation ('tmp_114', main_5_slices.cpp:95) [103]  (8.13 ns)

 <State 38>: 6.08ns
The critical path consists of the following:
	'fdiv' operation ('tmp_115', main_5_slices.cpp:95) [104]  (6.08 ns)

 <State 39>: 6.08ns
The critical path consists of the following:
	'fdiv' operation ('tmp_115', main_5_slices.cpp:95) [104]  (6.08 ns)

 <State 40>: 6.08ns
The critical path consists of the following:
	'fdiv' operation ('tmp_115', main_5_slices.cpp:95) [104]  (6.08 ns)

 <State 41>: 6.08ns
The critical path consists of the following:
	'fdiv' operation ('tmp_115', main_5_slices.cpp:95) [104]  (6.08 ns)

 <State 42>: 6.08ns
The critical path consists of the following:
	'fdiv' operation ('tmp_115', main_5_slices.cpp:95) [104]  (6.08 ns)

 <State 43>: 6.08ns
The critical path consists of the following:
	'fdiv' operation ('tmp_115', main_5_slices.cpp:95) [104]  (6.08 ns)

 <State 44>: 6.08ns
The critical path consists of the following:
	'fdiv' operation ('tmp_115', main_5_slices.cpp:95) [104]  (6.08 ns)

 <State 45>: 6.08ns
The critical path consists of the following:
	'fdiv' operation ('tmp_115', main_5_slices.cpp:95) [104]  (6.08 ns)

 <State 46>: 6.08ns
The critical path consists of the following:
	'fdiv' operation ('tmp_115', main_5_slices.cpp:95) [104]  (6.08 ns)

 <State 47>: 6.08ns
The critical path consists of the following:
	'fdiv' operation ('tmp_115', main_5_slices.cpp:95) [104]  (6.08 ns)

 <State 48>: 6.08ns
The critical path consists of the following:
	'fdiv' operation ('tmp_115', main_5_slices.cpp:95) [104]  (6.08 ns)

 <State 49>: 6.08ns
The critical path consists of the following:
	'fdiv' operation ('tmp_115', main_5_slices.cpp:95) [104]  (6.08 ns)

 <State 50>: 6.08ns
The critical path consists of the following:
	'fdiv' operation ('tmp_115', main_5_slices.cpp:95) [104]  (6.08 ns)

 <State 51>: 6.08ns
The critical path consists of the following:
	'fdiv' operation ('tmp_115', main_5_slices.cpp:95) [104]  (6.08 ns)

 <State 52>: 6.08ns
The critical path consists of the following:
	'fdiv' operation ('tmp_115', main_5_slices.cpp:95) [104]  (6.08 ns)

 <State 53>: 6.08ns
The critical path consists of the following:
	'fdiv' operation ('tmp_115', main_5_slices.cpp:95) [104]  (6.08 ns)

 <State 54>: 5.23ns
The critical path consists of the following:
	'sptohp' operation ('nrm', main_5_slices.cpp:95) [105]  (5.23 ns)

 <State 55>: 5.23ns
The critical path consists of the following:
	'sptohp' operation ('nrm', main_5_slices.cpp:95) [105]  (5.23 ns)

 <State 56>: 6.87ns
The critical path consists of the following:
	'hmul' operation ('tmp_116', main_5_slices.cpp:96) [108]  (6.87 ns)

 <State 57>: 6.87ns
The critical path consists of the following:
	'hmul' operation ('tmp_116', main_5_slices.cpp:96) [108]  (6.87 ns)

 <State 58>: 6.87ns
The critical path consists of the following:
	'hmul' operation ('tmp_116', main_5_slices.cpp:96) [108]  (6.87 ns)

 <State 59>: 6.87ns
The critical path consists of the following:
	'hmul' operation ('tmp_116', main_5_slices.cpp:96) [108]  (6.87 ns)

 <State 60>: 7.61ns
The critical path consists of the following:
	'hadd' operation ('x', main_5_slices.cpp:96) [109]  (7.61 ns)

 <State 61>: 7.61ns
The critical path consists of the following:
	'hadd' operation ('x', main_5_slices.cpp:96) [109]  (7.61 ns)

 <State 62>: 7.61ns
The critical path consists of the following:
	'hadd' operation ('x', main_5_slices.cpp:96) [109]  (7.61 ns)

 <State 63>: 7.61ns
The critical path consists of the following:
	'hadd' operation ('x', main_5_slices.cpp:96) [109]  (7.61 ns)

 <State 64>: 7.61ns
The critical path consists of the following:
	'hadd' operation ('x', main_5_slices.cpp:96) [109]  (7.61 ns)

 <State 65>: 5.19ns
The critical path consists of the following:
	'hcmp' operation ('tmp_117', main_5_slices.cpp:46->main_5_slices.cpp:98) [110]  (5.19 ns)

 <State 66>: 5.99ns
The critical path consists of the following:
	'hcmp' operation ('tmp_117', main_5_slices.cpp:46->main_5_slices.cpp:98) [110]  (5.19 ns)
	'select' operation ('select_ln46', main_5_slices.cpp:46->main_5_slices.cpp:98) [111]  (0.805 ns)

 <State 67>: 3.25ns
The critical path consists of the following:
	'store' operation ('store_ln98', main_5_slices.cpp:98) of variable 'select_ln46', main_5_slices.cpp:46->main_5_slices.cpp:98 on array 'Y' [112]  (3.25 ns)

 <State 68>: 1.77ns
The critical path consists of the following:
	multiplexor before 'phi' operation ('c') with incoming values : ('c', main_5_slices.cpp:104) [133]  (1.77 ns)

 <State 69>: 1.77ns
The critical path consists of the following:
	'phi' operation ('c') with incoming values : ('c', main_5_slices.cpp:104) [133]  (0 ns)
	'icmp' operation ('icmp_ln104', main_5_slices.cpp:104) [137]  (1.77 ns)

 <State 70>: 7.98ns
The critical path consists of the following:
	'phi' operation ('acc') with incoming values : ('acc', main_5_slices.cpp:106) [143]  (0 ns)
	'hdiv' operation ('tmp_s', main_5_slices.cpp:107) [164]  (7.98 ns)

 <State 71>: 3.25ns
The critical path consists of the following:
	'getelementptr' operation ('Y_addr_6', main_5_slices.cpp:106) [159]  (0 ns)
	'load' operation ('Y_load_1', main_5_slices.cpp:106) on array 'Y' [160]  (3.25 ns)

 <State 72>: 3.25ns
The critical path consists of the following:
	'load' operation ('Y_load_1', main_5_slices.cpp:106) on array 'Y' [160]  (3.25 ns)

 <State 73>: 7.61ns
The critical path consists of the following:
	'hadd' operation ('acc', main_5_slices.cpp:106) [161]  (7.61 ns)

 <State 74>: 7.61ns
The critical path consists of the following:
	'hadd' operation ('acc', main_5_slices.cpp:106) [161]  (7.61 ns)

 <State 75>: 7.61ns
The critical path consists of the following:
	'hadd' operation ('acc', main_5_slices.cpp:106) [161]  (7.61 ns)

 <State 76>: 7.61ns
The critical path consists of the following:
	'hadd' operation ('acc', main_5_slices.cpp:106) [161]  (7.61 ns)

 <State 77>: 7.61ns
The critical path consists of the following:
	'hadd' operation ('acc', main_5_slices.cpp:106) [161]  (7.61 ns)

 <State 78>: 7.98ns
The critical path consists of the following:
	'hdiv' operation ('tmp_s', main_5_slices.cpp:107) [164]  (7.98 ns)

 <State 79>: 7.98ns
The critical path consists of the following:
	'hdiv' operation ('tmp_s', main_5_slices.cpp:107) [164]  (7.98 ns)

 <State 80>: 7.98ns
The critical path consists of the following:
	'hdiv' operation ('tmp_s', main_5_slices.cpp:107) [164]  (7.98 ns)

 <State 81>: 7.98ns
The critical path consists of the following:
	'hdiv' operation ('tmp_s', main_5_slices.cpp:107) [164]  (7.98 ns)

 <State 82>: 7.98ns
The critical path consists of the following:
	'hdiv' operation ('tmp_s', main_5_slices.cpp:107) [164]  (7.98 ns)

 <State 83>: 7.98ns
The critical path consists of the following:
	'hdiv' operation ('tmp_s', main_5_slices.cpp:107) [164]  (7.98 ns)

 <State 84>: 3.25ns
The critical path consists of the following:
	'getelementptr' operation ('U_addr', main_5_slices.cpp:107) [169]  (0 ns)
	'store' operation ('store_ln107', main_5_slices.cpp:107) of variable 'tmp_s', main_5_slices.cpp:107 on array 'U' [170]  (3.25 ns)


============================================================
+ Verbose Summary: Binding
============================================================
N/A
* FSMD analyzer results:
  - Output states:
 - Input state : 
  - Chain level:
	State 1
	State 2
	State 3
	State 4
	State 5
	State 6
	State 7
	State 8
	State 9
	State 10
	State 11
	State 12
	State 13
	State 14
	State 15
	State 16
	State 17
	State 18
	State 19
	State 20
	State 21
	State 22
	State 23
	State 24
	State 25
	State 26
	State 27
	State 28
	State 29
	State 30
	State 31
	State 32
	State 33
	State 34
	State 35
	State 36
	State 37
	State 38
	State 39
	State 40
	State 41
	State 42
	State 43
	State 44
	State 45
	State 46
	State 47
	State 48
	State 49
	State 50
	State 51
	State 52
	State 53
	State 54
	State 55
	State 56
	State 57
	State 58
	State 59
	State 60
	State 61
	State 62
	State 63
	State 64
	State 65
	State 66
	State 67
	State 68
	State 69
	State 70
	State 71
	State 72
	State 73
	State 74
	State 75
	State 76
	State 77
	State 78
	State 79
	State 80
	State 81
	State 82
	State 83
	State 84


============================================================
+ Verbose Summary: Datapath Resource usage 
============================================================
N/A
