

================================================================
== Vivado HLS Report for 'embedding_forward_dy'
================================================================
* Date:           Fri Sep  5 12:53:36 2025

* Version:        2019.1 (Build 2552052 on Fri May 24 15:28:33 MDT 2019)
* Project:        BranchPredictionAI
* Solution:       solution1
* Product family: zynq
* Target device:  xc7z020-clg484-1


================================================================
== Performance Estimates
================================================================
+ Timing (ns): 
    * Summary: 
    +--------+-------+----------+------------+
    |  Clock | Target| Estimated| Uncertainty|
    +--------+-------+----------+------------+
    |ap_clk  |  10.00|     5.199|        1.25|
    +--------+-------+----------+------------+

+ Latency (clock cycles): 
    * Summary: 
    +-------+-------+-------+-------+---------+
    |    Latency    |    Interval   | Pipeline|
    |  min  |  max  |  min  |  max  |   Type  |
    +-------+-------+-------+-------+---------+
    |  57619|  57619|  57619|  57619|   none  |
    +-------+-------+-------+-------+---------+

    + Detail: 
        * Instance: 
        N/A

        * Loop: 
        +-------------+-------+-------+----------+-----------+-----------+------+----------+
        |             |    Latency    | Iteration|  Initiation Interval  | Trip |          |
        |  Loop Name  |  min  |  max  |  Latency |  achieved |   target  | Count| Pipelined|
        +-------------+-------+-------+----------+-----------+-----------+------+----------+
        |- Loop 1     |  57618|  57618|        99|          -|          -|   582|    no    |
        | + Loop 1.1  |     96|     96|         3|          -|          -|    32|    no    |
        +-------------+-------+-------+----------+-----------+-----------+------+----------+

============================================================
+ Verbose Summary: Synthesis Manager
============================================================
InlineROM: 1
ExposeGlobal: 0
============================================================
+ Verbose Summary: CDFG Model
============================================================
IsTopModel: 0
ResetActiveHigh: 1
IsCombinational: 0
IsDatapathOnly: 0
HasWiredReturn: 1
HasMFsm: 0
HasVarLatency: 1
IsPipeline: 0
IsRtlPipelined: 0
IsInstanceOverlapped: 0
IsDontTouch: 0
HasImplIP: 0
IsGatedGlobalClock: 0


============================================================
+ Verbose Summary: Schedule
============================================================
* Number of FSM states : 6
* Pipeline : 0
* Dataflow Pipeline: 0

* FSM state transitions: 
1 --> 2 
2 --> 3 
3 --> 4 
4 --> 5 2 
5 --> 6 
6 --> 4 

* FSM state operations: 

State 1 <SV = 0> <Delay = 1.76>
ST_1 : Operation 7 [1/1] (1.76ns)   --->   "br label %.loopexit" [main_5_slices.cpp:61]   --->   Operation 7 'br' <Predicate = true> <Delay = 1.76>

State 2 <SV = 1> <Delay = 3.25>
ST_2 : Operation 8 [1/1] (0.00ns)   --->   "%t_0 = phi i10 [ 0, %0 ], [ %t, %.loopexit.loopexit ]"   --->   Operation 8 'phi' 't_0' <Predicate = true> <Delay = 0.00>
ST_2 : Operation 9 [1/1] (1.77ns)   --->   "%icmp_ln61 = icmp eq i10 %t_0, -442" [main_5_slices.cpp:61]   --->   Operation 9 'icmp' 'icmp_ln61' <Predicate = true> <Delay = 1.77> <Core = "Cmp">   --->   Core 25 'Cmp' <Latency = 0> <II = 1> <Delay = 1.42> <FuncUnit> <Opcode : 'icmp'> <InPorts = 2> <OutPorts = 1>
ST_2 : Operation 10 [1/1] (0.00ns)   --->   "%empty = call i32 (...)* @_ssdm_op_SpecLoopTripCount(i64 582, i64 582, i64 582)"   --->   Operation 10 'speclooptripcount' 'empty' <Predicate = true> <Delay = 0.00>
ST_2 : Operation 11 [1/1] (1.73ns)   --->   "%t = add i10 %t_0, 1" [main_5_slices.cpp:61]   --->   Operation 11 'add' 't' <Predicate = true> <Delay = 1.73> <Core = "AddSub">   --->   Core 14 'AddSub' <Latency = 0> <II = 1> <Delay = 1.94> <FuncUnit> <Opcode : 'add' 'sub'> <InPorts = 2> <OutPorts = 1>
ST_2 : Operation 12 [1/1] (0.00ns)   --->   "br i1 %icmp_ln61, label %5, label %1" [main_5_slices.cpp:61]   --->   Operation 12 'br' <Predicate = true> <Delay = 0.00>
ST_2 : Operation 13 [1/1] (0.00ns)   --->   "%zext_ln63 = zext i10 %t_0 to i64" [main_5_slices.cpp:63]   --->   Operation 13 'zext' 'zext_ln63' <Predicate = (!icmp_ln61)> <Delay = 0.00>
ST_2 : Operation 14 [1/1] (0.00ns)   --->   "%tokens4_addr = getelementptr [582 x i10]* @tokens4, i64 0, i64 %zext_ln63" [main_5_slices.cpp:62]   --->   Operation 14 'getelementptr' 'tokens4_addr' <Predicate = (!icmp_ln61)> <Delay = 0.00>
ST_2 : Operation 15 [2/2] (3.25ns)   --->   "%tokens4_load = load i10* %tokens4_addr, align 2" [main_5_slices.cpp:62]   --->   Operation 15 'load' 'tokens4_load' <Predicate = (!icmp_ln61)> <Delay = 3.25> <Core = "ROM_nP">   --->   Core 52 'ROM_nP' <Latency = 1> <II = 1> <Delay = 3.25> <Storage> <Opcode : 'load'> <Ports = 0> <Width = 16> <Depth = 1024> <ROM>
ST_2 : Operation 16 [1/1] (0.00ns)   --->   "ret void" [main_5_slices.cpp:71]   --->   Operation 16 'ret' <Predicate = (icmp_ln61)> <Delay = 0.00>

State 3 <SV = 2> <Delay = 3.25>
ST_3 : Operation 17 [1/2] (3.25ns)   --->   "%tokens4_load = load i10* %tokens4_addr, align 2" [main_5_slices.cpp:62]   --->   Operation 17 'load' 'tokens4_load' <Predicate = true> <Delay = 3.25> <Core = "ROM_nP">   --->   Core 52 'ROM_nP' <Latency = 1> <II = 1> <Delay = 3.25> <Storage> <Opcode : 'load'> <Ports = 0> <Width = 16> <Depth = 1024> <ROM>
ST_3 : Operation 18 [1/1] (0.00ns)   --->   "%shl_ln = call i15 @_ssdm_op_BitConcatenate.i15.i10.i5(i10 %tokens4_load, i5 0)" [main_5_slices.cpp:65]   --->   Operation 18 'bitconcatenate' 'shl_ln' <Predicate = true> <Delay = 0.00>
ST_3 : Operation 19 [1/1] (0.00ns)   --->   "%shl_ln3 = call i15 @_ssdm_op_BitConcatenate.i15.i10.i5(i10 %t_0, i5 0)" [main_5_slices.cpp:66]   --->   Operation 19 'bitconcatenate' 'shl_ln3' <Predicate = true> <Delay = 0.00>
ST_3 : Operation 20 [1/1] (0.00ns)   --->   "%shl_ln68 = shl i10 %tokens4_load, 5" [main_5_slices.cpp:68]   --->   Operation 20 'shl' 'shl_ln68' <Predicate = true> <Delay = 0.00>
ST_3 : Operation 21 [1/1] (1.76ns)   --->   "br label %2" [main_5_slices.cpp:67]   --->   Operation 21 'br' <Predicate = true> <Delay = 1.76>

State 4 <SV = 3> <Delay = 4.98>
ST_4 : Operation 22 [1/1] (0.00ns)   --->   "%e_0 = phi i6 [ 0, %1 ], [ %e, %4 ]"   --->   Operation 22 'phi' 'e_0' <Predicate = true> <Delay = 0.00>
ST_4 : Operation 23 [1/1] (1.42ns)   --->   "%icmp_ln67 = icmp eq i6 %e_0, -32" [main_5_slices.cpp:67]   --->   Operation 23 'icmp' 'icmp_ln67' <Predicate = true> <Delay = 1.42> <Core = "Cmp">   --->   Core 25 'Cmp' <Latency = 0> <II = 1> <Delay = 1.42> <FuncUnit> <Opcode : 'icmp'> <InPorts = 2> <OutPorts = 1>
ST_4 : Operation 24 [1/1] (0.00ns)   --->   "%empty_29 = call i32 (...)* @_ssdm_op_SpecLoopTripCount(i64 32, i64 32, i64 32)"   --->   Operation 24 'speclooptripcount' 'empty_29' <Predicate = true> <Delay = 0.00>
ST_4 : Operation 25 [1/1] (1.82ns)   --->   "%e = add i6 %e_0, 1" [main_5_slices.cpp:67]   --->   Operation 25 'add' 'e' <Predicate = true> <Delay = 1.82> <Core = "AddSub">   --->   Core 14 'AddSub' <Latency = 0> <II = 1> <Delay = 1.94> <FuncUnit> <Opcode : 'add' 'sub'> <InPorts = 2> <OutPorts = 1>
ST_4 : Operation 26 [1/1] (0.00ns)   --->   "br i1 %icmp_ln67, label %.loopexit.loopexit, label %3" [main_5_slices.cpp:67]   --->   Operation 26 'br' <Predicate = true> <Delay = 0.00>
ST_4 : Operation 27 [1/1] (0.00ns)   --->   "%zext_ln68 = zext i6 %e_0 to i15" [main_5_slices.cpp:68]   --->   Operation 27 'zext' 'zext_ln68' <Predicate = (!icmp_ln67)> <Delay = 0.00>
ST_4 : Operation 28 [1/1] (0.00ns)   --->   "%zext_ln68_2 = zext i6 %e_0 to i10" [main_5_slices.cpp:68]   --->   Operation 28 'zext' 'zext_ln68_2' <Predicate = (!icmp_ln67)> <Delay = 0.00>
ST_4 : Operation 29 [1/1] (1.94ns)   --->   "%add_ln68 = add i15 %zext_ln68, %shl_ln" [main_5_slices.cpp:68]   --->   Operation 29 'add' 'add_ln68' <Predicate = (!icmp_ln67)> <Delay = 1.94> <Core = "AddSub">   --->   Core 14 'AddSub' <Latency = 0> <II = 1> <Delay = 1.94> <FuncUnit> <Opcode : 'add' 'sub'> <InPorts = 2> <OutPorts = 1>
ST_4 : Operation 30 [1/1] (0.00ns)   --->   "%tmp_5 = call i5 @_ssdm_op_PartSelect.i5.i15.i32.i32(i15 %add_ln68, i32 10, i32 14)" [main_5_slices.cpp:68]   --->   Operation 30 'partselect' 'tmp_5' <Predicate = (!icmp_ln67)> <Delay = 0.00>
ST_4 : Operation 31 [1/1] (1.73ns)   --->   "%add_ln68_2 = add i10 %shl_ln68, %zext_ln68_2" [main_5_slices.cpp:68]   --->   Operation 31 'add' 'add_ln68_2' <Predicate = (!icmp_ln67)> <Delay = 1.73> <Core = "AddSub">   --->   Core 14 'AddSub' <Latency = 0> <II = 1> <Delay = 1.94> <FuncUnit> <Opcode : 'add' 'sub'> <InPorts = 2> <OutPorts = 1>
ST_4 : Operation 32 [1/1] (0.00ns)   --->   "%zext_ln68_1 = zext i10 %add_ln68_2 to i64" [main_5_slices.cpp:68]   --->   Operation 32 'zext' 'zext_ln68_1' <Predicate = (!icmp_ln67)> <Delay = 0.00>
ST_4 : Operation 33 [1/1] (0.00ns)   --->   "%Emb4_0_addr = getelementptr [1024 x half]* @Emb4_0, i64 0, i64 %zext_ln68_1" [main_5_slices.cpp:68]   --->   Operation 33 'getelementptr' 'Emb4_0_addr' <Predicate = (!icmp_ln67)> <Delay = 0.00>
ST_4 : Operation 34 [1/1] (0.00ns)   --->   "%Emb4_1_addr = getelementptr [1024 x half]* @Emb4_1, i64 0, i64 %zext_ln68_1" [main_5_slices.cpp:68]   --->   Operation 34 'getelementptr' 'Emb4_1_addr' <Predicate = (!icmp_ln67)> <Delay = 0.00>
ST_4 : Operation 35 [1/1] (0.00ns)   --->   "%Emb4_2_addr = getelementptr [1024 x half]* @Emb4_2, i64 0, i64 %zext_ln68_1" [main_5_slices.cpp:68]   --->   Operation 35 'getelementptr' 'Emb4_2_addr' <Predicate = (!icmp_ln67)> <Delay = 0.00>
ST_4 : Operation 36 [1/1] (0.00ns)   --->   "%Emb4_3_addr = getelementptr [1024 x half]* @Emb4_3, i64 0, i64 %zext_ln68_1" [main_5_slices.cpp:68]   --->   Operation 36 'getelementptr' 'Emb4_3_addr' <Predicate = (!icmp_ln67)> <Delay = 0.00>
ST_4 : Operation 37 [1/1] (0.00ns)   --->   "%Emb4_4_addr = getelementptr [1024 x half]* @Emb4_4, i64 0, i64 %zext_ln68_1" [main_5_slices.cpp:68]   --->   Operation 37 'getelementptr' 'Emb4_4_addr' <Predicate = (!icmp_ln67)> <Delay = 0.00>
ST_4 : Operation 38 [1/1] (0.00ns)   --->   "%Emb4_5_addr = getelementptr [1024 x half]* @Emb4_5, i64 0, i64 %zext_ln68_1" [main_5_slices.cpp:68]   --->   Operation 38 'getelementptr' 'Emb4_5_addr' <Predicate = (!icmp_ln67)> <Delay = 0.00>
ST_4 : Operation 39 [1/1] (0.00ns)   --->   "%Emb4_6_addr = getelementptr [1024 x half]* @Emb4_6, i64 0, i64 %zext_ln68_1" [main_5_slices.cpp:68]   --->   Operation 39 'getelementptr' 'Emb4_6_addr' <Predicate = (!icmp_ln67)> <Delay = 0.00>
ST_4 : Operation 40 [1/1] (0.00ns)   --->   "%Emb4_7_addr = getelementptr [1024 x half]* @Emb4_7, i64 0, i64 %zext_ln68_1" [main_5_slices.cpp:68]   --->   Operation 40 'getelementptr' 'Emb4_7_addr' <Predicate = (!icmp_ln67)> <Delay = 0.00>
ST_4 : Operation 41 [1/1] (0.00ns)   --->   "%Emb4_8_addr = getelementptr [1024 x half]* @Emb4_8, i64 0, i64 %zext_ln68_1" [main_5_slices.cpp:68]   --->   Operation 41 'getelementptr' 'Emb4_8_addr' <Predicate = (!icmp_ln67)> <Delay = 0.00>
ST_4 : Operation 42 [1/1] (0.00ns)   --->   "%Emb4_9_addr = getelementptr [1024 x half]* @Emb4_9, i64 0, i64 %zext_ln68_1" [main_5_slices.cpp:68]   --->   Operation 42 'getelementptr' 'Emb4_9_addr' <Predicate = (!icmp_ln67)> <Delay = 0.00>
ST_4 : Operation 43 [1/1] (0.00ns)   --->   "%Emb4_10_addr = getelementptr [1024 x half]* @Emb4_10, i64 0, i64 %zext_ln68_1" [main_5_slices.cpp:68]   --->   Operation 43 'getelementptr' 'Emb4_10_addr' <Predicate = (!icmp_ln67)> <Delay = 0.00>
ST_4 : Operation 44 [1/1] (0.00ns)   --->   "%Emb4_11_addr = getelementptr [1024 x half]* @Emb4_11, i64 0, i64 %zext_ln68_1" [main_5_slices.cpp:68]   --->   Operation 44 'getelementptr' 'Emb4_11_addr' <Predicate = (!icmp_ln67)> <Delay = 0.00>
ST_4 : Operation 45 [1/1] (0.00ns)   --->   "%Emb4_12_addr = getelementptr [1024 x half]* @Emb4_12, i64 0, i64 %zext_ln68_1" [main_5_slices.cpp:68]   --->   Operation 45 'getelementptr' 'Emb4_12_addr' <Predicate = (!icmp_ln67)> <Delay = 0.00>
ST_4 : Operation 46 [1/1] (0.00ns)   --->   "%Emb4_13_addr = getelementptr [1024 x half]* @Emb4_13, i64 0, i64 %zext_ln68_1" [main_5_slices.cpp:68]   --->   Operation 46 'getelementptr' 'Emb4_13_addr' <Predicate = (!icmp_ln67)> <Delay = 0.00>
ST_4 : Operation 47 [1/1] (0.00ns)   --->   "%Emb4_14_addr = getelementptr [1024 x half]* @Emb4_14, i64 0, i64 %zext_ln68_1" [main_5_slices.cpp:68]   --->   Operation 47 'getelementptr' 'Emb4_14_addr' <Predicate = (!icmp_ln67)> <Delay = 0.00>
ST_4 : Operation 48 [1/1] (0.00ns)   --->   "%Emb4_15_addr = getelementptr [1024 x half]* @Emb4_15, i64 0, i64 %zext_ln68_1" [main_5_slices.cpp:68]   --->   Operation 48 'getelementptr' 'Emb4_15_addr' <Predicate = (!icmp_ln67)> <Delay = 0.00>
ST_4 : Operation 49 [1/1] (0.00ns)   --->   "%Emb4_16_addr = getelementptr [1024 x half]* @Emb4_16, i64 0, i64 %zext_ln68_1" [main_5_slices.cpp:68]   --->   Operation 49 'getelementptr' 'Emb4_16_addr' <Predicate = (!icmp_ln67)> <Delay = 0.00>
ST_4 : Operation 50 [1/1] (0.00ns)   --->   "%Emb4_17_addr = getelementptr [1024 x half]* @Emb4_17, i64 0, i64 %zext_ln68_1" [main_5_slices.cpp:68]   --->   Operation 50 'getelementptr' 'Emb4_17_addr' <Predicate = (!icmp_ln67)> <Delay = 0.00>
ST_4 : Operation 51 [1/1] (0.00ns)   --->   "%Emb4_18_addr = getelementptr [1024 x half]* @Emb4_18, i64 0, i64 %zext_ln68_1" [main_5_slices.cpp:68]   --->   Operation 51 'getelementptr' 'Emb4_18_addr' <Predicate = (!icmp_ln67)> <Delay = 0.00>
ST_4 : Operation 52 [1/1] (1.42ns)   --->   "switch i5 %tmp_5, label %branch18 [
    i5 0, label %branch0
    i5 1, label %branch1
    i5 2, label %branch2
    i5 3, label %branch3
    i5 4, label %branch4
    i5 5, label %branch5
    i5 6, label %branch6
    i5 7, label %branch7
    i5 8, label %branch8
    i5 9, label %branch9
    i5 10, label %branch10
    i5 11, label %branch11
    i5 12, label %branch12
    i5 13, label %branch13
    i5 14, label %branch14
    i5 15, label %branch15
    i5 -16, label %branch16
    i5 -15, label %branch17
  ]" [main_5_slices.cpp:68]   --->   Operation 52 'switch' <Predicate = (!icmp_ln67)> <Delay = 1.42>
ST_4 : Operation 53 [2/2] (3.25ns)   --->   "%Emb4_17_load = load half* %Emb4_17_addr, align 2" [main_5_slices.cpp:68]   --->   Operation 53 'load' 'Emb4_17_load' <Predicate = (!icmp_ln67 & tmp_5 == 17)> <Delay = 3.25> <Core = "ROM_nP">   --->   Core 52 'ROM_nP' <Latency = 1> <II = 1> <Delay = 3.25> <Storage> <Opcode : 'load'> <Ports = 0> <Width = 16> <Depth = 1024> <ROM>
ST_4 : Operation 54 [2/2] (3.25ns)   --->   "%Emb4_16_load = load half* %Emb4_16_addr, align 2" [main_5_slices.cpp:68]   --->   Operation 54 'load' 'Emb4_16_load' <Predicate = (!icmp_ln67 & tmp_5 == 16)> <Delay = 3.25> <Core = "ROM_nP">   --->   Core 52 'ROM_nP' <Latency = 1> <II = 1> <Delay = 3.25> <Storage> <Opcode : 'load'> <Ports = 0> <Width = 16> <Depth = 1024> <ROM>
ST_4 : Operation 55 [2/2] (3.25ns)   --->   "%Emb4_15_load = load half* %Emb4_15_addr, align 2" [main_5_slices.cpp:68]   --->   Operation 55 'load' 'Emb4_15_load' <Predicate = (!icmp_ln67 & tmp_5 == 15)> <Delay = 3.25> <Core = "ROM_nP">   --->   Core 52 'ROM_nP' <Latency = 1> <II = 1> <Delay = 3.25> <Storage> <Opcode : 'load'> <Ports = 0> <Width = 16> <Depth = 1024> <ROM>
ST_4 : Operation 56 [2/2] (3.25ns)   --->   "%Emb4_14_load = load half* %Emb4_14_addr, align 2" [main_5_slices.cpp:68]   --->   Operation 56 'load' 'Emb4_14_load' <Predicate = (!icmp_ln67 & tmp_5 == 14)> <Delay = 3.25> <Core = "ROM_nP">   --->   Core 52 'ROM_nP' <Latency = 1> <II = 1> <Delay = 3.25> <Storage> <Opcode : 'load'> <Ports = 0> <Width = 16> <Depth = 1024> <ROM>
ST_4 : Operation 57 [2/2] (3.25ns)   --->   "%Emb4_13_load = load half* %Emb4_13_addr, align 2" [main_5_slices.cpp:68]   --->   Operation 57 'load' 'Emb4_13_load' <Predicate = (!icmp_ln67 & tmp_5 == 13)> <Delay = 3.25> <Core = "ROM_nP">   --->   Core 52 'ROM_nP' <Latency = 1> <II = 1> <Delay = 3.25> <Storage> <Opcode : 'load'> <Ports = 0> <Width = 16> <Depth = 1024> <ROM>
ST_4 : Operation 58 [2/2] (3.25ns)   --->   "%Emb4_12_load = load half* %Emb4_12_addr, align 2" [main_5_slices.cpp:68]   --->   Operation 58 'load' 'Emb4_12_load' <Predicate = (!icmp_ln67 & tmp_5 == 12)> <Delay = 3.25> <Core = "ROM_nP">   --->   Core 52 'ROM_nP' <Latency = 1> <II = 1> <Delay = 3.25> <Storage> <Opcode : 'load'> <Ports = 0> <Width = 16> <Depth = 1024> <ROM>
ST_4 : Operation 59 [2/2] (3.25ns)   --->   "%Emb4_11_load = load half* %Emb4_11_addr, align 2" [main_5_slices.cpp:68]   --->   Operation 59 'load' 'Emb4_11_load' <Predicate = (!icmp_ln67 & tmp_5 == 11)> <Delay = 3.25> <Core = "ROM_nP">   --->   Core 52 'ROM_nP' <Latency = 1> <II = 1> <Delay = 3.25> <Storage> <Opcode : 'load'> <Ports = 0> <Width = 16> <Depth = 1024> <ROM>
ST_4 : Operation 60 [2/2] (3.25ns)   --->   "%Emb4_10_load = load half* %Emb4_10_addr, align 2" [main_5_slices.cpp:68]   --->   Operation 60 'load' 'Emb4_10_load' <Predicate = (!icmp_ln67 & tmp_5 == 10)> <Delay = 3.25> <Core = "ROM_nP">   --->   Core 52 'ROM_nP' <Latency = 1> <II = 1> <Delay = 3.25> <Storage> <Opcode : 'load'> <Ports = 0> <Width = 16> <Depth = 1024> <ROM>
ST_4 : Operation 61 [2/2] (3.25ns)   --->   "%Emb4_9_load = load half* %Emb4_9_addr, align 2" [main_5_slices.cpp:68]   --->   Operation 61 'load' 'Emb4_9_load' <Predicate = (!icmp_ln67 & tmp_5 == 9)> <Delay = 3.25> <Core = "ROM_nP">   --->   Core 52 'ROM_nP' <Latency = 1> <II = 1> <Delay = 3.25> <Storage> <Opcode : 'load'> <Ports = 0> <Width = 16> <Depth = 1024> <ROM>
ST_4 : Operation 62 [2/2] (3.25ns)   --->   "%Emb4_8_load = load half* %Emb4_8_addr, align 2" [main_5_slices.cpp:68]   --->   Operation 62 'load' 'Emb4_8_load' <Predicate = (!icmp_ln67 & tmp_5 == 8)> <Delay = 3.25> <Core = "ROM_nP">   --->   Core 52 'ROM_nP' <Latency = 1> <II = 1> <Delay = 3.25> <Storage> <Opcode : 'load'> <Ports = 0> <Width = 16> <Depth = 1024> <ROM>
ST_4 : Operation 63 [2/2] (3.25ns)   --->   "%Emb4_7_load = load half* %Emb4_7_addr, align 2" [main_5_slices.cpp:68]   --->   Operation 63 'load' 'Emb4_7_load' <Predicate = (!icmp_ln67 & tmp_5 == 7)> <Delay = 3.25> <Core = "ROM_nP">   --->   Core 52 'ROM_nP' <Latency = 1> <II = 1> <Delay = 3.25> <Storage> <Opcode : 'load'> <Ports = 0> <Width = 16> <Depth = 1024> <ROM>
ST_4 : Operation 64 [2/2] (3.25ns)   --->   "%Emb4_6_load = load half* %Emb4_6_addr, align 2" [main_5_slices.cpp:68]   --->   Operation 64 'load' 'Emb4_6_load' <Predicate = (!icmp_ln67 & tmp_5 == 6)> <Delay = 3.25> <Core = "ROM_nP">   --->   Core 52 'ROM_nP' <Latency = 1> <II = 1> <Delay = 3.25> <Storage> <Opcode : 'load'> <Ports = 0> <Width = 16> <Depth = 1024> <ROM>
ST_4 : Operation 65 [2/2] (3.25ns)   --->   "%Emb4_5_load = load half* %Emb4_5_addr, align 2" [main_5_slices.cpp:68]   --->   Operation 65 'load' 'Emb4_5_load' <Predicate = (!icmp_ln67 & tmp_5 == 5)> <Delay = 3.25> <Core = "ROM_nP">   --->   Core 52 'ROM_nP' <Latency = 1> <II = 1> <Delay = 3.25> <Storage> <Opcode : 'load'> <Ports = 0> <Width = 16> <Depth = 1024> <ROM>
ST_4 : Operation 66 [2/2] (3.25ns)   --->   "%Emb4_4_load = load half* %Emb4_4_addr, align 2" [main_5_slices.cpp:68]   --->   Operation 66 'load' 'Emb4_4_load' <Predicate = (!icmp_ln67 & tmp_5 == 4)> <Delay = 3.25> <Core = "ROM_nP">   --->   Core 52 'ROM_nP' <Latency = 1> <II = 1> <Delay = 3.25> <Storage> <Opcode : 'load'> <Ports = 0> <Width = 16> <Depth = 1024> <ROM>
ST_4 : Operation 67 [2/2] (3.25ns)   --->   "%Emb4_3_load = load half* %Emb4_3_addr, align 2" [main_5_slices.cpp:68]   --->   Operation 67 'load' 'Emb4_3_load' <Predicate = (!icmp_ln67 & tmp_5 == 3)> <Delay = 3.25> <Core = "ROM_nP">   --->   Core 52 'ROM_nP' <Latency = 1> <II = 1> <Delay = 3.25> <Storage> <Opcode : 'load'> <Ports = 0> <Width = 16> <Depth = 1024> <ROM>
ST_4 : Operation 68 [2/2] (3.25ns)   --->   "%Emb4_2_load = load half* %Emb4_2_addr, align 2" [main_5_slices.cpp:68]   --->   Operation 68 'load' 'Emb4_2_load' <Predicate = (!icmp_ln67 & tmp_5 == 2)> <Delay = 3.25> <Core = "ROM_nP">   --->   Core 52 'ROM_nP' <Latency = 1> <II = 1> <Delay = 3.25> <Storage> <Opcode : 'load'> <Ports = 0> <Width = 16> <Depth = 1024> <ROM>
ST_4 : Operation 69 [2/2] (3.25ns)   --->   "%Emb4_1_load = load half* %Emb4_1_addr, align 2" [main_5_slices.cpp:68]   --->   Operation 69 'load' 'Emb4_1_load' <Predicate = (!icmp_ln67 & tmp_5 == 1)> <Delay = 3.25> <Core = "ROM_nP">   --->   Core 52 'ROM_nP' <Latency = 1> <II = 1> <Delay = 3.25> <Storage> <Opcode : 'load'> <Ports = 0> <Width = 16> <Depth = 1024> <ROM>
ST_4 : Operation 70 [2/2] (3.25ns)   --->   "%Emb4_0_load = load half* %Emb4_0_addr, align 2" [main_5_slices.cpp:68]   --->   Operation 70 'load' 'Emb4_0_load' <Predicate = (!icmp_ln67 & tmp_5 == 0)> <Delay = 3.25> <Core = "ROM_nP">   --->   Core 52 'ROM_nP' <Latency = 1> <II = 1> <Delay = 3.25> <Storage> <Opcode : 'load'> <Ports = 0> <Width = 16> <Depth = 1024> <ROM>
ST_4 : Operation 71 [2/2] (3.25ns)   --->   "%Emb4_18_load = load half* %Emb4_18_addr, align 2" [main_5_slices.cpp:68]   --->   Operation 71 'load' 'Emb4_18_load' <Predicate = (!icmp_ln67 & tmp_5 != 0 & tmp_5 != 1 & tmp_5 != 2 & tmp_5 != 3 & tmp_5 != 4 & tmp_5 != 5 & tmp_5 != 6 & tmp_5 != 7 & tmp_5 != 8 & tmp_5 != 9 & tmp_5 != 10 & tmp_5 != 11 & tmp_5 != 12 & tmp_5 != 13 & tmp_5 != 14 & tmp_5 != 15 & tmp_5 != 16 & tmp_5 != 17)> <Delay = 3.25> <Core = "ROM_nP">   --->   Core 52 'ROM_nP' <Latency = 1> <II = 1> <Delay = 3.25> <Storage> <Opcode : 'load'> <Ports = 0> <Width = 16> <Depth = 1024> <ROM>
ST_4 : Operation 72 [1/1] (0.00ns)   --->   "br label %.loopexit"   --->   Operation 72 'br' <Predicate = (icmp_ln67)> <Delay = 0.00>

State 5 <SV = 4> <Delay = 3.25>
ST_5 : Operation 73 [1/2] (3.25ns)   --->   "%Emb4_17_load = load half* %Emb4_17_addr, align 2" [main_5_slices.cpp:68]   --->   Operation 73 'load' 'Emb4_17_load' <Predicate = (tmp_5 == 17)> <Delay = 3.25> <Core = "ROM_nP">   --->   Core 52 'ROM_nP' <Latency = 1> <II = 1> <Delay = 3.25> <Storage> <Opcode : 'load'> <Ports = 0> <Width = 16> <Depth = 1024> <ROM>
ST_5 : Operation 74 [1/1] (2.29ns)   --->   "br label %4" [main_5_slices.cpp:68]   --->   Operation 74 'br' <Predicate = (tmp_5 == 17)> <Delay = 2.29>
ST_5 : Operation 75 [1/2] (3.25ns)   --->   "%Emb4_16_load = load half* %Emb4_16_addr, align 2" [main_5_slices.cpp:68]   --->   Operation 75 'load' 'Emb4_16_load' <Predicate = (tmp_5 == 16)> <Delay = 3.25> <Core = "ROM_nP">   --->   Core 52 'ROM_nP' <Latency = 1> <II = 1> <Delay = 3.25> <Storage> <Opcode : 'load'> <Ports = 0> <Width = 16> <Depth = 1024> <ROM>
ST_5 : Operation 76 [1/1] (2.29ns)   --->   "br label %4" [main_5_slices.cpp:68]   --->   Operation 76 'br' <Predicate = (tmp_5 == 16)> <Delay = 2.29>
ST_5 : Operation 77 [1/2] (3.25ns)   --->   "%Emb4_15_load = load half* %Emb4_15_addr, align 2" [main_5_slices.cpp:68]   --->   Operation 77 'load' 'Emb4_15_load' <Predicate = (tmp_5 == 15)> <Delay = 3.25> <Core = "ROM_nP">   --->   Core 52 'ROM_nP' <Latency = 1> <II = 1> <Delay = 3.25> <Storage> <Opcode : 'load'> <Ports = 0> <Width = 16> <Depth = 1024> <ROM>
ST_5 : Operation 78 [1/1] (2.29ns)   --->   "br label %4" [main_5_slices.cpp:68]   --->   Operation 78 'br' <Predicate = (tmp_5 == 15)> <Delay = 2.29>
ST_5 : Operation 79 [1/2] (3.25ns)   --->   "%Emb4_14_load = load half* %Emb4_14_addr, align 2" [main_5_slices.cpp:68]   --->   Operation 79 'load' 'Emb4_14_load' <Predicate = (tmp_5 == 14)> <Delay = 3.25> <Core = "ROM_nP">   --->   Core 52 'ROM_nP' <Latency = 1> <II = 1> <Delay = 3.25> <Storage> <Opcode : 'load'> <Ports = 0> <Width = 16> <Depth = 1024> <ROM>
ST_5 : Operation 80 [1/1] (2.29ns)   --->   "br label %4" [main_5_slices.cpp:68]   --->   Operation 80 'br' <Predicate = (tmp_5 == 14)> <Delay = 2.29>
ST_5 : Operation 81 [1/2] (3.25ns)   --->   "%Emb4_13_load = load half* %Emb4_13_addr, align 2" [main_5_slices.cpp:68]   --->   Operation 81 'load' 'Emb4_13_load' <Predicate = (tmp_5 == 13)> <Delay = 3.25> <Core = "ROM_nP">   --->   Core 52 'ROM_nP' <Latency = 1> <II = 1> <Delay = 3.25> <Storage> <Opcode : 'load'> <Ports = 0> <Width = 16> <Depth = 1024> <ROM>
ST_5 : Operation 82 [1/1] (2.29ns)   --->   "br label %4" [main_5_slices.cpp:68]   --->   Operation 82 'br' <Predicate = (tmp_5 == 13)> <Delay = 2.29>
ST_5 : Operation 83 [1/2] (3.25ns)   --->   "%Emb4_12_load = load half* %Emb4_12_addr, align 2" [main_5_slices.cpp:68]   --->   Operation 83 'load' 'Emb4_12_load' <Predicate = (tmp_5 == 12)> <Delay = 3.25> <Core = "ROM_nP">   --->   Core 52 'ROM_nP' <Latency = 1> <II = 1> <Delay = 3.25> <Storage> <Opcode : 'load'> <Ports = 0> <Width = 16> <Depth = 1024> <ROM>
ST_5 : Operation 84 [1/1] (2.29ns)   --->   "br label %4" [main_5_slices.cpp:68]   --->   Operation 84 'br' <Predicate = (tmp_5 == 12)> <Delay = 2.29>
ST_5 : Operation 85 [1/2] (3.25ns)   --->   "%Emb4_11_load = load half* %Emb4_11_addr, align 2" [main_5_slices.cpp:68]   --->   Operation 85 'load' 'Emb4_11_load' <Predicate = (tmp_5 == 11)> <Delay = 3.25> <Core = "ROM_nP">   --->   Core 52 'ROM_nP' <Latency = 1> <II = 1> <Delay = 3.25> <Storage> <Opcode : 'load'> <Ports = 0> <Width = 16> <Depth = 1024> <ROM>
ST_5 : Operation 86 [1/1] (2.29ns)   --->   "br label %4" [main_5_slices.cpp:68]   --->   Operation 86 'br' <Predicate = (tmp_5 == 11)> <Delay = 2.29>
ST_5 : Operation 87 [1/2] (3.25ns)   --->   "%Emb4_10_load = load half* %Emb4_10_addr, align 2" [main_5_slices.cpp:68]   --->   Operation 87 'load' 'Emb4_10_load' <Predicate = (tmp_5 == 10)> <Delay = 3.25> <Core = "ROM_nP">   --->   Core 52 'ROM_nP' <Latency = 1> <II = 1> <Delay = 3.25> <Storage> <Opcode : 'load'> <Ports = 0> <Width = 16> <Depth = 1024> <ROM>
ST_5 : Operation 88 [1/1] (2.29ns)   --->   "br label %4" [main_5_slices.cpp:68]   --->   Operation 88 'br' <Predicate = (tmp_5 == 10)> <Delay = 2.29>
ST_5 : Operation 89 [1/2] (3.25ns)   --->   "%Emb4_9_load = load half* %Emb4_9_addr, align 2" [main_5_slices.cpp:68]   --->   Operation 89 'load' 'Emb4_9_load' <Predicate = (tmp_5 == 9)> <Delay = 3.25> <Core = "ROM_nP">   --->   Core 52 'ROM_nP' <Latency = 1> <II = 1> <Delay = 3.25> <Storage> <Opcode : 'load'> <Ports = 0> <Width = 16> <Depth = 1024> <ROM>
ST_5 : Operation 90 [1/1] (2.29ns)   --->   "br label %4" [main_5_slices.cpp:68]   --->   Operation 90 'br' <Predicate = (tmp_5 == 9)> <Delay = 2.29>
ST_5 : Operation 91 [1/2] (3.25ns)   --->   "%Emb4_8_load = load half* %Emb4_8_addr, align 2" [main_5_slices.cpp:68]   --->   Operation 91 'load' 'Emb4_8_load' <Predicate = (tmp_5 == 8)> <Delay = 3.25> <Core = "ROM_nP">   --->   Core 52 'ROM_nP' <Latency = 1> <II = 1> <Delay = 3.25> <Storage> <Opcode : 'load'> <Ports = 0> <Width = 16> <Depth = 1024> <ROM>
ST_5 : Operation 92 [1/1] (2.29ns)   --->   "br label %4" [main_5_slices.cpp:68]   --->   Operation 92 'br' <Predicate = (tmp_5 == 8)> <Delay = 2.29>
ST_5 : Operation 93 [1/2] (3.25ns)   --->   "%Emb4_7_load = load half* %Emb4_7_addr, align 2" [main_5_slices.cpp:68]   --->   Operation 93 'load' 'Emb4_7_load' <Predicate = (tmp_5 == 7)> <Delay = 3.25> <Core = "ROM_nP">   --->   Core 52 'ROM_nP' <Latency = 1> <II = 1> <Delay = 3.25> <Storage> <Opcode : 'load'> <Ports = 0> <Width = 16> <Depth = 1024> <ROM>
ST_5 : Operation 94 [1/1] (2.29ns)   --->   "br label %4" [main_5_slices.cpp:68]   --->   Operation 94 'br' <Predicate = (tmp_5 == 7)> <Delay = 2.29>
ST_5 : Operation 95 [1/2] (3.25ns)   --->   "%Emb4_6_load = load half* %Emb4_6_addr, align 2" [main_5_slices.cpp:68]   --->   Operation 95 'load' 'Emb4_6_load' <Predicate = (tmp_5 == 6)> <Delay = 3.25> <Core = "ROM_nP">   --->   Core 52 'ROM_nP' <Latency = 1> <II = 1> <Delay = 3.25> <Storage> <Opcode : 'load'> <Ports = 0> <Width = 16> <Depth = 1024> <ROM>
ST_5 : Operation 96 [1/1] (2.29ns)   --->   "br label %4" [main_5_slices.cpp:68]   --->   Operation 96 'br' <Predicate = (tmp_5 == 6)> <Delay = 2.29>
ST_5 : Operation 97 [1/2] (3.25ns)   --->   "%Emb4_5_load = load half* %Emb4_5_addr, align 2" [main_5_slices.cpp:68]   --->   Operation 97 'load' 'Emb4_5_load' <Predicate = (tmp_5 == 5)> <Delay = 3.25> <Core = "ROM_nP">   --->   Core 52 'ROM_nP' <Latency = 1> <II = 1> <Delay = 3.25> <Storage> <Opcode : 'load'> <Ports = 0> <Width = 16> <Depth = 1024> <ROM>
ST_5 : Operation 98 [1/1] (2.29ns)   --->   "br label %4" [main_5_slices.cpp:68]   --->   Operation 98 'br' <Predicate = (tmp_5 == 5)> <Delay = 2.29>
ST_5 : Operation 99 [1/2] (3.25ns)   --->   "%Emb4_4_load = load half* %Emb4_4_addr, align 2" [main_5_slices.cpp:68]   --->   Operation 99 'load' 'Emb4_4_load' <Predicate = (tmp_5 == 4)> <Delay = 3.25> <Core = "ROM_nP">   --->   Core 52 'ROM_nP' <Latency = 1> <II = 1> <Delay = 3.25> <Storage> <Opcode : 'load'> <Ports = 0> <Width = 16> <Depth = 1024> <ROM>
ST_5 : Operation 100 [1/1] (2.29ns)   --->   "br label %4" [main_5_slices.cpp:68]   --->   Operation 100 'br' <Predicate = (tmp_5 == 4)> <Delay = 2.29>
ST_5 : Operation 101 [1/2] (3.25ns)   --->   "%Emb4_3_load = load half* %Emb4_3_addr, align 2" [main_5_slices.cpp:68]   --->   Operation 101 'load' 'Emb4_3_load' <Predicate = (tmp_5 == 3)> <Delay = 3.25> <Core = "ROM_nP">   --->   Core 52 'ROM_nP' <Latency = 1> <II = 1> <Delay = 3.25> <Storage> <Opcode : 'load'> <Ports = 0> <Width = 16> <Depth = 1024> <ROM>
ST_5 : Operation 102 [1/1] (2.29ns)   --->   "br label %4" [main_5_slices.cpp:68]   --->   Operation 102 'br' <Predicate = (tmp_5 == 3)> <Delay = 2.29>
ST_5 : Operation 103 [1/2] (3.25ns)   --->   "%Emb4_2_load = load half* %Emb4_2_addr, align 2" [main_5_slices.cpp:68]   --->   Operation 103 'load' 'Emb4_2_load' <Predicate = (tmp_5 == 2)> <Delay = 3.25> <Core = "ROM_nP">   --->   Core 52 'ROM_nP' <Latency = 1> <II = 1> <Delay = 3.25> <Storage> <Opcode : 'load'> <Ports = 0> <Width = 16> <Depth = 1024> <ROM>
ST_5 : Operation 104 [1/1] (2.29ns)   --->   "br label %4" [main_5_slices.cpp:68]   --->   Operation 104 'br' <Predicate = (tmp_5 == 2)> <Delay = 2.29>
ST_5 : Operation 105 [1/2] (3.25ns)   --->   "%Emb4_1_load = load half* %Emb4_1_addr, align 2" [main_5_slices.cpp:68]   --->   Operation 105 'load' 'Emb4_1_load' <Predicate = (tmp_5 == 1)> <Delay = 3.25> <Core = "ROM_nP">   --->   Core 52 'ROM_nP' <Latency = 1> <II = 1> <Delay = 3.25> <Storage> <Opcode : 'load'> <Ports = 0> <Width = 16> <Depth = 1024> <ROM>
ST_5 : Operation 106 [1/1] (2.29ns)   --->   "br label %4" [main_5_slices.cpp:68]   --->   Operation 106 'br' <Predicate = (tmp_5 == 1)> <Delay = 2.29>
ST_5 : Operation 107 [1/2] (3.25ns)   --->   "%Emb4_0_load = load half* %Emb4_0_addr, align 2" [main_5_slices.cpp:68]   --->   Operation 107 'load' 'Emb4_0_load' <Predicate = (tmp_5 == 0)> <Delay = 3.25> <Core = "ROM_nP">   --->   Core 52 'ROM_nP' <Latency = 1> <II = 1> <Delay = 3.25> <Storage> <Opcode : 'load'> <Ports = 0> <Width = 16> <Depth = 1024> <ROM>
ST_5 : Operation 108 [1/1] (2.29ns)   --->   "br label %4" [main_5_slices.cpp:68]   --->   Operation 108 'br' <Predicate = (tmp_5 == 0)> <Delay = 2.29>
ST_5 : Operation 109 [1/2] (3.25ns)   --->   "%Emb4_18_load = load half* %Emb4_18_addr, align 2" [main_5_slices.cpp:68]   --->   Operation 109 'load' 'Emb4_18_load' <Predicate = (tmp_5 == 31) | (tmp_5 == 30) | (tmp_5 == 29) | (tmp_5 == 28) | (tmp_5 == 27) | (tmp_5 == 26) | (tmp_5 == 25) | (tmp_5 == 24) | (tmp_5 == 23) | (tmp_5 == 22) | (tmp_5 == 21) | (tmp_5 == 20) | (tmp_5 == 19) | (tmp_5 == 18)> <Delay = 3.25> <Core = "ROM_nP">   --->   Core 52 'ROM_nP' <Latency = 1> <II = 1> <Delay = 3.25> <Storage> <Opcode : 'load'> <Ports = 0> <Width = 16> <Depth = 1024> <ROM>
ST_5 : Operation 110 [1/1] (2.29ns)   --->   "br label %4" [main_5_slices.cpp:68]   --->   Operation 110 'br' <Predicate = (tmp_5 == 31) | (tmp_5 == 30) | (tmp_5 == 29) | (tmp_5 == 28) | (tmp_5 == 27) | (tmp_5 == 26) | (tmp_5 == 25) | (tmp_5 == 24) | (tmp_5 == 23) | (tmp_5 == 22) | (tmp_5 == 21) | (tmp_5 == 20) | (tmp_5 == 19) | (tmp_5 == 18)> <Delay = 2.29>

State 6 <SV = 5> <Delay = 5.19>
ST_6 : Operation 111 [1/1] (0.00ns)   --->   "%phi_ln68 = phi half [ %Emb4_0_load, %branch0 ], [ %Emb4_1_load, %branch1 ], [ %Emb4_2_load, %branch2 ], [ %Emb4_3_load, %branch3 ], [ %Emb4_4_load, %branch4 ], [ %Emb4_5_load, %branch5 ], [ %Emb4_6_load, %branch6 ], [ %Emb4_7_load, %branch7 ], [ %Emb4_8_load, %branch8 ], [ %Emb4_9_load, %branch9 ], [ %Emb4_10_load, %branch10 ], [ %Emb4_11_load, %branch11 ], [ %Emb4_12_load, %branch12 ], [ %Emb4_13_load, %branch13 ], [ %Emb4_14_load, %branch14 ], [ %Emb4_15_load, %branch15 ], [ %Emb4_16_load, %branch16 ], [ %Emb4_17_load, %branch17 ], [ %Emb4_18_load, %branch18 ]" [main_5_slices.cpp:68]   --->   Operation 111 'phi' 'phi_ln68' <Predicate = true> <Delay = 0.00>
ST_6 : Operation 112 [1/1] (1.94ns)   --->   "%add_ln68_1 = add i15 %shl_ln3, %zext_ln68" [main_5_slices.cpp:68]   --->   Operation 112 'add' 'add_ln68_1' <Predicate = true> <Delay = 1.94> <Core = "AddSub">   --->   Core 14 'AddSub' <Latency = 0> <II = 1> <Delay = 1.94> <FuncUnit> <Opcode : 'add' 'sub'> <InPorts = 2> <OutPorts = 1>
ST_6 : Operation 113 [1/1] (0.00ns)   --->   "%zext_ln68_3 = zext i15 %add_ln68_1 to i64" [main_5_slices.cpp:68]   --->   Operation 113 'zext' 'zext_ln68_3' <Predicate = true> <Delay = 0.00>
ST_6 : Operation 114 [1/1] (0.00ns)   --->   "%X_addr = getelementptr [18624 x half]* %X, i64 0, i64 %zext_ln68_3" [main_5_slices.cpp:68]   --->   Operation 114 'getelementptr' 'X_addr' <Predicate = true> <Delay = 0.00>
ST_6 : Operation 115 [1/1] (3.25ns)   --->   "store half %phi_ln68, half* %X_addr, align 2" [main_5_slices.cpp:68]   --->   Operation 115 'store' <Predicate = true> <Delay = 3.25> <Core = "RAM">   --->   Core 37 'RAM' <Latency = 1> <II = 1> <Delay = 3.25> <Storage> <Opcode : 'load' 'store'> <Ports = 2> <Width = 16> <Depth = 18624> <RAM>
ST_6 : Operation 116 [1/1] (0.00ns)   --->   "br label %2" [main_5_slices.cpp:67]   --->   Operation 116 'br' <Predicate = true> <Delay = 0.00>


============================================================
+ Verbose Summary: Timing violations
============================================================
Target clock period: 10ns, clock uncertainty: 1.25ns.

 <State 1>: 1.77ns
The critical path consists of the following:
	multiplexor before 'phi' operation ('t') with incoming values : ('t', main_5_slices.cpp:61) [24]  (1.77 ns)

 <State 2>: 3.25ns
The critical path consists of the following:
	'phi' operation ('t') with incoming values : ('t', main_5_slices.cpp:61) [24]  (0 ns)
	'getelementptr' operation ('tokens4_addr', main_5_slices.cpp:62) [31]  (0 ns)
	'load' operation ('tokens4_load', main_5_slices.cpp:62) on array 'tokens4' [32]  (3.25 ns)

 <State 3>: 3.25ns
The critical path consists of the following:
	'load' operation ('tokens4_load', main_5_slices.cpp:62) on array 'tokens4' [32]  (3.25 ns)

 <State 4>: 4.98ns
The critical path consists of the following:
	'phi' operation ('e') with incoming values : ('e', main_5_slices.cpp:67) [38]  (0 ns)
	'add' operation ('add_ln68_2', main_5_slices.cpp:68) [48]  (1.73 ns)
	'getelementptr' operation ('Emb4_3_addr', main_5_slices.cpp:68) [53]  (0 ns)
	'load' operation ('Emb4_3_load', main_5_slices.cpp:68) on array 'Emb4_3' [113]  (3.25 ns)

 <State 5>: 3.25ns
The critical path consists of the following:
	'load' operation ('Emb4_17_load', main_5_slices.cpp:68) on array 'Emb4_17' [71]  (3.25 ns)

 <State 6>: 5.2ns
The critical path consists of the following:
	'add' operation ('add_ln68_1', main_5_slices.cpp:68) [129]  (1.94 ns)
	'getelementptr' operation ('X_addr', main_5_slices.cpp:68) [131]  (0 ns)
	'store' operation ('store_ln68', main_5_slices.cpp:68) of variable 'phi_ln68', main_5_slices.cpp:68 on array 'X' [132]  (3.25 ns)


============================================================
+ Verbose Summary: Binding
============================================================
N/A
* FSMD analyzer results:
  - Output states:
 - Input state : 
  - Chain level:
	State 1
	State 2
	State 3
	State 4
	State 5
	State 6


============================================================
+ Verbose Summary: Datapath Resource usage 
============================================================
N/A
