

================================================================
== Vivado HLS Report for 'main'
================================================================
* Date:           Tue Sep  2 19:40:13 2025

* Version:        2019.1 (Build 2552052 on Fri May 24 15:28:33 MDT 2019)
* Project:        BranchPredictionAI
* Solution:       solution1
* Product family: zynq
* Target device:  xc7z020-clg484-1


================================================================
== Performance Estimates
================================================================
+ Timing (ns): 
    * Summary: 
    +--------+-------+----------+------------+
    |  Clock | Target| Estimated| Uncertainty|
    +--------+-------+----------+------------+
    |ap_clk  |  10.00|     9.894|        1.25|
    +--------+-------+----------+------------+

+ Latency (clock cycles): 
    * Summary: 
    +----------+----------+----------+----------+---------+
    |       Latency       |       Interval      | Pipeline|
    |    min   |    max   |    min   |    max   |   Type  |
    +----------+----------+----------+----------+---------+
    |  96913071|  97153071|  96913071|  97153071|   none  |
    +----------+----------+----------+----------+---------+

    + Detail: 
        * Instance: 
        N/A

        * Loop: 
        +-------------+--------+--------+----------+-----------+-----------+------+----------+
        |             |     Latency     | Iteration|  Initiation Interval  | Trip |          |
        |  Loop Name  |   min  |   max  |  Latency |  achieved |   target  | Count| Pipelined|
        +-------------+--------+--------+----------+-----------+-----------+------+----------+
        |- Loop 1     |   45312|   45312|       354|          -|          -|   128|    no    |
        | + Loop 1.1  |     352|     352|        11|          -|          -|    32|    no    |
        |- Loop 2     |     512|     512|         4|          -|          -|   128|    no    |
        |- Loop 3     |  180480|  180480|      1410|          -|          -|   128|    no    |
        | + Loop 3.1  |    1408|    1408|        11|          -|          -|   128|    no    |
        |- Loop 4     |     512|     512|         4|          -|          -|   128|    no    |
        +-------------+--------+--------+----------+-----------+-----------+------+----------+

============================================================
+ Verbose Summary: Synthesis Manager
============================================================
InlineROM: 1
ExposeGlobal: 0
============================================================
+ Verbose Summary: CDFG Model
============================================================
IsTopModel: 1
ResetActiveHigh: 1
IsCombinational: 0
IsDatapathOnly: 0
HasWiredReturn: 1
HasMFsm: 0
HasVarLatency: 1
IsPipeline: 0
IsRtlPipelined: 0
IsInstanceOverlapped: 0
IsDontTouch: 0
HasImplIP: 0
IsGatedGlobalClock: 0


============================================================
+ Verbose Summary: Schedule
============================================================
* Number of FSM states : 36
* Pipeline : 0
* Dataflow Pipeline: 0

* FSM state transitions: 
1 --> 2 
2 --> 3 
3 --> 15 4 
4 --> 5 3 
5 --> 6 
6 --> 7 
7 --> 8 
8 --> 9 
9 --> 10 
10 --> 11 
11 --> 12 
12 --> 13 
13 --> 14 
14 --> 4 
15 --> 16 
16 --> 17 20 
17 --> 18 
18 --> 19 
19 --> 16 
20 --> 32 21 
21 --> 22 20 
22 --> 23 
23 --> 24 
24 --> 25 
25 --> 26 
26 --> 27 
27 --> 28 
28 --> 29 
29 --> 30 
30 --> 31 
31 --> 21 
32 --> 33 
33 --> 34 
34 --> 35 
35 --> 36 
36 --> 33 

* FSM state operations: 

State 1 <SV = 0> <Delay = 0.00>
ST_1 : Operation 37 [1/1] (0.00ns)   --->   "%merged = alloca [32 x float], align 16"   --->   Operation 37 'alloca' 'merged' <Predicate = true> <Delay = 0.00> <Core = "RAM">   --->   Core 37 'RAM' <Latency = 1> <II = 1> <Delay = 3.25> <Storage> <Opcode : 'load' 'store'> <Ports = 2> <Width = 32> <Depth = 128> <RAM>
ST_1 : Operation 38 [1/1] (0.00ns)   --->   "%z0 = alloca [128 x float], align 16" [main_5_slices.cpp:250]   --->   Operation 38 'alloca' 'z0' <Predicate = true> <Delay = 0.00> <Core = "RAM">   --->   Core 37 'RAM' <Latency = 1> <II = 1> <Delay = 3.25> <Storage> <Opcode : 'load' 'store'> <Ports = 2> <Width = 32> <Depth = 128> <RAM>
ST_1 : Operation 39 [1/1] (0.00ns)   --->   "%z1 = alloca [128 x float], align 16" [main_5_slices.cpp:255]   --->   Operation 39 'alloca' 'z1' <Predicate = true> <Delay = 0.00> <Core = "RAM">   --->   Core 37 'RAM' <Latency = 1> <II = 1> <Delay = 3.25> <Storage> <Opcode : 'load' 'store'> <Ports = 2> <Width = 32> <Depth = 128> <RAM>
ST_1 : Operation 40 [2/2] (0.00ns)   --->   "call fastcc void @run_all_slices_unrol([32 x float]* %merged) nounwind" [main_5_slices.cpp:245]   --->   Operation 40 'call' <Predicate = true> <Delay = 0.00> <CoreType = "Generic">   --->   Core 0 '' <Latency = 0> <II = 1> <Delay = 1.00> <Generic> <Opcode : >

State 2 <SV = 1> <Delay = 1.76>
ST_2 : Operation 41 [1/1] (0.00ns)   --->   "call void (...)* @_ssdm_op_SpecBitsMap(i32 0) nounwind, !map !69"   --->   Operation 41 'specbitsmap' <Predicate = true> <Delay = 0.00>
ST_2 : Operation 42 [1/1] (0.00ns)   --->   "call void (...)* @_ssdm_op_SpecTopModule([5 x i8]* @main_str) nounwind"   --->   Operation 42 'spectopmodule' <Predicate = true> <Delay = 0.00>
ST_2 : Operation 43 [1/2] (0.00ns)   --->   "call fastcc void @run_all_slices_unrol([32 x float]* %merged) nounwind" [main_5_slices.cpp:245]   --->   Operation 43 'call' <Predicate = true> <Delay = 0.00> <CoreType = "Generic">   --->   Core 0 '' <Latency = 0> <II = 1> <Delay = 1.00> <Generic> <Opcode : >
ST_2 : Operation 44 [1/1] (1.76ns)   --->   "br label %1" [main_5_slices.cpp:162->main_5_slices.cpp:251]   --->   Operation 44 'br' <Predicate = true> <Delay = 1.76>

State 3 <SV = 2> <Delay = 1.91>
ST_3 : Operation 45 [1/1] (0.00ns)   --->   "%j_0_i = phi i8 [ 0, %0 ], [ %j_11, %4 ]"   --->   Operation 45 'phi' 'j_0_i' <Predicate = true> <Delay = 0.00>
ST_3 : Operation 46 [1/1] (0.00ns)   --->   "%j_0_i_cast4 = zext i8 %j_0_i to i12" [main_5_slices.cpp:162->main_5_slices.cpp:251]   --->   Operation 46 'zext' 'j_0_i_cast4' <Predicate = true> <Delay = 0.00>
ST_3 : Operation 47 [1/1] (0.00ns)   --->   "%empty = call i32 (...)* @_ssdm_op_SpecLoopTripCount(i64 128, i64 128, i64 128) nounwind"   --->   Operation 47 'speclooptripcount' 'empty' <Predicate = true> <Delay = 0.00>
ST_3 : Operation 48 [1/1] (1.55ns)   --->   "%icmp_ln162 = icmp eq i8 %j_0_i, -128" [main_5_slices.cpp:162->main_5_slices.cpp:251]   --->   Operation 48 'icmp' 'icmp_ln162' <Predicate = true> <Delay = 1.55> <Core = "Cmp">   --->   Core 25 'Cmp' <Latency = 0> <II = 1> <Delay = 2.44> <FuncUnit> <Opcode : 'icmp'> <InPorts = 2> <OutPorts = 1>
ST_3 : Operation 49 [1/1] (1.91ns)   --->   "%j_11 = add i8 %j_0_i, 1" [main_5_slices.cpp:162->main_5_slices.cpp:251]   --->   Operation 49 'add' 'j_11' <Predicate = true> <Delay = 1.91> <Core = "AddSub">   --->   Core 14 'AddSub' <Latency = 0> <II = 1> <Delay = 1.91> <FuncUnit> <Opcode : 'add' 'sub'> <InPorts = 2> <OutPorts = 1>
ST_3 : Operation 50 [1/1] (0.00ns)   --->   "br i1 %icmp_ln162, label %dense_forward.2.exit, label %2" [main_5_slices.cpp:162->main_5_slices.cpp:251]   --->   Operation 50 'br' <Predicate = true> <Delay = 0.00>
ST_3 : Operation 51 [1/1] (0.00ns)   --->   "%zext_ln163 = zext i8 %j_0_i to i64" [main_5_slices.cpp:163->main_5_slices.cpp:251]   --->   Operation 51 'zext' 'zext_ln163' <Predicate = (!icmp_ln162)> <Delay = 0.00>
ST_3 : Operation 52 [1/1] (1.76ns)   --->   "br label %.preheader.i" [main_5_slices.cpp:163->main_5_slices.cpp:251]   --->   Operation 52 'br' <Predicate = (!icmp_ln162)> <Delay = 1.76>
ST_3 : Operation 53 [2/2] (1.76ns)   --->   "call fastcc void @bn_vector.1([128 x float]* %z0, [128 x float]* @fc_0_bn_gamma, [128 x float]* @fc_0_bn_beta, [128 x float]* @fc_0_bn_mean, [128 x float]* @fc_0_bn_var) nounwind" [main_5_slices.cpp:252]   --->   Operation 53 'call' <Predicate = (icmp_ln162)> <Delay = 1.76> <CoreType = "Generic">   --->   Core 0 '' <Latency = 0> <II = 1> <Delay = 1.00> <Generic> <Opcode : >

State 4 <SV = 3> <Delay = 4.80>
ST_4 : Operation 54 [1/1] (0.00ns)   --->   "%acc_0_i = phi float [ %acc, %3 ], [ 0.000000e+00, %2 ]"   --->   Operation 54 'phi' 'acc_0_i' <Predicate = true> <Delay = 0.00>
ST_4 : Operation 55 [1/1] (0.00ns)   --->   "%i_0_i = phi i6 [ %i, %3 ], [ 0, %2 ]"   --->   Operation 55 'phi' 'i_0_i' <Predicate = true> <Delay = 0.00>
ST_4 : Operation 56 [1/1] (0.00ns)   --->   "%empty_61 = call i32 (...)* @_ssdm_op_SpecLoopTripCount(i64 32, i64 32, i64 32) nounwind"   --->   Operation 56 'speclooptripcount' 'empty_61' <Predicate = true> <Delay = 0.00>
ST_4 : Operation 57 [1/1] (1.42ns)   --->   "%icmp_ln164 = icmp eq i6 %i_0_i, -32" [main_5_slices.cpp:164->main_5_slices.cpp:251]   --->   Operation 57 'icmp' 'icmp_ln164' <Predicate = true> <Delay = 1.42> <Core = "Cmp">   --->   Core 25 'Cmp' <Latency = 0> <II = 1> <Delay = 2.44> <FuncUnit> <Opcode : 'icmp'> <InPorts = 2> <OutPorts = 1>
ST_4 : Operation 58 [1/1] (1.82ns)   --->   "%i = add i6 %i_0_i, 1" [main_5_slices.cpp:164->main_5_slices.cpp:251]   --->   Operation 58 'add' 'i' <Predicate = true> <Delay = 1.82> <Core = "AddSub">   --->   Core 14 'AddSub' <Latency = 0> <II = 1> <Delay = 1.91> <FuncUnit> <Opcode : 'add' 'sub'> <InPorts = 2> <OutPorts = 1>
ST_4 : Operation 59 [1/1] (0.00ns)   --->   "br i1 %icmp_ln164, label %4, label %3" [main_5_slices.cpp:164->main_5_slices.cpp:251]   --->   Operation 59 'br' <Predicate = true> <Delay = 0.00>
ST_4 : Operation 60 [1/1] (0.00ns)   --->   "%zext_ln164 = zext i6 %i_0_i to i64" [main_5_slices.cpp:164->main_5_slices.cpp:251]   --->   Operation 60 'zext' 'zext_ln164' <Predicate = (!icmp_ln164)> <Delay = 0.00>
ST_4 : Operation 61 [1/1] (0.00ns)   --->   "%merged_addr = getelementptr [32 x float]* %merged, i64 0, i64 %zext_ln164" [main_5_slices.cpp:164->main_5_slices.cpp:251]   --->   Operation 61 'getelementptr' 'merged_addr' <Predicate = (!icmp_ln164)> <Delay = 0.00>
ST_4 : Operation 62 [2/2] (3.25ns)   --->   "%merged_load = load float* %merged_addr, align 4" [main_5_slices.cpp:164->main_5_slices.cpp:251]   --->   Operation 62 'load' 'merged_load' <Predicate = (!icmp_ln164)> <Delay = 3.25> <Core = "RAM">   --->   Core 37 'RAM' <Latency = 1> <II = 1> <Delay = 3.25> <Storage> <Opcode : 'load' 'store'> <Ports = 2> <Width = 32> <Depth = 128> <RAM>
ST_4 : Operation 63 [1/1] (0.00ns)   --->   "%trunc_ln164 = trunc i6 %i_0_i to i5" [main_5_slices.cpp:164->main_5_slices.cpp:251]   --->   Operation 63 'trunc' 'trunc_ln164' <Predicate = (!icmp_ln164)> <Delay = 0.00>
ST_4 : Operation 64 [1/1] (0.00ns)   --->   "%shl_ln = call i12 @_ssdm_op_BitConcatenate.i12.i5.i7(i5 %trunc_ln164, i7 0)" [main_5_slices.cpp:164->main_5_slices.cpp:251]   --->   Operation 64 'bitconcatenate' 'shl_ln' <Predicate = (!icmp_ln164)> <Delay = 0.00>
ST_4 : Operation 65 [1/1] (1.54ns)   --->   "%add_ln164 = add i12 %j_0_i_cast4, %shl_ln" [main_5_slices.cpp:164->main_5_slices.cpp:251]   --->   Operation 65 'add' 'add_ln164' <Predicate = (!icmp_ln164)> <Delay = 1.54> <Core = "AddSub">   --->   Core 14 'AddSub' <Latency = 0> <II = 1> <Delay = 1.91> <FuncUnit> <Opcode : 'add' 'sub'> <InPorts = 2> <OutPorts = 1>
ST_4 : Operation 66 [1/1] (0.00ns)   --->   "%zext_ln164_1 = zext i12 %add_ln164 to i64" [main_5_slices.cpp:164->main_5_slices.cpp:251]   --->   Operation 66 'zext' 'zext_ln164_1' <Predicate = (!icmp_ln164)> <Delay = 0.00>
ST_4 : Operation 67 [1/1] (0.00ns)   --->   "%fc_0_W_addr = getelementptr [4096 x float]* @fc_0_W, i64 0, i64 %zext_ln164_1" [main_5_slices.cpp:164->main_5_slices.cpp:251]   --->   Operation 67 'getelementptr' 'fc_0_W_addr' <Predicate = (!icmp_ln164)> <Delay = 0.00>
ST_4 : Operation 68 [2/2] (3.25ns)   --->   "%fc_0_W_load = load float* %fc_0_W_addr, align 4" [main_5_slices.cpp:164->main_5_slices.cpp:251]   --->   Operation 68 'load' 'fc_0_W_load' <Predicate = (!icmp_ln164)> <Delay = 3.25> <Core = "ROM_nP">   --->   Core 52 'ROM_nP' <Latency = 1> <II = 1> <Delay = 3.25> <Storage> <Opcode : 'load'> <Ports = 0> <Width = 32> <Depth = 16384> <ROM>
ST_4 : Operation 69 [1/1] (0.00ns)   --->   "%z0_addr_1 = getelementptr [128 x float]* %z0, i64 0, i64 %zext_ln163" [main_5_slices.cpp:165->main_5_slices.cpp:251]   --->   Operation 69 'getelementptr' 'z0_addr_1' <Predicate = (icmp_ln164)> <Delay = 0.00>
ST_4 : Operation 70 [1/1] (3.25ns)   --->   "store float %acc_0_i, float* %z0_addr_1, align 4" [main_5_slices.cpp:165->main_5_slices.cpp:251]   --->   Operation 70 'store' <Predicate = (icmp_ln164)> <Delay = 3.25> <Core = "RAM">   --->   Core 37 'RAM' <Latency = 1> <II = 1> <Delay = 3.25> <Storage> <Opcode : 'load' 'store'> <Ports = 2> <Width = 32> <Depth = 128> <RAM>
ST_4 : Operation 71 [1/1] (0.00ns)   --->   "br label %1" [main_5_slices.cpp:162->main_5_slices.cpp:251]   --->   Operation 71 'br' <Predicate = (icmp_ln164)> <Delay = 0.00>

State 5 <SV = 4> <Delay = 3.25>
ST_5 : Operation 72 [1/2] (3.25ns)   --->   "%merged_load = load float* %merged_addr, align 4" [main_5_slices.cpp:164->main_5_slices.cpp:251]   --->   Operation 72 'load' 'merged_load' <Predicate = true> <Delay = 3.25> <Core = "RAM">   --->   Core 37 'RAM' <Latency = 1> <II = 1> <Delay = 3.25> <Storage> <Opcode : 'load' 'store'> <Ports = 2> <Width = 32> <Depth = 128> <RAM>
ST_5 : Operation 73 [1/2] (3.25ns)   --->   "%fc_0_W_load = load float* %fc_0_W_addr, align 4" [main_5_slices.cpp:164->main_5_slices.cpp:251]   --->   Operation 73 'load' 'fc_0_W_load' <Predicate = true> <Delay = 3.25> <Core = "ROM_nP">   --->   Core 52 'ROM_nP' <Latency = 1> <II = 1> <Delay = 3.25> <Storage> <Opcode : 'load'> <Ports = 0> <Width = 32> <Depth = 16384> <ROM>

State 6 <SV = 5> <Delay = 5.70>
ST_6 : Operation 74 [4/4] (5.70ns)   --->   "%tmp_i = fmul float %merged_load, %fc_0_W_load" [main_5_slices.cpp:164->main_5_slices.cpp:251]   --->   Operation 74 'fmul' 'tmp_i' <Predicate = true> <Delay = 5.70> <Core = "FMul">   --->   Core 106 'FMul' <Latency = 3> <II = 1> <Delay = 5.70> <FuncUnit> <Opcode : 'fmul'> <InPorts = 2> <OutPorts = 1>

State 7 <SV = 6> <Delay = 5.70>
ST_7 : Operation 75 [3/4] (5.70ns)   --->   "%tmp_i = fmul float %merged_load, %fc_0_W_load" [main_5_slices.cpp:164->main_5_slices.cpp:251]   --->   Operation 75 'fmul' 'tmp_i' <Predicate = true> <Delay = 5.70> <Core = "FMul">   --->   Core 106 'FMul' <Latency = 3> <II = 1> <Delay = 5.70> <FuncUnit> <Opcode : 'fmul'> <InPorts = 2> <OutPorts = 1>

State 8 <SV = 7> <Delay = 5.70>
ST_8 : Operation 76 [2/4] (5.70ns)   --->   "%tmp_i = fmul float %merged_load, %fc_0_W_load" [main_5_slices.cpp:164->main_5_slices.cpp:251]   --->   Operation 76 'fmul' 'tmp_i' <Predicate = true> <Delay = 5.70> <Core = "FMul">   --->   Core 106 'FMul' <Latency = 3> <II = 1> <Delay = 5.70> <FuncUnit> <Opcode : 'fmul'> <InPorts = 2> <OutPorts = 1>

State 9 <SV = 8> <Delay = 5.70>
ST_9 : Operation 77 [1/4] (5.70ns)   --->   "%tmp_i = fmul float %merged_load, %fc_0_W_load" [main_5_slices.cpp:164->main_5_slices.cpp:251]   --->   Operation 77 'fmul' 'tmp_i' <Predicate = true> <Delay = 5.70> <Core = "FMul">   --->   Core 106 'FMul' <Latency = 3> <II = 1> <Delay = 5.70> <FuncUnit> <Opcode : 'fmul'> <InPorts = 2> <OutPorts = 1>

State 10 <SV = 9> <Delay = 7.25>
ST_10 : Operation 78 [5/5] (7.25ns)   --->   "%acc = fadd float %acc_0_i, %tmp_i" [main_5_slices.cpp:164->main_5_slices.cpp:251]   --->   Operation 78 'fadd' 'acc' <Predicate = true> <Delay = 7.25> <Core = "FAddSub">   --->   Core 105 'FAddSub' <Latency = 4> <II = 1> <Delay = 7.25> <FuncUnit> <Opcode : 'fadd' 'fsub'> <InPorts = 2> <OutPorts = 1>

State 11 <SV = 10> <Delay = 7.25>
ST_11 : Operation 79 [4/5] (7.25ns)   --->   "%acc = fadd float %acc_0_i, %tmp_i" [main_5_slices.cpp:164->main_5_slices.cpp:251]   --->   Operation 79 'fadd' 'acc' <Predicate = true> <Delay = 7.25> <Core = "FAddSub">   --->   Core 105 'FAddSub' <Latency = 4> <II = 1> <Delay = 7.25> <FuncUnit> <Opcode : 'fadd' 'fsub'> <InPorts = 2> <OutPorts = 1>

State 12 <SV = 11> <Delay = 7.25>
ST_12 : Operation 80 [3/5] (7.25ns)   --->   "%acc = fadd float %acc_0_i, %tmp_i" [main_5_slices.cpp:164->main_5_slices.cpp:251]   --->   Operation 80 'fadd' 'acc' <Predicate = true> <Delay = 7.25> <Core = "FAddSub">   --->   Core 105 'FAddSub' <Latency = 4> <II = 1> <Delay = 7.25> <FuncUnit> <Opcode : 'fadd' 'fsub'> <InPorts = 2> <OutPorts = 1>

State 13 <SV = 12> <Delay = 7.25>
ST_13 : Operation 81 [2/5] (7.25ns)   --->   "%acc = fadd float %acc_0_i, %tmp_i" [main_5_slices.cpp:164->main_5_slices.cpp:251]   --->   Operation 81 'fadd' 'acc' <Predicate = true> <Delay = 7.25> <Core = "FAddSub">   --->   Core 105 'FAddSub' <Latency = 4> <II = 1> <Delay = 7.25> <FuncUnit> <Opcode : 'fadd' 'fsub'> <InPorts = 2> <OutPorts = 1>

State 14 <SV = 13> <Delay = 7.25>
ST_14 : Operation 82 [1/5] (7.25ns)   --->   "%acc = fadd float %acc_0_i, %tmp_i" [main_5_slices.cpp:164->main_5_slices.cpp:251]   --->   Operation 82 'fadd' 'acc' <Predicate = true> <Delay = 7.25> <Core = "FAddSub">   --->   Core 105 'FAddSub' <Latency = 4> <II = 1> <Delay = 7.25> <FuncUnit> <Opcode : 'fadd' 'fsub'> <InPorts = 2> <OutPorts = 1>
ST_14 : Operation 83 [1/1] (0.00ns)   --->   "br label %.preheader.i" [main_5_slices.cpp:164->main_5_slices.cpp:251]   --->   Operation 83 'br' <Predicate = true> <Delay = 0.00>

State 15 <SV = 3> <Delay = 1.76>
ST_15 : Operation 84 [1/2] (0.00ns)   --->   "call fastcc void @bn_vector.1([128 x float]* %z0, [128 x float]* @fc_0_bn_gamma, [128 x float]* @fc_0_bn_beta, [128 x float]* @fc_0_bn_mean, [128 x float]* @fc_0_bn_var) nounwind" [main_5_slices.cpp:252]   --->   Operation 84 'call' <Predicate = true> <Delay = 0.00> <CoreType = "Generic">   --->   Core 0 '' <Latency = 0> <II = 1> <Delay = 1.00> <Generic> <Opcode : >
ST_15 : Operation 85 [1/1] (1.76ns)   --->   "br label %5" [main_5_slices.cpp:253]   --->   Operation 85 'br' <Predicate = true> <Delay = 1.76>

State 16 <SV = 4> <Delay = 3.25>
ST_16 : Operation 86 [1/1] (0.00ns)   --->   "%j_0 = phi i8 [ 0, %dense_forward.2.exit ], [ %j, %6 ]"   --->   Operation 86 'phi' 'j_0' <Predicate = true> <Delay = 0.00>
ST_16 : Operation 87 [1/1] (1.55ns)   --->   "%icmp_ln253 = icmp eq i8 %j_0, -128" [main_5_slices.cpp:253]   --->   Operation 87 'icmp' 'icmp_ln253' <Predicate = true> <Delay = 1.55> <Core = "Cmp">   --->   Core 25 'Cmp' <Latency = 0> <II = 1> <Delay = 2.44> <FuncUnit> <Opcode : 'icmp'> <InPorts = 2> <OutPorts = 1>
ST_16 : Operation 88 [1/1] (0.00ns)   --->   "%empty_62 = call i32 (...)* @_ssdm_op_SpecLoopTripCount(i64 128, i64 128, i64 128) nounwind"   --->   Operation 88 'speclooptripcount' 'empty_62' <Predicate = true> <Delay = 0.00>
ST_16 : Operation 89 [1/1] (1.91ns)   --->   "%j = add i8 %j_0, 1" [main_5_slices.cpp:253]   --->   Operation 89 'add' 'j' <Predicate = true> <Delay = 1.91> <Core = "AddSub">   --->   Core 14 'AddSub' <Latency = 0> <II = 1> <Delay = 1.91> <FuncUnit> <Opcode : 'add' 'sub'> <InPorts = 2> <OutPorts = 1>
ST_16 : Operation 90 [1/1] (0.00ns)   --->   "br i1 %icmp_ln253, label %.preheader.preheader, label %6" [main_5_slices.cpp:253]   --->   Operation 90 'br' <Predicate = true> <Delay = 0.00>
ST_16 : Operation 91 [1/1] (0.00ns)   --->   "%zext_ln253 = zext i8 %j_0 to i64" [main_5_slices.cpp:253]   --->   Operation 91 'zext' 'zext_ln253' <Predicate = (!icmp_ln253)> <Delay = 0.00>
ST_16 : Operation 92 [1/1] (0.00ns)   --->   "%z0_addr = getelementptr inbounds [128 x float]* %z0, i64 0, i64 %zext_ln253" [main_5_slices.cpp:253]   --->   Operation 92 'getelementptr' 'z0_addr' <Predicate = (!icmp_ln253)> <Delay = 0.00>
ST_16 : Operation 93 [2/2] (3.25ns)   --->   "%z0_load = load float* %z0_addr, align 4" [main_5_slices.cpp:253]   --->   Operation 93 'load' 'z0_load' <Predicate = (!icmp_ln253)> <Delay = 3.25> <Core = "RAM">   --->   Core 37 'RAM' <Latency = 1> <II = 1> <Delay = 3.25> <Storage> <Opcode : 'load' 'store'> <Ports = 2> <Width = 32> <Depth = 128> <RAM>
ST_16 : Operation 94 [1/1] (1.76ns)   --->   "br label %.preheader"   --->   Operation 94 'br' <Predicate = (icmp_ln253)> <Delay = 1.76>

State 17 <SV = 5> <Delay = 8.68>
ST_17 : Operation 95 [1/2] (3.25ns)   --->   "%z0_load = load float* %z0_addr, align 4" [main_5_slices.cpp:253]   --->   Operation 95 'load' 'z0_load' <Predicate = true> <Delay = 3.25> <Core = "RAM">   --->   Core 37 'RAM' <Latency = 1> <II = 1> <Delay = 3.25> <Storage> <Opcode : 'load' 'store'> <Ports = 2> <Width = 32> <Depth = 128> <RAM>
ST_17 : Operation 96 [2/2] (5.43ns)   --->   "%tmp_s = fcmp ogt float %z0_load, 0.000000e+00" [main_5_slices.cpp:43->main_5_slices.cpp:253]   --->   Operation 96 'fcmp' 'tmp_s' <Predicate = true> <Delay = 5.43> <Core = "FCmp">   --->   Core 111 'FCmp' <Latency = 1> <II = 1> <Delay = 5.43> <FuncUnit> <Opcode : 'fcmp'> <InPorts = 2> <OutPorts = 1>

State 18 <SV = 6> <Delay = 6.40>
ST_18 : Operation 97 [1/1] (0.00ns)   --->   "%bitcast_ln43 = bitcast float %z0_load to i32" [main_5_slices.cpp:43->main_5_slices.cpp:253]   --->   Operation 97 'bitcast' 'bitcast_ln43' <Predicate = true> <Delay = 0.00>
ST_18 : Operation 98 [1/1] (0.00ns)   --->   "%tmp = call i8 @_ssdm_op_PartSelect.i8.i32.i32.i32(i32 %bitcast_ln43, i32 23, i32 30)" [main_5_slices.cpp:43->main_5_slices.cpp:253]   --->   Operation 98 'partselect' 'tmp' <Predicate = true> <Delay = 0.00>
ST_18 : Operation 99 [1/1] (0.00ns)   --->   "%trunc_ln43 = trunc i32 %bitcast_ln43 to i23" [main_5_slices.cpp:43->main_5_slices.cpp:253]   --->   Operation 99 'trunc' 'trunc_ln43' <Predicate = true> <Delay = 0.00>
ST_18 : Operation 100 [1/1] (1.55ns)   --->   "%icmp_ln43 = icmp ne i8 %tmp, -1" [main_5_slices.cpp:43->main_5_slices.cpp:253]   --->   Operation 100 'icmp' 'icmp_ln43' <Predicate = true> <Delay = 1.55> <Core = "Cmp">   --->   Core 25 'Cmp' <Latency = 0> <II = 1> <Delay = 2.44> <FuncUnit> <Opcode : 'icmp'> <InPorts = 2> <OutPorts = 1>
ST_18 : Operation 101 [1/1] (2.44ns)   --->   "%icmp_ln43_10 = icmp eq i23 %trunc_ln43, 0" [main_5_slices.cpp:43->main_5_slices.cpp:253]   --->   Operation 101 'icmp' 'icmp_ln43_10' <Predicate = true> <Delay = 2.44> <Core = "Cmp">   --->   Core 25 'Cmp' <Latency = 0> <II = 1> <Delay = 2.44> <FuncUnit> <Opcode : 'icmp'> <InPorts = 2> <OutPorts = 1>
ST_18 : Operation 102 [1/1] (0.00ns) (grouped into LUT with out node select_ln43)   --->   "%or_ln43 = or i1 %icmp_ln43_10, %icmp_ln43" [main_5_slices.cpp:43->main_5_slices.cpp:253]   --->   Operation 102 'or' 'or_ln43' <Predicate = true> <Delay = 0.00> <Core = "LogicGate">   --->   Core 27 'LogicGate' <Latency = 0> <II = 1> <Delay = 0.97> <FuncUnit> <Opcode : 'and' 'or' 'xor'> <InPorts = 2> <OutPorts = 1>
ST_18 : Operation 103 [1/2] (5.43ns)   --->   "%tmp_s = fcmp ogt float %z0_load, 0.000000e+00" [main_5_slices.cpp:43->main_5_slices.cpp:253]   --->   Operation 103 'fcmp' 'tmp_s' <Predicate = true> <Delay = 5.43> <Core = "FCmp">   --->   Core 111 'FCmp' <Latency = 1> <II = 1> <Delay = 5.43> <FuncUnit> <Opcode : 'fcmp'> <InPorts = 2> <OutPorts = 1>
ST_18 : Operation 104 [1/1] (0.00ns) (grouped into LUT with out node select_ln43)   --->   "%and_ln43 = and i1 %or_ln43, %tmp_s" [main_5_slices.cpp:43->main_5_slices.cpp:253]   --->   Operation 104 'and' 'and_ln43' <Predicate = true> <Delay = 0.00> <Core = "LogicGate">   --->   Core 27 'LogicGate' <Latency = 0> <II = 1> <Delay = 0.97> <FuncUnit> <Opcode : 'and' 'or' 'xor'> <InPorts = 2> <OutPorts = 1>
ST_18 : Operation 105 [1/1] (0.97ns) (out node of the LUT)   --->   "%select_ln43 = select i1 %and_ln43, float %z0_load, float 0.000000e+00" [main_5_slices.cpp:43->main_5_slices.cpp:253]   --->   Operation 105 'select' 'select_ln43' <Predicate = true> <Delay = 0.97> <Core = "Sel">   --->   Core 26 'Sel' <Latency = 0> <II = 1> <Delay = 0.69> <FuncUnit> <Opcode : 'select'> <InPorts = 3> <OutPorts = 1>

State 19 <SV = 7> <Delay = 3.25>
ST_19 : Operation 106 [1/1] (3.25ns)   --->   "store float %select_ln43, float* %z0_addr, align 4" [main_5_slices.cpp:253]   --->   Operation 106 'store' <Predicate = true> <Delay = 3.25> <Core = "RAM">   --->   Core 37 'RAM' <Latency = 1> <II = 1> <Delay = 3.25> <Storage> <Opcode : 'load' 'store'> <Ports = 2> <Width = 32> <Depth = 128> <RAM>
ST_19 : Operation 107 [1/1] (0.00ns)   --->   "br label %5" [main_5_slices.cpp:253]   --->   Operation 107 'br' <Predicate = true> <Delay = 0.00>

State 20 <SV = 5> <Delay = 1.91>
ST_20 : Operation 108 [1/1] (0.00ns)   --->   "%j_0_i3 = phi i8 [ %j_13, %9 ], [ 0, %.preheader.preheader ]"   --->   Operation 108 'phi' 'j_0_i3' <Predicate = true> <Delay = 0.00>
ST_20 : Operation 109 [1/1] (0.00ns)   --->   "%j_0_i3_cast2 = zext i8 %j_0_i3 to i14" [main_5_slices.cpp:162->main_5_slices.cpp:256]   --->   Operation 109 'zext' 'j_0_i3_cast2' <Predicate = true> <Delay = 0.00>
ST_20 : Operation 110 [1/1] (0.00ns)   --->   "%empty_63 = call i32 (...)* @_ssdm_op_SpecLoopTripCount(i64 128, i64 128, i64 128) nounwind"   --->   Operation 110 'speclooptripcount' 'empty_63' <Predicate = true> <Delay = 0.00>
ST_20 : Operation 111 [1/1] (1.55ns)   --->   "%icmp_ln162_1 = icmp eq i8 %j_0_i3, -128" [main_5_slices.cpp:162->main_5_slices.cpp:256]   --->   Operation 111 'icmp' 'icmp_ln162_1' <Predicate = true> <Delay = 1.55> <Core = "Cmp">   --->   Core 25 'Cmp' <Latency = 0> <II = 1> <Delay = 2.44> <FuncUnit> <Opcode : 'icmp'> <InPorts = 2> <OutPorts = 1>
ST_20 : Operation 112 [1/1] (1.91ns)   --->   "%j_13 = add i8 %j_0_i3, 1" [main_5_slices.cpp:162->main_5_slices.cpp:256]   --->   Operation 112 'add' 'j_13' <Predicate = true> <Delay = 1.91> <Core = "AddSub">   --->   Core 14 'AddSub' <Latency = 0> <II = 1> <Delay = 1.91> <FuncUnit> <Opcode : 'add' 'sub'> <InPorts = 2> <OutPorts = 1>
ST_20 : Operation 113 [1/1] (0.00ns)   --->   "br i1 %icmp_ln162_1, label %dense_forward.1.exit, label %7" [main_5_slices.cpp:162->main_5_slices.cpp:256]   --->   Operation 113 'br' <Predicate = true> <Delay = 0.00>
ST_20 : Operation 114 [1/1] (0.00ns)   --->   "%zext_ln163_1 = zext i8 %j_0_i3 to i64" [main_5_slices.cpp:163->main_5_slices.cpp:256]   --->   Operation 114 'zext' 'zext_ln163_1' <Predicate = (!icmp_ln162_1)> <Delay = 0.00>
ST_20 : Operation 115 [1/1] (1.76ns)   --->   "br label %.preheader.i9" [main_5_slices.cpp:163->main_5_slices.cpp:256]   --->   Operation 115 'br' <Predicate = (!icmp_ln162_1)> <Delay = 1.76>
ST_20 : Operation 116 [2/2] (1.76ns)   --->   "call fastcc void @bn_vector.1([128 x float]* %z1, [128 x float]* @fc_1_bn_gamma, [128 x float]* @fc_1_bn_beta, [128 x float]* @fc_1_bn_mean, [128 x float]* @fc_1_bn_var) nounwind" [main_5_slices.cpp:257]   --->   Operation 116 'call' <Predicate = (icmp_ln162_1)> <Delay = 1.76> <CoreType = "Generic">   --->   Core 0 '' <Latency = 0> <II = 1> <Delay = 1.00> <Generic> <Opcode : >

State 21 <SV = 6> <Delay = 5.06>
ST_21 : Operation 117 [1/1] (0.00ns)   --->   "%acc_0_i6 = phi float [ %acc_1, %8 ], [ 0.000000e+00, %7 ]"   --->   Operation 117 'phi' 'acc_0_i6' <Predicate = true> <Delay = 0.00>
ST_21 : Operation 118 [1/1] (0.00ns)   --->   "%i_0_i7 = phi i8 [ %i_1, %8 ], [ 0, %7 ]"   --->   Operation 118 'phi' 'i_0_i7' <Predicate = true> <Delay = 0.00>
ST_21 : Operation 119 [1/1] (0.00ns)   --->   "%empty_64 = call i32 (...)* @_ssdm_op_SpecLoopTripCount(i64 128, i64 128, i64 128) nounwind"   --->   Operation 119 'speclooptripcount' 'empty_64' <Predicate = true> <Delay = 0.00>
ST_21 : Operation 120 [1/1] (1.55ns)   --->   "%icmp_ln164_1 = icmp eq i8 %i_0_i7, -128" [main_5_slices.cpp:164->main_5_slices.cpp:256]   --->   Operation 120 'icmp' 'icmp_ln164_1' <Predicate = true> <Delay = 1.55> <Core = "Cmp">   --->   Core 25 'Cmp' <Latency = 0> <II = 1> <Delay = 2.44> <FuncUnit> <Opcode : 'icmp'> <InPorts = 2> <OutPorts = 1>
ST_21 : Operation 121 [1/1] (1.91ns)   --->   "%i_1 = add i8 %i_0_i7, 1" [main_5_slices.cpp:164->main_5_slices.cpp:256]   --->   Operation 121 'add' 'i_1' <Predicate = true> <Delay = 1.91> <Core = "AddSub">   --->   Core 14 'AddSub' <Latency = 0> <II = 1> <Delay = 1.91> <FuncUnit> <Opcode : 'add' 'sub'> <InPorts = 2> <OutPorts = 1>
ST_21 : Operation 122 [1/1] (0.00ns)   --->   "br i1 %icmp_ln164_1, label %9, label %8" [main_5_slices.cpp:164->main_5_slices.cpp:256]   --->   Operation 122 'br' <Predicate = true> <Delay = 0.00>
ST_21 : Operation 123 [1/1] (0.00ns)   --->   "%zext_ln164_2 = zext i8 %i_0_i7 to i64" [main_5_slices.cpp:164->main_5_slices.cpp:256]   --->   Operation 123 'zext' 'zext_ln164_2' <Predicate = (!icmp_ln164_1)> <Delay = 0.00>
ST_21 : Operation 124 [1/1] (0.00ns)   --->   "%z0_addr_2 = getelementptr [128 x float]* %z0, i64 0, i64 %zext_ln164_2" [main_5_slices.cpp:164->main_5_slices.cpp:256]   --->   Operation 124 'getelementptr' 'z0_addr_2' <Predicate = (!icmp_ln164_1)> <Delay = 0.00>
ST_21 : Operation 125 [2/2] (3.25ns)   --->   "%z0_load_1 = load float* %z0_addr_2, align 4" [main_5_slices.cpp:164->main_5_slices.cpp:256]   --->   Operation 125 'load' 'z0_load_1' <Predicate = (!icmp_ln164_1)> <Delay = 3.25> <Core = "RAM">   --->   Core 37 'RAM' <Latency = 1> <II = 1> <Delay = 3.25> <Storage> <Opcode : 'load' 'store'> <Ports = 2> <Width = 32> <Depth = 128> <RAM>
ST_21 : Operation 126 [1/1] (0.00ns)   --->   "%trunc_ln164_1 = trunc i8 %i_0_i7 to i7" [main_5_slices.cpp:164->main_5_slices.cpp:256]   --->   Operation 126 'trunc' 'trunc_ln164_1' <Predicate = (!icmp_ln164_1)> <Delay = 0.00>
ST_21 : Operation 127 [1/1] (0.00ns)   --->   "%shl_ln164_1 = call i14 @_ssdm_op_BitConcatenate.i14.i7.i7(i7 %trunc_ln164_1, i7 0)" [main_5_slices.cpp:164->main_5_slices.cpp:256]   --->   Operation 127 'bitconcatenate' 'shl_ln164_1' <Predicate = (!icmp_ln164_1)> <Delay = 0.00>
ST_21 : Operation 128 [1/1] (1.81ns)   --->   "%add_ln164_2 = add i14 %j_0_i3_cast2, %shl_ln164_1" [main_5_slices.cpp:164->main_5_slices.cpp:256]   --->   Operation 128 'add' 'add_ln164_2' <Predicate = (!icmp_ln164_1)> <Delay = 1.81> <Core = "AddSub">   --->   Core 14 'AddSub' <Latency = 0> <II = 1> <Delay = 1.91> <FuncUnit> <Opcode : 'add' 'sub'> <InPorts = 2> <OutPorts = 1>
ST_21 : Operation 129 [1/1] (0.00ns)   --->   "%zext_ln164_3 = zext i14 %add_ln164_2 to i64" [main_5_slices.cpp:164->main_5_slices.cpp:256]   --->   Operation 129 'zext' 'zext_ln164_3' <Predicate = (!icmp_ln164_1)> <Delay = 0.00>
ST_21 : Operation 130 [1/1] (0.00ns)   --->   "%fc_1_W_addr = getelementptr [16384 x float]* @fc_1_W, i64 0, i64 %zext_ln164_3" [main_5_slices.cpp:164->main_5_slices.cpp:256]   --->   Operation 130 'getelementptr' 'fc_1_W_addr' <Predicate = (!icmp_ln164_1)> <Delay = 0.00>
ST_21 : Operation 131 [2/2] (3.25ns)   --->   "%fc_1_W_load = load float* %fc_1_W_addr, align 4" [main_5_slices.cpp:164->main_5_slices.cpp:256]   --->   Operation 131 'load' 'fc_1_W_load' <Predicate = (!icmp_ln164_1)> <Delay = 3.25> <Core = "ROM_nP">   --->   Core 52 'ROM_nP' <Latency = 1> <II = 1> <Delay = 3.25> <Storage> <Opcode : 'load'> <Ports = 0> <Width = 32> <Depth = 16384> <ROM>
ST_21 : Operation 132 [1/1] (0.00ns)   --->   "%z1_addr_1 = getelementptr [128 x float]* %z1, i64 0, i64 %zext_ln163_1" [main_5_slices.cpp:165->main_5_slices.cpp:256]   --->   Operation 132 'getelementptr' 'z1_addr_1' <Predicate = (icmp_ln164_1)> <Delay = 0.00>
ST_21 : Operation 133 [1/1] (3.25ns)   --->   "store float %acc_0_i6, float* %z1_addr_1, align 4" [main_5_slices.cpp:165->main_5_slices.cpp:256]   --->   Operation 133 'store' <Predicate = (icmp_ln164_1)> <Delay = 3.25> <Core = "RAM">   --->   Core 37 'RAM' <Latency = 1> <II = 1> <Delay = 3.25> <Storage> <Opcode : 'load' 'store'> <Ports = 2> <Width = 32> <Depth = 128> <RAM>
ST_21 : Operation 134 [1/1] (0.00ns)   --->   "br label %.preheader" [main_5_slices.cpp:162->main_5_slices.cpp:256]   --->   Operation 134 'br' <Predicate = (icmp_ln164_1)> <Delay = 0.00>

State 22 <SV = 7> <Delay = 3.25>
ST_22 : Operation 135 [1/2] (3.25ns)   --->   "%z0_load_1 = load float* %z0_addr_2, align 4" [main_5_slices.cpp:164->main_5_slices.cpp:256]   --->   Operation 135 'load' 'z0_load_1' <Predicate = true> <Delay = 3.25> <Core = "RAM">   --->   Core 37 'RAM' <Latency = 1> <II = 1> <Delay = 3.25> <Storage> <Opcode : 'load' 'store'> <Ports = 2> <Width = 32> <Depth = 128> <RAM>
ST_22 : Operation 136 [1/2] (3.25ns)   --->   "%fc_1_W_load = load float* %fc_1_W_addr, align 4" [main_5_slices.cpp:164->main_5_slices.cpp:256]   --->   Operation 136 'load' 'fc_1_W_load' <Predicate = true> <Delay = 3.25> <Core = "ROM_nP">   --->   Core 52 'ROM_nP' <Latency = 1> <II = 1> <Delay = 3.25> <Storage> <Opcode : 'load'> <Ports = 0> <Width = 32> <Depth = 16384> <ROM>

State 23 <SV = 8> <Delay = 5.70>
ST_23 : Operation 137 [4/4] (5.70ns)   --->   "%tmp_i1 = fmul float %z0_load_1, %fc_1_W_load" [main_5_slices.cpp:164->main_5_slices.cpp:256]   --->   Operation 137 'fmul' 'tmp_i1' <Predicate = true> <Delay = 5.70> <Core = "FMul">   --->   Core 106 'FMul' <Latency = 3> <II = 1> <Delay = 5.70> <FuncUnit> <Opcode : 'fmul'> <InPorts = 2> <OutPorts = 1>

State 24 <SV = 9> <Delay = 5.70>
ST_24 : Operation 138 [3/4] (5.70ns)   --->   "%tmp_i1 = fmul float %z0_load_1, %fc_1_W_load" [main_5_slices.cpp:164->main_5_slices.cpp:256]   --->   Operation 138 'fmul' 'tmp_i1' <Predicate = true> <Delay = 5.70> <Core = "FMul">   --->   Core 106 'FMul' <Latency = 3> <II = 1> <Delay = 5.70> <FuncUnit> <Opcode : 'fmul'> <InPorts = 2> <OutPorts = 1>

State 25 <SV = 10> <Delay = 5.70>
ST_25 : Operation 139 [2/4] (5.70ns)   --->   "%tmp_i1 = fmul float %z0_load_1, %fc_1_W_load" [main_5_slices.cpp:164->main_5_slices.cpp:256]   --->   Operation 139 'fmul' 'tmp_i1' <Predicate = true> <Delay = 5.70> <Core = "FMul">   --->   Core 106 'FMul' <Latency = 3> <II = 1> <Delay = 5.70> <FuncUnit> <Opcode : 'fmul'> <InPorts = 2> <OutPorts = 1>

State 26 <SV = 11> <Delay = 5.70>
ST_26 : Operation 140 [1/4] (5.70ns)   --->   "%tmp_i1 = fmul float %z0_load_1, %fc_1_W_load" [main_5_slices.cpp:164->main_5_slices.cpp:256]   --->   Operation 140 'fmul' 'tmp_i1' <Predicate = true> <Delay = 5.70> <Core = "FMul">   --->   Core 106 'FMul' <Latency = 3> <II = 1> <Delay = 5.70> <FuncUnit> <Opcode : 'fmul'> <InPorts = 2> <OutPorts = 1>

State 27 <SV = 12> <Delay = 7.25>
ST_27 : Operation 141 [5/5] (7.25ns)   --->   "%acc_1 = fadd float %acc_0_i6, %tmp_i1" [main_5_slices.cpp:164->main_5_slices.cpp:256]   --->   Operation 141 'fadd' 'acc_1' <Predicate = true> <Delay = 7.25> <Core = "FAddSub">   --->   Core 105 'FAddSub' <Latency = 4> <II = 1> <Delay = 7.25> <FuncUnit> <Opcode : 'fadd' 'fsub'> <InPorts = 2> <OutPorts = 1>

State 28 <SV = 13> <Delay = 7.25>
ST_28 : Operation 142 [4/5] (7.25ns)   --->   "%acc_1 = fadd float %acc_0_i6, %tmp_i1" [main_5_slices.cpp:164->main_5_slices.cpp:256]   --->   Operation 142 'fadd' 'acc_1' <Predicate = true> <Delay = 7.25> <Core = "FAddSub">   --->   Core 105 'FAddSub' <Latency = 4> <II = 1> <Delay = 7.25> <FuncUnit> <Opcode : 'fadd' 'fsub'> <InPorts = 2> <OutPorts = 1>

State 29 <SV = 14> <Delay = 7.25>
ST_29 : Operation 143 [3/5] (7.25ns)   --->   "%acc_1 = fadd float %acc_0_i6, %tmp_i1" [main_5_slices.cpp:164->main_5_slices.cpp:256]   --->   Operation 143 'fadd' 'acc_1' <Predicate = true> <Delay = 7.25> <Core = "FAddSub">   --->   Core 105 'FAddSub' <Latency = 4> <II = 1> <Delay = 7.25> <FuncUnit> <Opcode : 'fadd' 'fsub'> <InPorts = 2> <OutPorts = 1>

State 30 <SV = 15> <Delay = 7.25>
ST_30 : Operation 144 [2/5] (7.25ns)   --->   "%acc_1 = fadd float %acc_0_i6, %tmp_i1" [main_5_slices.cpp:164->main_5_slices.cpp:256]   --->   Operation 144 'fadd' 'acc_1' <Predicate = true> <Delay = 7.25> <Core = "FAddSub">   --->   Core 105 'FAddSub' <Latency = 4> <II = 1> <Delay = 7.25> <FuncUnit> <Opcode : 'fadd' 'fsub'> <InPorts = 2> <OutPorts = 1>

State 31 <SV = 16> <Delay = 7.25>
ST_31 : Operation 145 [1/5] (7.25ns)   --->   "%acc_1 = fadd float %acc_0_i6, %tmp_i1" [main_5_slices.cpp:164->main_5_slices.cpp:256]   --->   Operation 145 'fadd' 'acc_1' <Predicate = true> <Delay = 7.25> <Core = "FAddSub">   --->   Core 105 'FAddSub' <Latency = 4> <II = 1> <Delay = 7.25> <FuncUnit> <Opcode : 'fadd' 'fsub'> <InPorts = 2> <OutPorts = 1>
ST_31 : Operation 146 [1/1] (0.00ns)   --->   "br label %.preheader.i9" [main_5_slices.cpp:164->main_5_slices.cpp:256]   --->   Operation 146 'br' <Predicate = true> <Delay = 0.00>

State 32 <SV = 6> <Delay = 1.76>
ST_32 : Operation 147 [1/2] (0.00ns)   --->   "call fastcc void @bn_vector.1([128 x float]* %z1, [128 x float]* @fc_1_bn_gamma, [128 x float]* @fc_1_bn_beta, [128 x float]* @fc_1_bn_mean, [128 x float]* @fc_1_bn_var) nounwind" [main_5_slices.cpp:257]   --->   Operation 147 'call' <Predicate = true> <Delay = 0.00> <CoreType = "Generic">   --->   Core 0 '' <Latency = 0> <II = 1> <Delay = 1.00> <Generic> <Opcode : >
ST_32 : Operation 148 [1/1] (1.76ns)   --->   "br label %10" [main_5_slices.cpp:258]   --->   Operation 148 'br' <Predicate = true> <Delay = 1.76>

State 33 <SV = 7> <Delay = 3.25>
ST_33 : Operation 149 [1/1] (0.00ns)   --->   "%j_1 = phi i8 [ 0, %dense_forward.1.exit ], [ %j_12, %11 ]"   --->   Operation 149 'phi' 'j_1' <Predicate = true> <Delay = 0.00>
ST_33 : Operation 150 [1/1] (1.55ns)   --->   "%icmp_ln258 = icmp eq i8 %j_1, -128" [main_5_slices.cpp:258]   --->   Operation 150 'icmp' 'icmp_ln258' <Predicate = true> <Delay = 1.55> <Core = "Cmp">   --->   Core 25 'Cmp' <Latency = 0> <II = 1> <Delay = 2.44> <FuncUnit> <Opcode : 'icmp'> <InPorts = 2> <OutPorts = 1>
ST_33 : Operation 151 [1/1] (0.00ns)   --->   "%empty_65 = call i32 (...)* @_ssdm_op_SpecLoopTripCount(i64 128, i64 128, i64 128) nounwind"   --->   Operation 151 'speclooptripcount' 'empty_65' <Predicate = true> <Delay = 0.00>
ST_33 : Operation 152 [1/1] (1.91ns)   --->   "%j_12 = add i8 %j_1, 1" [main_5_slices.cpp:258]   --->   Operation 152 'add' 'j_12' <Predicate = true> <Delay = 1.91> <Core = "AddSub">   --->   Core 14 'AddSub' <Latency = 0> <II = 1> <Delay = 1.91> <FuncUnit> <Opcode : 'add' 'sub'> <InPorts = 2> <OutPorts = 1>
ST_33 : Operation 153 [1/1] (0.00ns)   --->   "br i1 %icmp_ln258, label %12, label %11" [main_5_slices.cpp:258]   --->   Operation 153 'br' <Predicate = true> <Delay = 0.00>
ST_33 : Operation 154 [1/1] (0.00ns)   --->   "%zext_ln258 = zext i8 %j_1 to i64" [main_5_slices.cpp:258]   --->   Operation 154 'zext' 'zext_ln258' <Predicate = (!icmp_ln258)> <Delay = 0.00>
ST_33 : Operation 155 [1/1] (0.00ns)   --->   "%z1_addr = getelementptr inbounds [128 x float]* %z1, i64 0, i64 %zext_ln258" [main_5_slices.cpp:258]   --->   Operation 155 'getelementptr' 'z1_addr' <Predicate = (!icmp_ln258)> <Delay = 0.00>
ST_33 : Operation 156 [2/2] (3.25ns)   --->   "%z1_load = load float* %z1_addr, align 4" [main_5_slices.cpp:258]   --->   Operation 156 'load' 'z1_load' <Predicate = (!icmp_ln258)> <Delay = 3.25> <Core = "RAM">   --->   Core 37 'RAM' <Latency = 1> <II = 1> <Delay = 3.25> <Storage> <Opcode : 'load' 'store'> <Ports = 2> <Width = 32> <Depth = 128> <RAM>
ST_33 : Operation 157 [1/1] (0.00ns)   --->   "ret i32 0" [main_5_slices.cpp:265]   --->   Operation 157 'ret' <Predicate = (icmp_ln258)> <Delay = 0.00>

State 34 <SV = 8> <Delay = 8.68>
ST_34 : Operation 158 [1/2] (3.25ns)   --->   "%z1_load = load float* %z1_addr, align 4" [main_5_slices.cpp:258]   --->   Operation 158 'load' 'z1_load' <Predicate = true> <Delay = 3.25> <Core = "RAM">   --->   Core 37 'RAM' <Latency = 1> <II = 1> <Delay = 3.25> <Storage> <Opcode : 'load' 'store'> <Ports = 2> <Width = 32> <Depth = 128> <RAM>
ST_34 : Operation 159 [2/2] (5.43ns)   --->   "%tmp_15 = fcmp ogt float %z1_load, 0.000000e+00" [main_5_slices.cpp:43->main_5_slices.cpp:258]   --->   Operation 159 'fcmp' 'tmp_15' <Predicate = true> <Delay = 5.43> <Core = "FCmp">   --->   Core 111 'FCmp' <Latency = 1> <II = 1> <Delay = 5.43> <FuncUnit> <Opcode : 'fcmp'> <InPorts = 2> <OutPorts = 1>

State 35 <SV = 9> <Delay = 6.40>
ST_35 : Operation 160 [1/1] (0.00ns)   --->   "%bitcast_ln43_5 = bitcast float %z1_load to i32" [main_5_slices.cpp:43->main_5_slices.cpp:258]   --->   Operation 160 'bitcast' 'bitcast_ln43_5' <Predicate = true> <Delay = 0.00>
ST_35 : Operation 161 [1/1] (0.00ns)   --->   "%tmp_14 = call i8 @_ssdm_op_PartSelect.i8.i32.i32.i32(i32 %bitcast_ln43_5, i32 23, i32 30)" [main_5_slices.cpp:43->main_5_slices.cpp:258]   --->   Operation 161 'partselect' 'tmp_14' <Predicate = true> <Delay = 0.00>
ST_35 : Operation 162 [1/1] (0.00ns)   --->   "%trunc_ln43_5 = trunc i32 %bitcast_ln43_5 to i23" [main_5_slices.cpp:43->main_5_slices.cpp:258]   --->   Operation 162 'trunc' 'trunc_ln43_5' <Predicate = true> <Delay = 0.00>
ST_35 : Operation 163 [1/1] (1.55ns)   --->   "%icmp_ln43_11 = icmp ne i8 %tmp_14, -1" [main_5_slices.cpp:43->main_5_slices.cpp:258]   --->   Operation 163 'icmp' 'icmp_ln43_11' <Predicate = true> <Delay = 1.55> <Core = "Cmp">   --->   Core 25 'Cmp' <Latency = 0> <II = 1> <Delay = 2.44> <FuncUnit> <Opcode : 'icmp'> <InPorts = 2> <OutPorts = 1>
ST_35 : Operation 164 [1/1] (2.44ns)   --->   "%icmp_ln43_12 = icmp eq i23 %trunc_ln43_5, 0" [main_5_slices.cpp:43->main_5_slices.cpp:258]   --->   Operation 164 'icmp' 'icmp_ln43_12' <Predicate = true> <Delay = 2.44> <Core = "Cmp">   --->   Core 25 'Cmp' <Latency = 0> <II = 1> <Delay = 2.44> <FuncUnit> <Opcode : 'icmp'> <InPorts = 2> <OutPorts = 1>
ST_35 : Operation 165 [1/1] (0.00ns) (grouped into LUT with out node select_ln43_5)   --->   "%or_ln43_5 = or i1 %icmp_ln43_12, %icmp_ln43_11" [main_5_slices.cpp:43->main_5_slices.cpp:258]   --->   Operation 165 'or' 'or_ln43_5' <Predicate = true> <Delay = 0.00> <Core = "LogicGate">   --->   Core 27 'LogicGate' <Latency = 0> <II = 1> <Delay = 0.97> <FuncUnit> <Opcode : 'and' 'or' 'xor'> <InPorts = 2> <OutPorts = 1>
ST_35 : Operation 166 [1/2] (5.43ns)   --->   "%tmp_15 = fcmp ogt float %z1_load, 0.000000e+00" [main_5_slices.cpp:43->main_5_slices.cpp:258]   --->   Operation 166 'fcmp' 'tmp_15' <Predicate = true> <Delay = 5.43> <Core = "FCmp">   --->   Core 111 'FCmp' <Latency = 1> <II = 1> <Delay = 5.43> <FuncUnit> <Opcode : 'fcmp'> <InPorts = 2> <OutPorts = 1>
ST_35 : Operation 167 [1/1] (0.00ns) (grouped into LUT with out node select_ln43_5)   --->   "%and_ln43_5 = and i1 %or_ln43_5, %tmp_15" [main_5_slices.cpp:43->main_5_slices.cpp:258]   --->   Operation 167 'and' 'and_ln43_5' <Predicate = true> <Delay = 0.00> <Core = "LogicGate">   --->   Core 27 'LogicGate' <Latency = 0> <II = 1> <Delay = 0.97> <FuncUnit> <Opcode : 'and' 'or' 'xor'> <InPorts = 2> <OutPorts = 1>
ST_35 : Operation 168 [1/1] (0.97ns) (out node of the LUT)   --->   "%select_ln43_5 = select i1 %and_ln43_5, float %z1_load, float 0.000000e+00" [main_5_slices.cpp:43->main_5_slices.cpp:258]   --->   Operation 168 'select' 'select_ln43_5' <Predicate = true> <Delay = 0.97> <Core = "Sel">   --->   Core 26 'Sel' <Latency = 0> <II = 1> <Delay = 0.69> <FuncUnit> <Opcode : 'select'> <InPorts = 3> <OutPorts = 1>

State 36 <SV = 10> <Delay = 3.25>
ST_36 : Operation 169 [1/1] (3.25ns)   --->   "store float %select_ln43_5, float* %z1_addr, align 4" [main_5_slices.cpp:258]   --->   Operation 169 'store' <Predicate = true> <Delay = 3.25> <Core = "RAM">   --->   Core 37 'RAM' <Latency = 1> <II = 1> <Delay = 3.25> <Storage> <Opcode : 'load' 'store'> <Ports = 2> <Width = 32> <Depth = 128> <RAM>
ST_36 : Operation 170 [1/1] (0.00ns)   --->   "br label %10" [main_5_slices.cpp:258]   --->   Operation 170 'br' <Predicate = true> <Delay = 0.00>


============================================================
+ Verbose Summary: Timing violations
============================================================
Target clock period: 10ns, clock uncertainty: 1.25ns.

 <State 1>: 0ns
The critical path consists of the following:

 <State 2>: 1.77ns
The critical path consists of the following:
	multiplexor before 'phi' operation ('j') with incoming values : ('j', main_5_slices.cpp:162->main_5_slices.cpp:251) [80]  (1.77 ns)

 <State 3>: 1.92ns
The critical path consists of the following:
	'phi' operation ('j') with incoming values : ('j', main_5_slices.cpp:162->main_5_slices.cpp:251) [80]  (0 ns)
	'add' operation ('j', main_5_slices.cpp:162->main_5_slices.cpp:251) [84]  (1.92 ns)

 <State 4>: 4.8ns
The critical path consists of the following:
	'phi' operation ('i') with incoming values : ('i', main_5_slices.cpp:164->main_5_slices.cpp:251) [91]  (0 ns)
	'add' operation ('add_ln164', main_5_slices.cpp:164->main_5_slices.cpp:251) [102]  (1.55 ns)
	'getelementptr' operation ('fc_0_W_addr', main_5_slices.cpp:164->main_5_slices.cpp:251) [104]  (0 ns)
	'load' operation ('fc_0_W_load', main_5_slices.cpp:164->main_5_slices.cpp:251) on array 'fc_0_W' [105]  (3.25 ns)

 <State 5>: 3.25ns
The critical path consists of the following:
	'load' operation ('merged_load', main_5_slices.cpp:164->main_5_slices.cpp:251) on array 'merged' [99]  (3.25 ns)

 <State 6>: 5.7ns
The critical path consists of the following:
	'fmul' operation ('tmp_i', main_5_slices.cpp:164->main_5_slices.cpp:251) [106]  (5.7 ns)

 <State 7>: 5.7ns
The critical path consists of the following:
	'fmul' operation ('tmp_i', main_5_slices.cpp:164->main_5_slices.cpp:251) [106]  (5.7 ns)

 <State 8>: 5.7ns
The critical path consists of the following:
	'fmul' operation ('tmp_i', main_5_slices.cpp:164->main_5_slices.cpp:251) [106]  (5.7 ns)

 <State 9>: 5.7ns
The critical path consists of the following:
	'fmul' operation ('tmp_i', main_5_slices.cpp:164->main_5_slices.cpp:251) [106]  (5.7 ns)

 <State 10>: 7.26ns
The critical path consists of the following:
	'fadd' operation ('acc', main_5_slices.cpp:164->main_5_slices.cpp:251) [107]  (7.26 ns)

 <State 11>: 7.26ns
The critical path consists of the following:
	'fadd' operation ('acc', main_5_slices.cpp:164->main_5_slices.cpp:251) [107]  (7.26 ns)

 <State 12>: 7.26ns
The critical path consists of the following:
	'fadd' operation ('acc', main_5_slices.cpp:164->main_5_slices.cpp:251) [107]  (7.26 ns)

 <State 13>: 7.26ns
The critical path consists of the following:
	'fadd' operation ('acc', main_5_slices.cpp:164->main_5_slices.cpp:251) [107]  (7.26 ns)

 <State 14>: 7.26ns
The critical path consists of the following:
	'fadd' operation ('acc', main_5_slices.cpp:164->main_5_slices.cpp:251) [107]  (7.26 ns)

 <State 15>: 1.77ns
The critical path consists of the following:
	multiplexor before 'phi' operation ('j') with incoming values : ('j', main_5_slices.cpp:253) [117]  (1.77 ns)

 <State 16>: 3.25ns
The critical path consists of the following:
	'phi' operation ('j') with incoming values : ('j', main_5_slices.cpp:253) [117]  (0 ns)
	'getelementptr' operation ('z0_addr', main_5_slices.cpp:253) [124]  (0 ns)
	'load' operation ('x', main_5_slices.cpp:253) on array 'x', main_5_slices.cpp:250 [125]  (3.25 ns)

 <State 17>: 8.69ns
The critical path consists of the following:
	'load' operation ('x', main_5_slices.cpp:253) on array 'x', main_5_slices.cpp:250 [125]  (3.25 ns)
	'fcmp' operation ('tmp_s', main_5_slices.cpp:43->main_5_slices.cpp:253) [132]  (5.43 ns)

 <State 18>: 6.41ns
The critical path consists of the following:
	'fcmp' operation ('tmp_s', main_5_slices.cpp:43->main_5_slices.cpp:253) [132]  (5.43 ns)
	'and' operation ('and_ln43', main_5_slices.cpp:43->main_5_slices.cpp:253) [133]  (0 ns)
	'select' operation ('x', main_5_slices.cpp:43->main_5_slices.cpp:253) [134]  (0.978 ns)

 <State 19>: 3.25ns
The critical path consists of the following:
	'store' operation ('store_ln253', main_5_slices.cpp:253) of variable 'x', main_5_slices.cpp:43->main_5_slices.cpp:253 on array 'x', main_5_slices.cpp:250 [135]  (3.25 ns)

 <State 20>: 1.92ns
The critical path consists of the following:
	'phi' operation ('j') with incoming values : ('j', main_5_slices.cpp:162->main_5_slices.cpp:256) [140]  (0 ns)
	'add' operation ('j', main_5_slices.cpp:162->main_5_slices.cpp:256) [144]  (1.92 ns)

 <State 21>: 5.07ns
The critical path consists of the following:
	'phi' operation ('i') with incoming values : ('i', main_5_slices.cpp:164->main_5_slices.cpp:256) [151]  (0 ns)
	'add' operation ('add_ln164_2', main_5_slices.cpp:164->main_5_slices.cpp:256) [162]  (1.81 ns)
	'getelementptr' operation ('fc_1_W_addr', main_5_slices.cpp:164->main_5_slices.cpp:256) [164]  (0 ns)
	'load' operation ('fc_1_W_load', main_5_slices.cpp:164->main_5_slices.cpp:256) on array 'fc_1_W' [165]  (3.25 ns)

 <State 22>: 3.25ns
The critical path consists of the following:
	'load' operation ('z0_load_1', main_5_slices.cpp:164->main_5_slices.cpp:256) on array 'x', main_5_slices.cpp:250 [159]  (3.25 ns)

 <State 23>: 5.7ns
The critical path consists of the following:
	'fmul' operation ('tmp_i1', main_5_slices.cpp:164->main_5_slices.cpp:256) [166]  (5.7 ns)

 <State 24>: 5.7ns
The critical path consists of the following:
	'fmul' operation ('tmp_i1', main_5_slices.cpp:164->main_5_slices.cpp:256) [166]  (5.7 ns)

 <State 25>: 5.7ns
The critical path consists of the following:
	'fmul' operation ('tmp_i1', main_5_slices.cpp:164->main_5_slices.cpp:256) [166]  (5.7 ns)

 <State 26>: 5.7ns
The critical path consists of the following:
	'fmul' operation ('tmp_i1', main_5_slices.cpp:164->main_5_slices.cpp:256) [166]  (5.7 ns)

 <State 27>: 7.26ns
The critical path consists of the following:
	'fadd' operation ('acc', main_5_slices.cpp:164->main_5_slices.cpp:256) [167]  (7.26 ns)

 <State 28>: 7.26ns
The critical path consists of the following:
	'fadd' operation ('acc', main_5_slices.cpp:164->main_5_slices.cpp:256) [167]  (7.26 ns)

 <State 29>: 7.26ns
The critical path consists of the following:
	'fadd' operation ('acc', main_5_slices.cpp:164->main_5_slices.cpp:256) [167]  (7.26 ns)

 <State 30>: 7.26ns
The critical path consists of the following:
	'fadd' operation ('acc', main_5_slices.cpp:164->main_5_slices.cpp:256) [167]  (7.26 ns)

 <State 31>: 7.26ns
The critical path consists of the following:
	'fadd' operation ('acc', main_5_slices.cpp:164->main_5_slices.cpp:256) [167]  (7.26 ns)

 <State 32>: 1.77ns
The critical path consists of the following:
	multiplexor before 'phi' operation ('j') with incoming values : ('j', main_5_slices.cpp:258) [177]  (1.77 ns)

 <State 33>: 3.25ns
The critical path consists of the following:
	'phi' operation ('j') with incoming values : ('j', main_5_slices.cpp:258) [177]  (0 ns)
	'getelementptr' operation ('z1_addr', main_5_slices.cpp:258) [184]  (0 ns)
	'load' operation ('x', main_5_slices.cpp:258) on array 'y', main_5_slices.cpp:255 [185]  (3.25 ns)

 <State 34>: 8.69ns
The critical path consists of the following:
	'load' operation ('x', main_5_slices.cpp:258) on array 'y', main_5_slices.cpp:255 [185]  (3.25 ns)
	'fcmp' operation ('tmp_15', main_5_slices.cpp:43->main_5_slices.cpp:258) [192]  (5.43 ns)

 <State 35>: 6.41ns
The critical path consists of the following:
	'fcmp' operation ('tmp_15', main_5_slices.cpp:43->main_5_slices.cpp:258) [192]  (5.43 ns)
	'and' operation ('and_ln43_5', main_5_slices.cpp:43->main_5_slices.cpp:258) [193]  (0 ns)
	'select' operation ('x', main_5_slices.cpp:43->main_5_slices.cpp:258) [194]  (0.978 ns)

 <State 36>: 3.25ns
The critical path consists of the following:
	'store' operation ('store_ln258', main_5_slices.cpp:258) of variable 'x', main_5_slices.cpp:43->main_5_slices.cpp:258 on array 'y', main_5_slices.cpp:255 [195]  (3.25 ns)


============================================================
+ Verbose Summary: Binding
============================================================
N/A
* FSMD analyzer results:
  - Output states:
 - Input state : 
  - Chain level:
	State 1
	State 2
	State 3
	State 4
	State 5
	State 6
	State 7
	State 8
	State 9
	State 10
	State 11
	State 12
	State 13
	State 14
	State 15
	State 16
	State 17
	State 18
	State 19
	State 20
	State 21
	State 22
	State 23
	State 24
	State 25
	State 26
	State 27
	State 28
	State 29
	State 30
	State 31
	State 32
	State 33
	State 34
	State 35
	State 36


============================================================
+ Verbose Summary: Datapath Resource usage 
============================================================
N/A
