

================================================================
== Vitis HLS Report for 'conv_bn_act_pool_Pipeline_Loop3_2Big'
================================================================
* Date:           Mon Sep 15 15:50:12 2025

* Version:        2024.2 (Build 5238294 on Nov  8 2024)
* Project:        run_model
* Solution:       hls (Vivado IP Flow Target)
* Product family: zynq
* Target device:  xc7z020-clg400-3


================================================================
== Performance Estimates
================================================================
+ Timing: 
    * Summary: 
    +--------+----------+----------+------------+
    |  Clock |  Target  | Estimated| Uncertainty|
    +--------+----------+----------+------------+
    |ap_clk  |  10.00 ns|  7.238 ns|     2.00 ns|
    +--------+----------+----------+------------+

+ Latency: 
    * Summary: 
    +---------+---------+----------+----------+-----+-----+------------------------------------------------+
    |  Latency (cycles) |  Latency (absolute) |  Interval |                    Pipeline                    |
    |   min   |   max   |    min   |    max   | min | max |                      Type                      |
    +---------+---------+----------+----------+-----+-----+------------------------------------------------+
    |       41|       41|  0.410 us|  0.410 us|   33|   33|  loop auto-rewind stp (delay=0 clock cycles(s))|
    +---------+---------+----------+----------+-----+-----+------------------------------------------------+

    + Detail: 
        * Instance: 
        N/A

        * Loop: 
        +--------------+---------+---------+----------+-----------+-----------+------+----------+
        |              |  Latency (cycles) | Iteration|  Initiation Interval  | Trip |          |
        |   Loop Name  |   min   |   max   |  Latency |  achieved |   target  | Count| Pipelined|
        +--------------+---------+---------+----------+-----------+-----------+------+----------+
        |- Loop3_2Big  |       39|       39|         9|          1|          1|    32|       yes|
        +--------------+---------+---------+----------+-----------+-----------+------+----------+



================================================================
== Utilization Estimates
================================================================
* Summary: 
+-----------------+---------+-----+--------+-------+-----+
|       Name      | BRAM_18K| DSP |   FF   |  LUT  | URAM|
+-----------------+---------+-----+--------+-------+-----+
|DSP              |        -|    -|       -|      -|    -|
|Expression       |        -|    -|       0|     46|    -|
|FIFO             |        -|    -|       -|      -|    -|
|Instance         |        -|    -|       0|    148|    -|
|Memory           |        -|    -|       -|      -|    -|
|Multiplexer      |        -|    -|       0|    324|    -|
|Register         |        -|    -|     125|     32|    -|
+-----------------+---------+-----+--------+-------+-----+
|Total            |        0|    0|     125|    550|    0|
+-----------------+---------+-----+--------+-------+-----+
|Available        |      280|  220|  106400|  53200|    0|
+-----------------+---------+-----+--------+-------+-----+
|Utilization (%)  |        0|    0|      ~0|      1|    0|
+-----------------+---------+-----+--------+-------+-----+

+ Detail: 
    * Instance: 
    +----------------------------+-----------------------+---------+----+---+-----+-----+
    |          Instance          |         Module        | BRAM_18K| DSP| FF| LUT | URAM|
    +----------------------------+-----------------------+---------+----+---+-----+-----+
    |sparsemux_65_5_16_1_1_U179  |sparsemux_65_5_16_1_1  |        0|   0|  0|  148|    0|
    +----------------------------+-----------------------+---------+----+---+-----+-----+
    |Total                       |                       |        0|   0|  0|  148|    0|
    +----------------------------+-----------------------+---------+----+---+-----+-----+

    * DSP: 
    N/A

    * Memory: 
    N/A

    * FIFO: 
    N/A

    * Expression: 
    +----------------------+----------+----+---+----+------------+------------+
    |     Variable Name    | Operation| DSP| FF| LUT| Bitwidth P0| Bitwidth P1|
    +----------------------+----------+----+---+----+------------+------------+
    |add_ln126_fu_662_p2   |         +|   0|  0|  14|           6|           1|
    |add_ln129_fu_816_p2   |         +|   0|  0|  16|           9|           9|
    |icmp_ln126_fu_656_p2  |      icmp|   0|  0|  14|           6|           7|
    |ap_enable_pp0         |       xor|   0|  0|   2|           1|           2|
    +----------------------+----------+----+---+----+------------+------------+
    |Total                 |          |   0|  0|  46|          22|          19|
    +----------------------+----------+----+---+----+------------+------------+

    * Multiplexer: 
    +-------------------------+----+-----------+-----+-----------+
    |           Name          | LUT| Input Size| Bits| Total Bits|
    +-------------------------+----+-----------+-----+-----------+
    |ap_done_int              |   9|          2|    1|          2|
    |ap_enable_reg_pp0_iter1  |   9|          2|    1|          2|
    |ap_sig_allocacmp_f_1     |   9|          2|    6|         12|
    |f_fu_172                 |   9|          2|    6|         12|
    |pool_acc_10_o            |   9|          2|   16|         32|
    |pool_acc_11_o            |   9|          2|   16|         32|
    |pool_acc_12_o            |   9|          2|   16|         32|
    |pool_acc_13_o            |   9|          2|   16|         32|
    |pool_acc_14_o            |   9|          2|   16|         32|
    |pool_acc_15_o            |   9|          2|   16|         32|
    |pool_acc_16_o            |   9|          2|   16|         32|
    |pool_acc_17_o            |   9|          2|   16|         32|
    |pool_acc_18_o            |   9|          2|   16|         32|
    |pool_acc_19_o            |   9|          2|   16|         32|
    |pool_acc_1_o             |   9|          2|   16|         32|
    |pool_acc_20_o            |   9|          2|   16|         32|
    |pool_acc_21_o            |   9|          2|   16|         32|
    |pool_acc_22_o            |   9|          2|   16|         32|
    |pool_acc_23_o            |   9|          2|   16|         32|
    |pool_acc_24_o            |   9|          2|   16|         32|
    |pool_acc_25_o            |   9|          2|   16|         32|
    |pool_acc_26_o            |   9|          2|   16|         32|
    |pool_acc_27_o            |   9|          2|   16|         32|
    |pool_acc_28_o            |   9|          2|   16|         32|
    |pool_acc_29_o            |   9|          2|   16|         32|
    |pool_acc_2_o             |   9|          2|   16|         32|
    |pool_acc_30_o            |   9|          2|   16|         32|
    |pool_acc_31_o            |   9|          2|   16|         32|
    |pool_acc_3_o             |   9|          2|   16|         32|
    |pool_acc_4_o             |   9|          2|   16|         32|
    |pool_acc_5_o             |   9|          2|   16|         32|
    |pool_acc_6_o             |   9|          2|   16|         32|
    |pool_acc_7_o             |   9|          2|   16|         32|
    |pool_acc_8_o             |   9|          2|   16|         32|
    |pool_acc_9_o             |   9|          2|   16|         32|
    |pool_acc_o               |   9|          2|   16|         32|
    +-------------------------+----+-----------+-----+-----------+
    |Total                    | 324|         72|  526|       1052|
    +-------------------------+----+-----------+-----+-----------+

    * Register: 
    +----------------------------------+----+----+-----+-----------+
    |               Name               | FF | LUT| Bits| Const Bits|
    +----------------------------------+----+----+-----+-----------+
    |ap_CS_fsm                         |   1|   0|    1|          0|
    |ap_done_reg                       |   1|   0|    1|          0|
    |ap_enable_reg_pp0_iter1           |   1|   0|    1|          0|
    |ap_enable_reg_pp0_iter2           |   1|   0|    1|          0|
    |ap_enable_reg_pp0_iter3           |   1|   0|    1|          0|
    |ap_enable_reg_pp0_iter4           |   1|   0|    1|          0|
    |ap_enable_reg_pp0_iter5           |   1|   0|    1|          0|
    |ap_enable_reg_pp0_iter6           |   1|   0|    1|          0|
    |ap_enable_reg_pp0_iter7           |   1|   0|    1|          0|
    |ap_enable_reg_pp0_iter8           |   1|   0|    1|          0|
    |ap_loop_exit_ready_pp0_iter1_reg  |   1|   0|    1|          0|
    |ap_loop_exit_ready_pp0_iter2_reg  |   1|   0|    1|          0|
    |ap_loop_exit_ready_pp0_iter3_reg  |   1|   0|    1|          0|
    |ap_loop_exit_ready_pp0_iter4_reg  |   1|   0|    1|          0|
    |ap_loop_exit_ready_pp0_iter5_reg  |   1|   0|    1|          0|
    |ap_loop_exit_ready_pp0_iter6_reg  |   1|   0|    1|          0|
    |ap_loop_exit_ready_pp0_iter7_reg  |   1|   0|    1|          0|
    |div_reg_855                       |  16|   0|   16|          0|
    |f_1_reg_838                       |   6|   0|    6|          0|
    |f_fu_172                          |   6|   0|    6|          0|
    |tmp_5_reg_850                     |  16|   0|   16|          0|
    |f_1_reg_838                       |  64|  32|    6|          0|
    +----------------------------------+----+----+-----+-----------+
    |Total                             | 125|  32|   67|          0|
    +----------------------------------+----+----+-----+-----------+



================================================================
== Interface
================================================================
* Summary: 
+----------------------+-----+-----+------------+--------------------------------------+--------------+
|       RTL Ports      | Dir | Bits|  Protocol  |             Source Object            |    C Type    |
+----------------------+-----+-----+------------+--------------------------------------+--------------+
|ap_clk                |   in|    1|  ap_ctrl_hs|  conv_bn_act_pool_Pipeline_Loop3_2Big|  return value|
|ap_rst                |   in|    1|  ap_ctrl_hs|  conv_bn_act_pool_Pipeline_Loop3_2Big|  return value|
|ap_start              |   in|    1|  ap_ctrl_hs|  conv_bn_act_pool_Pipeline_Loop3_2Big|  return value|
|ap_done               |  out|    1|  ap_ctrl_hs|  conv_bn_act_pool_Pipeline_Loop3_2Big|  return value|
|ap_idle               |  out|    1|  ap_ctrl_hs|  conv_bn_act_pool_Pipeline_Loop3_2Big|  return value|
|ap_ready              |  out|    1|  ap_ctrl_hs|  conv_bn_act_pool_Pipeline_Loop3_2Big|  return value|
|grp_fu_3051_p_din0    |  out|   16|  ap_ctrl_hs|  conv_bn_act_pool_Pipeline_Loop3_2Big|  return value|
|grp_fu_3051_p_din1    |  out|   16|  ap_ctrl_hs|  conv_bn_act_pool_Pipeline_Loop3_2Big|  return value|
|grp_fu_3051_p_dout0   |   in|   16|  ap_ctrl_hs|  conv_bn_act_pool_Pipeline_Loop3_2Big|  return value|
|grp_fu_3051_p_ce      |  out|    1|  ap_ctrl_hs|  conv_bn_act_pool_Pipeline_Loop3_2Big|  return value|
|pool_acc_i            |   in|   16|     ap_ovld|                              pool_acc|       pointer|
|pool_acc_o            |  out|   16|     ap_ovld|                              pool_acc|       pointer|
|pool_acc_o_ap_vld     |  out|    1|     ap_ovld|                              pool_acc|       pointer|
|pool_acc_31_i         |   in|   16|     ap_ovld|                           pool_acc_31|       pointer|
|pool_acc_31_o         |  out|   16|     ap_ovld|                           pool_acc_31|       pointer|
|pool_acc_31_o_ap_vld  |  out|    1|     ap_ovld|                           pool_acc_31|       pointer|
|pool_acc_30_i         |   in|   16|     ap_ovld|                           pool_acc_30|       pointer|
|pool_acc_30_o         |  out|   16|     ap_ovld|                           pool_acc_30|       pointer|
|pool_acc_30_o_ap_vld  |  out|    1|     ap_ovld|                           pool_acc_30|       pointer|
|pool_acc_29_i         |   in|   16|     ap_ovld|                           pool_acc_29|       pointer|
|pool_acc_29_o         |  out|   16|     ap_ovld|                           pool_acc_29|       pointer|
|pool_acc_29_o_ap_vld  |  out|    1|     ap_ovld|                           pool_acc_29|       pointer|
|pool_acc_28_i         |   in|   16|     ap_ovld|                           pool_acc_28|       pointer|
|pool_acc_28_o         |  out|   16|     ap_ovld|                           pool_acc_28|       pointer|
|pool_acc_28_o_ap_vld  |  out|    1|     ap_ovld|                           pool_acc_28|       pointer|
|pool_acc_27_i         |   in|   16|     ap_ovld|                           pool_acc_27|       pointer|
|pool_acc_27_o         |  out|   16|     ap_ovld|                           pool_acc_27|       pointer|
|pool_acc_27_o_ap_vld  |  out|    1|     ap_ovld|                           pool_acc_27|       pointer|
|pool_acc_26_i         |   in|   16|     ap_ovld|                           pool_acc_26|       pointer|
|pool_acc_26_o         |  out|   16|     ap_ovld|                           pool_acc_26|       pointer|
|pool_acc_26_o_ap_vld  |  out|    1|     ap_ovld|                           pool_acc_26|       pointer|
|pool_acc_25_i         |   in|   16|     ap_ovld|                           pool_acc_25|       pointer|
|pool_acc_25_o         |  out|   16|     ap_ovld|                           pool_acc_25|       pointer|
|pool_acc_25_o_ap_vld  |  out|    1|     ap_ovld|                           pool_acc_25|       pointer|
|pool_acc_24_i         |   in|   16|     ap_ovld|                           pool_acc_24|       pointer|
|pool_acc_24_o         |  out|   16|     ap_ovld|                           pool_acc_24|       pointer|
|pool_acc_24_o_ap_vld  |  out|    1|     ap_ovld|                           pool_acc_24|       pointer|
|pool_acc_23_i         |   in|   16|     ap_ovld|                           pool_acc_23|       pointer|
|pool_acc_23_o         |  out|   16|     ap_ovld|                           pool_acc_23|       pointer|
|pool_acc_23_o_ap_vld  |  out|    1|     ap_ovld|                           pool_acc_23|       pointer|
|pool_acc_22_i         |   in|   16|     ap_ovld|                           pool_acc_22|       pointer|
|pool_acc_22_o         |  out|   16|     ap_ovld|                           pool_acc_22|       pointer|
|pool_acc_22_o_ap_vld  |  out|    1|     ap_ovld|                           pool_acc_22|       pointer|
|pool_acc_21_i         |   in|   16|     ap_ovld|                           pool_acc_21|       pointer|
|pool_acc_21_o         |  out|   16|     ap_ovld|                           pool_acc_21|       pointer|
|pool_acc_21_o_ap_vld  |  out|    1|     ap_ovld|                           pool_acc_21|       pointer|
|pool_acc_20_i         |   in|   16|     ap_ovld|                           pool_acc_20|       pointer|
|pool_acc_20_o         |  out|   16|     ap_ovld|                           pool_acc_20|       pointer|
|pool_acc_20_o_ap_vld  |  out|    1|     ap_ovld|                           pool_acc_20|       pointer|
|pool_acc_19_i         |   in|   16|     ap_ovld|                           pool_acc_19|       pointer|
|pool_acc_19_o         |  out|   16|     ap_ovld|                           pool_acc_19|       pointer|
|pool_acc_19_o_ap_vld  |  out|    1|     ap_ovld|                           pool_acc_19|       pointer|
|pool_acc_18_i         |   in|   16|     ap_ovld|                           pool_acc_18|       pointer|
|pool_acc_18_o         |  out|   16|     ap_ovld|                           pool_acc_18|       pointer|
|pool_acc_18_o_ap_vld  |  out|    1|     ap_ovld|                           pool_acc_18|       pointer|
|pool_acc_17_i         |   in|   16|     ap_ovld|                           pool_acc_17|       pointer|
|pool_acc_17_o         |  out|   16|     ap_ovld|                           pool_acc_17|       pointer|
|pool_acc_17_o_ap_vld  |  out|    1|     ap_ovld|                           pool_acc_17|       pointer|
|pool_acc_16_i         |   in|   16|     ap_ovld|                           pool_acc_16|       pointer|
|pool_acc_16_o         |  out|   16|     ap_ovld|                           pool_acc_16|       pointer|
|pool_acc_16_o_ap_vld  |  out|    1|     ap_ovld|                           pool_acc_16|       pointer|
|pool_acc_15_i         |   in|   16|     ap_ovld|                           pool_acc_15|       pointer|
|pool_acc_15_o         |  out|   16|     ap_ovld|                           pool_acc_15|       pointer|
|pool_acc_15_o_ap_vld  |  out|    1|     ap_ovld|                           pool_acc_15|       pointer|
|pool_acc_14_i         |   in|   16|     ap_ovld|                           pool_acc_14|       pointer|
|pool_acc_14_o         |  out|   16|     ap_ovld|                           pool_acc_14|       pointer|
|pool_acc_14_o_ap_vld  |  out|    1|     ap_ovld|                           pool_acc_14|       pointer|
|pool_acc_13_i         |   in|   16|     ap_ovld|                           pool_acc_13|       pointer|
|pool_acc_13_o         |  out|   16|     ap_ovld|                           pool_acc_13|       pointer|
|pool_acc_13_o_ap_vld  |  out|    1|     ap_ovld|                           pool_acc_13|       pointer|
|pool_acc_12_i         |   in|   16|     ap_ovld|                           pool_acc_12|       pointer|
|pool_acc_12_o         |  out|   16|     ap_ovld|                           pool_acc_12|       pointer|
|pool_acc_12_o_ap_vld  |  out|    1|     ap_ovld|                           pool_acc_12|       pointer|
|pool_acc_11_i         |   in|   16|     ap_ovld|                           pool_acc_11|       pointer|
|pool_acc_11_o         |  out|   16|     ap_ovld|                           pool_acc_11|       pointer|
|pool_acc_11_o_ap_vld  |  out|    1|     ap_ovld|                           pool_acc_11|       pointer|
|pool_acc_10_i         |   in|   16|     ap_ovld|                           pool_acc_10|       pointer|
|pool_acc_10_o         |  out|   16|     ap_ovld|                           pool_acc_10|       pointer|
|pool_acc_10_o_ap_vld  |  out|    1|     ap_ovld|                           pool_acc_10|       pointer|
|pool_acc_9_i          |   in|   16|     ap_ovld|                            pool_acc_9|       pointer|
|pool_acc_9_o          |  out|   16|     ap_ovld|                            pool_acc_9|       pointer|
|pool_acc_9_o_ap_vld   |  out|    1|     ap_ovld|                            pool_acc_9|       pointer|
|pool_acc_8_i          |   in|   16|     ap_ovld|                            pool_acc_8|       pointer|
|pool_acc_8_o          |  out|   16|     ap_ovld|                            pool_acc_8|       pointer|
|pool_acc_8_o_ap_vld   |  out|    1|     ap_ovld|                            pool_acc_8|       pointer|
|pool_acc_7_i          |   in|   16|     ap_ovld|                            pool_acc_7|       pointer|
|pool_acc_7_o          |  out|   16|     ap_ovld|                            pool_acc_7|       pointer|
|pool_acc_7_o_ap_vld   |  out|    1|     ap_ovld|                            pool_acc_7|       pointer|
|pool_acc_6_i          |   in|   16|     ap_ovld|                            pool_acc_6|       pointer|
|pool_acc_6_o          |  out|   16|     ap_ovld|                            pool_acc_6|       pointer|
|pool_acc_6_o_ap_vld   |  out|    1|     ap_ovld|                            pool_acc_6|       pointer|
|pool_acc_5_i          |   in|   16|     ap_ovld|                            pool_acc_5|       pointer|
|pool_acc_5_o          |  out|   16|     ap_ovld|                            pool_acc_5|       pointer|
|pool_acc_5_o_ap_vld   |  out|    1|     ap_ovld|                            pool_acc_5|       pointer|
|pool_acc_4_i          |   in|   16|     ap_ovld|                            pool_acc_4|       pointer|
|pool_acc_4_o          |  out|   16|     ap_ovld|                            pool_acc_4|       pointer|
|pool_acc_4_o_ap_vld   |  out|    1|     ap_ovld|                            pool_acc_4|       pointer|
|pool_acc_3_i          |   in|   16|     ap_ovld|                            pool_acc_3|       pointer|
|pool_acc_3_o          |  out|   16|     ap_ovld|                            pool_acc_3|       pointer|
|pool_acc_3_o_ap_vld   |  out|    1|     ap_ovld|                            pool_acc_3|       pointer|
|pool_acc_2_i          |   in|   16|     ap_ovld|                            pool_acc_2|       pointer|
|pool_acc_2_o          |  out|   16|     ap_ovld|                            pool_acc_2|       pointer|
|pool_acc_2_o_ap_vld   |  out|    1|     ap_ovld|                            pool_acc_2|       pointer|
|pool_acc_1_i          |   in|   16|     ap_ovld|                            pool_acc_1|       pointer|
|pool_acc_1_o          |  out|   16|     ap_ovld|                            pool_acc_1|       pointer|
|pool_acc_1_o_ap_vld   |  out|    1|     ap_ovld|                            pool_acc_1|       pointer|
|mul4                  |   in|    9|     ap_none|                                  mul4|        scalar|
|U_slice_address0      |  out|    9|   ap_memory|                               U_slice|         array|
|U_slice_ce0           |  out|    1|   ap_memory|                               U_slice|         array|
|U_slice_we0           |  out|    1|   ap_memory|                               U_slice|         array|
|U_slice_d0            |  out|   16|   ap_memory|                               U_slice|         array|
+----------------------+-----+-----+------------+--------------------------------------+--------------+

