

================================================================
== Vitis HLS Report for 'lstm_forward_unidir_Pipeline_Loop2_1LSTM'
================================================================
* Date:           Mon Sep 15 15:50:11 2025

* Version:        2024.2 (Build 5238294 on Nov  8 2024)
* Project:        run_model
* Solution:       hls (Vivado IP Flow Target)
* Product family: zynq
* Target device:  xc7z020-clg400-3


================================================================
== Performance Estimates
================================================================
+ Timing: 
    * Summary: 
    +--------+----------+----------+------------+
    |  Clock |  Target  | Estimated| Uncertainty|
    +--------+----------+----------+------------+
    |ap_clk  |  10.00 ns|  6.072 ns|     2.00 ns|
    +--------+----------+----------+------------+

+ Latency: 
    * Summary: 
    +---------+---------+----------+----------+-----+-----+------------------------------------------------+
    |  Latency (cycles) |  Latency (absolute) |  Interval |                    Pipeline                    |
    |   min   |   max   |    min   |    max   | min | max |                      Type                      |
    +---------+---------+----------+----------+-----+-----+------------------------------------------------+
    |      130|      130|  1.300 us|  1.300 us|  129|  129|  loop auto-rewind stp (delay=0 clock cycles(s))|
    +---------+---------+----------+----------+-----+-----+------------------------------------------------+

    + Detail: 
        * Instance: 
        N/A

        * Loop: 
        +---------------+---------+---------+----------+-----------+-----------+------+----------+
        |               |  Latency (cycles) | Iteration|  Initiation Interval  | Trip |          |
        |   Loop Name   |   min   |   max   |  Latency |  achieved |   target  | Count| Pipelined|
        +---------------+---------+---------+----------+-----------+-----------+------+----------+
        |- Loop2_1LSTM  |      128|      128|         1|          1|          1|   128|       yes|
        +---------------+---------+---------+----------+-----------+-----------+------+----------+



================================================================
== Utilization Estimates
================================================================
* Summary: 
+-----------------+---------+-----+--------+-------+-----+
|       Name      | BRAM_18K| DSP |   FF   |  LUT  | URAM|
+-----------------+---------+-----+--------+-------+-----+
|DSP              |        -|    -|       -|      -|    -|
|Expression       |        -|    -|       0|     69|    -|
|FIFO             |        -|    -|       -|      -|    -|
|Instance         |        -|    0|       0|    723|    -|
|Memory           |        -|    -|       -|      -|    -|
|Multiplexer      |        -|    -|       0|     45|    -|
|Register         |        -|    -|      18|      -|    -|
+-----------------+---------+-----+--------+-------+-----+
|Total            |        0|    0|      18|    837|    0|
+-----------------+---------+-----+--------+-------+-----+
|Available        |      280|  220|  106400|  53200|    0|
+-----------------+---------+-----+--------+-------+-----+
|Utilization (%)  |        0|    0|      ~0|      1|    0|
+-----------------+---------+-----+--------+-------+-----+

+ Detail: 
    * Instance: 
    +---------------------------+------------------------+---------+----+---+-----+-----+
    |          Instance         |         Module         | BRAM_18K| DSP| FF| LUT | URAM|
    +---------------------------+------------------------+---------+----+---+-----+-----+
    |mul_7ns_9ns_15_1_1_U4      |mul_7ns_9ns_15_1_1      |        0|   0|  0|   50|    0|
    |sparsemux_257_7_16_1_1_U5  |sparsemux_257_7_16_1_1  |        0|   0|  0|  673|    0|
    +---------------------------+------------------------+---------+----+---+-----+-----+
    |Total                      |                        |        0|   0|  0|  723|    0|
    +---------------------------+------------------------+---------+----+---+-----+-----+

    * DSP: 
    N/A

    * Memory: 
    N/A

    * FIFO: 
    N/A

    * Expression: 
    +------------------------+----------+----+---+----+------------+------------+
    |      Variable Name     | Operation| DSP| FF| LUT| Bitwidth P0| Bitwidth P1|
    +------------------------+----------+----+---+----+------------+------------+
    |add_ln155_1_fu_981_p2   |         +|   0|  0|  15|           8|           1|
    |add_ln155_fu_413_p2     |         +|   0|  0|  15|           8|           1|
    |icmp_ln155_1_fu_987_p2  |      icmp|   0|  0|  15|           8|           3|
    |icmp_ln155_fu_407_p2    |      icmp|   0|  0|  16|           8|           9|
    |select_ln155_fu_993_p3  |    select|   0|  0|   8|           1|           1|
    +------------------------+----------+----+---+----+------------+------------+
    |Total                   |          |   0|  0|  69|          33|          15|
    +------------------------+----------+----+---+----+------------+------------+

    * Multiplexer: 
    +--------------------------------+----+-----------+-----+-----------+
    |              Name              | LUT| Input Size| Bits| Total Bits|
    +--------------------------------+----+-----------+-----+-----------+
    |ap_done_int                     |   9|          2|    1|          2|
    |ap_sig_allocacmp_g_1            |   9|          2|    8|         16|
    |ap_sig_allocacmp_phi_urem_load  |   9|          2|    8|         16|
    |g_fu_322                        |   9|          2|    8|         16|
    |phi_urem_fu_318                 |   9|          2|    8|         16|
    +--------------------------------+----+-----------+-----+-----------+
    |Total                           |  45|         10|   33|         66|
    +--------------------------------+----+-----------+-----+-----------+

    * Register: 
    +-----------------+---+----+-----+-----------+
    |       Name      | FF| LUT| Bits| Const Bits|
    +-----------------+---+----+-----+-----------+
    |ap_CS_fsm        |  1|   0|    1|          0|
    |ap_done_reg      |  1|   0|    1|          0|
    |g_fu_322         |  8|   0|    8|          0|
    |phi_urem_fu_318  |  8|   0|    8|          0|
    +-----------------+---+----+-----+-----------+
    |Total            | 18|   0|   18|          0|
    +-----------------+---+----+-----+-----------+



================================================================
== Interface
================================================================
* Summary: 
+--------------+-----+-----+------------+------------------------------------------+--------------+
|   RTL Ports  | Dir | Bits|  Protocol  |               Source Object              |    C Type    |
+--------------+-----+-----+------------+------------------------------------------+--------------+
|ap_clk        |   in|    1|  ap_ctrl_hs|  lstm_forward_unidir_Pipeline_Loop2_1LSTM|  return value|
|ap_rst        |   in|    1|  ap_ctrl_hs|  lstm_forward_unidir_Pipeline_Loop2_1LSTM|  return value|
|ap_start      |   in|    1|  ap_ctrl_hs|  lstm_forward_unidir_Pipeline_Loop2_1LSTM|  return value|
|ap_done       |  out|    1|  ap_ctrl_hs|  lstm_forward_unidir_Pipeline_Loop2_1LSTM|  return value|
|ap_idle       |  out|    1|  ap_ctrl_hs|  lstm_forward_unidir_Pipeline_Loop2_1LSTM|  return value|
|ap_ready      |  out|    1|  ap_ctrl_hs|  lstm_forward_unidir_Pipeline_Loop2_1LSTM|  return value|
|z_4_address0  |  out|    5|   ap_memory|                                       z_4|         array|
|z_4_ce0       |  out|    1|   ap_memory|                                       z_4|         array|
|z_4_we0       |  out|    1|   ap_memory|                                       z_4|         array|
|z_4_d0        |  out|   16|   ap_memory|                                       z_4|         array|
|z_3_address0  |  out|    5|   ap_memory|                                       z_3|         array|
|z_3_ce0       |  out|    1|   ap_memory|                                       z_3|         array|
|z_3_we0       |  out|    1|   ap_memory|                                       z_3|         array|
|z_3_d0        |  out|   16|   ap_memory|                                       z_3|         array|
|z_2_address0  |  out|    5|   ap_memory|                                       z_2|         array|
|z_2_ce0       |  out|    1|   ap_memory|                                       z_2|         array|
|z_2_we0       |  out|    1|   ap_memory|                                       z_2|         array|
|z_2_d0        |  out|   16|   ap_memory|                                       z_2|         array|
|z_1_address0  |  out|    5|   ap_memory|                                       z_1|         array|
|z_1_ce0       |  out|    1|   ap_memory|                                       z_1|         array|
|z_1_we0       |  out|    1|   ap_memory|                                       z_1|         array|
|z_1_d0        |  out|   16|   ap_memory|                                       z_1|         array|
|z_address0    |  out|    5|   ap_memory|                                         z|         array|
|z_ce0         |  out|    1|   ap_memory|                                         z|         array|
|z_we0         |  out|    1|   ap_memory|                                         z|         array|
|z_d0          |  out|   16|   ap_memory|                                         z|         array|
+--------------+-----+-----+------------+------------------------------------------+--------------+

