

================================================================
== Vitis HLS Report for 'lstm_forward_unidir'
================================================================
* Date:           Mon Sep 15 15:50:11 2025

* Version:        2024.2 (Build 5238294 on Nov  8 2024)
* Project:        run_model
* Solution:       hls (Vivado IP Flow Target)
* Product family: zynq
* Target device:  xc7z020-clg400-3


================================================================
== Performance Estimates
================================================================
+ Timing: 
    * Summary: 
    +--------+----------+----------+------------+
    |  Clock |  Target  | Estimated| Uncertainty|
    +--------+----------+----------+------------+
    |ap_clk  |  10.00 ns|  7.847 ns|     2.00 ns|
    +--------+----------+----------+------------+

+ Latency: 
    * Summary: 
    +---------+---------+----------+----------+--------+--------+---------+
    |  Latency (cycles) |  Latency (absolute) |     Interval    | Pipeline|
    |   min   |   max   |    min   |    max   |   min  |   max  |   Type  |
    +---------+---------+----------+----------+--------+--------+---------+
    |   101244|   101244|  1.012 ms|  1.012 ms|  101244|  101244|       no|
    +---------+---------+----------+----------+--------+--------+---------+

    + Detail: 
        * Instance: 
        +----------------------------------------------------------+-----------------------------------------------+---------+---------+----------+----------+-----+-----+------------------------------------------------+
        |                                                          |                                               |  Latency (cycles) |  Latency (absolute) |  Interval |                    Pipeline                    |
        |                         Instance                         |                     Module                    |   min   |   max   |    min   |    max   | min | max |                      Type                      |
        +----------------------------------------------------------+-----------------------------------------------+---------+---------+----------+----------+-----+-----+------------------------------------------------+
        |grp_lstm_forward_unidir_Pipeline_VITIS_LOOP_145_1_fu_356  |lstm_forward_unidir_Pipeline_VITIS_LOOP_145_1  |       34|       34|  0.340 us|  0.340 us|   33|   33|  loop auto-rewind stp (delay=0 clock cycles(s))|
        |grp_lstm_forward_unidir_Pipeline_Loop2_1LSTM_fu_364       |lstm_forward_unidir_Pipeline_Loop2_1LSTM       |      130|      130|  1.300 us|  1.300 us|  129|  129|  loop auto-rewind stp (delay=0 clock cycles(s))|
        |grp_lstm_forward_unidir_Pipeline_Loop2_4LSTM_fu_373       |lstm_forward_unidir_Pipeline_Loop2_4LSTM       |       75|       75|  0.750 us|  0.750 us|   33|   33|  loop auto-rewind stp (delay=0 clock cycles(s))|
        +----------------------------------------------------------+-----------------------------------------------+---------+---------+----------+----------+-----+-----+------------------------------------------------+

        * Loop: 
        +------------------------------+---------+---------+----------+-----------+-----------+------+----------+
        |                              |  Latency (cycles) | Iteration|  Initiation Interval  | Trip |          |
        |           Loop Name          |   min   |   max   |  Latency |  achieved |   target  | Count| Pipelined|
        +------------------------------+---------+---------+----------+-----------+-----------+------+----------+
        |- Loop1LSTM                   |   101208|   101208|      8434|          -|          -|    12|        no|
        | + Loop2_2LSTM_Loop3_2_1LSTM  |     4111|     4111|        17|          1|          1|  4096|       yes|
        | + Loop2_3LSTM_Loop3_3_1LSTM  |     4111|     4111|        17|          1|          1|  4096|       yes|
        +------------------------------+---------+---------+----------+-----------+-----------+------+----------+



================================================================
== Utilization Estimates
================================================================
* Summary: 
+-----------------+---------+-----+--------+-------+-----+
|       Name      | BRAM_18K| DSP |   FF   |  LUT  | URAM|
+-----------------+---------+-----+--------+-------+-----+
|DSP              |        -|    -|       -|      -|    -|
|Expression       |        -|    -|       0|    296|    -|
|FIFO             |        -|    -|       -|      -|    -|
|Instance         |        -|   35|    3467|   6131|    -|
|Memory           |        0|    -|     192|     43|    0|
|Multiplexer      |        -|    -|       0|    703|    -|
|Register         |        -|    -|    1551|    640|    -|
+-----------------+---------+-----+--------+-------+-----+
|Total            |        0|   35|    5210|   7813|    0|
+-----------------+---------+-----+--------+-------+-----+
|Available        |      280|  220|  106400|  53200|    0|
+-----------------+---------+-----+--------+-------+-----+
|Utilization (%)  |        0|   15|       4|     14|    0|
+-----------------+---------+-----+--------+-------+-----+

+ Detail: 
    * Instance: 
    +----------------------------------------------------------+-----------------------------------------------+---------+----+------+------+-----+
    |                         Instance                         |                     Module                    | BRAM_18K| DSP|  FF  |  LUT | URAM|
    +----------------------------------------------------------+-----------------------------------------------+---------+----+------+------+-----+
    |hadd_16ns_16ns_16_5_full_dsp_1_U67                        |hadd_16ns_16ns_16_5_full_dsp_1                 |        0|   2|   109|   116|    0|
    |hmul_16ns_16ns_16_4_max_dsp_1_U68                         |hmul_16ns_16ns_16_4_max_dsp_1                  |        0|   2|    91|    35|    0|
    |grp_lstm_forward_unidir_Pipeline_Loop2_1LSTM_fu_364       |lstm_forward_unidir_Pipeline_Loop2_1LSTM       |        0|   0|    18|   837|    0|
    |grp_lstm_forward_unidir_Pipeline_Loop2_4LSTM_fu_373       |lstm_forward_unidir_Pipeline_Loop2_4LSTM       |        0|  31|  2851|  4668|    0|
    |grp_lstm_forward_unidir_Pipeline_VITIS_LOOP_145_1_fu_356  |lstm_forward_unidir_Pipeline_VITIS_LOOP_145_1  |        0|   0|     8|    55|    0|
    |mul_8ns_10ns_17_1_1_U70                                   |mul_8ns_10ns_17_1_1                            |        0|   0|     0|    63|    0|
    |mul_8ns_10ns_17_1_1_U73                                   |mul_8ns_10ns_17_1_1                            |        0|   0|     0|    63|    0|
    |sparsemux_11_3_16_1_1_U71                                 |sparsemux_11_3_16_1_1                          |        0|   0|     0|    21|    0|
    |sparsemux_11_3_16_1_1_U74                                 |sparsemux_11_3_16_1_1                          |        0|   0|     0|    21|    0|
    |urem_8ns_4ns_3_12_1_U69                                   |urem_8ns_4ns_3_12_1                            |        0|   0|   195|   126|    0|
    |urem_8ns_4ns_3_12_1_U72                                   |urem_8ns_4ns_3_12_1                            |        0|   0|   195|   126|    0|
    +----------------------------------------------------------+-----------------------------------------------+---------+----+------+------+-----+
    |Total                                                     |                                               |        0|  35|  3467|  6131|    0|
    +----------------------------------------------------------+-----------------------------------------------+---------+----+------+------+-----+

    * DSP: 
    N/A

    * Memory: 
    +-----------+-------------------------------------------+---------+----+----+-----+------+-----+------+-------------+
    |   Memory  |                   Module                  | BRAM_18K| FF | LUT| URAM| Words| Bits| Banks| W*Bits*Banks|
    +-----------+-------------------------------------------+---------+----+----+-----+------+-----+------+-------------+
    |c_slice_U  |lstm_forward_unidir_c_slice_RAM_AUTO_1R1W  |        0|  32|   8|    0|    32|   16|     1|          512|
    |z_U        |lstm_forward_unidir_z_RAM_AUTO_1R1W        |        0|  32|   7|    0|    26|   16|     1|          416|
    |z_1_U      |lstm_forward_unidir_z_RAM_AUTO_1R1W        |        0|  32|   7|    0|    26|   16|     1|          416|
    |z_2_U      |lstm_forward_unidir_z_RAM_AUTO_1R1W        |        0|  32|   7|    0|    26|   16|     1|          416|
    |z_3_U      |lstm_forward_unidir_z_RAM_AUTO_1R1W        |        0|  32|   7|    0|    26|   16|     1|          416|
    |z_4_U      |lstm_forward_unidir_z_RAM_AUTO_1R1W        |        0|  32|   7|    0|    26|   16|     1|          416|
    +-----------+-------------------------------------------+---------+----+----+-----+------+-----+------+-------------+
    |Total      |                                           |        0| 192|  43|    0|   162|   96|     6|         2592|
    +-----------+-------------------------------------------+---------+----+----+-----+------+-----+------+-------------+

    * FIFO: 
    N/A

    * Expression: 
    +-------------------------+----------+----+---+----+------------+------------+
    |      Variable Name      | Operation| DSP| FF| LUT| Bitwidth P0| Bitwidth P1|
    +-------------------------+----------+----+---+----+------------+------------+
    |add_ln152_fu_422_p2      |         +|   0|  0|  13|           4|           1|
    |add_ln162_1_fu_473_p2    |         +|   0|  0|  14|           6|           1|
    |add_ln162_fu_441_p2      |         +|   0|  0|  20|          13|           1|
    |add_ln164_fu_493_p2      |         +|   0|  0|  16|           9|           9|
    |add_ln166_fu_467_p2      |         +|   0|  0|  15|           8|           1|
    |add_ln168_fu_532_p2      |         +|   0|  0|  19|          12|          12|
    |add_ln172_1_fu_621_p2    |         +|   0|  0|  14|           6|           1|
    |add_ln172_fu_589_p2      |         +|   0|  0|  20|          13|           1|
    |add_ln176_fu_615_p2      |         +|   0|  0|  15|           8|           1|
    |add_ln178_fu_668_p2      |         +|   0|  0|  19|          12|          12|
    |icmp_ln152_fu_416_p2     |      icmp|   0|  0|  13|           4|           4|
    |icmp_ln162_fu_435_p2     |      icmp|   0|  0|  21|          13|          14|
    |icmp_ln166_fu_447_p2     |      icmp|   0|  0|  16|           8|           9|
    |icmp_ln172_fu_583_p2     |      icmp|   0|  0|  21|          13|          14|
    |icmp_ln176_fu_595_p2     |      icmp|   0|  0|  16|           8|           9|
    |z_1_we0                  |        or|   0|  0|   2|           1|           1|
    |z_2_we0                  |        or|   0|  0|   2|           1|           1|
    |z_3_we0                  |        or|   0|  0|   2|           1|           1|
    |z_4_we0                  |        or|   0|  0|   2|           1|           1|
    |z_we0                    |        or|   0|  0|   2|           1|           1|
    |select_ln162_fu_479_p3   |    select|   0|  0|   6|           1|           6|
    |select_ln163_fu_453_p3   |    select|   0|  0|   8|           1|           1|
    |select_ln172_fu_627_p3   |    select|   0|  0|   6|           1|           6|
    |select_ln173_fu_601_p3   |    select|   0|  0|   8|           1|           1|
    |ap_enable_pp0            |       xor|   0|  0|   2|           1|           2|
    |ap_enable_pp1            |       xor|   0|  0|   2|           1|           2|
    |ap_enable_reg_pp0_iter1  |       xor|   0|  0|   2|           2|           1|
    +-------------------------+----------+----+---+----+------------+------------+
    |Total                    |          |   0|  0| 296|         150|         114|
    +-------------------------+----------+----+---+----+------------+------------+

    * Multiplexer: 
    +-----------------------------+----+-----------+-----+-----------+
    |             Name            | LUT| Input Size| Bits| Total Bits|
    +-----------------------------+----+-----------+-----+-----------+
    |ap_NS_fsm                    |  41|         10|    1|         10|
    |ap_enable_reg_pp0_iter1      |   9|          2|    1|          2|
    |ap_enable_reg_pp0_iter16     |   9|          2|    1|          2|
    |ap_enable_reg_pp1_iter16     |   9|          2|    1|          2|
    |ap_enable_reg_pp1_iter6      |   9|          2|    1|          2|
    |ap_phi_mux_d_phi_fu_304_p4   |   9|          2|    6|         12|
    |ap_phi_mux_hp_phi_fu_349_p4  |   9|          2|    6|         12|
    |c_slice_address0             |  13|          3|    5|         15|
    |c_slice_ce0                  |  13|          3|    1|          3|
    |c_slice_ce1                  |   9|          2|    1|          2|
    |c_slice_d0                   |  13|          3|   16|         48|
    |c_slice_we0                  |  13|          3|    1|          3|
    |d_reg_300                    |   9|          2|    6|         12|
    |g_1_reg_312                  |   9|          2|    8|         16|
    |g_reg_334                    |   9|          2|    8|         16|
    |grp_fu_386_ce                |   9|          2|    1|          2|
    |grp_fu_386_p0                |  17|          4|   16|         64|
    |grp_fu_386_p1                |  13|          3|   16|         48|
    |grp_fu_395_ce                |   9|          2|    1|          2|
    |grp_fu_395_p0                |  17|          4|   16|         64|
    |grp_fu_395_p1                |  17|          4|   16|         64|
    |h_slice_address0             |  13|          3|    5|         15|
    |h_slice_ce0                  |  13|          3|    1|          3|
    |h_slice_d0                   |  13|          3|   16|         48|
    |h_slice_we0                  |  13|          3|    1|          3|
    |hp_reg_345                   |   9|          2|    6|         12|
    |indvar_flatten6_reg_323      |   9|          2|   13|         26|
    |indvar_flatten_reg_289       |   9|          2|   13|         26|
    |t_fu_98                      |   9|          2|    4|          8|
    |z_1_address0                 |  13|          3|    5|         15|
    |z_1_address0_local           |  13|          3|    5|         15|
    |z_1_address1_local           |  13|          3|    5|         15|
    |z_1_ce0                      |  13|          3|    1|          3|
    |z_1_d0                       |   9|          2|   16|         32|
    |z_1_we0                      |   9|          2|    1|          2|
    |z_2_address0                 |  13|          3|    5|         15|
    |z_2_address0_local           |  13|          3|    5|         15|
    |z_2_address1_local           |  13|          3|    5|         15|
    |z_2_ce0                      |  13|          3|    1|          3|
    |z_2_d0                       |   9|          2|   16|         32|
    |z_2_we0                      |   9|          2|    1|          2|
    |z_3_address0                 |  13|          3|    5|         15|
    |z_3_address0_local           |  13|          3|    5|         15|
    |z_3_address1_local           |  13|          3|    5|         15|
    |z_3_ce0                      |  13|          3|    1|          3|
    |z_3_d0                       |   9|          2|   16|         32|
    |z_3_we0                      |   9|          2|    1|          2|
    |z_4_address0                 |  13|          3|    5|         15|
    |z_4_address0_local           |  13|          3|    5|         15|
    |z_4_address1_local           |  13|          3|    5|         15|
    |z_4_ce0                      |  13|          3|    1|          3|
    |z_4_d0                       |   9|          2|   16|         32|
    |z_4_we0                      |   9|          2|    1|          2|
    |z_address0                   |  13|          3|    5|         15|
    |z_address0_local             |  13|          3|    5|         15|
    |z_address1_local             |  13|          3|    5|         15|
    |z_ce0                        |  13|          3|    1|          3|
    |z_d0                         |   9|          2|   16|         32|
    |z_we0                        |   9|          2|    1|          2|
    +-----------------------------+----+-----------+-----+-----------+
    |Total                        | 703|        161|  353|        952|
    +-----------------------------+----+-----------+-----+-----------+

    * Register: 
    +-----------------------------------------------------------------------+----+----+-----+-----------+
    |                                  Name                                 | FF | LUT| Bits| Const Bits|
    +-----------------------------------------------------------------------+----+----+-----+-----------+
    |add_ln152_reg_740                                                      |   4|   0|    4|          0|
    |ap_CS_fsm                                                              |   9|   0|    9|          0|
    |ap_enable_reg_pp0_iter0                                                |   1|   0|    1|          0|
    |ap_enable_reg_pp0_iter1                                                |   1|   0|    1|          0|
    |ap_enable_reg_pp0_iter10                                               |   1|   0|    1|          0|
    |ap_enable_reg_pp0_iter11                                               |   1|   0|    1|          0|
    |ap_enable_reg_pp0_iter12                                               |   1|   0|    1|          0|
    |ap_enable_reg_pp0_iter13                                               |   1|   0|    1|          0|
    |ap_enable_reg_pp0_iter14                                               |   1|   0|    1|          0|
    |ap_enable_reg_pp0_iter15                                               |   1|   0|    1|          0|
    |ap_enable_reg_pp0_iter16                                               |   1|   0|    1|          0|
    |ap_enable_reg_pp0_iter2                                                |   1|   0|    1|          0|
    |ap_enable_reg_pp0_iter3                                                |   1|   0|    1|          0|
    |ap_enable_reg_pp0_iter4                                                |   1|   0|    1|          0|
    |ap_enable_reg_pp0_iter5                                                |   1|   0|    1|          0|
    |ap_enable_reg_pp0_iter6                                                |   1|   0|    1|          0|
    |ap_enable_reg_pp0_iter7                                                |   1|   0|    1|          0|
    |ap_enable_reg_pp0_iter8                                                |   1|   0|    1|          0|
    |ap_enable_reg_pp0_iter9                                                |   1|   0|    1|          0|
    |ap_enable_reg_pp1_iter0                                                |   1|   0|    1|          0|
    |ap_enable_reg_pp1_iter1                                                |   1|   0|    1|          0|
    |ap_enable_reg_pp1_iter10                                               |   1|   0|    1|          0|
    |ap_enable_reg_pp1_iter11                                               |   1|   0|    1|          0|
    |ap_enable_reg_pp1_iter12                                               |   1|   0|    1|          0|
    |ap_enable_reg_pp1_iter13                                               |   1|   0|    1|          0|
    |ap_enable_reg_pp1_iter14                                               |   1|   0|    1|          0|
    |ap_enable_reg_pp1_iter15                                               |   1|   0|    1|          0|
    |ap_enable_reg_pp1_iter16                                               |   1|   0|    1|          0|
    |ap_enable_reg_pp1_iter2                                                |   1|   0|    1|          0|
    |ap_enable_reg_pp1_iter3                                                |   1|   0|    1|          0|
    |ap_enable_reg_pp1_iter4                                                |   1|   0|    1|          0|
    |ap_enable_reg_pp1_iter5                                                |   1|   0|    1|          0|
    |ap_enable_reg_pp1_iter6                                                |   1|   0|    1|          0|
    |ap_enable_reg_pp1_iter7                                                |   1|   0|    1|          0|
    |ap_enable_reg_pp1_iter8                                                |   1|   0|    1|          0|
    |ap_enable_reg_pp1_iter9                                                |   1|   0|    1|          0|
    |d_reg_300                                                              |   6|   0|    6|          0|
    |g_1_reg_312                                                            |   8|   0|    8|          0|
    |g_reg_334                                                              |   8|   0|    8|          0|
    |grp_lstm_forward_unidir_Pipeline_Loop2_1LSTM_fu_364_ap_start_reg       |   1|   0|    1|          0|
    |grp_lstm_forward_unidir_Pipeline_Loop2_4LSTM_fu_373_ap_start_reg       |   1|   0|    1|          0|
    |grp_lstm_forward_unidir_Pipeline_VITIS_LOOP_145_1_fu_356_ap_start_reg  |   1|   0|    1|          0|
    |hp_reg_345                                                             |   6|   0|    6|          0|
    |icmp_ln162_reg_750                                                     |   1|   0|    1|          0|
    |icmp_ln166_reg_759                                                     |   1|   0|    1|          0|
    |icmp_ln172_reg_851                                                     |   1|   0|    1|          0|
    |icmp_ln176_reg_860                                                     |   1|   0|    1|          0|
    |indvar_flatten6_reg_323                                                |  13|   0|   13|          0|
    |indvar_flatten_reg_289                                                 |  13|   0|   13|          0|
    |reg_403                                                                |  16|   0|   16|          0|
    |select_ln162_reg_776                                                   |   6|   0|    6|          0|
    |select_ln163_reg_764                                                   |   8|   0|    8|          0|
    |select_ln172_reg_877                                                   |   6|   0|    6|          0|
    |select_ln172_reg_877_pp1_iter6_reg                                     |   6|   0|    6|          0|
    |select_ln173_reg_865                                                   |   8|   0|    8|          0|
    |shl_ln_reg_745                                                         |   4|   0|    9|          5|
    |t_fu_98                                                                |   4|   0|    4|          0|
    |tmp_3_reg_942                                                          |  16|   0|   16|          0|
    |tmp_6_reg_846                                                          |  16|   0|   16|          0|
    |tmp_7_reg_883                                                          |   6|   0|    6|          0|
    |tmp_reg_792                                                            |   6|   0|    6|          0|
    |trunc_ln165_reg_782                                                    |   5|   0|    5|          0|
    |trunc_ln166_reg_842                                                    |   3|   0|    3|          0|
    |trunc_ln176_reg_938                                                    |   3|   0|    3|          0|
    |z_1_addr_1_reg_818                                                     |   5|   0|    5|          0|
    |z_1_addr_reg_914                                                       |   5|   0|    5|          0|
    |z_2_addr_1_reg_824                                                     |   5|   0|    5|          0|
    |z_2_addr_reg_920                                                       |   5|   0|    5|          0|
    |z_3_addr_1_reg_830                                                     |   5|   0|    5|          0|
    |z_3_addr_reg_926                                                       |   5|   0|    5|          0|
    |z_4_addr_1_reg_836                                                     |   5|   0|    5|          0|
    |z_4_addr_reg_932                                                       |   5|   0|    5|          0|
    |z_addr_1_reg_812                                                       |   5|   0|    5|          0|
    |z_addr_reg_908                                                         |   5|   0|    5|          0|
    |icmp_ln162_reg_750                                                     |  64|  32|    1|          0|
    |icmp_ln166_reg_759                                                     |  64|  32|    1|          0|
    |icmp_ln172_reg_851                                                     |  64|  32|    1|          0|
    |icmp_ln176_reg_860                                                     |  64|  32|    1|          0|
    |select_ln163_reg_764                                                   |  64|  32|    8|          0|
    |select_ln173_reg_865                                                   |  64|  32|    8|          0|
    |tmp_7_reg_883                                                          |  64|  32|    6|          0|
    |tmp_reg_792                                                            |  64|  32|    6|          0|
    |trunc_ln166_reg_842                                                    |  64|  32|    3|          0|
    |trunc_ln176_reg_938                                                    |  64|  32|    3|          0|
    |z_1_addr_1_reg_818                                                     |  64|  32|    5|          0|
    |z_1_addr_reg_914                                                       |  64|  32|    5|          0|
    |z_2_addr_1_reg_824                                                     |  64|  32|    5|          0|
    |z_2_addr_reg_920                                                       |  64|  32|    5|          0|
    |z_3_addr_1_reg_830                                                     |  64|  32|    5|          0|
    |z_3_addr_reg_926                                                       |  64|  32|    5|          0|
    |z_4_addr_1_reg_836                                                     |  64|  32|    5|          0|
    |z_4_addr_reg_932                                                       |  64|  32|    5|          0|
    |z_addr_1_reg_812                                                       |  64|  32|    5|          0|
    |z_addr_reg_908                                                         |  64|  32|    5|          0|
    +-----------------------------------------------------------------------+----+----+-----+-----------+
    |Total                                                                  |1551| 640|  364|          5|
    +-----------------------------------------------------------------------+----+----+-----+-----------+



================================================================
== Interface
================================================================
* Summary: 
+------------------+-----+-----+------------+---------------------+--------------+
|     RTL Ports    | Dir | Bits|  Protocol  |    Source Object    |    C Type    |
+------------------+-----+-----+------------+---------------------+--------------+
|ap_clk            |   in|    1|  ap_ctrl_hs|  lstm_forward_unidir|  return value|
|ap_rst            |   in|    1|  ap_ctrl_hs|  lstm_forward_unidir|  return value|
|ap_start          |   in|    1|  ap_ctrl_hs|  lstm_forward_unidir|  return value|
|ap_done           |  out|    1|  ap_ctrl_hs|  lstm_forward_unidir|  return value|
|ap_idle           |  out|    1|  ap_ctrl_hs|  lstm_forward_unidir|  return value|
|ap_ready          |  out|    1|  ap_ctrl_hs|  lstm_forward_unidir|  return value|
|W_ifog_address0   |  out|   12|   ap_memory|               W_ifog|         array|
|W_ifog_ce0        |  out|    1|   ap_memory|               W_ifog|         array|
|W_ifog_q0         |   in|   16|   ap_memory|               W_ifog|         array|
|R_ifog_address0   |  out|   12|   ap_memory|               R_ifog|         array|
|R_ifog_ce0        |  out|    1|   ap_memory|               R_ifog|         array|
|R_ifog_q0         |   in|   16|   ap_memory|               R_ifog|         array|
|h_slice_address0  |  out|    5|   ap_memory|              h_slice|         array|
|h_slice_ce0       |  out|    1|   ap_memory|              h_slice|         array|
|h_slice_we0       |  out|    1|   ap_memory|              h_slice|         array|
|h_slice_d0        |  out|   16|   ap_memory|              h_slice|         array|
|h_slice_q0        |   in|   16|   ap_memory|              h_slice|         array|
|U_slice_address0  |  out|    9|   ap_memory|              U_slice|         array|
|U_slice_ce0       |  out|    1|   ap_memory|              U_slice|         array|
|U_slice_q0        |   in|   16|   ap_memory|              U_slice|         array|
+------------------+-----+-----+------------+---------------------+--------------+

