

================================================================
== Vitis HLS Report for 'run_all_slices_unrolled_Pipeline_MergedLoop2'
================================================================
* Date:           Mon Sep 15 15:50:14 2025

* Version:        2024.2 (Build 5238294 on Nov  8 2024)
* Project:        run_model
* Solution:       hls (Vivado IP Flow Target)
* Product family: zynq
* Target device:  xc7z020-clg400-3


================================================================
== Performance Estimates
================================================================
+ Timing: 
    * Summary: 
    +--------+----------+----------+------------+
    |  Clock |  Target  | Estimated| Uncertainty|
    +--------+----------+----------+------------+
    |ap_clk  |  10.00 ns|  6.994 ns|     2.00 ns|
    +--------+----------+----------+------------+

+ Latency: 
    * Summary: 
    +---------+---------+----------+----------+-----+-----+------------------------------------------------+
    |  Latency (cycles) |  Latency (absolute) |  Interval |                    Pipeline                    |
    |   min   |   max   |    min   |    max   | min | max |                      Type                      |
    +---------+---------+----------+----------+-----+-----+------------------------------------------------+
    |       40|       40|  0.400 us|  0.400 us|   33|   33|  loop auto-rewind stp (delay=0 clock cycles(s))|
    +---------+---------+----------+----------+-----+-----+------------------------------------------------+

    + Detail: 
        * Instance: 
        N/A

        * Loop: 
        +---------------+---------+---------+----------+-----------+-----------+------+----------+
        |               |  Latency (cycles) | Iteration|  Initiation Interval  | Trip |          |
        |   Loop Name   |   min   |   max   |  Latency |  achieved |   target  | Count| Pipelined|
        +---------------+---------+---------+----------+-----------+-----------+------+----------+
        |- MergedLoop2  |       38|       38|         8|          1|          1|    32|       yes|
        +---------------+---------+---------+----------+-----------+-----------+------+----------+



================================================================
== Utilization Estimates
================================================================
* Summary: 
+-----------------+---------+-----+--------+-------+-----+
|       Name      | BRAM_18K| DSP |   FF   |  LUT  | URAM|
+-----------------+---------+-----+--------+-------+-----+
|DSP              |        -|    -|       -|      -|    -|
|Expression       |        -|    -|       0|     34|    -|
|FIFO             |        -|    -|       -|      -|    -|
|Instance         |        -|    -|       0|      9|    -|
|Memory           |        -|    -|       -|      -|    -|
|Multiplexer      |        -|    -|       0|     36|    -|
|Register         |        -|    -|     122|     32|    -|
+-----------------+---------+-----+--------+-------+-----+
|Total            |        0|    0|     122|    111|    0|
+-----------------+---------+-----+--------+-------+-----+
|Available        |      280|  220|  106400|  53200|    0|
+-----------------+---------+-----+--------+-------+-----+
|Utilization (%)  |        0|    0|      ~0|     ~0|    0|
+-----------------+---------+-----+--------+-------+-----+

+ Detail: 
    * Instance: 
    +---------------------------+----------------------+---------+----+---+----+-----+
    |          Instance         |        Module        | BRAM_18K| DSP| FF| LUT| URAM|
    +---------------------------+----------------------+---------+----+---+----+-----+
    |sparsemux_7_2_16_1_1_U393  |sparsemux_7_2_16_1_1  |        0|   0|  0|   9|    0|
    +---------------------------+----------------------+---------+----+---+----+-----+
    |Total                      |                      |        0|   0|  0|   9|    0|
    +---------------------------+----------------------+---------+----+---+----+-----+

    * DSP: 
    N/A

    * Memory: 
    N/A

    * FIFO: 
    N/A

    * Expression: 
    +----------------------+----------+----+---+----+------------+------------+
    |     Variable Name    | Operation| DSP| FF| LUT| Bitwidth P0| Bitwidth P1|
    +----------------------+----------+----+---+----+------------+------------+
    |add_ln331_fu_113_p2   |         +|   0|  0|  14|           6|           1|
    |and_ln47_fu_136_p2    |       and|   0|  0|   2|           1|           1|
    |icmp_ln331_fu_107_p2  |      icmp|   0|  0|  14|           6|           7|
    |ap_enable_pp0         |       xor|   0|  0|   2|           1|           2|
    |xor_ln46_fu_130_p2    |       xor|   0|  0|   2|           1|           2|
    +----------------------+----------+----+---+----+------------+------------+
    |Total                 |          |   0|  0|  34|          15|          13|
    +----------------------+----------+----+---+----+------------+------------+

    * Multiplexer: 
    +-------------------------+----+-----------+-----+-----------+
    |           Name          | LUT| Input Size| Bits| Total Bits|
    +-------------------------+----+-----------+-----+-----------+
    |ap_done_int              |   9|          2|    1|          2|
    |ap_enable_reg_pp0_iter1  |   9|          2|    1|          2|
    |ap_sig_allocacmp_j       |   9|          2|    6|         12|
    |j_4_fu_48                |   9|          2|    6|         12|
    +-------------------------+----+-----------+-----+-----------+
    |Total                    |  36|          8|   14|         28|
    +-------------------------+----+-----------+-----+-----------+

    * Register: 
    +----------------------------------+----+----+-----+-----------+
    |               Name               | FF | LUT| Bits| Const Bits|
    +----------------------------------+----+----+-----+-----------+
    |ap_CS_fsm                         |   1|   0|    1|          0|
    |ap_done_reg                       |   1|   0|    1|          0|
    |ap_enable_reg_pp0_iter1           |   1|   0|    1|          0|
    |ap_enable_reg_pp0_iter2           |   1|   0|    1|          0|
    |ap_enable_reg_pp0_iter3           |   1|   0|    1|          0|
    |ap_enable_reg_pp0_iter4           |   1|   0|    1|          0|
    |ap_enable_reg_pp0_iter5           |   1|   0|    1|          0|
    |ap_enable_reg_pp0_iter6           |   1|   0|    1|          0|
    |ap_enable_reg_pp0_iter7           |   1|   0|    1|          0|
    |ap_loop_exit_ready_pp0_iter1_reg  |   1|   0|    1|          0|
    |ap_loop_exit_ready_pp0_iter2_reg  |   1|   0|    1|          0|
    |ap_loop_exit_ready_pp0_iter3_reg  |   1|   0|    1|          0|
    |ap_loop_exit_ready_pp0_iter4_reg  |   1|   0|    1|          0|
    |ap_loop_exit_ready_pp0_iter5_reg  |   1|   0|    1|          0|
    |ap_loop_exit_ready_pp0_iter6_reg  |   1|   0|    1|          0|
    |h_slice_load_reg_191              |  16|   0|   16|          0|
    |j_4_fu_48                         |   6|   0|    6|          0|
    |merged_addr_reg_185               |   5|   0|    5|          0|
    |retval_0_i3_reg_198               |  16|   0|   16|          0|
    |merged_addr_reg_185               |  64|  32|    5|          0|
    +----------------------------------+----+----+-----+-----------+
    |Total                             | 122|  32|   63|          0|
    +----------------------------------+----+----+-----+-----------+



================================================================
== Interface
================================================================
* Summary: 
+---------------------+-----+-----+------------+----------------------------------------------+--------------+
|      RTL Ports      | Dir | Bits|  Protocol  |                 Source Object                |    C Type    |
+---------------------+-----+-----+------------+----------------------------------------------+--------------+
|ap_clk               |   in|    1|  ap_ctrl_hs|  run_all_slices_unrolled_Pipeline_MergedLoop2|  return value|
|ap_rst               |   in|    1|  ap_ctrl_hs|  run_all_slices_unrolled_Pipeline_MergedLoop2|  return value|
|ap_start             |   in|    1|  ap_ctrl_hs|  run_all_slices_unrolled_Pipeline_MergedLoop2|  return value|
|ap_done              |  out|    1|  ap_ctrl_hs|  run_all_slices_unrolled_Pipeline_MergedLoop2|  return value|
|ap_idle              |  out|    1|  ap_ctrl_hs|  run_all_slices_unrolled_Pipeline_MergedLoop2|  return value|
|ap_ready             |  out|    1|  ap_ctrl_hs|  run_all_slices_unrolled_Pipeline_MergedLoop2|  return value|
|grp_fu_283_p_din0    |  out|   16|  ap_ctrl_hs|  run_all_slices_unrolled_Pipeline_MergedLoop2|  return value|
|grp_fu_283_p_din1    |  out|   16|  ap_ctrl_hs|  run_all_slices_unrolled_Pipeline_MergedLoop2|  return value|
|grp_fu_283_p_dout0   |   in|   16|  ap_ctrl_hs|  run_all_slices_unrolled_Pipeline_MergedLoop2|  return value|
|grp_fu_283_p_ce      |  out|    1|  ap_ctrl_hs|  run_all_slices_unrolled_Pipeline_MergedLoop2|  return value|
|grp_fu_287_p_din0    |  out|   16|  ap_ctrl_hs|  run_all_slices_unrolled_Pipeline_MergedLoop2|  return value|
|grp_fu_287_p_din1    |  out|   16|  ap_ctrl_hs|  run_all_slices_unrolled_Pipeline_MergedLoop2|  return value|
|grp_fu_287_p_opcode  |  out|    5|  ap_ctrl_hs|  run_all_slices_unrolled_Pipeline_MergedLoop2|  return value|
|grp_fu_287_p_dout0   |   in|    1|  ap_ctrl_hs|  run_all_slices_unrolled_Pipeline_MergedLoop2|  return value|
|grp_fu_287_p_ce      |  out|    1|  ap_ctrl_hs|  run_all_slices_unrolled_Pipeline_MergedLoop2|  return value|
|grp_fu_291_p_din0    |  out|   16|  ap_ctrl_hs|  run_all_slices_unrolled_Pipeline_MergedLoop2|  return value|
|grp_fu_291_p_din1    |  out|   16|  ap_ctrl_hs|  run_all_slices_unrolled_Pipeline_MergedLoop2|  return value|
|grp_fu_291_p_opcode  |  out|    5|  ap_ctrl_hs|  run_all_slices_unrolled_Pipeline_MergedLoop2|  return value|
|grp_fu_291_p_dout0   |   in|    1|  ap_ctrl_hs|  run_all_slices_unrolled_Pipeline_MergedLoop2|  return value|
|grp_fu_291_p_ce      |  out|    1|  ap_ctrl_hs|  run_all_slices_unrolled_Pipeline_MergedLoop2|  return value|
|merged_address0      |  out|    5|   ap_memory|                                        merged|         array|
|merged_ce0           |  out|    1|   ap_memory|                                        merged|         array|
|merged_we0           |  out|    1|   ap_memory|                                        merged|         array|
|merged_d0            |  out|   16|   ap_memory|                                        merged|         array|
|merged_address1      |  out|    5|   ap_memory|                                        merged|         array|
|merged_ce1           |  out|    1|   ap_memory|                                        merged|         array|
|merged_q1            |   in|   16|   ap_memory|                                        merged|         array|
|h_slice_address0     |  out|    5|   ap_memory|                                       h_slice|         array|
|h_slice_ce0          |  out|    1|   ap_memory|                                       h_slice|         array|
|h_slice_q0           |   in|   16|   ap_memory|                                       h_slice|         array|
+---------------------+-----+-----+------------+----------------------------------------------+--------------+

