

================================================================
== Vitis HLS Report for 'run_all_slices_unrolled_Pipeline_Loop_BN2'
================================================================
* Date:           Mon Sep 15 15:50:12 2025

* Version:        2024.2 (Build 5238294 on Nov  8 2024)
* Project:        run_model
* Solution:       hls (Vivado IP Flow Target)
* Product family: zynq
* Target device:  xc7z020-clg400-3


================================================================
== Performance Estimates
================================================================
+ Timing: 
    * Summary: 
    +--------+----------+----------+------------+
    |  Clock |  Target  | Estimated| Uncertainty|
    +--------+----------+----------+------------+
    |ap_clk  |  10.00 ns|  7.847 ns|     2.00 ns|
    +--------+----------+----------+------------+

+ Latency: 
    * Summary: 
    +---------+---------+----------+----------+-----+-----+------------------------------------------------+
    |  Latency (cycles) |  Latency (absolute) |  Interval |                    Pipeline                    |
    |   min   |   max   |    min   |    max   | min | max |                      Type                      |
    +---------+---------+----------+----------+-----+-----+------------------------------------------------+
    |       71|       71|  0.710 us|  0.710 us|   33|   33|  loop auto-rewind stp (delay=0 clock cycles(s))|
    +---------+---------+----------+----------+-----+-----+------------------------------------------------+

    + Detail: 
        * Instance: 
        N/A

        * Loop: 
        +-----------+---------+---------+----------+-----------+-----------+------+----------+
        |           |  Latency (cycles) | Iteration|  Initiation Interval  | Trip |          |
        | Loop Name |   min   |   max   |  Latency |  achieved |   target  | Count| Pipelined|
        +-----------+---------+---------+----------+-----------+-----------+------+----------+
        |- Loop_BN  |       69|       69|        39|          1|          1|    32|       yes|
        +-----------+---------+---------+----------+-----------+-----------+------+----------+



================================================================
== Utilization Estimates
================================================================
* Summary: 
+-----------------+---------+-----+--------+-------+-----+
|       Name      | BRAM_18K| DSP |   FF   |  LUT  | URAM|
+-----------------+---------+-----+--------+-------+-----+
|DSP              |        -|    -|       -|      -|    -|
|Expression       |        -|    -|       0|     30|    -|
|FIFO             |        -|    -|       -|      -|    -|
|Instance         |        -|    -|       -|      -|    -|
|Memory           |        0|    -|      32|     16|    -|
|Multiplexer      |        -|    -|       0|     36|    -|
|Register         |        -|    -|     408|     64|    -|
+-----------------+---------+-----+--------+-------+-----+
|Total            |        0|    0|     440|    146|    0|
+-----------------+---------+-----+--------+-------+-----+
|Available        |      280|  220|  106400|  53200|    0|
+-----------------+---------+-----+--------+-------+-----+
|Utilization (%)  |        0|    0|      ~0|     ~0|    0|
+-----------------+---------+-----+--------+-------+-----+

+ Detail: 
    * Instance: 
    N/A

    * DSP: 
    N/A

    * Memory: 
    +--------------+---------------------------------------------------------------+---------+----+----+-----+------+-----+------+-------------+
    |    Memory    |                             Module                            | BRAM_18K| FF | LUT| URAM| Words| Bits| Banks| W*Bits*Banks|
    +--------------+---------------------------------------------------------------+---------+----+----+-----+------+-----+------+-------------+
    |BN2_var1_U    |run_all_slices_unrolled_Pipeline_Loop_BN_BN2_var0_ROM_AUTO_1R  |        0|  16|   8|    0|    32|   16|     1|          512|
    |BN2_gamma1_U  |run_all_slices_unrolled_Pipeline_Loop_BN_BN2_var0_ROM_AUTO_1R  |        0|  16|   8|    0|    32|   16|     1|          512|
    +--------------+---------------------------------------------------------------+---------+----+----+-----+------+-----+------+-------------+
    |Total         |                                                               |        0|  32|  16|    0|    64|   32|     2|         1024|
    +--------------+---------------------------------------------------------------+---------+----+----+-----+------+-----+------+-------------+

    * FIFO: 
    N/A

    * Expression: 
    +----------------------+----------+----+---+----+------------+------------+
    |     Variable Name    | Operation| DSP| FF| LUT| Bitwidth P0| Bitwidth P1|
    +----------------------+----------+----+---+----+------------+------------+
    |add_ln198_fu_133_p2   |         +|   0|  0|  14|           6|           1|
    |icmp_ln198_fu_127_p2  |      icmp|   0|  0|  14|           6|           7|
    |ap_enable_pp0         |       xor|   0|  0|   2|           1|           2|
    +----------------------+----------+----+---+----+------------+------------+
    |Total                 |          |   0|  0|  30|          13|          10|
    +----------------------+----------+----+---+----+------------+------------+

    * Multiplexer: 
    +-------------------------+----+-----------+-----+-----------+
    |           Name          | LUT| Input Size| Bits| Total Bits|
    +-------------------------+----+-----------+-----+-----------+
    |ap_done_int              |   9|          2|    1|          2|
    |ap_enable_reg_pp0_iter1  |   9|          2|    1|          2|
    |ap_sig_allocacmp_c       |   9|          2|    6|         12|
    |c_2_fu_38                |   9|          2|    6|         12|
    +-------------------------+----+-----------+-----+-----------+
    |Total                    |  36|          8|   14|         28|
    +-------------------------+----+-----------+-----+-----------+

    * Register: 
    +-----------------------------------+----+----+-----+-----------+
    |                Name               | FF | LUT| Bits| Const Bits|
    +-----------------------------------+----+----+-----+-----------+
    |BN2_gamma1_load_reg_183            |  16|   0|   16|          0|
    |add_i2_reg_188                     |  16|   0|   16|          0|
    |ap_CS_fsm                          |   1|   0|    1|          0|
    |ap_done_reg                        |   1|   0|    1|          0|
    |ap_enable_reg_pp0_iter1            |   1|   0|    1|          0|
    |ap_enable_reg_pp0_iter10           |   1|   0|    1|          0|
    |ap_enable_reg_pp0_iter11           |   1|   0|    1|          0|
    |ap_enable_reg_pp0_iter12           |   1|   0|    1|          0|
    |ap_enable_reg_pp0_iter13           |   1|   0|    1|          0|
    |ap_enable_reg_pp0_iter14           |   1|   0|    1|          0|
    |ap_enable_reg_pp0_iter15           |   1|   0|    1|          0|
    |ap_enable_reg_pp0_iter16           |   1|   0|    1|          0|
    |ap_enable_reg_pp0_iter17           |   1|   0|    1|          0|
    |ap_enable_reg_pp0_iter18           |   1|   0|    1|          0|
    |ap_enable_reg_pp0_iter19           |   1|   0|    1|          0|
    |ap_enable_reg_pp0_iter2            |   1|   0|    1|          0|
    |ap_enable_reg_pp0_iter20           |   1|   0|    1|          0|
    |ap_enable_reg_pp0_iter21           |   1|   0|    1|          0|
    |ap_enable_reg_pp0_iter22           |   1|   0|    1|          0|
    |ap_enable_reg_pp0_iter23           |   1|   0|    1|          0|
    |ap_enable_reg_pp0_iter24           |   1|   0|    1|          0|
    |ap_enable_reg_pp0_iter25           |   1|   0|    1|          0|
    |ap_enable_reg_pp0_iter26           |   1|   0|    1|          0|
    |ap_enable_reg_pp0_iter27           |   1|   0|    1|          0|
    |ap_enable_reg_pp0_iter28           |   1|   0|    1|          0|
    |ap_enable_reg_pp0_iter29           |   1|   0|    1|          0|
    |ap_enable_reg_pp0_iter3            |   1|   0|    1|          0|
    |ap_enable_reg_pp0_iter30           |   1|   0|    1|          0|
    |ap_enable_reg_pp0_iter31           |   1|   0|    1|          0|
    |ap_enable_reg_pp0_iter32           |   1|   0|    1|          0|
    |ap_enable_reg_pp0_iter33           |   1|   0|    1|          0|
    |ap_enable_reg_pp0_iter34           |   1|   0|    1|          0|
    |ap_enable_reg_pp0_iter35           |   1|   0|    1|          0|
    |ap_enable_reg_pp0_iter36           |   1|   0|    1|          0|
    |ap_enable_reg_pp0_iter37           |   1|   0|    1|          0|
    |ap_enable_reg_pp0_iter38           |   1|   0|    1|          0|
    |ap_enable_reg_pp0_iter4            |   1|   0|    1|          0|
    |ap_enable_reg_pp0_iter5            |   1|   0|    1|          0|
    |ap_enable_reg_pp0_iter6            |   1|   0|    1|          0|
    |ap_enable_reg_pp0_iter7            |   1|   0|    1|          0|
    |ap_enable_reg_pp0_iter8            |   1|   0|    1|          0|
    |ap_enable_reg_pp0_iter9            |   1|   0|    1|          0|
    |ap_loop_exit_ready_pp0_iter10_reg  |   1|   0|    1|          0|
    |ap_loop_exit_ready_pp0_iter11_reg  |   1|   0|    1|          0|
    |ap_loop_exit_ready_pp0_iter12_reg  |   1|   0|    1|          0|
    |ap_loop_exit_ready_pp0_iter13_reg  |   1|   0|    1|          0|
    |ap_loop_exit_ready_pp0_iter14_reg  |   1|   0|    1|          0|
    |ap_loop_exit_ready_pp0_iter15_reg  |   1|   0|    1|          0|
    |ap_loop_exit_ready_pp0_iter16_reg  |   1|   0|    1|          0|
    |ap_loop_exit_ready_pp0_iter17_reg  |   1|   0|    1|          0|
    |ap_loop_exit_ready_pp0_iter18_reg  |   1|   0|    1|          0|
    |ap_loop_exit_ready_pp0_iter19_reg  |   1|   0|    1|          0|
    |ap_loop_exit_ready_pp0_iter1_reg   |   1|   0|    1|          0|
    |ap_loop_exit_ready_pp0_iter20_reg  |   1|   0|    1|          0|
    |ap_loop_exit_ready_pp0_iter21_reg  |   1|   0|    1|          0|
    |ap_loop_exit_ready_pp0_iter22_reg  |   1|   0|    1|          0|
    |ap_loop_exit_ready_pp0_iter23_reg  |   1|   0|    1|          0|
    |ap_loop_exit_ready_pp0_iter24_reg  |   1|   0|    1|          0|
    |ap_loop_exit_ready_pp0_iter25_reg  |   1|   0|    1|          0|
    |ap_loop_exit_ready_pp0_iter26_reg  |   1|   0|    1|          0|
    |ap_loop_exit_ready_pp0_iter27_reg  |   1|   0|    1|          0|
    |ap_loop_exit_ready_pp0_iter28_reg  |   1|   0|    1|          0|
    |ap_loop_exit_ready_pp0_iter29_reg  |   1|   0|    1|          0|
    |ap_loop_exit_ready_pp0_iter2_reg   |   1|   0|    1|          0|
    |ap_loop_exit_ready_pp0_iter30_reg  |   1|   0|    1|          0|
    |ap_loop_exit_ready_pp0_iter31_reg  |   1|   0|    1|          0|
    |ap_loop_exit_ready_pp0_iter32_reg  |   1|   0|    1|          0|
    |ap_loop_exit_ready_pp0_iter33_reg  |   1|   0|    1|          0|
    |ap_loop_exit_ready_pp0_iter34_reg  |   1|   0|    1|          0|
    |ap_loop_exit_ready_pp0_iter35_reg  |   1|   0|    1|          0|
    |ap_loop_exit_ready_pp0_iter36_reg  |   1|   0|    1|          0|
    |ap_loop_exit_ready_pp0_iter37_reg  |   1|   0|    1|          0|
    |ap_loop_exit_ready_pp0_iter3_reg   |   1|   0|    1|          0|
    |ap_loop_exit_ready_pp0_iter4_reg   |   1|   0|    1|          0|
    |ap_loop_exit_ready_pp0_iter5_reg   |   1|   0|    1|          0|
    |ap_loop_exit_ready_pp0_iter6_reg   |   1|   0|    1|          0|
    |ap_loop_exit_ready_pp0_iter7_reg   |   1|   0|    1|          0|
    |ap_loop_exit_ready_pp0_iter8_reg   |   1|   0|    1|          0|
    |ap_loop_exit_ready_pp0_iter9_reg   |   1|   0|    1|          0|
    |c_2_fu_38                          |   6|   0|    6|          0|
    |conv5_i2_reg_193                   |  32|   0|   32|          0|
    |conv_i2_reg_203                    |  32|   0|   32|          0|
    |div_i2_reg_213                     |  32|   0|   32|          0|
    |h_slice_addr_reg_162               |   5|   0|    5|          0|
    |mul_i2_reg_223                     |  16|   0|   16|          0|
    |n_reg_218                          |  16|   0|   16|          0|
    |tmp_2_reg_208                      |  32|   0|   32|          0|
    |BN2_gamma1_load_reg_183            |  64|  32|   16|          0|
    |h_slice_addr_reg_162               |  64|  32|    5|          0|
    +-----------------------------------+----+----+-----+-----------+
    |Total                              | 408|  64|  301|          0|
    +-----------------------------------+----+----+-----+-----------+



================================================================
== Interface
================================================================
* Summary: 
+--------------------+-----+-----+------------+-------------------------------------------+--------------+
|      RTL Ports     | Dir | Bits|  Protocol  |               Source Object               |    C Type    |
+--------------------+-----+-----+------------+-------------------------------------------+--------------+
|ap_clk              |   in|    1|  ap_ctrl_hs|  run_all_slices_unrolled_Pipeline_Loop_BN2|  return value|
|ap_rst              |   in|    1|  ap_ctrl_hs|  run_all_slices_unrolled_Pipeline_Loop_BN2|  return value|
|ap_start            |   in|    1|  ap_ctrl_hs|  run_all_slices_unrolled_Pipeline_Loop_BN2|  return value|
|ap_done             |  out|    1|  ap_ctrl_hs|  run_all_slices_unrolled_Pipeline_Loop_BN2|  return value|
|ap_idle             |  out|    1|  ap_ctrl_hs|  run_all_slices_unrolled_Pipeline_Loop_BN2|  return value|
|ap_ready            |  out|    1|  ap_ctrl_hs|  run_all_slices_unrolled_Pipeline_Loop_BN2|  return value|
|grp_fu_254_p_din0   |  out|   16|  ap_ctrl_hs|  run_all_slices_unrolled_Pipeline_Loop_BN2|  return value|
|grp_fu_254_p_din1   |  out|   16|  ap_ctrl_hs|  run_all_slices_unrolled_Pipeline_Loop_BN2|  return value|
|grp_fu_254_p_dout0  |   in|   16|  ap_ctrl_hs|  run_all_slices_unrolled_Pipeline_Loop_BN2|  return value|
|grp_fu_254_p_ce     |  out|    1|  ap_ctrl_hs|  run_all_slices_unrolled_Pipeline_Loop_BN2|  return value|
|grp_fu_258_p_din0   |  out|   16|  ap_ctrl_hs|  run_all_slices_unrolled_Pipeline_Loop_BN2|  return value|
|grp_fu_258_p_din1   |  out|   16|  ap_ctrl_hs|  run_all_slices_unrolled_Pipeline_Loop_BN2|  return value|
|grp_fu_258_p_dout0  |   in|   16|  ap_ctrl_hs|  run_all_slices_unrolled_Pipeline_Loop_BN2|  return value|
|grp_fu_258_p_ce     |  out|    1|  ap_ctrl_hs|  run_all_slices_unrolled_Pipeline_Loop_BN2|  return value|
|grp_fu_262_p_din0   |  out|   16|  ap_ctrl_hs|  run_all_slices_unrolled_Pipeline_Loop_BN2|  return value|
|grp_fu_262_p_din1   |  out|   16|  ap_ctrl_hs|  run_all_slices_unrolled_Pipeline_Loop_BN2|  return value|
|grp_fu_262_p_dout0  |   in|   16|  ap_ctrl_hs|  run_all_slices_unrolled_Pipeline_Loop_BN2|  return value|
|grp_fu_262_p_ce     |  out|    1|  ap_ctrl_hs|  run_all_slices_unrolled_Pipeline_Loop_BN2|  return value|
|grp_fu_266_p_din0   |  out|   32|  ap_ctrl_hs|  run_all_slices_unrolled_Pipeline_Loop_BN2|  return value|
|grp_fu_266_p_din1   |  out|   32|  ap_ctrl_hs|  run_all_slices_unrolled_Pipeline_Loop_BN2|  return value|
|grp_fu_266_p_dout0  |   in|   32|  ap_ctrl_hs|  run_all_slices_unrolled_Pipeline_Loop_BN2|  return value|
|grp_fu_266_p_ce     |  out|    1|  ap_ctrl_hs|  run_all_slices_unrolled_Pipeline_Loop_BN2|  return value|
|grp_fu_270_p_din0   |  out|   32|  ap_ctrl_hs|  run_all_slices_unrolled_Pipeline_Loop_BN2|  return value|
|grp_fu_270_p_din1   |  out|   32|  ap_ctrl_hs|  run_all_slices_unrolled_Pipeline_Loop_BN2|  return value|
|grp_fu_270_p_dout0  |   in|   32|  ap_ctrl_hs|  run_all_slices_unrolled_Pipeline_Loop_BN2|  return value|
|grp_fu_270_p_ce     |  out|    1|  ap_ctrl_hs|  run_all_slices_unrolled_Pipeline_Loop_BN2|  return value|
|grp_fu_274_p_din0   |  out|   32|  ap_ctrl_hs|  run_all_slices_unrolled_Pipeline_Loop_BN2|  return value|
|grp_fu_274_p_dout0  |   in|   16|  ap_ctrl_hs|  run_all_slices_unrolled_Pipeline_Loop_BN2|  return value|
|grp_fu_274_p_ce     |  out|    1|  ap_ctrl_hs|  run_all_slices_unrolled_Pipeline_Loop_BN2|  return value|
|grp_fu_277_p_din0   |  out|   16|  ap_ctrl_hs|  run_all_slices_unrolled_Pipeline_Loop_BN2|  return value|
|grp_fu_277_p_dout0  |   in|   32|  ap_ctrl_hs|  run_all_slices_unrolled_Pipeline_Loop_BN2|  return value|
|grp_fu_277_p_ce     |  out|    1|  ap_ctrl_hs|  run_all_slices_unrolled_Pipeline_Loop_BN2|  return value|
|grp_fu_280_p_din0   |  out|   16|  ap_ctrl_hs|  run_all_slices_unrolled_Pipeline_Loop_BN2|  return value|
|grp_fu_280_p_dout0  |   in|   32|  ap_ctrl_hs|  run_all_slices_unrolled_Pipeline_Loop_BN2|  return value|
|grp_fu_280_p_ce     |  out|    1|  ap_ctrl_hs|  run_all_slices_unrolled_Pipeline_Loop_BN2|  return value|
|h_slice_address0    |  out|    5|   ap_memory|                                    h_slice|         array|
|h_slice_ce0         |  out|    1|   ap_memory|                                    h_slice|         array|
|h_slice_we0         |  out|    1|   ap_memory|                                    h_slice|         array|
|h_slice_d0          |  out|   16|   ap_memory|                                    h_slice|         array|
|h_slice_address1    |  out|    5|   ap_memory|                                    h_slice|         array|
|h_slice_ce1         |  out|    1|   ap_memory|                                    h_slice|         array|
|h_slice_q1          |   in|   16|   ap_memory|                                    h_slice|         array|
+--------------------+-----+-----+------------+-------------------------------------------+--------------+

