

================================================================
== Vitis HLS Report for 'run_model'
================================================================
* Date:           Mon Sep 15 15:50:18 2025

* Version:        2024.2 (Build 5238294 on Nov  8 2024)
* Project:        run_model
* Solution:       hls (Vivado IP Flow Target)
* Product family: zynq
* Target device:  xc7z020-clg400-3


================================================================
== Performance Estimates
================================================================
+ Timing: 
    * Summary: 
    +--------+----------+----------+------------+
    |  Clock |  Target  | Estimated| Uncertainty|
    +--------+----------+----------+------------+
    |ap_clk  |  10.00 ns|  7.847 ns|     2.00 ns|
    +--------+----------+----------+------------+

+ Latency: 
    * Summary: 
    +----------+----------+-----------+-----------+----------+----------+---------+
    |   Latency (cycles)  |   Latency (absolute)  |       Interval      | Pipeline|
    |    min   |    max   |    min    |    max    |    min   |    max   |   Type  |
    +----------+----------+-----------+-----------+----------+----------+---------+
    |  40163807|  40208087|  0.402 sec|  0.402 sec|  40163808|  40208088|       no|
    +----------+----------+-----------+-----------+----------+----------+---------+

    + Detail: 
        * Instance: 
        +-----------------------------------------+------------------------------+----------+----------+-----------+-----------+----------+----------+------------------------------------------------+
        |                                         |                              |   Latency (cycles)  |   Latency (absolute)  |       Interval      |                    Pipeline                    |
        |                 Instance                |            Module            |    min   |    max   |    min    |    max    |    min   |    max   |                      Type                      |
        +-----------------------------------------+------------------------------+----------+----------+-----------+-----------+----------+----------+------------------------------------------------+
        |grp_run_all_slices_unrolled_fu_263       |run_all_slices_unrolled       |  40081252|  40125532|  0.401 sec|  0.401 sec|  40081252|  40125532|                                              no|
        |grp_run_model_Pipeline_Loop_BN_fu_331    |run_model_Pipeline_Loop_BN    |       170|       170|   1.700 us|   1.700 us|       129|       129|  loop auto-rewind stp (delay=0 clock cycles(s))|
        |grp_run_model_Pipeline_ReLULoop1_fu_340  |run_model_Pipeline_ReLULoop1  |       134|       134|   1.340 us|   1.340 us|       129|       129|  loop auto-rewind stp (delay=0 clock cycles(s))|
        |grp_run_model_Pipeline_Loop_BN1_fu_345   |run_model_Pipeline_Loop_BN1   |       170|       170|   1.700 us|   1.700 us|       129|       129|  loop auto-rewind stp (delay=0 clock cycles(s))|
        |grp_run_model_Pipeline_ReLULoop2_fu_354  |run_model_Pipeline_ReLULoop2  |       134|       134|   1.340 us|   1.340 us|       129|       129|  loop auto-rewind stp (delay=0 clock cycles(s))|
        +-----------------------------------------+------------------------------+----------+----------+-----------+-----------+----------+----------+------------------------------------------------+

        * Loop: 
        +---------------------------------+---------+---------+----------+-----------+-----------+-------+----------+
        |                                 |  Latency (cycles) | Iteration|  Initiation Interval  |  Trip |          |
        |            Loop Name            |   min   |   max   |  Latency |  achieved |   target  | Count | Pipelined|
        +---------------------------------+---------+---------+----------+-----------+-----------+-------+----------+
        |- OuterLoopDense_InnerLoopDense  |    16392|    16392|        13|          4|          1|   4096|       yes|
        |- OuterLoopDense_InnerLoopDense  |    65544|    65544|        13|          4|          1|  16384|       yes|
        +---------------------------------+---------+---------+----------+-----------+-----------+-------+----------+



================================================================
== Utilization Estimates
================================================================
* Summary: 
+-----------------+---------+-----+--------+-------+-----+
|       Name      | BRAM_18K| DSP |   FF   |  LUT  | URAM|
+-----------------+---------+-----+--------+-------+-----+
|DSP              |        -|    -|       -|      -|    -|
|Expression       |        -|    -|       0|    315|    -|
|FIFO             |        -|    -|       -|      -|    -|
|Instance         |      137|   55|   22297|  24706|    0|
|Memory           |       22|    -|     160|      8|    0|
|Multiplexer      |        -|    -|       0|    859|    -|
|Register         |        -|    -|     431|    128|    -|
+-----------------+---------+-----+--------+-------+-----+
|Total            |      159|   55|   22888|  26016|    0|
+-----------------+---------+-----+--------+-------+-----+
|Available        |      280|  220|  106400|  53200|    0|
+-----------------+---------+-----+--------+-------+-----+
|Utilization (%)  |       56|   25|      21|     48|    0|
+-----------------+---------+-----+--------+-------+-----+

+ Detail: 
    * Instance: 
    +-----------------------------------------+--------------------------------+---------+----+-------+-------+-----+
    |                 Instance                |             Module             | BRAM_18K| DSP|   FF  |  LUT  | URAM|
    +-----------------------------------------+--------------------------------+---------+----+-------+-------+-----+
    |fdiv_32ns_32ns_32_10_no_dsp_1_U758       |fdiv_32ns_32ns_32_10_no_dsp_1   |        0|   0|      0|      0|    0|
    |fsqrt_32ns_32ns_32_10_no_dsp_1_U759      |fsqrt_32ns_32ns_32_10_no_dsp_1  |        0|   0|      0|      0|    0|
    |hadd_16ns_16ns_16_5_full_dsp_1_U754      |hadd_16ns_16ns_16_5_full_dsp_1  |        0|   2|    109|    116|    0|
    |hadd_16ns_16ns_16_5_full_dsp_1_U756      |hadd_16ns_16ns_16_5_full_dsp_1  |        0|   2|    109|    116|    0|
    |hcmp_16ns_16ns_1_2_no_dsp_1_U757         |hcmp_16ns_16ns_1_2_no_dsp_1     |        0|   0|      0|      0|    0|
    |hmul_16ns_16ns_16_4_max_dsp_1_U755       |hmul_16ns_16ns_16_4_max_dsp_1   |        0|   2|     91|     35|    0|
    |hptosp_16ns_32_2_no_dsp_1_U761           |hptosp_16ns_32_2_no_dsp_1       |        0|   0|      0|      0|    0|
    |hptosp_16ns_32_2_no_dsp_1_U762           |hptosp_16ns_32_2_no_dsp_1       |        0|   0|      0|      0|    0|
    |grp_run_all_slices_unrolled_fu_263       |run_all_slices_unrolled         |      133|  49|  20812|  23939|    0|
    |grp_run_model_Pipeline_Loop_BN_fu_331    |run_model_Pipeline_Loop_BN      |        2|   0|    482|    133|    0|
    |grp_run_model_Pipeline_Loop_BN1_fu_345   |run_model_Pipeline_Loop_BN1     |        2|   0|    482|    133|    0|
    |grp_run_model_Pipeline_ReLULoop1_fu_340  |run_model_Pipeline_ReLULoop1    |        0|   0|    106|    117|    0|
    |grp_run_model_Pipeline_ReLULoop2_fu_354  |run_model_Pipeline_ReLULoop2    |        0|   0|    106|    117|    0|
    |sptohp_32ns_16_2_no_dsp_1_U760           |sptohp_32ns_16_2_no_dsp_1       |        0|   0|      0|      0|    0|
    +-----------------------------------------+--------------------------------+---------+----+-------+-------+-----+
    |Total                                    |                                |      137|  55|  22297|  24706|    0|
    +-----------------------------------------+--------------------------------+---------+----+-------+-------+-----+

    * DSP: 
    N/A

    * Memory: 
    +----------+----------------------+---------+----+----+-----+-------+-----+------+-------------+
    |  Memory  |        Module        | BRAM_18K| FF | LUT| URAM| Words | Bits| Banks| W*Bits*Banks|
    +----------+----------------------+---------+----+----+-----+-------+-----+------+-------------+
    |fc_0_W_U  |fc_0_W_ROM_AUTO_3R    |        4|  32|   0|    0|   4096|   16|     1|        65536|
    |fc_1_W_U  |fc_1_W_ROM_AUTO_3R    |       16|  32|   0|    0|  16384|   16|     1|       262144|
    |merged_U  |merged_RAM_AUTO_1R1W  |        0|  32|   8|    0|     32|   16|     1|          512|
    |z0_U      |z0_RAM_AUTO_3R2W      |        1|  32|   0|    0|    128|   16|     1|         2048|
    |z1_U      |z1_RAM_AUTO_3R2W      |        1|  32|   0|    0|    128|   16|     1|         2048|
    +----------+----------------------+---------+----+----+-----+-------+-----+------+-------------+
    |Total     |                      |       22| 160|   8|    0|  20768|   80|     5|       332288|
    +----------+----------------------+---------+----+----+-----+-------+-----+------+-------------+

    * FIFO: 
    N/A

    * Expression: 
    +--------------------------+----------+----+---+----+------------+------------+
    |       Variable Name      | Operation| DSP| FF| LUT| Bitwidth P0| Bitwidth P1|
    +--------------------------+----------+----+---+----+------------+------------+
    |add_ln209_1_fu_438_p2     |         +|   0|  0|  15|           8|           1|
    |add_ln209_2_fu_561_p2     |         +|   0|  0|  22|          15|           1|
    |add_ln209_3_fu_587_p2     |         +|   0|  0|  15|           8|           1|
    |add_ln209_fu_412_p2       |         +|   0|  0|  20|          13|           1|
    |add_ln212_1_fu_638_p2     |         +|   0|  0|  15|           8|           1|
    |add_ln212_fu_489_p2       |         +|   0|  0|  14|           6|           1|
    |add_ln214_1_fu_627_p2     |         +|   0|  0|  21|          14|          14|
    |add_ln214_fu_478_p2       |         +|   0|  0|  19|          12|          12|
    |icmp_ln209_1_fu_555_p2    |      icmp|   0|  0|  23|          15|          16|
    |icmp_ln209_fu_406_p2      |      icmp|   0|  0|  21|          13|          14|
    |icmp_ln212_1_fu_495_p2    |      icmp|   0|  0|  14|           6|           7|
    |icmp_ln212_2_fu_573_p2    |      icmp|   0|  0|  16|           8|           9|
    |icmp_ln212_3_fu_644_p2    |      icmp|   0|  0|  16|           8|           9|
    |icmp_ln212_fu_424_p2      |      icmp|   0|  0|  14|           6|           7|
    |z0_we0                    |        or|   0|  0|   2|           1|           1|
    |z1_we0                    |        or|   0|  0|   2|           1|           1|
    |select_ln209_1_fu_593_p3  |    select|   0|  0|   8|           1|           8|
    |select_ln209_fu_444_p3    |    select|   0|  0|   8|           1|           8|
    |select_ln210_1_fu_519_p3  |    select|   0|  0|  16|           1|           1|
    |select_ln210_2_fu_579_p3  |    select|   0|  0|   8|           1|           1|
    |select_ln210_3_fu_668_p3  |    select|   0|  0|  16|           1|           1|
    |select_ln210_fu_430_p3    |    select|   0|  0|   6|           1|           1|
    |ap_enable_pp0             |       xor|   0|  0|   2|           1|           2|
    |ap_enable_pp1             |       xor|   0|  0|   2|           1|           2|
    +--------------------------+----------+----+---+----+------------+------------+
    |Total                     |          |   0|  0| 315|         150|         120|
    +--------------------------+----------+----+---+----+------------+------------+

    * Multiplexer: 
    +-----------------------------+----+-----------+-----+-----------+
    |             Name            | LUT| Input Size| Bits| Total Bits|
    +-----------------------------+----+-----------+-----+-----------+
    |acc_2_fu_180                 |   9|          2|   16|         32|
    |acc_fu_152                   |   9|          2|   16|         32|
    |ap_NS_fsm                    |  93|         19|    1|         19|
    |ap_enable_reg_pp0_iter3      |   9|          2|    1|          2|
    |ap_enable_reg_pp1_iter3      |   9|          2|    1|          2|
    |ap_sig_allocacmp_acc_2_load  |   9|          2|   16|         32|
    |ap_sig_allocacmp_acc_load    |   9|          2|   16|         32|
    |grp_fu_359_ce                |  17|          4|    1|          4|
    |grp_fu_359_p0                |  25|          6|   16|         96|
    |grp_fu_359_p1                |  21|          5|   16|         80|
    |grp_fu_365_ce                |  17|          4|    1|          4|
    |grp_fu_365_p0                |  25|          6|   16|         96|
    |grp_fu_365_p1                |  25|          6|   16|         96|
    |grp_fu_823_ce                |  17|          4|    1|          4|
    |grp_fu_823_p0                |  17|          4|   16|         64|
    |grp_fu_823_p1                |  17|          4|   16|         64|
    |grp_fu_827_ce                |  17|          4|    1|          4|
    |grp_fu_827_opcode            |  17|          4|    5|         20|
    |grp_fu_827_p0                |  17|          4|   16|         64|
    |grp_fu_827_p1                |  17|          4|   16|         64|
    |grp_fu_831_ce                |  17|          4|    1|          4|
    |grp_fu_831_p0                |  17|          4|   32|        128|
    |grp_fu_831_p1                |  17|          4|   32|        128|
    |grp_fu_835_ce                |  17|          4|    1|          4|
    |grp_fu_835_p0                |  17|          4|   32|        128|
    |grp_fu_835_p1                |  17|          4|   32|        128|
    |grp_fu_839_ce                |  17|          4|    1|          4|
    |grp_fu_839_p0                |  17|          4|   32|        128|
    |grp_fu_842_ce                |  17|          4|    1|          4|
    |grp_fu_842_p0                |  17|          4|   16|         64|
    |grp_fu_845_ce                |  17|          4|    1|          4|
    |grp_fu_845_p0                |  17|          4|   16|         64|
    |i_1_fu_184                   |   9|          2|    8|         16|
    |i_fu_156                     |   9|          2|    6|         12|
    |indvar_flatten6_fu_192       |   9|          2|   15|         30|
    |indvar_flatten_fu_164        |   9|          2|   13|         26|
    |j_2_fu_160                   |   9|          2|    8|         16|
    |j_fu_188                     |   9|          2|    8|         16|
    |merged_address0              |   9|          2|    5|         10|
    |merged_ce0                   |   9|          2|    1|          2|
    |merged_ce1                   |   9|          2|    1|          2|
    |merged_we0                   |   9|          2|    1|          2|
    |z0_address0                  |  13|          3|    7|         21|
    |z0_address0_local            |  13|          3|    7|         21|
    |z0_address1                  |  13|          3|    7|         21|
    |z0_ce0                       |  13|          3|    1|          3|
    |z0_ce1                       |  13|          3|    1|          3|
    |z0_d0                        |  13|          3|   16|         48|
    |z0_we0                       |  13|          3|    1|          3|
    |z1_address0                  |  13|          3|    7|         21|
    |z1_address1                  |  13|          3|    7|         21|
    |z1_ce0                       |  13|          3|    1|          3|
    |z1_ce1                       |  13|          3|    1|          3|
    |z1_d0                        |  13|          3|   16|         48|
    |z1_we0                       |  13|          3|    1|          3|
    +-----------------------------+----+-----------+-----+-----------+
    |Total                        | 859|        197|  540|       1950|
    +-----------------------------+----+-----------+-----+-----------+

    * Register: 
    +------------------------------------------------------+----+----+-----+-----------+
    |                         Name                         | FF | LUT| Bits| Const Bits|
    +------------------------------------------------------+----+----+-----+-----------+
    |acc_2_fu_180                                          |  16|   0|   16|          0|
    |acc_fu_152                                            |  16|   0|   16|          0|
    |ap_CS_fsm                                             |  18|   0|   18|          0|
    |ap_enable_reg_pp0_iter0                               |   1|   0|    1|          0|
    |ap_enable_reg_pp0_iter0_reg                           |   1|   0|    1|          0|
    |ap_enable_reg_pp0_iter1                               |   1|   0|    1|          0|
    |ap_enable_reg_pp0_iter2                               |   1|   0|    1|          0|
    |ap_enable_reg_pp0_iter3                               |   1|   0|    1|          0|
    |ap_enable_reg_pp1_iter0                               |   1|   0|    1|          0|
    |ap_enable_reg_pp1_iter0_reg                           |   1|   0|    1|          0|
    |ap_enable_reg_pp1_iter1                               |   1|   0|    1|          0|
    |ap_enable_reg_pp1_iter2                               |   1|   0|    1|          0|
    |ap_enable_reg_pp1_iter3                               |   1|   0|    1|          0|
    |grp_run_all_slices_unrolled_fu_263_ap_start_reg       |   1|   0|    1|          0|
    |grp_run_model_Pipeline_Loop_BN1_fu_345_ap_start_reg   |   1|   0|    1|          0|
    |grp_run_model_Pipeline_Loop_BN_fu_331_ap_start_reg    |   1|   0|    1|          0|
    |grp_run_model_Pipeline_ReLULoop1_fu_340_ap_start_reg  |   1|   0|    1|          0|
    |grp_run_model_Pipeline_ReLULoop2_fu_354_ap_start_reg  |   1|   0|    1|          0|
    |i_1_fu_184                                            |   8|   0|    8|          0|
    |i_fu_156                                              |   6|   0|    6|          0|
    |icmp_ln212_1_reg_728                                  |   1|   0|    1|          0|
    |icmp_ln212_2_reg_784                                  |   1|   0|    1|          0|
    |icmp_ln212_2_reg_784_pp1_iter1_reg                    |   1|   0|    1|          0|
    |icmp_ln212_3_reg_799                                  |   1|   0|    1|          0|
    |icmp_ln212_reg_713                                    |   1|   0|    1|          0|
    |icmp_ln212_reg_713_pp0_iter1_reg                      |   1|   0|    1|          0|
    |indvar_flatten6_fu_192                                |  15|   0|   15|          0|
    |indvar_flatten_fu_164                                 |  13|   0|   13|          0|
    |j_2_fu_160                                            |   8|   0|    8|          0|
    |j_fu_188                                              |   8|   0|    8|          0|
    |reg_372                                               |  16|   0|   16|          0|
    |x_load_reg_737                                        |  16|   0|   16|          0|
    |y_addr_reg_732                                        |   7|   0|    7|          0|
    |z1_addr_reg_803                                       |   7|   0|    7|          0|
    |icmp_ln212_1_reg_728                                  |  64|  32|    1|          0|
    |icmp_ln212_3_reg_799                                  |  64|  32|    1|          0|
    |y_addr_reg_732                                        |  64|  32|    7|          0|
    |z1_addr_reg_803                                       |  64|  32|    7|          0|
    +------------------------------------------------------+----+----+-----+-----------+
    |Total                                                 | 431| 128|  191|          0|
    +------------------------------------------------------+----+----+-----+-----------+



================================================================
== Interface
================================================================
* Summary: 
+-----------+-----+-----+------------+--------------+--------------+
| RTL Ports | Dir | Bits|  Protocol  | Source Object|    C Type    |
+-----------+-----+-----+------------+--------------+--------------+
|ap_clk     |   in|    1|  ap_ctrl_hs|     run_model|  return value|
|ap_rst     |   in|    1|  ap_ctrl_hs|     run_model|  return value|
|ap_start   |   in|    1|  ap_ctrl_hs|     run_model|  return value|
|ap_done    |  out|    1|  ap_ctrl_hs|     run_model|  return value|
|ap_idle    |  out|    1|  ap_ctrl_hs|     run_model|  return value|
|ap_ready   |  out|    1|  ap_ctrl_hs|     run_model|  return value|
|y_hat_out  |   in|   16|     ap_none|     y_hat_out|       pointer|
+-----------+-----+-----+------------+--------------+--------------+

