

================================================================
== Synthesis Summary Report of 'run_model'
================================================================
+ General Information: 
    * Date:           Mon Sep 15 15:50:19 2025
    * Version:        2024.2 (Build 5238294 on Nov  8 2024)
    * Project:        run_model
    * Solution:       hls (Vivado IP Flow Target)
    * Product family: zynq
    * Target device:  xc7z020-clg400-3
    

+ Performance & Resource Estimates: 
    
    PS: '+' for module; 'o' for loop; '*' for dataflow
    +----------------------------------------------------+------+------+----------+-----------+----------+----------+-------+----------+-----------+----------+-------------+-------------+-----+
    |                       Modules                      | Issue|      | Latency  |  Latency  | Iteration|          |  Trip |          |           |          |             |             |     |
    |                       & Loops                      | Type | Slack| (cycles) |    (ns)   |  Latency | Interval | Count | Pipelined|   BRAM    |    DSP   |      FF     |     LUT     | URAM|
    +----------------------------------------------------+------+------+----------+-----------+----------+----------+-------+----------+-----------+----------+-------------+-------------+-----+
    |+ run_model                                         |     -|  0.15|  40208087|  4.021e+08|         -|  40208088|      -|        no|  159 (56%)|  55 (25%)|  22888 (21%)|  26016 (48%)|    -|
    | + run_all_slices_unrolled                          |     -|  0.15|  40125532|  4.013e+08|         -|  40125532|      -|        no|  133 (47%)|  49 (22%)|  20812 (19%)|  23939 (44%)|    -|
    |  + run_all_slices_unrolled_Pipeline_MergedLoop     |     -|  3.77|        34|    340.000|         -|        34|      -|        no|          -|         -|      8 (~0%)|     55 (~0%)|    -|
    |   o MergedLoop                                     |     -|  8.00|        32|    320.000|         1|         1|     32|       yes|          -|         -|            -|            -|    -|
    |  + lstm_forward_unidir                             |     -|  0.15|    101244|  1.012e+06|         -|    101244|      -|        no|          -|  35 (15%)|    5210 (4%)|   7813 (14%)|    -|
    |   + lstm_forward_unidir_Pipeline_VITIS_LOOP_145_1  |     -|  3.77|        34|    340.000|         -|        34|      -|        no|          -|         -|      8 (~0%)|     55 (~0%)|    -|
    |    o VITIS_LOOP_145_1                              |     -|  8.00|        32|    320.000|         1|         1|     32|       yes|          -|         -|            -|            -|    -|
    |   o Loop1LSTM                                      |     -|  8.00|    101208|  1.012e+06|      8434|         -|     12|        no|          -|         -|            -|            -|    -|
    |    + lstm_forward_unidir_Pipeline_Loop2_1LSTM      |     -|  1.93|       130|  1.300e+03|         -|       130|      -|        no|          -|         -|     18 (~0%)|     837 (1%)|    -|
    |     o Loop2_1LSTM                                  |     -|  8.00|       128|  1.280e+03|         1|         1|    128|       yes|          -|         -|            -|            -|    -|
    |    + lstm_forward_unidir_Pipeline_Loop2_4LSTM      |     -|  0.15|        75|    750.000|         -|        75|      -|        no|          -|  31 (14%)|    2851 (2%)|    4668 (8%)|    -|
    |     o Loop2_4LSTM                                  |     -|  8.00|        73|    730.000|        43|         1|     32|       yes|          -|         -|            -|            -|    -|
    |    o Loop2_2LSTM_Loop3_2_1LSTM                     |     -|  8.00|      4111|  4.111e+04|        17|         1|   4096|       yes|          -|         -|            -|            -|    -|
    |    o Loop2_3LSTM_Loop3_3_1LSTM                     |     -|  8.00|      4111|  4.111e+04|        17|         1|   4096|       yes|          -|         -|            -|            -|    -|
    |  + run_all_slices_unrolled_Pipeline_Loop_BN        |     -|  0.15|        71|    710.000|         -|        71|      -|        no|          -|         -|    440 (~0%)|    146 (~0%)|    -|
    |   o Loop_BN                                        |     -|  8.00|        69|    690.000|        39|         1|     32|       yes|          -|         -|            -|            -|    -|
    |  + conv_bn_act_pool                                |     -|  0.15|   2641321|  2.641e+07|         -|   2641321|      -|        no|    12 (4%)|         -|    2855 (2%)|    2705 (5%)|    -|
    |   + conv_bn_act_pool_Pipeline_BNParamsLoop         |     -|  0.15|        70|    700.000|         -|        70|      -|        no|          -|         -|    1687 (1%)|    490 (~0%)|    -|
    |    o BNParamsLoop                                  |     -|  8.00|        68|    680.000|        38|         1|     32|       yes|          -|         -|            -|            -|    -|
    |   o Loop1Big                                       |     -|  8.00|   2641248|  2.641e+07|     36684|         -|     72|        no|          -|         -|            -|            -|    -|
    |    + conv_bn_act_pool_Pipeline_Loop3_2Big          |     -|  0.76|        41|    410.000|         -|        41|      -|        no|          -|         -|    125 (~0%)|     550 (1%)|    -|
    |     o Loop3_2Big                                   |     -|  8.00|        39|    390.000|         9|         1|     32|       yes|          -|         -|            -|            -|    -|
    |    o Loop2Big                                      |     -|  8.00|     36640|  3.664e+05|      1145|         -|     32|        no|          -|         -|            -|            -|    -|
    |     o Loop3_1Big_Loop4Big                          |    II|  8.00|      1126|  1.126e+04|        17|        10|    112|       yes|          -|         -|            -|            -|    -|
    |  + run_all_slices_unrolled_Pipeline_MergedLoop0    |     -|  1.01|        40|    400.000|         -|        40|      -|        no|          -|         -|    122 (~0%)|    111 (~0%)|    -|
    |   o MergedLoop0                                    |     -|  8.00|        38|    380.000|         8|         1|     32|       yes|          -|         -|            -|            -|    -|
    |  + run_all_slices_unrolled_Pipeline_Loop_BN2       |     -|  0.15|        71|    710.000|         -|        71|      -|        no|          -|         -|    440 (~0%)|    146 (~0%)|    -|
    |   o Loop_BN                                        |     -|  8.00|        69|    690.000|        39|         1|     32|       yes|          -|         -|            -|            -|    -|
    |  + conv_bn_act_pool_2                              |     -|  0.15|   5282569|  5.283e+07|         -|   5282569|      -|        no|    16 (5%)|         -|    2859 (2%)|    2708 (5%)|    -|
    |   + conv_bn_act_pool_2_Pipeline_BNParamsLoop       |     -|  0.15|        70|    700.000|         -|        70|      -|        no|          -|         -|    1687 (1%)|    490 (~0%)|    -|
    |    o BNParamsLoop                                  |     -|  8.00|        68|    680.000|        38|         1|     32|       yes|          -|         -|            -|            -|    -|
    |   o Loop1Big                                       |     -|  8.00|   5282496|  5.282e+07|     36684|         -|    144|        no|          -|         -|            -|            -|    -|
    |    + conv_bn_act_pool_2_Pipeline_Loop3_2Big        |     -|  0.76|        41|    410.000|         -|        41|      -|        no|          -|         -|    125 (~0%)|     550 (1%)|    -|
    |     o Loop3_2Big                                   |     -|  8.00|        39|    390.000|         9|         1|     32|       yes|          -|         -|            -|            -|    -|
    |    o Loop2Big                                      |     -|  8.00|     36640|  3.664e+05|      1145|         -|     32|        no|          -|         -|            -|            -|    -|
    |     o Loop3_1Big_Loop4Big                          |    II|  8.00|      1126|  1.126e+04|        17|        10|    112|       yes|          -|         -|            -|            -|    -|
    |  + run_all_slices_unrolled_Pipeline_MergedLoop1    |     -|  1.01|        40|    400.000|         -|        40|      -|        no|          -|         -|    122 (~0%)|    111 (~0%)|    -|
    |   o MergedLoop1                                    |     -|  8.00|        38|    380.000|         8|         1|     32|       yes|          -|         -|            -|            -|    -|
    |  + run_all_slices_unrolled_Pipeline_Loop_BN3       |     -|  0.15|        71|    710.000|         -|        71|      -|        no|          -|         -|    440 (~0%)|    146 (~0%)|    -|
    |   o Loop_BN                                        |     -|  8.00|        69|    690.000|        39|         1|     32|       yes|          -|         -|            -|            -|    -|
    |  + conv_bn_act_pool_3                              |     -|  0.15|  10565065|  1.057e+08|         -|  10565065|      -|        no|    24 (8%)|         -|    2863 (2%)|    2711 (5%)|    -|
    |   + conv_bn_act_pool_3_Pipeline_BNParamsLoop       |     -|  0.15|        70|    700.000|         -|        70|      -|        no|          -|         -|    1687 (1%)|    490 (~0%)|    -|
    |    o BNParamsLoop                                  |     -|  8.00|        68|    680.000|        38|         1|     32|       yes|          -|         -|            -|            -|    -|
    |   o Loop1Big                                       |     -|  8.00|  10564992|  1.056e+08|     36684|         -|    288|        no|          -|         -|            -|            -|    -|
    |    + conv_bn_act_pool_3_Pipeline_Loop3_2Big        |     -|  0.76|        41|    410.000|         -|        41|      -|        no|          -|         -|    125 (~0%)|     550 (1%)|    -|
    |     o Loop3_2Big                                   |     -|  8.00|        39|    390.000|         9|         1|     32|       yes|          -|         -|            -|            -|    -|
    |    o Loop2Big                                      |     -|  8.00|     36640|  3.664e+05|      1145|         -|     32|        no|          -|         -|            -|            -|    -|
    |     o Loop3_1Big_Loop4Big                          |    II|  8.00|      1126|  1.126e+04|        17|        10|    112|       yes|          -|         -|            -|            -|    -|
    |  + run_all_slices_unrolled_Pipeline_MergedLoop2    |     -|  1.01|        40|    400.000|         -|        40|      -|        no|          -|         -|    122 (~0%)|    111 (~0%)|    -|
    |   o MergedLoop2                                    |     -|  8.00|        38|    380.000|         8|         1|     32|       yes|          -|         -|            -|            -|    -|
    |  + run_all_slices_unrolled_Pipeline_Loop_BN4       |     -|  0.15|        71|    710.000|         -|        71|      -|        no|          -|         -|    440 (~0%)|    146 (~0%)|    -|
    |   o Loop_BN                                        |     -|  8.00|        69|    690.000|        39|         1|     32|       yes|          -|         -|            -|            -|    -|
    |  + conv_bn_act_pool_4                              |     -|  0.15|  21130057|  2.113e+08|         -|  21130057|      -|        no|   40 (14%)|         -|    2867 (2%)|    2714 (5%)|    -|
    |   + conv_bn_act_pool_4_Pipeline_BNParamsLoop       |     -|  0.15|        70|    700.000|         -|        70|      -|        no|          -|         -|    1687 (1%)|    490 (~0%)|    -|
    |    o BNParamsLoop                                  |     -|  8.00|        68|    680.000|        38|         1|     32|       yes|          -|         -|            -|            -|    -|
    |   o Loop1Big                                       |     -|  8.00|  21129984|  2.113e+08|     36684|         -|    576|        no|          -|         -|            -|            -|    -|
    |    + conv_bn_act_pool_4_Pipeline_Loop3_2Big        |     -|  0.76|        41|    410.000|         -|        41|      -|        no|          -|         -|    125 (~0%)|     550 (1%)|    -|
    |     o Loop3_2Big                                   |     -|  8.00|        39|    390.000|         9|         1|     32|       yes|          -|         -|            -|            -|    -|
    |    o Loop2Big                                      |     -|  8.00|     36640|  3.664e+05|      1145|         -|     32|        no|          -|         -|            -|            -|    -|
    |     o Loop3_1Big_Loop4Big                          |    II|  8.00|      1126|  1.126e+04|        17|        10|    112|       yes|          -|         -|            -|            -|    -|
    |  + run_all_slices_unrolled_Pipeline_MergedLoop3    |     -|  1.01|        40|    400.000|         -|        40|      -|        no|          -|         -|    122 (~0%)|    111 (~0%)|    -|
    |   o MergedLoop3                                    |     -|  8.00|        38|    380.000|         8|         1|     32|       yes|          -|         -|            -|            -|    -|
    |  + run_all_slices_unrolled_Pipeline_Loop_BN5       |     -|  0.15|        71|    710.000|         -|        71|      -|        no|          -|         -|    440 (~0%)|    146 (~0%)|    -|
    |   o Loop_BN                                        |     -|  8.00|        69|    690.000|        39|         1|     32|       yes|          -|         -|            -|            -|    -|
    |  + run_all_slices_unrolled_Pipeline_MergedLoop4    |     -|  1.01|        40|    400.000|         -|        40|      -|        no|          -|         -|    122 (~0%)|    111 (~0%)|    -|
    |   o MergedLoop4                                    |     -|  8.00|        38|    380.000|         8|         1|     32|       yes|          -|         -|            -|            -|    -|
    | + run_model_Pipeline_Loop_BN                       |     -|  0.15|       170|  1.700e+03|         -|       170|      -|        no|    2 (~0%)|         -|    482 (~0%)|    133 (~0%)|    -|
    |  o Loop_BN                                         |     -|  8.00|       168|  1.680e+03|        42|         1|    128|       yes|          -|         -|            -|            -|    -|
    | + run_model_Pipeline_ReLULoop1                     |     -|  2.43|       134|  1.340e+03|         -|       134|      -|        no|          -|         -|    106 (~0%)|    117 (~0%)|    -|
    |  o ReLULoop1                                       |     -|  8.00|       132|  1.320e+03|         6|         1|    128|       yes|          -|         -|            -|            -|    -|
    | + run_model_Pipeline_Loop_BN1                      |     -|  0.15|       170|  1.700e+03|         -|       170|      -|        no|    2 (~0%)|         -|    482 (~0%)|    133 (~0%)|    -|
    |  o Loop_BN                                         |     -|  8.00|       168|  1.680e+03|        42|         1|    128|       yes|          -|         -|            -|            -|    -|
    | + run_model_Pipeline_ReLULoop2                     |     -|  2.43|       134|  1.340e+03|         -|       134|      -|        no|          -|         -|    106 (~0%)|    117 (~0%)|    -|
    |  o ReLULoop2                                       |     -|  8.00|       132|  1.320e+03|         6|         1|    128|       yes|          -|         -|            -|            -|    -|
    | o OuterLoopDense_InnerLoopDense                    |    II|  8.00|     16392|  1.639e+05|        13|         4|   4096|       yes|          -|         -|            -|            -|    -|
    | o OuterLoopDense_InnerLoopDense                    |    II|  8.00|     65544|  6.554e+05|        13|         4|  16384|       yes|          -|         -|            -|            -|    -|
    +----------------------------------------------------+------+------+----------+-----------+----------+----------+-------+----------+-----------+----------+-------------+-------------+-----+


================================================================
== HW Interfaces
================================================================
* Other Ports
+-----------+---------+-----------+----------+
| Port      | Mode    | Direction | Bitwidth |
+-----------+---------+-----------+----------+
| y_hat_out | ap_none | in        | 16       |
+-----------+---------+-----------+----------+

* TOP LEVEL CONTROL
+-----------+------------+-----------------------------------+
| Interface | Type       | Ports                             |
+-----------+------------+-----------------------------------+
| ap_clk    | clock      | ap_clk                            |
| ap_rst    | reset      | ap_rst                            |
| ap_ctrl   | ap_ctrl_hs | ap_done ap_idle ap_ready ap_start |
+-----------+------------+-----------------------------------+


================================================================
== SW I/O Information
================================================================
* Top Function Arguments
+-----------+-----------+----------+
| Argument  | Direction | Datatype |
+-----------+-----------+----------+
| y_hat_out | unused    | __fp16*  |
+-----------+-----------+----------+

* SW-to-HW Mapping
+-----------+--------------+---------+
| Argument  | HW Interface | HW Type |
+-----------+--------------+---------+
| y_hat_out | y_hat_out    | port    |
+-----------+--------------+---------+


================================================================
== Bind Op Report
================================================================
+----------------------------------------------------+-----+--------+----------------+-----------+--------------------------+---------+
| Name                                               | DSP | Pragma | Variable       | Op        | Impl                     | Latency |
+----------------------------------------------------+-----+--------+----------------+-----------+--------------------------+---------+
| + run_model                                        | 55  |        |                |           |                          |         |
|   icmp_ln209_fu_406_p2                             |     |        | icmp_ln209     | seteq     | auto                     | 0       |
|   add_ln209_fu_412_p2                              |     |        | add_ln209      | add       | fabric                   | 0       |
|   icmp_ln212_fu_424_p2                             |     |        | icmp_ln212     | seteq     | auto                     | 0       |
|   select_ln210_fu_430_p3                           |     |        | select_ln210   | select    | auto_sel                 | 0       |
|   select_ln210_1_fu_519_p3                         |     |        | select_ln210_1 | select    | auto_sel                 | 0       |
|   add_ln209_1_fu_438_p2                            |     |        | add_ln209_1    | add       | fabric                   | 0       |
|   select_ln209_fu_444_p3                           |     |        | select_ln209   | select    | auto_sel                 | 0       |
|   add_ln214_fu_478_p2                              |     |        | add_ln214      | add       | fabric                   | 0       |
|   hmul_16ns_16ns_16_4_max_dsp_1_U755               | 2   |        | mul9_i         | hmul      | maxdsp                   | 3       |
|   hadd_16ns_16ns_16_5_full_dsp_1_U754              | 2   |        | acc_1          | hadd      | fulldsp                  | 4       |
|   add_ln212_fu_489_p2                              |     |        | add_ln212      | add       | fabric                   | 0       |
|   icmp_ln212_1_fu_495_p2                           |     |        | icmp_ln212_1   | seteq     | auto                     | 0       |
|   icmp_ln209_1_fu_555_p2                           |     |        | icmp_ln209_1   | seteq     | auto                     | 0       |
|   add_ln209_2_fu_561_p2                            |     |        | add_ln209_2    | add       | fabric                   | 0       |
|   icmp_ln212_2_fu_573_p2                           |     |        | icmp_ln212_2   | seteq     | auto                     | 0       |
|   select_ln210_2_fu_579_p3                         |     |        | select_ln210_2 | select    | auto_sel                 | 0       |
|   select_ln210_3_fu_668_p3                         |     |        | select_ln210_3 | select    | auto_sel                 | 0       |
|   add_ln209_3_fu_587_p2                            |     |        | add_ln209_3    | add       | fabric                   | 0       |
|   select_ln209_1_fu_593_p3                         |     |        | select_ln209_1 | select    | auto_sel                 | 0       |
|   add_ln214_1_fu_627_p2                            |     |        | add_ln214_1    | add       | fabric                   | 0       |
|   hptosp_16ns_32_2_no_dsp_1_U761                   |     |        | fc_1_W_load    | rom       | auto                     | 3       |
|   hmul_16ns_16ns_16_4_max_dsp_1_U755               | 2   |        | mul9_i1        | hmul      | maxdsp                   | 3       |
|   fsqrt_32ns_32ns_32_10_no_dsp_1_U759              | 2   |        | acc_3          | hadd      | fulldsp                  | 4       |
|   fdiv_32ns_32ns_32_10_no_dsp_1_U758               |     |        | add_ln212_1    | add       | fabric                   | 0       |
|   icmp_ln212_3_fu_644_p2                           |     |        | icmp_ln212_3   | seteq     | auto                     | 0       |
|  + run_all_slices_unrolled                         | 49  |        |                |           |                          |         |
|   + run_all_slices_unrolled_Pipeline_MergedLoop    | 0   |        |                |           |                          |         |
|     icmp_ln290_fu_56_p2                            |     |        | icmp_ln290     | seteq     | auto                     | 0       |
|     add_ln290_fu_62_p2                             |     |        | add_ln290      | add       | fabric                   | 0       |
|   + lstm_forward_unidir                            | 35  |        |                |           |                          |         |
|     icmp_ln152_fu_416_p2                           |     |        | icmp_ln152     | seteq     | auto                     | 0       |
|     add_ln152_fu_422_p2                            |     |        | add_ln152      | add       | fabric                   | 0       |
|     icmp_ln162_fu_435_p2                           |     |        | icmp_ln162     | seteq     | auto                     | 0       |
|     add_ln162_fu_441_p2                            |     |        | add_ln162      | add       | fabric                   | 0       |
|     icmp_ln166_fu_447_p2                           |     |        | icmp_ln166     | seteq     | auto                     | 0       |
|     select_ln163_fu_453_p3                         |     |        | select_ln163   | select    | auto_sel                 | 0       |
|     add_ln162_1_fu_473_p2                          |     |        | add_ln162_1    | add       | fabric                   | 0       |
|     select_ln162_fu_479_p3                         |     |        | select_ln162   | select    | auto_sel                 | 0       |
|     add_ln164_fu_493_p2                            |     |        | add_ln164      | add       | fabric                   | 0       |
|     mul_8ns_10ns_17_1_1_U70                        |     |        | mul_ln166      | mul       | auto                     | 0       |
|     urem_8ns_4ns_3_12_1_U69                        |     |        | urem_ln166     | urem      | auto                     | 11      |
|     add_ln168_fu_532_p2                            |     |        | add_ln168      | add       | fabric                   | 0       |
|     hmul_16ns_16ns_16_4_max_dsp_1_U68              | 2   |        | mul            | hmul      | maxdsp                   | 3       |
|     sparsemux_11_3_16_1_1_U71                      |     |        | tmp_6          | sparsemux | compactencoding_dontcare | 0       |
|     hadd_16ns_16ns_16_5_full_dsp_1_U67             | 2   |        | add            | hadd      | fulldsp                  | 4       |
|     add_ln166_fu_467_p2                            |     |        | add_ln166      | add       | fabric                   | 0       |
|     icmp_ln172_fu_583_p2                           |     |        | icmp_ln172     | seteq     | auto                     | 0       |
|     add_ln172_fu_589_p2                            |     |        | add_ln172      | add       | fabric                   | 0       |
|     icmp_ln176_fu_595_p2                           |     |        | icmp_ln176     | seteq     | auto                     | 0       |
|     select_ln173_fu_601_p3                         |     |        | select_ln173   | select    | auto_sel                 | 0       |
|     add_ln172_1_fu_621_p2                          |     |        | add_ln172_1    | add       | fabric                   | 0       |
|     select_ln172_fu_627_p3                         |     |        | select_ln172   | select    | auto_sel                 | 0       |
|     mul_8ns_10ns_17_1_1_U73                        |     |        | mul_ln176      | mul       | auto                     | 0       |
|     urem_8ns_4ns_3_12_1_U72                        |     |        | urem_ln176     | urem      | auto                     | 11      |
|     add_ln178_fu_668_p2                            |     |        | add_ln178      | add       | fabric                   | 0       |
|     hmul_16ns_16ns_16_4_max_dsp_1_U68              | 2   |        | mul1           | hmul      | maxdsp                   | 3       |
|     sparsemux_11_3_16_1_1_U74                      |     |        | tmp_3          | sparsemux | compactencoding_dontcare | 0       |
|     hadd_16ns_16ns_16_5_full_dsp_1_U67             | 2   |        | add8           | hadd      | fulldsp                  | 4       |
|     add_ln176_fu_615_p2                            |     |        | add_ln176      | add       | fabric                   | 0       |
|    + lstm_forward_unidir_Pipeline_VITIS_LOOP_145_1 | 0   |        |                |           |                          |         |
|      icmp_ln145_fu_72_p2                           |     |        | icmp_ln145     | seteq     | auto                     | 0       |
|      add_ln145_fu_78_p2                            |     |        | add_ln145      | add       | fabric                   | 0       |
|    + lstm_forward_unidir_Pipeline_Loop2_1LSTM      | 0   |        |                |           |                          |         |
|      icmp_ln155_fu_407_p2                          |     |        | icmp_ln155     | seteq     | auto                     | 0       |
|      add_ln155_fu_413_p2                           |     |        | add_ln155      | add       | fabric                   | 0       |
|      mul_7ns_9ns_15_1_1_U4                         |     |        | mul_ln155      | mul       | auto                     | 0       |
|      sparsemux_257_7_16_1_1_U5                     |     |        | tmp            | sparsemux | compactencoding_dontcare | 0       |
|      add_ln155_1_fu_981_p2                         |     |        | add_ln155_1    | add       | fabric                   | 0       |
|      icmp_ln155_1_fu_987_p2                        |     |        | icmp_ln155_1   | seteq     | auto                     | 0       |
|      select_ln155_fu_993_p3                        |     |        | select_ln155   | select    | auto_sel                 | 0       |
|    + lstm_forward_unidir_Pipeline_Loop2_4LSTM      | 31  |        |                |           |                          |         |
|      icmp_ln182_fu_445_p2                          |     |        | icmp_ln182     | seteq     | auto                     | 0       |
|      add_ln182_fu_451_p2                           |     |        | add_ln182      | add       | fabric                   | 0       |
|      add_ln182_1_fu_460_p2                         |     |        | add_ln182_1    | add       | fabric                   | 0       |
|      icmp_ln182_1_fu_466_p2                        |     |        | icmp_ln182_1   | seteq     | auto                     | 0       |
|      select_ln182_fu_472_p3                        |     |        | select_ln182   | select    | auto_sel                 | 0       |
|      mul_5ns_7ns_11_1_1_U36                        |     |        | mul_ln144      | mul       | auto                     | 0       |
|      sparsemux_11_3_16_1_1_U40                     |     |        | tmp_7          | sparsemux | compactencoding_dontcare | 0       |
|      xor_ln184_fu_676_p2                           |     |        | xor_ln184      | xor       | auto                     | 0       |
|      hptosp_16ns_32_2_no_dsp_1_U25                 |     |        | conv           | hptosp    | auto                     | 1       |
|      fexp_32ns_32ns_32_8_full_dsp_1_U19            | 7   |        | tmp_8          | fexp      | fulldsp                  | 7       |
|      fadd_32ns_32ns_32_4_full_dsp_1_U13            | 2   |        | add5           | fadd      | fulldsp                  | 3       |
|      fdiv_32ns_32ns_32_10_no_dsp_1_U16             |     |        | div            | fdiv      | fabric                   | 9       |
|      sptohp_32ns_16_2_no_dsp_1_U22                 |     |        | i              | sptohp    | auto                     | 1       |
|      mul_6ns_8ns_13_1_1_U37                        |     |        | mul_ln185      | mul       | auto                     | 0       |
|      sparsemux_11_3_16_1_1_U41                     |     |        | tmp_9          | sparsemux | compactencoding_dontcare | 0       |
|      xor_ln185_fu_738_p2                           |     |        | xor_ln185      | xor       | auto                     | 0       |
|      hptosp_16ns_32_2_no_dsp_1_U26                 |     |        | conv2          | hptosp    | auto                     | 1       |
|      fexp_32ns_32ns_32_8_full_dsp_1_U20            | 7   |        | tmp_s          | fexp      | fulldsp                  | 7       |
|      fadd_32ns_32ns_32_4_full_dsp_1_U14            | 2   |        | add6           | fadd      | fulldsp                  | 3       |
|      fdiv_32ns_32ns_32_10_no_dsp_1_U17             |     |        | div1           | fdiv      | fabric                   | 9       |
|      sptohp_32ns_16_2_no_dsp_1_U23                 |     |        | f              | sptohp    | auto                     | 1       |
|      mul_7ns_9ns_15_1_1_U38                        |     |        | mul_ln186      | mul       | auto                     | 0       |
|      sparsemux_11_3_16_1_1_U42                     |     |        | tmp_1          | sparsemux | compactencoding_dontcare | 0       |
|      xor_ln186_fu_826_p2                           |     |        | xor_ln186      | xor       | auto                     | 0       |
|      hptosp_16ns_32_2_no_dsp_1_U27                 |     |        | conv4          | hptosp    | auto                     | 1       |
|      fexp_32ns_32ns_32_8_full_dsp_1_U21            | 7   |        | tmp_2          | fexp      | fulldsp                  | 7       |
|      fadd_32ns_32ns_32_4_full_dsp_1_U15            | 2   |        | add7           | fadd      | fulldsp                  | 3       |
|      fdiv_32ns_32ns_32_10_no_dsp_1_U18             |     |        | div2           | fdiv      | fabric                   | 9       |
|      sptohp_32ns_16_2_no_dsp_1_U24                 |     |        | o              | sptohp    | auto                     | 1       |
|      mul_7ns_9ns_15_1_1_U39                        |     |        | mul_ln187      | mul       | auto                     | 0       |
|      sparsemux_11_3_16_1_1_U43                     |     |        | x_assign       | sparsemux | compactencoding_dontcare | 0       |
|      hcmp_16ns_16ns_1_2_no_dsp_1_U32               |     |        | cmp_i          | hcmp      | auto                     | 1       |
|      hcmp_16ns_16ns_1_2_no_dsp_1_U33               |     |        | cmp1_i         | hcmp      | auto                     | 1       |
|      xor_ln46_fu_849_p2                            |     |        | xor_ln46       | xor       | auto                     | 0       |
|      and_ln47_fu_855_p2                            |     |        | and_ln47       | and       | auto                     | 0       |
|      sparsemux_7_2_16_1_1_U44                      |     |        | g              | sparsemux | onehotencoding_realdef   | 0       |
|      hmul_16ns_16ns_16_4_max_dsp_1_U30             | 2   |        | mul3           | hmul      | maxdsp                   | 3       |
|      hcmp_16ns_16ns_1_2_no_dsp_1_U34               |     |        | cmp_i4         | hcmp      | auto                     | 1       |
|      hcmp_16ns_16ns_1_2_no_dsp_1_U35               |     |        | cmp1_i6        | hcmp      | auto                     | 1       |
|      xor_ln46_1_fu_888_p2                          |     |        | xor_ln46_1     | xor       | auto                     | 0       |
|      and_ln47_1_fu_894_p2                          |     |        | and_ln47_1     | and       | auto                     | 0       |
|      sparsemux_7_2_16_1_1_U45                      |     |        | retval_0_i     | sparsemux | onehotencoding_realdef   | 0       |
|      hmul_16ns_16ns_16_4_max_dsp_1_U31             | 2   |        | h              | hmul      | maxdsp                   | 3       |
|   + run_all_slices_unrolled_Pipeline_Loop_BN       | 0   |        |                |           |                          |         |
|     icmp_ln198_fu_127_p2                           |     |        | icmp_ln198     | seteq     | auto                     | 0       |
|     add_ln198_fu_133_p2                            |     |        | add_ln198      | add       | fabric                   | 0       |
|   + conv_bn_act_pool                               | 0   |        |                |           |                          |         |
|     icmp_ln106_fu_1167_p2                          |     |        | icmp_ln106     | seteq     | auto                     | 0       |
|     add_ln106_fu_1173_p2                           |     |        | add_ln106      | add       | fabric                   | 0       |
|     icmp_ln108_fu_1179_p2                          |     |        | icmp_ln108     | seteq     | auto                     | 0       |
|     add_ln108_fu_1185_p2                           |     |        | add_ln108      | add       | fabric                   | 0       |
|     icmp_ln111_fu_1242_p2                          |     |        | icmp_ln111     | seteq     | auto                     | 0       |
|     add_ln111_fu_1248_p2                           |     |        | add_ln111      | add       | fabric                   | 0       |
|     select_ln112_fu_1266_p3                        |     |        | select_ln112   | select    | auto_sel                 | 0       |
|     add_ln111_4_fu_1274_p2                         |     |        | add_ln111_4    | add       | fabric                   | 0       |
|     select_ln111_fu_1280_p3                        |     |        | select_ln111   | select    | auto_sel                 | 0       |
|     add_ln113_fu_1292_p2                           |     |        | add_ln113      | add       | fabric                   | 0       |
|     add_ln117_fu_1368_p2                           |     |        | add_ln117      | add       | fabric                   | 0       |
|     add_ln115_fu_1382_p2                           |     |        | add_ln115      | add       | fabric                   | 0       |
|     sparsemux_65_5_16_1_1_U222                     |     |        | tmp_2          | sparsemux | compactencoding_dontcare | 0       |
|     sparsemux_65_5_16_1_1_U223                     |     |        | tmp_3          | sparsemux | compactencoding_dontcare | 0       |
|     y_fu_1595_p3                                   |     |        | y              | select    | auto_sel                 | 0       |
|     sparsemux_65_5_16_1_1_U224                     |     |        | tmp_4          | sparsemux | compactencoding_dontcare | 0       |
|     pc_4_fu_1198_p2                                |     |        | pc_4           | add       | fabric                   | 0       |
|     icmp_ln125_fu_1204_p2                          |     |        | icmp_ln125     | seteq     | auto                     | 0       |
|     u_4_fu_1231_p2                                 |     |        | u_4            | add       | fabric                   | 0       |
|    + conv_bn_act_pool_Pipeline_BNParamsLoop        | 0   |        |                |           |                          |         |
|      icmp_ln89_fu_987_p2                           |     |        | icmp_ln89      | seteq     | auto                     | 0       |
|      add_ln89_fu_993_p2                            |     |        | add_ln89       | add       | fabric                   | 0       |
|      sparsemux_65_5_16_1_1_U111                    |     |        | tmp            | sparsemux | compactencoding_dontcare | 0       |
|      sparsemux_65_5_16_1_1_U112                    |     |        | tmp_1          | sparsemux | compactencoding_dontcare | 0       |
|    + conv_bn_act_pool_Pipeline_Loop3_2Big          | 0   |        |                |           |                          |         |
|      icmp_ln126_fu_656_p2                          |     |        | icmp_ln126     | seteq     | auto                     | 0       |
|      add_ln126_fu_662_p2                           |     |        | add_ln126      | add       | fabric                   | 0       |
|      sparsemux_65_5_16_1_1_U179                    |     |        | tmp_5          | sparsemux | compactencoding_dontcare | 0       |
|      add_ln129_fu_816_p2                           |     |        | add_ln129      | add       | fabric                   | 0       |
|   + run_all_slices_unrolled_Pipeline_MergedLoop0   | 0   |        |                |           |                          |         |
|     icmp_ln303_fu_107_p2                           |     |        | icmp_ln303     | seteq     | auto                     | 0       |
|     add_ln303_fu_113_p2                            |     |        | add_ln303      | add       | fabric                   | 0       |
|     xor_ln46_fu_130_p2                             |     |        | xor_ln46       | xor       | auto                     | 0       |
|     and_ln47_fu_136_p2                             |     |        | and_ln47       | and       | auto                     | 0       |
|     sparsemux_7_2_16_1_1_U98                       |     |        | retval_0_i1    | sparsemux | onehotencoding_realdef   | 0       |
|   + run_all_slices_unrolled_Pipeline_Loop_BN2      | 0   |        |                |           |                          |         |
|     icmp_ln198_fu_127_p2                           |     |        | icmp_ln198     | seteq     | auto                     | 0       |
|     add_ln198_fu_133_p2                            |     |        | add_ln198      | add       | fabric                   | 0       |
|   + conv_bn_act_pool_2                             | 0   |        |                |           |                          |         |
|     icmp_ln106_fu_1171_p2                          |     |        | icmp_ln106     | seteq     | auto                     | 0       |
|     add_ln106_fu_1177_p2                           |     |        | add_ln106      | add       | fabric                   | 0       |
|     icmp_ln108_fu_1183_p2                          |     |        | icmp_ln108     | seteq     | auto                     | 0       |
|     add_ln108_fu_1189_p2                           |     |        | add_ln108      | add       | fabric                   | 0       |
|     icmp_ln111_fu_1246_p2                          |     |        | icmp_ln111     | seteq     | auto                     | 0       |
|     add_ln111_fu_1252_p2                           |     |        | add_ln111      | add       | fabric                   | 0       |
|     select_ln112_fu_1270_p3                        |     |        | select_ln112   | select    | auto_sel                 | 0       |
|     add_ln111_3_fu_1278_p2                         |     |        | add_ln111_3    | add       | fabric                   | 0       |
|     select_ln111_fu_1284_p3                        |     |        | select_ln111   | select    | auto_sel                 | 0       |
|     add_ln113_fu_1296_p2                           |     |        | add_ln113      | add       | fabric                   | 0       |
|     add_ln117_fu_1372_p2                           |     |        | add_ln117      | add       | fabric                   | 0       |
|     add_ln115_fu_1386_p2                           |     |        | add_ln115      | add       | fabric                   | 0       |
|     sparsemux_65_5_16_1_1_U369                     |     |        | tmp_6          | sparsemux | compactencoding_dontcare | 0       |
|     sparsemux_65_5_16_1_1_U370                     |     |        | tmp_7          | sparsemux | compactencoding_dontcare | 0       |
|     y_fu_1599_p3                                   |     |        | y              | select    | auto_sel                 | 0       |
|     sparsemux_65_5_16_1_1_U371                     |     |        | tmp_8          | sparsemux | compactencoding_dontcare | 0       |
|     pc_3_fu_1202_p2                                |     |        | pc_3           | add       | fabric                   | 0       |
|     icmp_ln125_fu_1208_p2                          |     |        | icmp_ln125     | seteq     | auto                     | 0       |
|     u_3_fu_1235_p2                                 |     |        | u_3            | add       | fabric                   | 0       |
|    + conv_bn_act_pool_2_Pipeline_BNParamsLoop      | 0   |        |                |           |                          |         |
|      icmp_ln89_fu_987_p2                           |     |        | icmp_ln89      | seteq     | auto                     | 0       |
|      add_ln89_fu_993_p2                            |     |        | add_ln89       | add       | fabric                   | 0       |
|      sparsemux_65_5_16_1_1_U259                    |     |        | tmp            | sparsemux | compactencoding_dontcare | 0       |
|      sparsemux_65_5_16_1_1_U260                    |     |        | tmp_5          | sparsemux | compactencoding_dontcare | 0       |
|    + conv_bn_act_pool_2_Pipeline_Loop3_2Big        | 0   |        |                |           |                          |         |
|      icmp_ln126_fu_656_p2                          |     |        | icmp_ln126     | seteq     | auto                     | 0       |
|      add_ln126_fu_662_p2                           |     |        | add_ln126      | add       | fabric                   | 0       |
|      sparsemux_65_5_16_1_1_U326                    |     |        | tmp_9          | sparsemux | compactencoding_dontcare | 0       |
|      add_ln129_fu_816_p2                           |     |        | add_ln129      | add       | fabric                   | 0       |
|   + run_all_slices_unrolled_Pipeline_MergedLoop1   | 0   |        |                |           |                          |         |
|     icmp_ln317_fu_107_p2                           |     |        | icmp_ln317     | seteq     | auto                     | 0       |
|     add_ln317_fu_113_p2                            |     |        | add_ln317      | add       | fabric                   | 0       |
|     xor_ln46_fu_130_p2                             |     |        | xor_ln46       | xor       | auto                     | 0       |
|     and_ln47_fu_136_p2                             |     |        | and_ln47       | and       | auto                     | 0       |
|     sparsemux_7_2_16_1_1_U246                      |     |        | retval_0_i2    | sparsemux | onehotencoding_realdef   | 0       |
|   + run_all_slices_unrolled_Pipeline_Loop_BN3      | 0   |        |                |           |                          |         |
|     icmp_ln198_fu_127_p2                           |     |        | icmp_ln198     | seteq     | auto                     | 0       |
|     add_ln198_fu_133_p2                            |     |        | add_ln198      | add       | fabric                   | 0       |
|   + conv_bn_act_pool_3                             | 0   |        |                |           |                          |         |
|     icmp_ln106_fu_1171_p2                          |     |        | icmp_ln106     | seteq     | auto                     | 0       |
|     add_ln106_fu_1177_p2                           |     |        | add_ln106      | add       | fabric                   | 0       |
|     icmp_ln108_fu_1183_p2                          |     |        | icmp_ln108     | seteq     | auto                     | 0       |
|     add_ln108_fu_1189_p2                           |     |        | add_ln108      | add       | fabric                   | 0       |
|     icmp_ln111_fu_1246_p2                          |     |        | icmp_ln111     | seteq     | auto                     | 0       |
|     add_ln111_fu_1252_p2                           |     |        | add_ln111      | add       | fabric                   | 0       |
|     select_ln112_fu_1270_p3                        |     |        | select_ln112   | select    | auto_sel                 | 0       |
|     add_ln111_2_fu_1278_p2                         |     |        | add_ln111_2    | add       | fabric                   | 0       |
|     select_ln111_fu_1284_p3                        |     |        | select_ln111   | select    | auto_sel                 | 0       |
|     add_ln113_fu_1296_p2                           |     |        | add_ln113      | add       | fabric                   | 0       |
|     add_ln117_fu_1372_p2                           |     |        | add_ln117      | add       | fabric                   | 0       |
|     add_ln115_fu_1386_p2                           |     |        | add_ln115      | add       | fabric                   | 0       |
|     sparsemux_65_5_16_1_1_U516                     |     |        | tmp_1          | sparsemux | compactencoding_dontcare | 0       |
|     sparsemux_65_5_16_1_1_U517                     |     |        | tmp_2          | sparsemux | compactencoding_dontcare | 0       |
|     y_fu_1599_p3                                   |     |        | y              | select    | auto_sel                 | 0       |
|     sparsemux_65_5_16_1_1_U518                     |     |        | tmp_3          | sparsemux | compactencoding_dontcare | 0       |
|     pc_2_fu_1202_p2                                |     |        | pc_2           | add       | fabric                   | 0       |
|     icmp_ln125_fu_1208_p2                          |     |        | icmp_ln125     | seteq     | auto                     | 0       |
|     u_2_fu_1235_p2                                 |     |        | u_2            | add       | fabric                   | 0       |
|    + conv_bn_act_pool_3_Pipeline_BNParamsLoop      | 0   |        |                |           |                          |         |
|      icmp_ln89_fu_987_p2                           |     |        | icmp_ln89      | seteq     | auto                     | 0       |
|      add_ln89_fu_993_p2                            |     |        | add_ln89       | add       | fabric                   | 0       |
|      sparsemux_65_5_16_1_1_U406                    |     |        | tmp            | sparsemux | compactencoding_dontcare | 0       |
|      sparsemux_65_5_16_1_1_U407                    |     |        | tmp_9          | sparsemux | compactencoding_dontcare | 0       |
|    + conv_bn_act_pool_3_Pipeline_Loop3_2Big        | 0   |        |                |           |                          |         |
|      icmp_ln126_fu_656_p2                          |     |        | icmp_ln126     | seteq     | auto                     | 0       |
|      add_ln126_fu_662_p2                           |     |        | add_ln126      | add       | fabric                   | 0       |
|      sparsemux_65_5_16_1_1_U473                    |     |        | tmp_4          | sparsemux | compactencoding_dontcare | 0       |
|      add_ln129_fu_816_p2                           |     |        | add_ln129      | add       | fabric                   | 0       |
|   + run_all_slices_unrolled_Pipeline_MergedLoop2   | 0   |        |                |           |                          |         |
|     icmp_ln331_fu_107_p2                           |     |        | icmp_ln331     | seteq     | auto                     | 0       |
|     add_ln331_fu_113_p2                            |     |        | add_ln331      | add       | fabric                   | 0       |
|     xor_ln46_fu_130_p2                             |     |        | xor_ln46       | xor       | auto                     | 0       |
|     and_ln47_fu_136_p2                             |     |        | and_ln47       | and       | auto                     | 0       |
|     sparsemux_7_2_16_1_1_U393                      |     |        | retval_0_i3    | sparsemux | onehotencoding_realdef   | 0       |
|   + run_all_slices_unrolled_Pipeline_Loop_BN4      | 0   |        |                |           |                          |         |
|     icmp_ln198_fu_127_p2                           |     |        | icmp_ln198     | seteq     | auto                     | 0       |
|     add_ln198_fu_133_p2                            |     |        | add_ln198      | add       | fabric                   | 0       |
|   + conv_bn_act_pool_4                             | 0   |        |                |           |                          |         |
|     icmp_ln106_fu_1171_p2                          |     |        | icmp_ln106     | seteq     | auto                     | 0       |
|     add_ln106_fu_1177_p2                           |     |        | add_ln106      | add       | fabric                   | 0       |
|     icmp_ln108_fu_1183_p2                          |     |        | icmp_ln108     | seteq     | auto                     | 0       |
|     add_ln108_fu_1189_p2                           |     |        | add_ln108      | add       | fabric                   | 0       |
|     icmp_ln111_fu_1246_p2                          |     |        | icmp_ln111     | seteq     | auto                     | 0       |
|     add_ln111_fu_1252_p2                           |     |        | add_ln111      | add       | fabric                   | 0       |
|     select_ln112_fu_1270_p3                        |     |        | select_ln112   | select    | auto_sel                 | 0       |
|     add_ln111_1_fu_1278_p2                         |     |        | add_ln111_1    | add       | fabric                   | 0       |
|     select_ln111_fu_1284_p3                        |     |        | select_ln111   | select    | auto_sel                 | 0       |
|     add_ln113_fu_1296_p2                           |     |        | add_ln113      | add       | fabric                   | 0       |
|     add_ln117_fu_1372_p2                           |     |        | add_ln117      | add       | fabric                   | 0       |
|     add_ln115_fu_1386_p2                           |     |        | add_ln115      | add       | fabric                   | 0       |
|     sparsemux_65_5_16_1_1_U663                     |     |        | tmp_5          | sparsemux | compactencoding_dontcare | 0       |
|     sparsemux_65_5_16_1_1_U664                     |     |        | tmp_6          | sparsemux | compactencoding_dontcare | 0       |
|     y_fu_1599_p3                                   |     |        | y              | select    | auto_sel                 | 0       |
|     sparsemux_65_5_16_1_1_U665                     |     |        | tmp_7          | sparsemux | compactencoding_dontcare | 0       |
|     pc_1_fu_1202_p2                                |     |        | pc_1           | add       | fabric                   | 0       |
|     icmp_ln125_fu_1208_p2                          |     |        | icmp_ln125     | seteq     | auto                     | 0       |
|     u_1_fu_1235_p2                                 |     |        | u_1            | add       | fabric                   | 0       |
|    + conv_bn_act_pool_4_Pipeline_BNParamsLoop      | 0   |        |                |           |                          |         |
|      icmp_ln89_fu_987_p2                           |     |        | icmp_ln89      | seteq     | auto                     | 0       |
|      add_ln89_fu_993_p2                            |     |        | add_ln89       | add       | fabric                   | 0       |
|      sparsemux_65_5_16_1_1_U553                    |     |        | tmp            | sparsemux | compactencoding_dontcare | 0       |
|      sparsemux_65_5_16_1_1_U554                    |     |        | tmp_4          | sparsemux | compactencoding_dontcare | 0       |
|    + conv_bn_act_pool_4_Pipeline_Loop3_2Big        | 0   |        |                |           |                          |         |
|      icmp_ln126_fu_656_p2                          |     |        | icmp_ln126     | seteq     | auto                     | 0       |
|      add_ln126_fu_662_p2                           |     |        | add_ln126      | add       | fabric                   | 0       |
|      sparsemux_65_5_16_1_1_U620                    |     |        | tmp_8          | sparsemux | compactencoding_dontcare | 0       |
|      add_ln129_fu_816_p2                           |     |        | add_ln129      | add       | fabric                   | 0       |
|   + run_all_slices_unrolled_Pipeline_MergedLoop3   | 0   |        |                |           |                          |         |
|     icmp_ln345_fu_107_p2                           |     |        | icmp_ln345     | seteq     | auto                     | 0       |
|     add_ln345_fu_113_p2                            |     |        | add_ln345      | add       | fabric                   | 0       |
|     xor_ln46_fu_130_p2                             |     |        | xor_ln46       | xor       | auto                     | 0       |
|     and_ln47_fu_136_p2                             |     |        | and_ln47       | and       | auto                     | 0       |
|     sparsemux_7_2_16_1_1_U540                      |     |        | retval_0_i4    | sparsemux | onehotencoding_realdef   | 0       |
|   + run_all_slices_unrolled_Pipeline_Loop_BN5      | 0   |        |                |           |                          |         |
|     icmp_ln198_fu_127_p2                           |     |        | icmp_ln198     | seteq     | auto                     | 0       |
|     add_ln198_fu_133_p2                            |     |        | add_ln198      | add       | fabric                   | 0       |
|   + run_all_slices_unrolled_Pipeline_MergedLoop4   | 0   |        |                |           |                          |         |
|     icmp_ln359_fu_107_p2                           |     |        | icmp_ln359     | seteq     | auto                     | 0       |
|     add_ln359_fu_113_p2                            |     |        | add_ln359      | add       | fabric                   | 0       |
|     xor_ln46_fu_130_p2                             |     |        | xor_ln46       | xor       | auto                     | 0       |
|     and_ln47_fu_136_p2                             |     |        | and_ln47       | and       | auto                     | 0       |
|     sparsemux_7_2_16_1_1_U687                      |     |        | retval_0_i     | sparsemux | onehotencoding_realdef   | 0       |
|  + run_model_Pipeline_Loop_BN                      | 0   |        |                |           |                          |         |
|    icmp_ln198_fu_127_p2                            |     |        | icmp_ln198     | seteq     | auto                     | 0       |
|    add_ln198_fu_133_p2                             |     |        | add_ln198      | add       | fabric                   | 0       |
|  + run_model_Pipeline_ReLULoop1                    | 0   |        |                |           |                          |         |
|    icmp_ln377_fu_65_p2                             |     |        | icmp_ln377     | seteq     | auto                     | 0       |
|    add_ln377_fu_71_p2                              |     |        | add_ln377      | add       | fabric                   | 0       |
|    select_ln53_fu_87_p3                            |     |        | select_ln53    | select    | auto_sel                 | 0       |
|  + run_model_Pipeline_Loop_BN1                     | 0   |        |                |           |                          |         |
|    icmp_ln198_fu_127_p2                            |     |        | icmp_ln198     | seteq     | auto                     | 0       |
|    add_ln198_fu_133_p2                             |     |        | add_ln198      | add       | fabric                   | 0       |
|  + run_model_Pipeline_ReLULoop2                    | 0   |        |                |           |                          |         |
|    icmp_ln382_fu_65_p2                             |     |        | icmp_ln382     | seteq     | auto                     | 0       |
|    add_ln382_fu_71_p2                              |     |        | add_ln382      | add       | fabric                   | 0       |
|    select_ln53_fu_87_p3                            |     |        | select_ln53    | select    | auto_sel                 | 0       |
+----------------------------------------------------+-----+--------+----------------+-----------+--------------------------+---------+


================================================================
== Storage Report
================================================================
+-----------------------------------------------+---------------+------+------+------+--------+---------------+------+---------+------------------+
| Name                                          | Usage         | Type | BRAM | URAM | Pragma | Variable      | Impl | Latency | Bitwidth, Depth, |
|                                               |               |      |      |      |        |               |      |         | Banks            |
+-----------------------------------------------+---------------+------+------+------+--------+---------------+------+---------+------------------+
| + run_model                                   |               |      | 159  | 0    |        |               |      |         |                  |
|   merged_U                                    | ram_2p array  |      |      |      |        | merged        | auto | 1       | 16, 32, 1        |
|   z0_U                                        | ram_2p array  |      | 1    |      |        | z0            | auto | 3       | 16, 128, 1       |
|   z1_U                                        | ram_s2p array |      | 1    |      |        | z1            | auto | 3       | 16, 128, 1       |
|   fc_0_W_U                                    | rom_1p        |      | 4    |      |        | fc_0_W        | auto | 3       | 16, 4096, 1      |
|   fc_1_W_U                                    | rom_1p        |      | 16   |      |        | fc_1_W        | auto | 3       | 16, 16384, 1     |
|  + run_all_slices_unrolled                    |               |      | 133  | 0    |        |               |      |         |                  |
|    h_slice_U                                  | ram_2p        |      |      |      |        | h_slice       | auto | 1       | 16, 32, 1        |
|    U_slice_U                                  | ram_1p        |      | 1    |      |        | U_slice       | auto | 3       | 16, 384, 1       |
|    LSTM_W_ifog0_U                             | rom_1p        |      | 4    |      |        | LSTM_W_ifog0  | auto | 3       | 16, 4096, 1      |
|    LSTM_R_ifog0_U                             | rom_1p        |      | 4    |      |        | LSTM_R_ifog0  | auto | 3       | 16, 4096, 1      |
|    LSTM_W_ifog1_U                             | rom_1p        |      | 4    |      |        | LSTM_W_ifog1  | auto | 3       | 16, 4096, 1      |
|    LSTM_R_ifog1_U                             | rom_1p        |      | 4    |      |        | LSTM_R_ifog1  | auto | 3       | 16, 4096, 1      |
|    LSTM_W_ifog2_U                             | rom_1p        |      | 4    |      |        | LSTM_W_ifog2  | auto | 3       | 16, 4096, 1      |
|    LSTM_R_ifog2_U                             | rom_1p        |      | 4    |      |        | LSTM_R_ifog2  | auto | 3       | 16, 4096, 1      |
|    LSTM_W_ifog3_U                             | rom_1p        |      | 4    |      |        | LSTM_W_ifog3  | auto | 3       | 16, 4096, 1      |
|    LSTM_R_ifog3_U                             | rom_1p        |      | 4    |      |        | LSTM_R_ifog3  | auto | 3       | 16, 4096, 1      |
|    LSTM_W_ifog4_U                             | rom_1p        |      | 4    |      |        | LSTM_W_ifog4  | auto | 3       | 16, 4096, 1      |
|    LSTM_R_ifog4_U                             | rom_1p        |      | 4    |      |        | LSTM_R_ifog4  | auto | 3       | 16, 4096, 1      |
|   + lstm_forward_unidir                       |               |      | 0    | 0    |        |               |      |         |                  |
|     z_U                                       | ram_2p array  |      |      |      |        | z             | auto | 1       | 16, 26, 1        |
|     z_1_U                                     | ram_2p array  |      |      |      |        | z_1           | auto | 1       | 16, 26, 1        |
|     z_2_U                                     | ram_2p array  |      |      |      |        | z_2           | auto | 1       | 16, 26, 1        |
|     z_3_U                                     | ram_2p array  |      |      |      |        | z_3           | auto | 1       | 16, 26, 1        |
|     z_4_U                                     | ram_2p array  |      |      |      |        | z_4           | auto | 1       | 16, 26, 1        |
|     c_slice_U                                 | ram_s2p       |      |      |      |        | c_slice       | auto | 1       | 16, 32, 1        |
|   + run_all_slices_unrolled_Pipeline_Loop_BN  |               |      | 0    | 0    |        |               |      |         |                  |
|     BN2_var0_U                                | rom_1p        |      |      |      |        | BN2_var0      | auto | 1       | 16, 32, 1        |
|     BN2_gamma0_U                              | rom_1p        |      |      |      |        | BN2_gamma0    | auto | 1       | 16, 32, 1        |
|   + conv_bn_act_pool                          |               |      | 12   | 0    |        |               |      |         |                  |
|     X_slice12_U                               | rom_1p        |      | 4    |      |        | X_slice12     | auto | 3       | 16, 2496, 1      |
|     ConvW1_U                                  | rom_1p        |      | 8    |      |        | ConvW1        | auto | 3       | 16, 7168, 1      |
|   + run_all_slices_unrolled_Pipeline_Loop_BN2 |               |      | 0    | 0    |        |               |      |         |                  |
|     BN2_var1_U                                | rom_1p        |      |      |      |        | BN2_var1      | auto | 1       | 16, 32, 1        |
|     BN2_gamma1_U                              | rom_1p        |      |      |      |        | BN2_gamma1    | auto | 1       | 16, 32, 1        |
|   + conv_bn_act_pool_2                        |               |      | 16   | 0    |        |               |      |         |                  |
|     X_slice27_U                               | rom_1p        |      | 8    |      |        | X_slice27     | auto | 3       | 16, 4800, 1      |
|     ConvW2_U                                  | rom_1p        |      | 8    |      |        | ConvW2        | auto | 3       | 16, 7168, 1      |
|   + run_all_slices_unrolled_Pipeline_Loop_BN3 |               |      | 0    | 0    |        |               |      |         |                  |
|     BN2_var2_U                                | rom_1p        |      |      |      |        | BN2_var2      | auto | 1       | 16, 32, 1        |
|     BN2_gamma2_U                              | rom_1p        |      |      |      |        | BN2_gamma2    | auto | 1       | 16, 32, 1        |
|   + conv_bn_act_pool_3                        |               |      | 24   | 0    |        |               |      |         |                  |
|     X_slice42_U                               | rom_1p        |      | 16   |      |        | X_slice42     | auto | 3       | 16, 9408, 1      |
|     ConvW3_U                                  | rom_1p        |      | 8    |      |        | ConvW3        | auto | 3       | 16, 7168, 1      |
|   + run_all_slices_unrolled_Pipeline_Loop_BN4 |               |      | 0    | 0    |        |               |      |         |                  |
|     BN2_var3_U                                | rom_1p        |      |      |      |        | BN2_var3      | auto | 1       | 16, 32, 1        |
|     BN2_gamma3_U                              | rom_1p        |      |      |      |        | BN2_gamma3    | auto | 1       | 16, 32, 1        |
|   + conv_bn_act_pool_4                        |               |      | 40   | 0    |        |               |      |         |                  |
|     X_slice57_U                               | rom_1p        |      | 32   |      |        | X_slice57     | auto | 3       | 16, 18624, 1     |
|     ConvW4_U                                  | rom_1p        |      | 8    |      |        | ConvW4        | auto | 3       | 16, 7168, 1      |
|   + run_all_slices_unrolled_Pipeline_Loop_BN5 |               |      | 0    | 0    |        |               |      |         |                  |
|     BN2_var4_U                                | rom_1p        |      |      |      |        | BN2_var4      | auto | 1       | 16, 32, 1        |
|     BN2_gamma4_U                              | rom_1p        |      |      |      |        | BN2_gamma4    | auto | 1       | 16, 32, 1        |
|  + run_model_Pipeline_Loop_BN                 |               |      | 2    | 0    |        |               |      |         |                  |
|    fc_0_bn_var_U                              | rom_1p        |      | 1    |      |        | fc_0_bn_var   | auto | 3       | 16, 128, 1       |
|    fc_0_bn_gamma_U                            | rom_1p        |      | 1    |      |        | fc_0_bn_gamma | auto | 3       | 16, 128, 1       |
|  + run_model_Pipeline_Loop_BN1                |               |      | 2    | 0    |        |               |      |         |                  |
|    fc_1_bn_var_U                              | rom_1p        |      | 1    |      |        | fc_1_bn_var   | auto | 3       | 16, 128, 1       |
|    fc_1_bn_gamma_U                            | rom_1p        |      | 1    |      |        | fc_1_bn_gamma | auto | 3       | 16, 128, 1       |
+-----------------------------------------------+---------------+------+------+------+--------+---------------+------+---------+------------------+


================================================================
== Pragma Report
================================================================
* Valid Pragma Syntax
+-----------------+--------------------------------+-------------------------------------------------------------------+
| Type            | Options                        | Location                                                          |
+-----------------+--------------------------------+-------------------------------------------------------------------+
| inline          |                                | ../main_5_slices.cpp:35 in sigmoidf                               |
| inline          |                                | ../main_5_slices.cpp:44 in tanhf_fast                             |
| inline          |                                | ../main_5_slices.cpp:52 in reluf                                  |
| array_partition | variable=a_bn complete         | ../main_5_slices.cpp:86 in conv_bn_act_pool, a_bn                 |
| array_partition | variable=b_bn complete         | ../main_5_slices.cpp:87 in conv_bn_act_pool, b_bn                 |
| pipeline        |                                | ../main_5_slices.cpp:90 in conv_bn_act_pool                       |
| array_partition | variable=pool_acc complete     | ../main_5_slices.cpp:99 in conv_bn_act_pool, pool_acc             |
| pipeline        |                                | ../main_5_slices.cpp:101 in conv_bn_act_pool                      |
| pipeline        | off                            | ../main_5_slices.cpp:107 in conv_bn_act_pool                      |
| pipeline        | off                            | ../main_5_slices.cpp:109 in conv_bn_act_pool                      |
| pipeline        | off                            | ../main_5_slices.cpp:112 in conv_bn_act_pool                      |
| unroll          | factor=2                       | ../main_5_slices.cpp:116 in conv_bn_act_pool                      |
| pipeline        |                                | ../main_5_slices.cpp:127 in conv_bn_act_pool                      |
| pipeline        |                                | ../main_5_slices.cpp:146 in lstm_forward_unidir                   |
| pipeline        | off                            | ../main_5_slices.cpp:153 in lstm_forward_unidir                   |
| pipeline        |                                | ../main_5_slices.cpp:156 in lstm_forward_unidir                   |
| pipeline        | off                            | ../main_5_slices.cpp:163 in lstm_forward_unidir                   |
| pipeline        |                                | ../main_5_slices.cpp:167 in lstm_forward_unidir                   |
| pipeline        | off                            | ../main_5_slices.cpp:173 in lstm_forward_unidir                   |
| pipeline        |                                | ../main_5_slices.cpp:177 in lstm_forward_unidir                   |
| pipeline        |                                | ../main_5_slices.cpp:183 in lstm_forward_unidir                   |
| inline          |                                | ../main_5_slices.cpp:197 in bn_vector                             |
| pipeline        |                                | ../main_5_slices.cpp:199 in bn_vector                             |
| pipeline        | off                            | ../main_5_slices.cpp:210 in dense_forward                         |
| array_partition | variable=BN1_gamma0 complete   | ../main_5_slices.cpp:228 in run_all_slices_unrolled, BN1_gamma0   |
| array_partition | variable=BN1_beta0 complete    | ../main_5_slices.cpp:229 in run_all_slices_unrolled, BN1_beta0    |
| array_partition | variable=BN1_mean0 complete    | ../main_5_slices.cpp:230 in run_all_slices_unrolled, BN1_mean0    |
| array_partition | variable=BN1_var0 complete     | ../main_5_slices.cpp:231 in run_all_slices_unrolled, BN1_var0     |
| array_partition | variable=LSTM_b_ifog0 complete | ../main_5_slices.cpp:232 in run_all_slices_unrolled, LSTM_b_ifog0 |
| array_partition | variable=BN1_gamma1 complete   | ../main_5_slices.cpp:240 in run_all_slices_unrolled, BN1_gamma1   |
| array_partition | variable=BN1_beta1 complete    | ../main_5_slices.cpp:241 in run_all_slices_unrolled, BN1_beta1    |
| array_partition | variable=BN1_mean1 complete    | ../main_5_slices.cpp:242 in run_all_slices_unrolled, BN1_mean1    |
| array_partition | variable=BN1_var1 complete     | ../main_5_slices.cpp:243 in run_all_slices_unrolled, BN1_var1     |
| array_partition | variable=LSTM_b_ifog1 complete | ../main_5_slices.cpp:244 in run_all_slices_unrolled, LSTM_b_ifog1 |
| array_partition | variable=BN1_gamma2 complete   | ../main_5_slices.cpp:252 in run_all_slices_unrolled, BN1_gamma2   |
| array_partition | variable=BN1_beta2 complete    | ../main_5_slices.cpp:253 in run_all_slices_unrolled, BN1_beta2    |
| array_partition | variable=BN1_mean2 complete    | ../main_5_slices.cpp:254 in run_all_slices_unrolled, BN1_mean2    |
| array_partition | variable=BN1_var2 complete     | ../main_5_slices.cpp:255 in run_all_slices_unrolled, BN1_var2     |
| array_partition | variable=LSTM_b_ifog2 complete | ../main_5_slices.cpp:256 in run_all_slices_unrolled, LSTM_b_ifog2 |
| array_partition | variable=BN1_gamma3 complete   | ../main_5_slices.cpp:264 in run_all_slices_unrolled, BN1_gamma3   |
| array_partition | variable=BN1_beta3 complete    | ../main_5_slices.cpp:265 in run_all_slices_unrolled, BN1_beta3    |
| array_partition | variable=BN1_mean3 complete    | ../main_5_slices.cpp:266 in run_all_slices_unrolled, BN1_mean3    |
| array_partition | variable=BN1_var3 complete     | ../main_5_slices.cpp:267 in run_all_slices_unrolled, BN1_var3     |
| array_partition | variable=LSTM_b_ifog3 complete | ../main_5_slices.cpp:268 in run_all_slices_unrolled, LSTM_b_ifog3 |
| array_partition | variable=BN1_gamma4 complete   | ../main_5_slices.cpp:276 in run_all_slices_unrolled, BN1_gamma4   |
| array_partition | variable=BN1_beta4 complete    | ../main_5_slices.cpp:277 in run_all_slices_unrolled, BN1_beta4    |
| array_partition | variable=BN1_mean4 complete    | ../main_5_slices.cpp:278 in run_all_slices_unrolled, BN1_mean4    |
| array_partition | variable=BN1_var4 complete     | ../main_5_slices.cpp:279 in run_all_slices_unrolled, BN1_var4     |
| array_partition | variable=LSTM_b_ifog4 complete | ../main_5_slices.cpp:280 in run_all_slices_unrolled, LSTM_b_ifog4 |
| top             |                                | ../main_5_slices.cpp:366 in run_model                             |
+-----------------+--------------------------------+-------------------------------------------------------------------+

* Inferred Pragmas
+------------------------------------+-----------------+---------------------------------------+------------------------------------------------------------+
| Source                             | Inferred Pragma | Options                               | Location                                                   |
+------------------------------------+-----------------+---------------------------------------+------------------------------------------------------------+
| pipeline  ../main_5_slices.cpp:183 | array_partition | dim=1 type=cyclic factor=5 variable=z | variable z in lstm_forward_unidir ../main_5_slices.cpp:150 |
+------------------------------------+-----------------+---------------------------------------+------------------------------------------------------------+


