

================================================================
== Vitis HLS Report for 'conv_bn_act_pool_Pipeline_BNParamsLoop'
================================================================
* Date:           Mon Sep 15 15:50:06 2025

* Version:        2024.2 (Build 5238294 on Nov  8 2024)
* Project:        run_model
* Solution:       hls (Vivado IP Flow Target)
* Product family: zynq
* Target device:  xc7z020-clg400-3


================================================================
== Performance Estimates
================================================================
+ Timing: 
    * Summary: 
    +--------+----------+----------+------------+
    |  Clock |  Target  | Estimated| Uncertainty|
    +--------+----------+----------+------------+
    |ap_clk  |  10.00 ns|  7.847 ns|     2.00 ns|
    +--------+----------+----------+------------+

+ Latency: 
    * Summary: 
    +---------+---------+----------+----------+-----+-----+------------------------------------------------+
    |  Latency (cycles) |  Latency (absolute) |  Interval |                    Pipeline                    |
    |   min   |   max   |    min   |    max   | min | max |                      Type                      |
    +---------+---------+----------+----------+-----+-----+------------------------------------------------+
    |       70|       70|  0.700 us|  0.700 us|   33|   33|  loop auto-rewind stp (delay=0 clock cycles(s))|
    +---------+---------+----------+----------+-----+-----+------------------------------------------------+

    + Detail: 
        * Instance: 
        N/A

        * Loop: 
        +----------------+---------+---------+----------+-----------+-----------+------+----------+
        |                |  Latency (cycles) | Iteration|  Initiation Interval  | Trip |          |
        |    Loop Name   |   min   |   max   |  Latency |  achieved |   target  | Count| Pipelined|
        +----------------+---------+---------+----------+-----------+-----------+------+----------+
        |- BNParamsLoop  |       68|       68|        38|          1|          1|    32|       yes|
        +----------------+---------+---------+----------+-----------+-----------+------+----------+

============================================================
+ Verbose Summary: Synthesis Manager
============================================================
InlineROM: 1
ExposeGlobal: 0
============================================================
+ Verbose Summary: CDFG Model
============================================================
IsTopModel: 0
ResetActiveHigh: 1
IsCombinational: 0
IsDatapathOnly: 0
HasWiredReturn: 1
HasMFsm: 2
HasVarLatency: 1
IsPipeline: 0
IsRtlPipelined: 0
IsInstanceOverlapped: 0
IsDontTouch: 0
HasImplIP: 0
IsGatedGlobalClock: 0

+ Individual pipeline summary: 
  * Pipeline-0: initiation interval (II) = 1, depth = 38


============================================================
+ Verbose Summary: Schedule
============================================================
* Number of FSM states : 38
* Pipeline : 1
  Pipeline-0 : II = 1, D = 38, States = { 1 2 3 4 5 6 7 8 9 10 11 12 13 14 15 16 17 18 19 20 21 22 23 24 25 26 27 28 29 30 31 32 33 34 35 36 37 38 }
* Dataflow Pipeline: 0

* FSM state transitions: 
1 --> 2 
2 --> 3 
3 --> 4 
4 --> 5 
5 --> 6 
6 --> 7 
7 --> 8 
8 --> 9 
9 --> 10 
10 --> 11 
11 --> 12 
12 --> 13 
13 --> 14 
14 --> 15 
15 --> 16 
16 --> 17 
17 --> 18 
18 --> 19 
19 --> 20 
20 --> 21 
21 --> 22 
22 --> 23 
23 --> 24 
24 --> 25 
25 --> 26 
26 --> 27 
27 --> 28 
28 --> 29 
29 --> 30 
30 --> 31 
31 --> 32 
32 --> 33 
33 --> 34 
34 --> 35 
35 --> 36 
36 --> 37 
37 --> 38 
38 --> 

* FSM state operations: 

State 1 <SV = 0> <Delay = 5.99>
ST_1 : Operation 41 [1/1] (0.00ns)   --->   "%f = alloca i32 1" [../main_5_slices.cpp:89]   --->   Operation 41 'alloca' 'f' <Predicate = true> <Delay = 0.00>
ST_1 : Operation 42 [1/1] (0.00ns)   --->   "%mux_case_0106363 = alloca i32 1"   --->   Operation 42 'alloca' 'mux_case_0106363' <Predicate = true> <Delay = 0.00>
ST_1 : Operation 43 [1/1] (0.00ns)   --->   "%mux_case_1108367 = alloca i32 1"   --->   Operation 43 'alloca' 'mux_case_1108367' <Predicate = true> <Delay = 0.00>
ST_1 : Operation 44 [1/1] (0.00ns)   --->   "%mux_case_2110371 = alloca i32 1"   --->   Operation 44 'alloca' 'mux_case_2110371' <Predicate = true> <Delay = 0.00>
ST_1 : Operation 45 [1/1] (0.00ns)   --->   "%mux_case_3112375 = alloca i32 1"   --->   Operation 45 'alloca' 'mux_case_3112375' <Predicate = true> <Delay = 0.00>
ST_1 : Operation 46 [1/1] (0.00ns)   --->   "%mux_case_4114379 = alloca i32 1"   --->   Operation 46 'alloca' 'mux_case_4114379' <Predicate = true> <Delay = 0.00>
ST_1 : Operation 47 [1/1] (0.00ns)   --->   "%mux_case_5116383 = alloca i32 1"   --->   Operation 47 'alloca' 'mux_case_5116383' <Predicate = true> <Delay = 0.00>
ST_1 : Operation 48 [1/1] (0.00ns)   --->   "%mux_case_6118387 = alloca i32 1"   --->   Operation 48 'alloca' 'mux_case_6118387' <Predicate = true> <Delay = 0.00>
ST_1 : Operation 49 [1/1] (0.00ns)   --->   "%mux_case_7120391 = alloca i32 1"   --->   Operation 49 'alloca' 'mux_case_7120391' <Predicate = true> <Delay = 0.00>
ST_1 : Operation 50 [1/1] (0.00ns)   --->   "%mux_case_8122395 = alloca i32 1"   --->   Operation 50 'alloca' 'mux_case_8122395' <Predicate = true> <Delay = 0.00>
ST_1 : Operation 51 [1/1] (0.00ns)   --->   "%mux_case_9124399 = alloca i32 1"   --->   Operation 51 'alloca' 'mux_case_9124399' <Predicate = true> <Delay = 0.00>
ST_1 : Operation 52 [1/1] (0.00ns)   --->   "%mux_case_10126403 = alloca i32 1"   --->   Operation 52 'alloca' 'mux_case_10126403' <Predicate = true> <Delay = 0.00>
ST_1 : Operation 53 [1/1] (0.00ns)   --->   "%mux_case_11128407 = alloca i32 1"   --->   Operation 53 'alloca' 'mux_case_11128407' <Predicate = true> <Delay = 0.00>
ST_1 : Operation 54 [1/1] (0.00ns)   --->   "%mux_case_12130411 = alloca i32 1"   --->   Operation 54 'alloca' 'mux_case_12130411' <Predicate = true> <Delay = 0.00>
ST_1 : Operation 55 [1/1] (0.00ns)   --->   "%mux_case_13132415 = alloca i32 1"   --->   Operation 55 'alloca' 'mux_case_13132415' <Predicate = true> <Delay = 0.00>
ST_1 : Operation 56 [1/1] (0.00ns)   --->   "%mux_case_14134419 = alloca i32 1"   --->   Operation 56 'alloca' 'mux_case_14134419' <Predicate = true> <Delay = 0.00>
ST_1 : Operation 57 [1/1] (0.00ns)   --->   "%mux_case_15136423 = alloca i32 1"   --->   Operation 57 'alloca' 'mux_case_15136423' <Predicate = true> <Delay = 0.00>
ST_1 : Operation 58 [1/1] (0.00ns)   --->   "%mux_case_16138427 = alloca i32 1"   --->   Operation 58 'alloca' 'mux_case_16138427' <Predicate = true> <Delay = 0.00>
ST_1 : Operation 59 [1/1] (0.00ns)   --->   "%mux_case_17140431 = alloca i32 1"   --->   Operation 59 'alloca' 'mux_case_17140431' <Predicate = true> <Delay = 0.00>
ST_1 : Operation 60 [1/1] (0.00ns)   --->   "%mux_case_18142435 = alloca i32 1"   --->   Operation 60 'alloca' 'mux_case_18142435' <Predicate = true> <Delay = 0.00>
ST_1 : Operation 61 [1/1] (0.00ns)   --->   "%mux_case_19144439 = alloca i32 1"   --->   Operation 61 'alloca' 'mux_case_19144439' <Predicate = true> <Delay = 0.00>
ST_1 : Operation 62 [1/1] (0.00ns)   --->   "%mux_case_20146443 = alloca i32 1"   --->   Operation 62 'alloca' 'mux_case_20146443' <Predicate = true> <Delay = 0.00>
ST_1 : Operation 63 [1/1] (0.00ns)   --->   "%mux_case_21148447 = alloca i32 1"   --->   Operation 63 'alloca' 'mux_case_21148447' <Predicate = true> <Delay = 0.00>
ST_1 : Operation 64 [1/1] (0.00ns)   --->   "%mux_case_22150451 = alloca i32 1"   --->   Operation 64 'alloca' 'mux_case_22150451' <Predicate = true> <Delay = 0.00>
ST_1 : Operation 65 [1/1] (0.00ns)   --->   "%mux_case_23152455 = alloca i32 1"   --->   Operation 65 'alloca' 'mux_case_23152455' <Predicate = true> <Delay = 0.00>
ST_1 : Operation 66 [1/1] (0.00ns)   --->   "%mux_case_24154459 = alloca i32 1"   --->   Operation 66 'alloca' 'mux_case_24154459' <Predicate = true> <Delay = 0.00>
ST_1 : Operation 67 [1/1] (0.00ns)   --->   "%mux_case_25156463 = alloca i32 1"   --->   Operation 67 'alloca' 'mux_case_25156463' <Predicate = true> <Delay = 0.00>
ST_1 : Operation 68 [1/1] (0.00ns)   --->   "%mux_case_26158467 = alloca i32 1"   --->   Operation 68 'alloca' 'mux_case_26158467' <Predicate = true> <Delay = 0.00>
ST_1 : Operation 69 [1/1] (0.00ns)   --->   "%mux_case_27160471 = alloca i32 1"   --->   Operation 69 'alloca' 'mux_case_27160471' <Predicate = true> <Delay = 0.00>
ST_1 : Operation 70 [1/1] (0.00ns)   --->   "%mux_case_28162475 = alloca i32 1"   --->   Operation 70 'alloca' 'mux_case_28162475' <Predicate = true> <Delay = 0.00>
ST_1 : Operation 71 [1/1] (0.00ns)   --->   "%mux_case_29164479 = alloca i32 1"   --->   Operation 71 'alloca' 'mux_case_29164479' <Predicate = true> <Delay = 0.00>
ST_1 : Operation 72 [1/1] (0.00ns)   --->   "%mux_case_30166483 = alloca i32 1"   --->   Operation 72 'alloca' 'mux_case_30166483' <Predicate = true> <Delay = 0.00>
ST_1 : Operation 73 [1/1] (0.00ns)   --->   "%mux_case_31168487 = alloca i32 1"   --->   Operation 73 'alloca' 'mux_case_31168487' <Predicate = true> <Delay = 0.00>
ST_1 : Operation 74 [1/1] (0.00ns)   --->   "%mux_case_0170491 = alloca i32 1"   --->   Operation 74 'alloca' 'mux_case_0170491' <Predicate = true> <Delay = 0.00>
ST_1 : Operation 75 [1/1] (0.00ns)   --->   "%mux_case_1172495 = alloca i32 1"   --->   Operation 75 'alloca' 'mux_case_1172495' <Predicate = true> <Delay = 0.00>
ST_1 : Operation 76 [1/1] (0.00ns)   --->   "%mux_case_2174499 = alloca i32 1"   --->   Operation 76 'alloca' 'mux_case_2174499' <Predicate = true> <Delay = 0.00>
ST_1 : Operation 77 [1/1] (0.00ns)   --->   "%mux_case_3176503 = alloca i32 1"   --->   Operation 77 'alloca' 'mux_case_3176503' <Predicate = true> <Delay = 0.00>
ST_1 : Operation 78 [1/1] (0.00ns)   --->   "%mux_case_4178507 = alloca i32 1"   --->   Operation 78 'alloca' 'mux_case_4178507' <Predicate = true> <Delay = 0.00>
ST_1 : Operation 79 [1/1] (0.00ns)   --->   "%mux_case_5180511 = alloca i32 1"   --->   Operation 79 'alloca' 'mux_case_5180511' <Predicate = true> <Delay = 0.00>
ST_1 : Operation 80 [1/1] (0.00ns)   --->   "%mux_case_6182515 = alloca i32 1"   --->   Operation 80 'alloca' 'mux_case_6182515' <Predicate = true> <Delay = 0.00>
ST_1 : Operation 81 [1/1] (0.00ns)   --->   "%mux_case_7184519 = alloca i32 1"   --->   Operation 81 'alloca' 'mux_case_7184519' <Predicate = true> <Delay = 0.00>
ST_1 : Operation 82 [1/1] (0.00ns)   --->   "%mux_case_8186523 = alloca i32 1"   --->   Operation 82 'alloca' 'mux_case_8186523' <Predicate = true> <Delay = 0.00>
ST_1 : Operation 83 [1/1] (0.00ns)   --->   "%mux_case_9188527 = alloca i32 1"   --->   Operation 83 'alloca' 'mux_case_9188527' <Predicate = true> <Delay = 0.00>
ST_1 : Operation 84 [1/1] (0.00ns)   --->   "%mux_case_10190531 = alloca i32 1"   --->   Operation 84 'alloca' 'mux_case_10190531' <Predicate = true> <Delay = 0.00>
ST_1 : Operation 85 [1/1] (0.00ns)   --->   "%mux_case_11192535 = alloca i32 1"   --->   Operation 85 'alloca' 'mux_case_11192535' <Predicate = true> <Delay = 0.00>
ST_1 : Operation 86 [1/1] (0.00ns)   --->   "%mux_case_12194539 = alloca i32 1"   --->   Operation 86 'alloca' 'mux_case_12194539' <Predicate = true> <Delay = 0.00>
ST_1 : Operation 87 [1/1] (0.00ns)   --->   "%mux_case_13196543 = alloca i32 1"   --->   Operation 87 'alloca' 'mux_case_13196543' <Predicate = true> <Delay = 0.00>
ST_1 : Operation 88 [1/1] (0.00ns)   --->   "%mux_case_14198547 = alloca i32 1"   --->   Operation 88 'alloca' 'mux_case_14198547' <Predicate = true> <Delay = 0.00>
ST_1 : Operation 89 [1/1] (0.00ns)   --->   "%mux_case_15200551 = alloca i32 1"   --->   Operation 89 'alloca' 'mux_case_15200551' <Predicate = true> <Delay = 0.00>
ST_1 : Operation 90 [1/1] (0.00ns)   --->   "%mux_case_16202555 = alloca i32 1"   --->   Operation 90 'alloca' 'mux_case_16202555' <Predicate = true> <Delay = 0.00>
ST_1 : Operation 91 [1/1] (0.00ns)   --->   "%mux_case_17204559 = alloca i32 1"   --->   Operation 91 'alloca' 'mux_case_17204559' <Predicate = true> <Delay = 0.00>
ST_1 : Operation 92 [1/1] (0.00ns)   --->   "%mux_case_18206563 = alloca i32 1"   --->   Operation 92 'alloca' 'mux_case_18206563' <Predicate = true> <Delay = 0.00>
ST_1 : Operation 93 [1/1] (0.00ns)   --->   "%mux_case_19208567 = alloca i32 1"   --->   Operation 93 'alloca' 'mux_case_19208567' <Predicate = true> <Delay = 0.00>
ST_1 : Operation 94 [1/1] (0.00ns)   --->   "%mux_case_20210571 = alloca i32 1"   --->   Operation 94 'alloca' 'mux_case_20210571' <Predicate = true> <Delay = 0.00>
ST_1 : Operation 95 [1/1] (0.00ns)   --->   "%mux_case_21212575 = alloca i32 1"   --->   Operation 95 'alloca' 'mux_case_21212575' <Predicate = true> <Delay = 0.00>
ST_1 : Operation 96 [1/1] (0.00ns)   --->   "%mux_case_22214579 = alloca i32 1"   --->   Operation 96 'alloca' 'mux_case_22214579' <Predicate = true> <Delay = 0.00>
ST_1 : Operation 97 [1/1] (0.00ns)   --->   "%mux_case_23216583 = alloca i32 1"   --->   Operation 97 'alloca' 'mux_case_23216583' <Predicate = true> <Delay = 0.00>
ST_1 : Operation 98 [1/1] (0.00ns)   --->   "%mux_case_24218587 = alloca i32 1"   --->   Operation 98 'alloca' 'mux_case_24218587' <Predicate = true> <Delay = 0.00>
ST_1 : Operation 99 [1/1] (0.00ns)   --->   "%mux_case_25220591 = alloca i32 1"   --->   Operation 99 'alloca' 'mux_case_25220591' <Predicate = true> <Delay = 0.00>
ST_1 : Operation 100 [1/1] (0.00ns)   --->   "%mux_case_26222595 = alloca i32 1"   --->   Operation 100 'alloca' 'mux_case_26222595' <Predicate = true> <Delay = 0.00>
ST_1 : Operation 101 [1/1] (0.00ns)   --->   "%mux_case_27224599 = alloca i32 1"   --->   Operation 101 'alloca' 'mux_case_27224599' <Predicate = true> <Delay = 0.00>
ST_1 : Operation 102 [1/1] (0.00ns)   --->   "%mux_case_28226603 = alloca i32 1"   --->   Operation 102 'alloca' 'mux_case_28226603' <Predicate = true> <Delay = 0.00>
ST_1 : Operation 103 [1/1] (0.00ns)   --->   "%mux_case_29228607 = alloca i32 1"   --->   Operation 103 'alloca' 'mux_case_29228607' <Predicate = true> <Delay = 0.00>
ST_1 : Operation 104 [1/1] (0.00ns)   --->   "%mux_case_30230611 = alloca i32 1"   --->   Operation 104 'alloca' 'mux_case_30230611' <Predicate = true> <Delay = 0.00>
ST_1 : Operation 105 [1/1] (0.00ns)   --->   "%mux_case_31232615 = alloca i32 1"   --->   Operation 105 'alloca' 'mux_case_31232615' <Predicate = true> <Delay = 0.00>
ST_1 : Operation 106 [1/1] (1.14ns)   --->   "%store_ln89 = store i6 0, i6 %f" [../main_5_slices.cpp:89]   --->   Operation 106 'store' 'store_ln89' <Predicate = true> <Delay = 1.14>
ST_1 : Operation 107 [1/1] (0.00ns)   --->   "%br_ln0 = br void %for.inc"   --->   Operation 107 'br' 'br_ln0' <Predicate = true> <Delay = 0.00>
ST_1 : Operation 108 [1/1] (0.00ns)   --->   "%f_2 = load i6 %f" [../main_5_slices.cpp:89]   --->   Operation 108 'load' 'f_2' <Predicate = true> <Delay = 0.00>
ST_1 : Operation 109 [1/1] (1.51ns)   --->   "%icmp_ln89 = icmp_eq  i6 %f_2, i6 32" [../main_5_slices.cpp:89]   --->   Operation 109 'icmp' 'icmp_ln89' <Predicate = true> <Delay = 1.51> <CoreInst = "Cmp">   --->   Core 9 'Cmp' <Latency = 0> <II = 1> <Delay = 1.51> <FuncUnit> <Opcode : 'seteq' 'setne' 'setle' 'setge' 'setlt' 'setgt'> <InPorts = 2> <OutPorts = 1>
ST_1 : Operation 110 [1/1] (1.51ns)   --->   "%add_ln89 = add i6 %f_2, i6 1" [../main_5_slices.cpp:89]   --->   Operation 110 'add' 'add_ln89' <Predicate = true> <Delay = 1.51> <CoreInst = "Adder">   --->   Core 1 'Adder' <Latency = 0> <II = 1> <Delay = 1.51> <FuncUnit> <Opcode : 'add' 'sub'> <InPorts = 2> <OutPorts = 1>
ST_1 : Operation 111 [1/1] (0.00ns)   --->   "%br_ln89 = br i1 %icmp_ln89, void %for.inc.split, void %Loop2Big.lr.ph.exitStub" [../main_5_slices.cpp:89]   --->   Operation 111 'br' 'br_ln89' <Predicate = true> <Delay = 0.00>
ST_1 : Operation 112 [1/1] (0.00ns)   --->   "%trunc_ln89 = trunc i6 %f_2" [../main_5_slices.cpp:89]   --->   Operation 112 'trunc' 'trunc_ln89' <Predicate = (!icmp_ln89)> <Delay = 0.00>
ST_1 : Operation 113 [1/1] (2.17ns)   --->   "%tmp = sparsemux i16 @_ssdm_op_SparseMux.ap_auto.32half.half.i5, i5 0, i16 1, i5 1, i16 1, i5 2, i16 1, i5 3, i16 1, i5 4, i16 1, i5 5, i16 1, i5 6, i16 1, i5 7, i16 1, i5 8, i16 1, i5 9, i16 1, i5 10, i16 1, i5 11, i16 1, i5 12, i16 1, i5 13, i16 1, i5 14, i16 1, i5 15, i16 1, i5 16, i16 1, i5 17, i16 1, i5 18, i16 1, i5 19, i16 1, i5 20, i16 1, i5 21, i16 1, i5 22, i16 1, i5 23, i16 1, i5 24, i16 1, i5 25, i16 1, i5 26, i16 1, i5 27, i16 1, i5 28, i16 1, i5 29, i16 1, i5 30, i16 1, i5 31, i16 1, i16 <undef>, i5 %trunc_ln89" [../main_5_slices.cpp:91]   --->   Operation 113 'sparsemux' 'tmp' <Predicate = (!icmp_ln89)> <Delay = 2.17> <CoreInst = "BinarySparseMux_DontCare">   --->   Core 137 'BinarySparseMux_DontCare' <Latency = 0> <II = 1> <Delay = 2.17> <FuncUnit> <Opcode : 'sparsemux'> <InPorts = 2> <OutPorts = 1>
ST_1 : Operation 114 [2/2] (2.66ns)   --->   "%conv = hptosp i16 %tmp" [../main_5_slices.cpp:91]   --->   Operation 114 'hptosp' 'conv' <Predicate = (!icmp_ln89)> <Delay = 2.66> <CoreInst = "Half2Float">   --->   Core 68 'Half2Float' <Latency = 1> <II = 1> <Delay = 2.66> <FuncUnit> <Opcode : 'hptosp'> <InPorts = 1> <OutPorts = 1>
ST_1 : Operation 115 [1/1] (1.46ns)   --->   "%switch_ln94 = switch i5 %trunc_ln89, void %arrayidx20.case.31, i5 0, void %for.inc.split.arrayidx20.exit_crit_edge, i5 1, void %arrayidx20.case.1, i5 2, void %arrayidx20.case.2, i5 3, void %arrayidx20.case.3, i5 4, void %arrayidx20.case.4, i5 5, void %arrayidx20.case.5, i5 6, void %arrayidx20.case.6, i5 7, void %arrayidx20.case.7, i5 8, void %arrayidx20.case.8, i5 9, void %arrayidx20.case.9, i5 10, void %arrayidx20.case.10, i5 11, void %arrayidx20.case.11, i5 12, void %arrayidx20.case.12, i5 13, void %arrayidx20.case.13, i5 14, void %arrayidx20.case.14, i5 15, void %arrayidx20.case.15, i5 16, void %arrayidx20.case.16, i5 17, void %arrayidx20.case.17, i5 18, void %arrayidx20.case.18, i5 19, void %arrayidx20.case.19, i5 20, void %arrayidx20.case.20, i5 21, void %arrayidx20.case.21, i5 22, void %arrayidx20.case.22, i5 23, void %arrayidx20.case.23, i5 24, void %arrayidx20.case.24, i5 25, void %arrayidx20.case.25, i5 26, void %arrayidx20.case.26, i5 27, void %arrayidx20.case.27, i5 28, void %arrayidx20.case.28, i5 29, void %arrayidx20.case.29, i5 30, void %arrayidx20.case.30" [../main_5_slices.cpp:94]   --->   Operation 115 'switch' 'switch_ln94' <Predicate = (!icmp_ln89)> <Delay = 1.46>
ST_1 : Operation 116 [1/1] (1.14ns)   --->   "%store_ln89 = store i6 %add_ln89, i6 %f" [../main_5_slices.cpp:89]   --->   Operation 116 'store' 'store_ln89' <Predicate = (!icmp_ln89)> <Delay = 1.14>
ST_1 : Operation 117 [1/1] (0.00ns)   --->   "%br_ln89 = br void %for.inc" [../main_5_slices.cpp:89]   --->   Operation 117 'br' 'br_ln89' <Predicate = (!icmp_ln89)> <Delay = 0.00>

State 2 <SV = 1> <Delay = 2.66>
ST_2 : Operation 118 [1/2] (2.66ns)   --->   "%conv = hptosp i16 %tmp" [../main_5_slices.cpp:91]   --->   Operation 118 'hptosp' 'conv' <Predicate = true> <Delay = 2.66> <CoreInst = "Half2Float">   --->   Core 68 'Half2Float' <Latency = 1> <II = 1> <Delay = 2.66> <FuncUnit> <Opcode : 'hptosp'> <InPorts = 1> <OutPorts = 1>

State 3 <SV = 2> <Delay = 7.28>
ST_3 : Operation 119 [4/4] (7.28ns)   --->   "%add3 = fadd i32 %conv, i32 0.0010004" [../main_5_slices.cpp:91]   --->   Operation 119 'fadd' 'add3' <Predicate = true> <Delay = 7.28> <CoreInst = "FAddSub_fulldsp">   --->   Core 18 'FAddSub_fulldsp' <Latency = 3> <II = 1> <Delay = 7.28> <FuncUnit> <Opcode : 'fadd' 'fsub'> <InPorts = 2> <OutPorts = 1>

State 4 <SV = 3> <Delay = 7.28>
ST_4 : Operation 120 [3/4] (7.28ns)   --->   "%add3 = fadd i32 %conv, i32 0.0010004" [../main_5_slices.cpp:91]   --->   Operation 120 'fadd' 'add3' <Predicate = true> <Delay = 7.28> <CoreInst = "FAddSub_fulldsp">   --->   Core 18 'FAddSub_fulldsp' <Latency = 3> <II = 1> <Delay = 7.28> <FuncUnit> <Opcode : 'fadd' 'fsub'> <InPorts = 2> <OutPorts = 1>

State 5 <SV = 4> <Delay = 7.28>
ST_5 : Operation 121 [2/4] (7.28ns)   --->   "%add3 = fadd i32 %conv, i32 0.0010004" [../main_5_slices.cpp:91]   --->   Operation 121 'fadd' 'add3' <Predicate = true> <Delay = 7.28> <CoreInst = "FAddSub_fulldsp">   --->   Core 18 'FAddSub_fulldsp' <Latency = 3> <II = 1> <Delay = 7.28> <FuncUnit> <Opcode : 'fadd' 'fsub'> <InPorts = 2> <OutPorts = 1>

State 6 <SV = 5> <Delay = 7.28>
ST_6 : Operation 122 [1/4] (7.28ns)   --->   "%add3 = fadd i32 %conv, i32 0.0010004" [../main_5_slices.cpp:91]   --->   Operation 122 'fadd' 'add3' <Predicate = true> <Delay = 7.28> <CoreInst = "FAddSub_fulldsp">   --->   Core 18 'FAddSub_fulldsp' <Latency = 3> <II = 1> <Delay = 7.28> <FuncUnit> <Opcode : 'fadd' 'fsub'> <InPorts = 2> <OutPorts = 1>

State 7 <SV = 6> <Delay = 7.55>
ST_7 : Operation 123 [10/10] (7.55ns)   --->   "%tmp_s = fsqrt i32 @llvm.sqrt.f32, i32 %add3" [../main_5_slices.cpp:91]   --->   Operation 123 'fsqrt' 'tmp_s' <Predicate = true> <Delay = 7.55> <CoreInst = "FSqrt">   --->   Core 35 'FSqrt' <Latency = 9> <II = 1> <Delay = 7.55> <FuncUnit> <Opcode : 'fsqrt'> <InPorts = 1> <OutPorts = 1>

State 8 <SV = 7> <Delay = 7.55>
ST_8 : Operation 124 [9/10] (7.55ns)   --->   "%tmp_s = fsqrt i32 @llvm.sqrt.f32, i32 %add3" [../main_5_slices.cpp:91]   --->   Operation 124 'fsqrt' 'tmp_s' <Predicate = true> <Delay = 7.55> <CoreInst = "FSqrt">   --->   Core 35 'FSqrt' <Latency = 9> <II = 1> <Delay = 7.55> <FuncUnit> <Opcode : 'fsqrt'> <InPorts = 1> <OutPorts = 1>

State 9 <SV = 8> <Delay = 7.55>
ST_9 : Operation 125 [8/10] (7.55ns)   --->   "%tmp_s = fsqrt i32 @llvm.sqrt.f32, i32 %add3" [../main_5_slices.cpp:91]   --->   Operation 125 'fsqrt' 'tmp_s' <Predicate = true> <Delay = 7.55> <CoreInst = "FSqrt">   --->   Core 35 'FSqrt' <Latency = 9> <II = 1> <Delay = 7.55> <FuncUnit> <Opcode : 'fsqrt'> <InPorts = 1> <OutPorts = 1>

State 10 <SV = 9> <Delay = 7.55>
ST_10 : Operation 126 [7/10] (7.55ns)   --->   "%tmp_s = fsqrt i32 @llvm.sqrt.f32, i32 %add3" [../main_5_slices.cpp:91]   --->   Operation 126 'fsqrt' 'tmp_s' <Predicate = true> <Delay = 7.55> <CoreInst = "FSqrt">   --->   Core 35 'FSqrt' <Latency = 9> <II = 1> <Delay = 7.55> <FuncUnit> <Opcode : 'fsqrt'> <InPorts = 1> <OutPorts = 1>

State 11 <SV = 10> <Delay = 7.55>
ST_11 : Operation 127 [6/10] (7.55ns)   --->   "%tmp_s = fsqrt i32 @llvm.sqrt.f32, i32 %add3" [../main_5_slices.cpp:91]   --->   Operation 127 'fsqrt' 'tmp_s' <Predicate = true> <Delay = 7.55> <CoreInst = "FSqrt">   --->   Core 35 'FSqrt' <Latency = 9> <II = 1> <Delay = 7.55> <FuncUnit> <Opcode : 'fsqrt'> <InPorts = 1> <OutPorts = 1>

State 12 <SV = 11> <Delay = 7.55>
ST_12 : Operation 128 [5/10] (7.55ns)   --->   "%tmp_s = fsqrt i32 @llvm.sqrt.f32, i32 %add3" [../main_5_slices.cpp:91]   --->   Operation 128 'fsqrt' 'tmp_s' <Predicate = true> <Delay = 7.55> <CoreInst = "FSqrt">   --->   Core 35 'FSqrt' <Latency = 9> <II = 1> <Delay = 7.55> <FuncUnit> <Opcode : 'fsqrt'> <InPorts = 1> <OutPorts = 1>

State 13 <SV = 12> <Delay = 7.55>
ST_13 : Operation 129 [4/10] (7.55ns)   --->   "%tmp_s = fsqrt i32 @llvm.sqrt.f32, i32 %add3" [../main_5_slices.cpp:91]   --->   Operation 129 'fsqrt' 'tmp_s' <Predicate = true> <Delay = 7.55> <CoreInst = "FSqrt">   --->   Core 35 'FSqrt' <Latency = 9> <II = 1> <Delay = 7.55> <FuncUnit> <Opcode : 'fsqrt'> <InPorts = 1> <OutPorts = 1>

State 14 <SV = 13> <Delay = 7.55>
ST_14 : Operation 130 [3/10] (7.55ns)   --->   "%tmp_s = fsqrt i32 @llvm.sqrt.f32, i32 %add3" [../main_5_slices.cpp:91]   --->   Operation 130 'fsqrt' 'tmp_s' <Predicate = true> <Delay = 7.55> <CoreInst = "FSqrt">   --->   Core 35 'FSqrt' <Latency = 9> <II = 1> <Delay = 7.55> <FuncUnit> <Opcode : 'fsqrt'> <InPorts = 1> <OutPorts = 1>

State 15 <SV = 14> <Delay = 7.55>
ST_15 : Operation 131 [2/10] (7.55ns)   --->   "%tmp_s = fsqrt i32 @llvm.sqrt.f32, i32 %add3" [../main_5_slices.cpp:91]   --->   Operation 131 'fsqrt' 'tmp_s' <Predicate = true> <Delay = 7.55> <CoreInst = "FSqrt">   --->   Core 35 'FSqrt' <Latency = 9> <II = 1> <Delay = 7.55> <FuncUnit> <Opcode : 'fsqrt'> <InPorts = 1> <OutPorts = 1>

State 16 <SV = 15> <Delay = 7.55>
ST_16 : Operation 132 [1/10] (7.55ns)   --->   "%tmp_s = fsqrt i32 @llvm.sqrt.f32, i32 %add3" [../main_5_slices.cpp:91]   --->   Operation 132 'fsqrt' 'tmp_s' <Predicate = true> <Delay = 7.55> <CoreInst = "FSqrt">   --->   Core 35 'FSqrt' <Latency = 9> <II = 1> <Delay = 7.55> <FuncUnit> <Opcode : 'fsqrt'> <InPorts = 1> <OutPorts = 1>

State 17 <SV = 16> <Delay = 7.84>
ST_17 : Operation 133 [10/10] (7.84ns)   --->   "%inv = fdiv i32 1, i32 %tmp_s" [../main_5_slices.cpp:91]   --->   Operation 133 'fdiv' 'inv' <Predicate = true> <Delay = 7.84> <CoreInst = "FDiv">   --->   Core 20 'FDiv' <Latency = 9> <II = 1> <Delay = 7.84> <FuncUnit> <Opcode : 'fdiv' 'frem'> <InPorts = 2> <OutPorts = 1>

State 18 <SV = 17> <Delay = 7.84>
ST_18 : Operation 134 [9/10] (7.84ns)   --->   "%inv = fdiv i32 1, i32 %tmp_s" [../main_5_slices.cpp:91]   --->   Operation 134 'fdiv' 'inv' <Predicate = true> <Delay = 7.84> <CoreInst = "FDiv">   --->   Core 20 'FDiv' <Latency = 9> <II = 1> <Delay = 7.84> <FuncUnit> <Opcode : 'fdiv' 'frem'> <InPorts = 2> <OutPorts = 1>

State 19 <SV = 18> <Delay = 7.84>
ST_19 : Operation 135 [8/10] (7.84ns)   --->   "%inv = fdiv i32 1, i32 %tmp_s" [../main_5_slices.cpp:91]   --->   Operation 135 'fdiv' 'inv' <Predicate = true> <Delay = 7.84> <CoreInst = "FDiv">   --->   Core 20 'FDiv' <Latency = 9> <II = 1> <Delay = 7.84> <FuncUnit> <Opcode : 'fdiv' 'frem'> <InPorts = 2> <OutPorts = 1>

State 20 <SV = 19> <Delay = 7.84>
ST_20 : Operation 136 [7/10] (7.84ns)   --->   "%inv = fdiv i32 1, i32 %tmp_s" [../main_5_slices.cpp:91]   --->   Operation 136 'fdiv' 'inv' <Predicate = true> <Delay = 7.84> <CoreInst = "FDiv">   --->   Core 20 'FDiv' <Latency = 9> <II = 1> <Delay = 7.84> <FuncUnit> <Opcode : 'fdiv' 'frem'> <InPorts = 2> <OutPorts = 1>

State 21 <SV = 20> <Delay = 7.84>
ST_21 : Operation 137 [6/10] (7.84ns)   --->   "%inv = fdiv i32 1, i32 %tmp_s" [../main_5_slices.cpp:91]   --->   Operation 137 'fdiv' 'inv' <Predicate = true> <Delay = 7.84> <CoreInst = "FDiv">   --->   Core 20 'FDiv' <Latency = 9> <II = 1> <Delay = 7.84> <FuncUnit> <Opcode : 'fdiv' 'frem'> <InPorts = 2> <OutPorts = 1>

State 22 <SV = 21> <Delay = 7.84>
ST_22 : Operation 138 [5/10] (7.84ns)   --->   "%inv = fdiv i32 1, i32 %tmp_s" [../main_5_slices.cpp:91]   --->   Operation 138 'fdiv' 'inv' <Predicate = true> <Delay = 7.84> <CoreInst = "FDiv">   --->   Core 20 'FDiv' <Latency = 9> <II = 1> <Delay = 7.84> <FuncUnit> <Opcode : 'fdiv' 'frem'> <InPorts = 2> <OutPorts = 1>

State 23 <SV = 22> <Delay = 7.84>
ST_23 : Operation 139 [4/10] (7.84ns)   --->   "%inv = fdiv i32 1, i32 %tmp_s" [../main_5_slices.cpp:91]   --->   Operation 139 'fdiv' 'inv' <Predicate = true> <Delay = 7.84> <CoreInst = "FDiv">   --->   Core 20 'FDiv' <Latency = 9> <II = 1> <Delay = 7.84> <FuncUnit> <Opcode : 'fdiv' 'frem'> <InPorts = 2> <OutPorts = 1>

State 24 <SV = 23> <Delay = 7.84>
ST_24 : Operation 140 [3/10] (7.84ns)   --->   "%inv = fdiv i32 1, i32 %tmp_s" [../main_5_slices.cpp:91]   --->   Operation 140 'fdiv' 'inv' <Predicate = true> <Delay = 7.84> <CoreInst = "FDiv">   --->   Core 20 'FDiv' <Latency = 9> <II = 1> <Delay = 7.84> <FuncUnit> <Opcode : 'fdiv' 'frem'> <InPorts = 2> <OutPorts = 1>

State 25 <SV = 24> <Delay = 7.84>
ST_25 : Operation 141 [2/10] (7.84ns)   --->   "%inv = fdiv i32 1, i32 %tmp_s" [../main_5_slices.cpp:91]   --->   Operation 141 'fdiv' 'inv' <Predicate = true> <Delay = 7.84> <CoreInst = "FDiv">   --->   Core 20 'FDiv' <Latency = 9> <II = 1> <Delay = 7.84> <FuncUnit> <Opcode : 'fdiv' 'frem'> <InPorts = 2> <OutPorts = 1>

State 26 <SV = 25> <Delay = 7.84>
ST_26 : Operation 142 [1/10] (7.84ns)   --->   "%inv = fdiv i32 1, i32 %tmp_s" [../main_5_slices.cpp:91]   --->   Operation 142 'fdiv' 'inv' <Predicate = true> <Delay = 7.84> <CoreInst = "FDiv">   --->   Core 20 'FDiv' <Latency = 9> <II = 1> <Delay = 7.84> <FuncUnit> <Opcode : 'fdiv' 'frem'> <InPorts = 2> <OutPorts = 1>

State 27 <SV = 26> <Delay = 7.59>
ST_27 : Operation 143 [3/3] (7.59ns)   --->   "%a_f = fmul i32 %conv, i32 %inv" [../main_5_slices.cpp:92]   --->   Operation 143 'fmul' 'a_f' <Predicate = true> <Delay = 7.59> <CoreInst = "FMul_maxdsp">   --->   Core 30 'FMul_maxdsp' <Latency = 2> <II = 1> <Delay = 7.59> <FuncUnit> <Opcode : 'fmul'> <InPorts = 2> <OutPorts = 1>

State 28 <SV = 27> <Delay = 7.59>
ST_28 : Operation 144 [2/3] (7.59ns)   --->   "%a_f = fmul i32 %conv, i32 %inv" [../main_5_slices.cpp:92]   --->   Operation 144 'fmul' 'a_f' <Predicate = true> <Delay = 7.59> <CoreInst = "FMul_maxdsp">   --->   Core 30 'FMul_maxdsp' <Latency = 2> <II = 1> <Delay = 7.59> <FuncUnit> <Opcode : 'fmul'> <InPorts = 2> <OutPorts = 1>
ST_28 : Operation 145 [1/1] (2.17ns)   --->   "%tmp_1 = sparsemux i16 @_ssdm_op_SparseMux.ap_auto.32half.half.i5, i5 0, i16 0, i5 1, i16 0, i5 2, i16 0, i5 3, i16 0, i5 4, i16 0, i5 5, i16 0, i5 6, i16 0, i5 7, i16 0, i5 8, i16 0, i5 9, i16 0, i5 10, i16 0, i5 11, i16 0, i5 12, i16 0, i5 13, i16 0, i5 14, i16 0, i5 15, i16 0, i5 16, i16 0, i5 17, i16 0, i5 18, i16 0, i5 19, i16 0, i5 20, i16 0, i5 21, i16 0, i5 22, i16 0, i5 23, i16 0, i5 24, i16 0, i5 25, i16 0, i5 26, i16 0, i5 27, i16 0, i5 28, i16 0, i5 29, i16 0, i5 30, i16 0, i5 31, i16 0, i16 <undef>, i5 %trunc_ln89" [../main_5_slices.cpp:93]   --->   Operation 145 'sparsemux' 'tmp_1' <Predicate = true> <Delay = 2.17> <CoreInst = "BinarySparseMux_DontCare">   --->   Core 137 'BinarySparseMux_DontCare' <Latency = 0> <II = 1> <Delay = 2.17> <FuncUnit> <Opcode : 'sparsemux'> <InPorts = 2> <OutPorts = 1>
ST_28 : Operation 146 [2/2] (2.66ns)   --->   "%conv9 = hptosp i16 %tmp_1" [../main_5_slices.cpp:93]   --->   Operation 146 'hptosp' 'conv9' <Predicate = true> <Delay = 2.66> <CoreInst = "Half2Float">   --->   Core 68 'Half2Float' <Latency = 1> <II = 1> <Delay = 2.66> <FuncUnit> <Opcode : 'hptosp'> <InPorts = 1> <OutPorts = 1>

State 29 <SV = 28> <Delay = 7.59>
ST_29 : Operation 147 [1/3] (7.59ns)   --->   "%a_f = fmul i32 %conv, i32 %inv" [../main_5_slices.cpp:92]   --->   Operation 147 'fmul' 'a_f' <Predicate = true> <Delay = 7.59> <CoreInst = "FMul_maxdsp">   --->   Core 30 'FMul_maxdsp' <Latency = 2> <II = 1> <Delay = 7.59> <FuncUnit> <Opcode : 'fmul'> <InPorts = 2> <OutPorts = 1>
ST_29 : Operation 148 [1/2] (2.66ns)   --->   "%conv9 = hptosp i16 %tmp_1" [../main_5_slices.cpp:93]   --->   Operation 148 'hptosp' 'conv9' <Predicate = true> <Delay = 2.66> <CoreInst = "Half2Float">   --->   Core 68 'Half2Float' <Latency = 1> <II = 1> <Delay = 2.66> <FuncUnit> <Opcode : 'hptosp'> <InPorts = 1> <OutPorts = 1>

State 30 <SV = 29> <Delay = 7.59>
ST_30 : Operation 149 [3/3] (7.59ns)   --->   "%mul = fmul i32 %conv9, i32 %a_f" [../main_5_slices.cpp:93]   --->   Operation 149 'fmul' 'mul' <Predicate = true> <Delay = 7.59> <CoreInst = "FMul_maxdsp">   --->   Core 30 'FMul_maxdsp' <Latency = 2> <II = 1> <Delay = 7.59> <FuncUnit> <Opcode : 'fmul'> <InPorts = 2> <OutPorts = 1>
ST_30 : Operation 150 [2/2] (3.92ns)   --->   "%a_bn = sptohp i32 %a_f" [../main_5_slices.cpp:94]   --->   Operation 150 'sptohp' 'a_bn' <Predicate = true> <Delay = 3.92> <CoreInst = "Float2Half">   --->   Core 69 'Float2Half' <Latency = 1> <II = 1> <Delay = 3.92> <FuncUnit> <Opcode : 'sptohp'> <InPorts = 1> <OutPorts = 1>

State 31 <SV = 30> <Delay = 7.59>
ST_31 : Operation 151 [2/3] (7.59ns)   --->   "%mul = fmul i32 %conv9, i32 %a_f" [../main_5_slices.cpp:93]   --->   Operation 151 'fmul' 'mul' <Predicate = true> <Delay = 7.59> <CoreInst = "FMul_maxdsp">   --->   Core 30 'FMul_maxdsp' <Latency = 2> <II = 1> <Delay = 7.59> <FuncUnit> <Opcode : 'fmul'> <InPorts = 2> <OutPorts = 1>
ST_31 : Operation 152 [1/2] (3.92ns)   --->   "%a_bn = sptohp i32 %a_f" [../main_5_slices.cpp:94]   --->   Operation 152 'sptohp' 'a_bn' <Predicate = true> <Delay = 3.92> <CoreInst = "Float2Half">   --->   Core 69 'Float2Half' <Latency = 1> <II = 1> <Delay = 3.92> <FuncUnit> <Opcode : 'sptohp'> <InPorts = 1> <OutPorts = 1>
ST_31 : Operation 153 [1/1] (0.00ns)   --->   "%store_ln94 = store i16 %a_bn, i16 %mux_case_30166483" [../main_5_slices.cpp:94]   --->   Operation 153 'store' 'store_ln94' <Predicate = (trunc_ln89 == 30)> <Delay = 0.00>
ST_31 : Operation 154 [1/1] (0.00ns)   --->   "%store_ln94 = store i16 %a_bn, i16 %mux_case_29164479" [../main_5_slices.cpp:94]   --->   Operation 154 'store' 'store_ln94' <Predicate = (trunc_ln89 == 29)> <Delay = 0.00>
ST_31 : Operation 155 [1/1] (0.00ns)   --->   "%store_ln94 = store i16 %a_bn, i16 %mux_case_28162475" [../main_5_slices.cpp:94]   --->   Operation 155 'store' 'store_ln94' <Predicate = (trunc_ln89 == 28)> <Delay = 0.00>
ST_31 : Operation 156 [1/1] (0.00ns)   --->   "%store_ln94 = store i16 %a_bn, i16 %mux_case_27160471" [../main_5_slices.cpp:94]   --->   Operation 156 'store' 'store_ln94' <Predicate = (trunc_ln89 == 27)> <Delay = 0.00>
ST_31 : Operation 157 [1/1] (0.00ns)   --->   "%store_ln94 = store i16 %a_bn, i16 %mux_case_26158467" [../main_5_slices.cpp:94]   --->   Operation 157 'store' 'store_ln94' <Predicate = (trunc_ln89 == 26)> <Delay = 0.00>
ST_31 : Operation 158 [1/1] (0.00ns)   --->   "%store_ln94 = store i16 %a_bn, i16 %mux_case_25156463" [../main_5_slices.cpp:94]   --->   Operation 158 'store' 'store_ln94' <Predicate = (trunc_ln89 == 25)> <Delay = 0.00>
ST_31 : Operation 159 [1/1] (0.00ns)   --->   "%store_ln94 = store i16 %a_bn, i16 %mux_case_24154459" [../main_5_slices.cpp:94]   --->   Operation 159 'store' 'store_ln94' <Predicate = (trunc_ln89 == 24)> <Delay = 0.00>
ST_31 : Operation 160 [1/1] (0.00ns)   --->   "%store_ln94 = store i16 %a_bn, i16 %mux_case_23152455" [../main_5_slices.cpp:94]   --->   Operation 160 'store' 'store_ln94' <Predicate = (trunc_ln89 == 23)> <Delay = 0.00>
ST_31 : Operation 161 [1/1] (0.00ns)   --->   "%store_ln94 = store i16 %a_bn, i16 %mux_case_22150451" [../main_5_slices.cpp:94]   --->   Operation 161 'store' 'store_ln94' <Predicate = (trunc_ln89 == 22)> <Delay = 0.00>
ST_31 : Operation 162 [1/1] (0.00ns)   --->   "%store_ln94 = store i16 %a_bn, i16 %mux_case_21148447" [../main_5_slices.cpp:94]   --->   Operation 162 'store' 'store_ln94' <Predicate = (trunc_ln89 == 21)> <Delay = 0.00>
ST_31 : Operation 163 [1/1] (0.00ns)   --->   "%store_ln94 = store i16 %a_bn, i16 %mux_case_20146443" [../main_5_slices.cpp:94]   --->   Operation 163 'store' 'store_ln94' <Predicate = (trunc_ln89 == 20)> <Delay = 0.00>
ST_31 : Operation 164 [1/1] (0.00ns)   --->   "%store_ln94 = store i16 %a_bn, i16 %mux_case_19144439" [../main_5_slices.cpp:94]   --->   Operation 164 'store' 'store_ln94' <Predicate = (trunc_ln89 == 19)> <Delay = 0.00>
ST_31 : Operation 165 [1/1] (0.00ns)   --->   "%store_ln94 = store i16 %a_bn, i16 %mux_case_18142435" [../main_5_slices.cpp:94]   --->   Operation 165 'store' 'store_ln94' <Predicate = (trunc_ln89 == 18)> <Delay = 0.00>
ST_31 : Operation 166 [1/1] (0.00ns)   --->   "%store_ln94 = store i16 %a_bn, i16 %mux_case_17140431" [../main_5_slices.cpp:94]   --->   Operation 166 'store' 'store_ln94' <Predicate = (trunc_ln89 == 17)> <Delay = 0.00>
ST_31 : Operation 167 [1/1] (0.00ns)   --->   "%store_ln94 = store i16 %a_bn, i16 %mux_case_16138427" [../main_5_slices.cpp:94]   --->   Operation 167 'store' 'store_ln94' <Predicate = (trunc_ln89 == 16)> <Delay = 0.00>
ST_31 : Operation 168 [1/1] (0.00ns)   --->   "%store_ln94 = store i16 %a_bn, i16 %mux_case_15136423" [../main_5_slices.cpp:94]   --->   Operation 168 'store' 'store_ln94' <Predicate = (trunc_ln89 == 15)> <Delay = 0.00>
ST_31 : Operation 169 [1/1] (0.00ns)   --->   "%store_ln94 = store i16 %a_bn, i16 %mux_case_14134419" [../main_5_slices.cpp:94]   --->   Operation 169 'store' 'store_ln94' <Predicate = (trunc_ln89 == 14)> <Delay = 0.00>
ST_31 : Operation 170 [1/1] (0.00ns)   --->   "%store_ln94 = store i16 %a_bn, i16 %mux_case_13132415" [../main_5_slices.cpp:94]   --->   Operation 170 'store' 'store_ln94' <Predicate = (trunc_ln89 == 13)> <Delay = 0.00>
ST_31 : Operation 171 [1/1] (0.00ns)   --->   "%store_ln94 = store i16 %a_bn, i16 %mux_case_12130411" [../main_5_slices.cpp:94]   --->   Operation 171 'store' 'store_ln94' <Predicate = (trunc_ln89 == 12)> <Delay = 0.00>
ST_31 : Operation 172 [1/1] (0.00ns)   --->   "%store_ln94 = store i16 %a_bn, i16 %mux_case_11128407" [../main_5_slices.cpp:94]   --->   Operation 172 'store' 'store_ln94' <Predicate = (trunc_ln89 == 11)> <Delay = 0.00>
ST_31 : Operation 173 [1/1] (0.00ns)   --->   "%store_ln94 = store i16 %a_bn, i16 %mux_case_10126403" [../main_5_slices.cpp:94]   --->   Operation 173 'store' 'store_ln94' <Predicate = (trunc_ln89 == 10)> <Delay = 0.00>
ST_31 : Operation 174 [1/1] (0.00ns)   --->   "%store_ln94 = store i16 %a_bn, i16 %mux_case_9124399" [../main_5_slices.cpp:94]   --->   Operation 174 'store' 'store_ln94' <Predicate = (trunc_ln89 == 9)> <Delay = 0.00>
ST_31 : Operation 175 [1/1] (0.00ns)   --->   "%store_ln94 = store i16 %a_bn, i16 %mux_case_8122395" [../main_5_slices.cpp:94]   --->   Operation 175 'store' 'store_ln94' <Predicate = (trunc_ln89 == 8)> <Delay = 0.00>
ST_31 : Operation 176 [1/1] (0.00ns)   --->   "%store_ln94 = store i16 %a_bn, i16 %mux_case_7120391" [../main_5_slices.cpp:94]   --->   Operation 176 'store' 'store_ln94' <Predicate = (trunc_ln89 == 7)> <Delay = 0.00>
ST_31 : Operation 177 [1/1] (0.00ns)   --->   "%store_ln94 = store i16 %a_bn, i16 %mux_case_6118387" [../main_5_slices.cpp:94]   --->   Operation 177 'store' 'store_ln94' <Predicate = (trunc_ln89 == 6)> <Delay = 0.00>
ST_31 : Operation 178 [1/1] (0.00ns)   --->   "%store_ln94 = store i16 %a_bn, i16 %mux_case_5116383" [../main_5_slices.cpp:94]   --->   Operation 178 'store' 'store_ln94' <Predicate = (trunc_ln89 == 5)> <Delay = 0.00>
ST_31 : Operation 179 [1/1] (0.00ns)   --->   "%store_ln94 = store i16 %a_bn, i16 %mux_case_4114379" [../main_5_slices.cpp:94]   --->   Operation 179 'store' 'store_ln94' <Predicate = (trunc_ln89 == 4)> <Delay = 0.00>
ST_31 : Operation 180 [1/1] (0.00ns)   --->   "%store_ln94 = store i16 %a_bn, i16 %mux_case_3112375" [../main_5_slices.cpp:94]   --->   Operation 180 'store' 'store_ln94' <Predicate = (trunc_ln89 == 3)> <Delay = 0.00>
ST_31 : Operation 181 [1/1] (0.00ns)   --->   "%store_ln94 = store i16 %a_bn, i16 %mux_case_2110371" [../main_5_slices.cpp:94]   --->   Operation 181 'store' 'store_ln94' <Predicate = (trunc_ln89 == 2)> <Delay = 0.00>
ST_31 : Operation 182 [1/1] (0.00ns)   --->   "%store_ln94 = store i16 %a_bn, i16 %mux_case_1108367" [../main_5_slices.cpp:94]   --->   Operation 182 'store' 'store_ln94' <Predicate = (trunc_ln89 == 1)> <Delay = 0.00>
ST_31 : Operation 183 [1/1] (0.00ns)   --->   "%store_ln94 = store i16 %a_bn, i16 %mux_case_0106363" [../main_5_slices.cpp:94]   --->   Operation 183 'store' 'store_ln94' <Predicate = (trunc_ln89 == 0)> <Delay = 0.00>
ST_31 : Operation 184 [1/1] (0.00ns)   --->   "%store_ln94 = store i16 %a_bn, i16 %mux_case_31168487" [../main_5_slices.cpp:94]   --->   Operation 184 'store' 'store_ln94' <Predicate = (trunc_ln89 == 31)> <Delay = 0.00>

State 32 <SV = 31> <Delay = 7.59>
ST_32 : Operation 185 [1/3] (7.59ns)   --->   "%mul = fmul i32 %conv9, i32 %a_f" [../main_5_slices.cpp:93]   --->   Operation 185 'fmul' 'mul' <Predicate = true> <Delay = 7.59> <CoreInst = "FMul_maxdsp">   --->   Core 30 'FMul_maxdsp' <Latency = 2> <II = 1> <Delay = 7.59> <FuncUnit> <Opcode : 'fmul'> <InPorts = 2> <OutPorts = 1>

State 33 <SV = 32> <Delay = 7.28>
ST_33 : Operation 186 [4/4] (7.28ns)   --->   "%b_f = fsub i32 %conv9, i32 %mul" [../main_5_slices.cpp:93]   --->   Operation 186 'fsub' 'b_f' <Predicate = true> <Delay = 7.28> <CoreInst = "FAddSub_fulldsp">   --->   Core 18 'FAddSub_fulldsp' <Latency = 3> <II = 1> <Delay = 7.28> <FuncUnit> <Opcode : 'fadd' 'fsub'> <InPorts = 2> <OutPorts = 1>

State 34 <SV = 33> <Delay = 7.28>
ST_34 : Operation 187 [3/4] (7.28ns)   --->   "%b_f = fsub i32 %conv9, i32 %mul" [../main_5_slices.cpp:93]   --->   Operation 187 'fsub' 'b_f' <Predicate = true> <Delay = 7.28> <CoreInst = "FAddSub_fulldsp">   --->   Core 18 'FAddSub_fulldsp' <Latency = 3> <II = 1> <Delay = 7.28> <FuncUnit> <Opcode : 'fadd' 'fsub'> <InPorts = 2> <OutPorts = 1>

State 35 <SV = 34> <Delay = 7.28>
ST_35 : Operation 188 [2/4] (7.28ns)   --->   "%b_f = fsub i32 %conv9, i32 %mul" [../main_5_slices.cpp:93]   --->   Operation 188 'fsub' 'b_f' <Predicate = true> <Delay = 7.28> <CoreInst = "FAddSub_fulldsp">   --->   Core 18 'FAddSub_fulldsp' <Latency = 3> <II = 1> <Delay = 7.28> <FuncUnit> <Opcode : 'fadd' 'fsub'> <InPorts = 2> <OutPorts = 1>

State 36 <SV = 35> <Delay = 7.28>
ST_36 : Operation 189 [1/4] (7.28ns)   --->   "%b_f = fsub i32 %conv9, i32 %mul" [../main_5_slices.cpp:93]   --->   Operation 189 'fsub' 'b_f' <Predicate = true> <Delay = 7.28> <CoreInst = "FAddSub_fulldsp">   --->   Core 18 'FAddSub_fulldsp' <Latency = 3> <II = 1> <Delay = 7.28> <FuncUnit> <Opcode : 'fadd' 'fsub'> <InPorts = 2> <OutPorts = 1>

State 37 <SV = 36> <Delay = 3.92>
ST_37 : Operation 190 [2/2] (3.92ns)   --->   "%b_bn = sptohp i32 %b_f" [../main_5_slices.cpp:95]   --->   Operation 190 'sptohp' 'b_bn' <Predicate = true> <Delay = 3.92> <CoreInst = "Float2Half">   --->   Core 69 'Float2Half' <Latency = 1> <II = 1> <Delay = 3.92> <FuncUnit> <Opcode : 'sptohp'> <InPorts = 1> <OutPorts = 1>
ST_37 : Operation 259 [1/1] (0.00ns)   --->   "%mux_case_0106363_load = load i16 %mux_case_0106363"   --->   Operation 259 'load' 'mux_case_0106363_load' <Predicate = (icmp_ln89)> <Delay = 0.00>
ST_37 : Operation 260 [1/1] (0.00ns)   --->   "%mux_case_1108367_load = load i16 %mux_case_1108367"   --->   Operation 260 'load' 'mux_case_1108367_load' <Predicate = (icmp_ln89)> <Delay = 0.00>
ST_37 : Operation 261 [1/1] (0.00ns)   --->   "%mux_case_2110371_load = load i16 %mux_case_2110371"   --->   Operation 261 'load' 'mux_case_2110371_load' <Predicate = (icmp_ln89)> <Delay = 0.00>
ST_37 : Operation 262 [1/1] (0.00ns)   --->   "%mux_case_3112375_load = load i16 %mux_case_3112375"   --->   Operation 262 'load' 'mux_case_3112375_load' <Predicate = (icmp_ln89)> <Delay = 0.00>
ST_37 : Operation 263 [1/1] (0.00ns)   --->   "%mux_case_4114379_load = load i16 %mux_case_4114379"   --->   Operation 263 'load' 'mux_case_4114379_load' <Predicate = (icmp_ln89)> <Delay = 0.00>
ST_37 : Operation 264 [1/1] (0.00ns)   --->   "%mux_case_5116383_load = load i16 %mux_case_5116383"   --->   Operation 264 'load' 'mux_case_5116383_load' <Predicate = (icmp_ln89)> <Delay = 0.00>
ST_37 : Operation 265 [1/1] (0.00ns)   --->   "%mux_case_6118387_load = load i16 %mux_case_6118387"   --->   Operation 265 'load' 'mux_case_6118387_load' <Predicate = (icmp_ln89)> <Delay = 0.00>
ST_37 : Operation 266 [1/1] (0.00ns)   --->   "%mux_case_7120391_load = load i16 %mux_case_7120391"   --->   Operation 266 'load' 'mux_case_7120391_load' <Predicate = (icmp_ln89)> <Delay = 0.00>
ST_37 : Operation 267 [1/1] (0.00ns)   --->   "%mux_case_8122395_load = load i16 %mux_case_8122395"   --->   Operation 267 'load' 'mux_case_8122395_load' <Predicate = (icmp_ln89)> <Delay = 0.00>
ST_37 : Operation 268 [1/1] (0.00ns)   --->   "%mux_case_9124399_load = load i16 %mux_case_9124399"   --->   Operation 268 'load' 'mux_case_9124399_load' <Predicate = (icmp_ln89)> <Delay = 0.00>
ST_37 : Operation 269 [1/1] (0.00ns)   --->   "%mux_case_10126403_load = load i16 %mux_case_10126403"   --->   Operation 269 'load' 'mux_case_10126403_load' <Predicate = (icmp_ln89)> <Delay = 0.00>
ST_37 : Operation 270 [1/1] (0.00ns)   --->   "%mux_case_11128407_load = load i16 %mux_case_11128407"   --->   Operation 270 'load' 'mux_case_11128407_load' <Predicate = (icmp_ln89)> <Delay = 0.00>
ST_37 : Operation 271 [1/1] (0.00ns)   --->   "%mux_case_12130411_load = load i16 %mux_case_12130411"   --->   Operation 271 'load' 'mux_case_12130411_load' <Predicate = (icmp_ln89)> <Delay = 0.00>
ST_37 : Operation 272 [1/1] (0.00ns)   --->   "%mux_case_13132415_load = load i16 %mux_case_13132415"   --->   Operation 272 'load' 'mux_case_13132415_load' <Predicate = (icmp_ln89)> <Delay = 0.00>
ST_37 : Operation 273 [1/1] (0.00ns)   --->   "%mux_case_14134419_load = load i16 %mux_case_14134419"   --->   Operation 273 'load' 'mux_case_14134419_load' <Predicate = (icmp_ln89)> <Delay = 0.00>
ST_37 : Operation 274 [1/1] (0.00ns)   --->   "%mux_case_15136423_load = load i16 %mux_case_15136423"   --->   Operation 274 'load' 'mux_case_15136423_load' <Predicate = (icmp_ln89)> <Delay = 0.00>
ST_37 : Operation 275 [1/1] (0.00ns)   --->   "%mux_case_16138427_load = load i16 %mux_case_16138427"   --->   Operation 275 'load' 'mux_case_16138427_load' <Predicate = (icmp_ln89)> <Delay = 0.00>
ST_37 : Operation 276 [1/1] (0.00ns)   --->   "%mux_case_17140431_load = load i16 %mux_case_17140431"   --->   Operation 276 'load' 'mux_case_17140431_load' <Predicate = (icmp_ln89)> <Delay = 0.00>
ST_37 : Operation 277 [1/1] (0.00ns)   --->   "%mux_case_18142435_load = load i16 %mux_case_18142435"   --->   Operation 277 'load' 'mux_case_18142435_load' <Predicate = (icmp_ln89)> <Delay = 0.00>
ST_37 : Operation 278 [1/1] (0.00ns)   --->   "%mux_case_19144439_load = load i16 %mux_case_19144439"   --->   Operation 278 'load' 'mux_case_19144439_load' <Predicate = (icmp_ln89)> <Delay = 0.00>
ST_37 : Operation 279 [1/1] (0.00ns)   --->   "%mux_case_20146443_load = load i16 %mux_case_20146443"   --->   Operation 279 'load' 'mux_case_20146443_load' <Predicate = (icmp_ln89)> <Delay = 0.00>
ST_37 : Operation 280 [1/1] (0.00ns)   --->   "%mux_case_21148447_load = load i16 %mux_case_21148447"   --->   Operation 280 'load' 'mux_case_21148447_load' <Predicate = (icmp_ln89)> <Delay = 0.00>
ST_37 : Operation 281 [1/1] (0.00ns)   --->   "%mux_case_22150451_load = load i16 %mux_case_22150451"   --->   Operation 281 'load' 'mux_case_22150451_load' <Predicate = (icmp_ln89)> <Delay = 0.00>
ST_37 : Operation 282 [1/1] (0.00ns)   --->   "%mux_case_23152455_load = load i16 %mux_case_23152455"   --->   Operation 282 'load' 'mux_case_23152455_load' <Predicate = (icmp_ln89)> <Delay = 0.00>
ST_37 : Operation 283 [1/1] (0.00ns)   --->   "%mux_case_24154459_load = load i16 %mux_case_24154459"   --->   Operation 283 'load' 'mux_case_24154459_load' <Predicate = (icmp_ln89)> <Delay = 0.00>
ST_37 : Operation 284 [1/1] (0.00ns)   --->   "%mux_case_25156463_load = load i16 %mux_case_25156463"   --->   Operation 284 'load' 'mux_case_25156463_load' <Predicate = (icmp_ln89)> <Delay = 0.00>
ST_37 : Operation 285 [1/1] (0.00ns)   --->   "%mux_case_26158467_load = load i16 %mux_case_26158467"   --->   Operation 285 'load' 'mux_case_26158467_load' <Predicate = (icmp_ln89)> <Delay = 0.00>
ST_37 : Operation 286 [1/1] (0.00ns)   --->   "%mux_case_27160471_load = load i16 %mux_case_27160471"   --->   Operation 286 'load' 'mux_case_27160471_load' <Predicate = (icmp_ln89)> <Delay = 0.00>
ST_37 : Operation 287 [1/1] (0.00ns)   --->   "%mux_case_28162475_load = load i16 %mux_case_28162475"   --->   Operation 287 'load' 'mux_case_28162475_load' <Predicate = (icmp_ln89)> <Delay = 0.00>
ST_37 : Operation 288 [1/1] (0.00ns)   --->   "%mux_case_29164479_load = load i16 %mux_case_29164479"   --->   Operation 288 'load' 'mux_case_29164479_load' <Predicate = (icmp_ln89)> <Delay = 0.00>
ST_37 : Operation 289 [1/1] (0.00ns)   --->   "%mux_case_30166483_load = load i16 %mux_case_30166483"   --->   Operation 289 'load' 'mux_case_30166483_load' <Predicate = (icmp_ln89)> <Delay = 0.00>
ST_37 : Operation 290 [1/1] (0.00ns)   --->   "%mux_case_31168487_load = load i16 %mux_case_31168487"   --->   Operation 290 'load' 'mux_case_31168487_load' <Predicate = (icmp_ln89)> <Delay = 0.00>
ST_37 : Operation 291 [1/1] (0.00ns)   --->   "%mux_case_0170491_load = load i16 %mux_case_0170491"   --->   Operation 291 'load' 'mux_case_0170491_load' <Predicate = (icmp_ln89)> <Delay = 0.00>
ST_37 : Operation 292 [1/1] (0.00ns)   --->   "%mux_case_1172495_load = load i16 %mux_case_1172495"   --->   Operation 292 'load' 'mux_case_1172495_load' <Predicate = (icmp_ln89)> <Delay = 0.00>
ST_37 : Operation 293 [1/1] (0.00ns)   --->   "%mux_case_2174499_load = load i16 %mux_case_2174499"   --->   Operation 293 'load' 'mux_case_2174499_load' <Predicate = (icmp_ln89)> <Delay = 0.00>
ST_37 : Operation 294 [1/1] (0.00ns)   --->   "%mux_case_3176503_load = load i16 %mux_case_3176503"   --->   Operation 294 'load' 'mux_case_3176503_load' <Predicate = (icmp_ln89)> <Delay = 0.00>
ST_37 : Operation 295 [1/1] (0.00ns)   --->   "%mux_case_4178507_load = load i16 %mux_case_4178507"   --->   Operation 295 'load' 'mux_case_4178507_load' <Predicate = (icmp_ln89)> <Delay = 0.00>
ST_37 : Operation 296 [1/1] (0.00ns)   --->   "%mux_case_5180511_load = load i16 %mux_case_5180511"   --->   Operation 296 'load' 'mux_case_5180511_load' <Predicate = (icmp_ln89)> <Delay = 0.00>
ST_37 : Operation 297 [1/1] (0.00ns)   --->   "%mux_case_6182515_load = load i16 %mux_case_6182515"   --->   Operation 297 'load' 'mux_case_6182515_load' <Predicate = (icmp_ln89)> <Delay = 0.00>
ST_37 : Operation 298 [1/1] (0.00ns)   --->   "%mux_case_7184519_load = load i16 %mux_case_7184519"   --->   Operation 298 'load' 'mux_case_7184519_load' <Predicate = (icmp_ln89)> <Delay = 0.00>
ST_37 : Operation 299 [1/1] (0.00ns)   --->   "%mux_case_8186523_load = load i16 %mux_case_8186523"   --->   Operation 299 'load' 'mux_case_8186523_load' <Predicate = (icmp_ln89)> <Delay = 0.00>
ST_37 : Operation 300 [1/1] (0.00ns)   --->   "%mux_case_9188527_load = load i16 %mux_case_9188527"   --->   Operation 300 'load' 'mux_case_9188527_load' <Predicate = (icmp_ln89)> <Delay = 0.00>
ST_37 : Operation 301 [1/1] (0.00ns)   --->   "%mux_case_10190531_load = load i16 %mux_case_10190531"   --->   Operation 301 'load' 'mux_case_10190531_load' <Predicate = (icmp_ln89)> <Delay = 0.00>
ST_37 : Operation 302 [1/1] (0.00ns)   --->   "%mux_case_11192535_load = load i16 %mux_case_11192535"   --->   Operation 302 'load' 'mux_case_11192535_load' <Predicate = (icmp_ln89)> <Delay = 0.00>
ST_37 : Operation 303 [1/1] (0.00ns)   --->   "%mux_case_12194539_load = load i16 %mux_case_12194539"   --->   Operation 303 'load' 'mux_case_12194539_load' <Predicate = (icmp_ln89)> <Delay = 0.00>
ST_37 : Operation 304 [1/1] (0.00ns)   --->   "%mux_case_13196543_load = load i16 %mux_case_13196543"   --->   Operation 304 'load' 'mux_case_13196543_load' <Predicate = (icmp_ln89)> <Delay = 0.00>
ST_37 : Operation 305 [1/1] (0.00ns)   --->   "%mux_case_14198547_load = load i16 %mux_case_14198547"   --->   Operation 305 'load' 'mux_case_14198547_load' <Predicate = (icmp_ln89)> <Delay = 0.00>
ST_37 : Operation 306 [1/1] (0.00ns)   --->   "%mux_case_15200551_load = load i16 %mux_case_15200551"   --->   Operation 306 'load' 'mux_case_15200551_load' <Predicate = (icmp_ln89)> <Delay = 0.00>
ST_37 : Operation 307 [1/1] (0.00ns)   --->   "%mux_case_16202555_load = load i16 %mux_case_16202555"   --->   Operation 307 'load' 'mux_case_16202555_load' <Predicate = (icmp_ln89)> <Delay = 0.00>
ST_37 : Operation 308 [1/1] (0.00ns)   --->   "%mux_case_17204559_load = load i16 %mux_case_17204559"   --->   Operation 308 'load' 'mux_case_17204559_load' <Predicate = (icmp_ln89)> <Delay = 0.00>
ST_37 : Operation 309 [1/1] (0.00ns)   --->   "%mux_case_18206563_load = load i16 %mux_case_18206563"   --->   Operation 309 'load' 'mux_case_18206563_load' <Predicate = (icmp_ln89)> <Delay = 0.00>
ST_37 : Operation 310 [1/1] (0.00ns)   --->   "%mux_case_19208567_load = load i16 %mux_case_19208567"   --->   Operation 310 'load' 'mux_case_19208567_load' <Predicate = (icmp_ln89)> <Delay = 0.00>
ST_37 : Operation 311 [1/1] (0.00ns)   --->   "%mux_case_20210571_load = load i16 %mux_case_20210571"   --->   Operation 311 'load' 'mux_case_20210571_load' <Predicate = (icmp_ln89)> <Delay = 0.00>
ST_37 : Operation 312 [1/1] (0.00ns)   --->   "%mux_case_21212575_load = load i16 %mux_case_21212575"   --->   Operation 312 'load' 'mux_case_21212575_load' <Predicate = (icmp_ln89)> <Delay = 0.00>
ST_37 : Operation 313 [1/1] (0.00ns)   --->   "%mux_case_22214579_load = load i16 %mux_case_22214579"   --->   Operation 313 'load' 'mux_case_22214579_load' <Predicate = (icmp_ln89)> <Delay = 0.00>
ST_37 : Operation 314 [1/1] (0.00ns)   --->   "%mux_case_23216583_load = load i16 %mux_case_23216583"   --->   Operation 314 'load' 'mux_case_23216583_load' <Predicate = (icmp_ln89)> <Delay = 0.00>
ST_37 : Operation 315 [1/1] (0.00ns)   --->   "%mux_case_24218587_load = load i16 %mux_case_24218587"   --->   Operation 315 'load' 'mux_case_24218587_load' <Predicate = (icmp_ln89)> <Delay = 0.00>
ST_37 : Operation 316 [1/1] (0.00ns)   --->   "%mux_case_25220591_load = load i16 %mux_case_25220591"   --->   Operation 316 'load' 'mux_case_25220591_load' <Predicate = (icmp_ln89)> <Delay = 0.00>
ST_37 : Operation 317 [1/1] (0.00ns)   --->   "%mux_case_26222595_load = load i16 %mux_case_26222595"   --->   Operation 317 'load' 'mux_case_26222595_load' <Predicate = (icmp_ln89)> <Delay = 0.00>
ST_37 : Operation 318 [1/1] (0.00ns)   --->   "%mux_case_27224599_load = load i16 %mux_case_27224599"   --->   Operation 318 'load' 'mux_case_27224599_load' <Predicate = (icmp_ln89)> <Delay = 0.00>
ST_37 : Operation 319 [1/1] (0.00ns)   --->   "%mux_case_28226603_load = load i16 %mux_case_28226603"   --->   Operation 319 'load' 'mux_case_28226603_load' <Predicate = (icmp_ln89)> <Delay = 0.00>
ST_37 : Operation 320 [1/1] (0.00ns)   --->   "%mux_case_29228607_load = load i16 %mux_case_29228607"   --->   Operation 320 'load' 'mux_case_29228607_load' <Predicate = (icmp_ln89)> <Delay = 0.00>
ST_37 : Operation 321 [1/1] (0.00ns)   --->   "%mux_case_30230611_load = load i16 %mux_case_30230611"   --->   Operation 321 'load' 'mux_case_30230611_load' <Predicate = (icmp_ln89)> <Delay = 0.00>
ST_37 : Operation 322 [1/1] (0.00ns)   --->   "%mux_case_31232615_load = load i16 %mux_case_31232615"   --->   Operation 322 'load' 'mux_case_31232615_load' <Predicate = (icmp_ln89)> <Delay = 0.00>
ST_37 : Operation 323 [1/1] (0.00ns)   --->   "%write_ln0 = write void @_ssdm_op_Write.ap_auto.halfP0A, i16 %mux_case_31232615_out, i16 %mux_case_31232615_load"   --->   Operation 323 'write' 'write_ln0' <Predicate = (icmp_ln89)> <Delay = 0.00>
ST_37 : Operation 324 [1/1] (0.00ns)   --->   "%write_ln0 = write void @_ssdm_op_Write.ap_auto.halfP0A, i16 %mux_case_30230611_out, i16 %mux_case_30230611_load"   --->   Operation 324 'write' 'write_ln0' <Predicate = (icmp_ln89)> <Delay = 0.00>
ST_37 : Operation 325 [1/1] (0.00ns)   --->   "%write_ln0 = write void @_ssdm_op_Write.ap_auto.halfP0A, i16 %mux_case_29228607_out, i16 %mux_case_29228607_load"   --->   Operation 325 'write' 'write_ln0' <Predicate = (icmp_ln89)> <Delay = 0.00>
ST_37 : Operation 326 [1/1] (0.00ns)   --->   "%write_ln0 = write void @_ssdm_op_Write.ap_auto.halfP0A, i16 %mux_case_28226603_out, i16 %mux_case_28226603_load"   --->   Operation 326 'write' 'write_ln0' <Predicate = (icmp_ln89)> <Delay = 0.00>
ST_37 : Operation 327 [1/1] (0.00ns)   --->   "%write_ln0 = write void @_ssdm_op_Write.ap_auto.halfP0A, i16 %mux_case_27224599_out, i16 %mux_case_27224599_load"   --->   Operation 327 'write' 'write_ln0' <Predicate = (icmp_ln89)> <Delay = 0.00>
ST_37 : Operation 328 [1/1] (0.00ns)   --->   "%write_ln0 = write void @_ssdm_op_Write.ap_auto.halfP0A, i16 %mux_case_26222595_out, i16 %mux_case_26222595_load"   --->   Operation 328 'write' 'write_ln0' <Predicate = (icmp_ln89)> <Delay = 0.00>
ST_37 : Operation 329 [1/1] (0.00ns)   --->   "%write_ln0 = write void @_ssdm_op_Write.ap_auto.halfP0A, i16 %mux_case_25220591_out, i16 %mux_case_25220591_load"   --->   Operation 329 'write' 'write_ln0' <Predicate = (icmp_ln89)> <Delay = 0.00>
ST_37 : Operation 330 [1/1] (0.00ns)   --->   "%write_ln0 = write void @_ssdm_op_Write.ap_auto.halfP0A, i16 %mux_case_24218587_out, i16 %mux_case_24218587_load"   --->   Operation 330 'write' 'write_ln0' <Predicate = (icmp_ln89)> <Delay = 0.00>
ST_37 : Operation 331 [1/1] (0.00ns)   --->   "%write_ln0 = write void @_ssdm_op_Write.ap_auto.halfP0A, i16 %mux_case_23216583_out, i16 %mux_case_23216583_load"   --->   Operation 331 'write' 'write_ln0' <Predicate = (icmp_ln89)> <Delay = 0.00>
ST_37 : Operation 332 [1/1] (0.00ns)   --->   "%write_ln0 = write void @_ssdm_op_Write.ap_auto.halfP0A, i16 %mux_case_22214579_out, i16 %mux_case_22214579_load"   --->   Operation 332 'write' 'write_ln0' <Predicate = (icmp_ln89)> <Delay = 0.00>
ST_37 : Operation 333 [1/1] (0.00ns)   --->   "%write_ln0 = write void @_ssdm_op_Write.ap_auto.halfP0A, i16 %mux_case_21212575_out, i16 %mux_case_21212575_load"   --->   Operation 333 'write' 'write_ln0' <Predicate = (icmp_ln89)> <Delay = 0.00>
ST_37 : Operation 334 [1/1] (0.00ns)   --->   "%write_ln0 = write void @_ssdm_op_Write.ap_auto.halfP0A, i16 %mux_case_20210571_out, i16 %mux_case_20210571_load"   --->   Operation 334 'write' 'write_ln0' <Predicate = (icmp_ln89)> <Delay = 0.00>
ST_37 : Operation 335 [1/1] (0.00ns)   --->   "%write_ln0 = write void @_ssdm_op_Write.ap_auto.halfP0A, i16 %mux_case_19208567_out, i16 %mux_case_19208567_load"   --->   Operation 335 'write' 'write_ln0' <Predicate = (icmp_ln89)> <Delay = 0.00>
ST_37 : Operation 336 [1/1] (0.00ns)   --->   "%write_ln0 = write void @_ssdm_op_Write.ap_auto.halfP0A, i16 %mux_case_18206563_out, i16 %mux_case_18206563_load"   --->   Operation 336 'write' 'write_ln0' <Predicate = (icmp_ln89)> <Delay = 0.00>
ST_37 : Operation 337 [1/1] (0.00ns)   --->   "%write_ln0 = write void @_ssdm_op_Write.ap_auto.halfP0A, i16 %mux_case_17204559_out, i16 %mux_case_17204559_load"   --->   Operation 337 'write' 'write_ln0' <Predicate = (icmp_ln89)> <Delay = 0.00>
ST_37 : Operation 338 [1/1] (0.00ns)   --->   "%write_ln0 = write void @_ssdm_op_Write.ap_auto.halfP0A, i16 %mux_case_16202555_out, i16 %mux_case_16202555_load"   --->   Operation 338 'write' 'write_ln0' <Predicate = (icmp_ln89)> <Delay = 0.00>
ST_37 : Operation 339 [1/1] (0.00ns)   --->   "%write_ln0 = write void @_ssdm_op_Write.ap_auto.halfP0A, i16 %mux_case_15200551_out, i16 %mux_case_15200551_load"   --->   Operation 339 'write' 'write_ln0' <Predicate = (icmp_ln89)> <Delay = 0.00>
ST_37 : Operation 340 [1/1] (0.00ns)   --->   "%write_ln0 = write void @_ssdm_op_Write.ap_auto.halfP0A, i16 %mux_case_14198547_out, i16 %mux_case_14198547_load"   --->   Operation 340 'write' 'write_ln0' <Predicate = (icmp_ln89)> <Delay = 0.00>
ST_37 : Operation 341 [1/1] (0.00ns)   --->   "%write_ln0 = write void @_ssdm_op_Write.ap_auto.halfP0A, i16 %mux_case_13196543_out, i16 %mux_case_13196543_load"   --->   Operation 341 'write' 'write_ln0' <Predicate = (icmp_ln89)> <Delay = 0.00>
ST_37 : Operation 342 [1/1] (0.00ns)   --->   "%write_ln0 = write void @_ssdm_op_Write.ap_auto.halfP0A, i16 %mux_case_12194539_out, i16 %mux_case_12194539_load"   --->   Operation 342 'write' 'write_ln0' <Predicate = (icmp_ln89)> <Delay = 0.00>
ST_37 : Operation 343 [1/1] (0.00ns)   --->   "%write_ln0 = write void @_ssdm_op_Write.ap_auto.halfP0A, i16 %mux_case_11192535_out, i16 %mux_case_11192535_load"   --->   Operation 343 'write' 'write_ln0' <Predicate = (icmp_ln89)> <Delay = 0.00>
ST_37 : Operation 344 [1/1] (0.00ns)   --->   "%write_ln0 = write void @_ssdm_op_Write.ap_auto.halfP0A, i16 %mux_case_10190531_out, i16 %mux_case_10190531_load"   --->   Operation 344 'write' 'write_ln0' <Predicate = (icmp_ln89)> <Delay = 0.00>
ST_37 : Operation 345 [1/1] (0.00ns)   --->   "%write_ln0 = write void @_ssdm_op_Write.ap_auto.halfP0A, i16 %mux_case_9188527_out, i16 %mux_case_9188527_load"   --->   Operation 345 'write' 'write_ln0' <Predicate = (icmp_ln89)> <Delay = 0.00>
ST_37 : Operation 346 [1/1] (0.00ns)   --->   "%write_ln0 = write void @_ssdm_op_Write.ap_auto.halfP0A, i16 %mux_case_8186523_out, i16 %mux_case_8186523_load"   --->   Operation 346 'write' 'write_ln0' <Predicate = (icmp_ln89)> <Delay = 0.00>
ST_37 : Operation 347 [1/1] (0.00ns)   --->   "%write_ln0 = write void @_ssdm_op_Write.ap_auto.halfP0A, i16 %mux_case_7184519_out, i16 %mux_case_7184519_load"   --->   Operation 347 'write' 'write_ln0' <Predicate = (icmp_ln89)> <Delay = 0.00>
ST_37 : Operation 348 [1/1] (0.00ns)   --->   "%write_ln0 = write void @_ssdm_op_Write.ap_auto.halfP0A, i16 %mux_case_6182515_out, i16 %mux_case_6182515_load"   --->   Operation 348 'write' 'write_ln0' <Predicate = (icmp_ln89)> <Delay = 0.00>
ST_37 : Operation 349 [1/1] (0.00ns)   --->   "%write_ln0 = write void @_ssdm_op_Write.ap_auto.halfP0A, i16 %mux_case_5180511_out, i16 %mux_case_5180511_load"   --->   Operation 349 'write' 'write_ln0' <Predicate = (icmp_ln89)> <Delay = 0.00>
ST_37 : Operation 350 [1/1] (0.00ns)   --->   "%write_ln0 = write void @_ssdm_op_Write.ap_auto.halfP0A, i16 %mux_case_4178507_out, i16 %mux_case_4178507_load"   --->   Operation 350 'write' 'write_ln0' <Predicate = (icmp_ln89)> <Delay = 0.00>
ST_37 : Operation 351 [1/1] (0.00ns)   --->   "%write_ln0 = write void @_ssdm_op_Write.ap_auto.halfP0A, i16 %mux_case_3176503_out, i16 %mux_case_3176503_load"   --->   Operation 351 'write' 'write_ln0' <Predicate = (icmp_ln89)> <Delay = 0.00>
ST_37 : Operation 352 [1/1] (0.00ns)   --->   "%write_ln0 = write void @_ssdm_op_Write.ap_auto.halfP0A, i16 %mux_case_2174499_out, i16 %mux_case_2174499_load"   --->   Operation 352 'write' 'write_ln0' <Predicate = (icmp_ln89)> <Delay = 0.00>
ST_37 : Operation 353 [1/1] (0.00ns)   --->   "%write_ln0 = write void @_ssdm_op_Write.ap_auto.halfP0A, i16 %mux_case_1172495_out, i16 %mux_case_1172495_load"   --->   Operation 353 'write' 'write_ln0' <Predicate = (icmp_ln89)> <Delay = 0.00>
ST_37 : Operation 354 [1/1] (0.00ns)   --->   "%write_ln0 = write void @_ssdm_op_Write.ap_auto.halfP0A, i16 %mux_case_0170491_out, i16 %mux_case_0170491_load"   --->   Operation 354 'write' 'write_ln0' <Predicate = (icmp_ln89)> <Delay = 0.00>
ST_37 : Operation 355 [1/1] (0.00ns)   --->   "%write_ln0 = write void @_ssdm_op_Write.ap_auto.halfP0A, i16 %mux_case_31168487_out, i16 %mux_case_31168487_load"   --->   Operation 355 'write' 'write_ln0' <Predicate = (icmp_ln89)> <Delay = 0.00>
ST_37 : Operation 356 [1/1] (0.00ns)   --->   "%write_ln0 = write void @_ssdm_op_Write.ap_auto.halfP0A, i16 %mux_case_30166483_out, i16 %mux_case_30166483_load"   --->   Operation 356 'write' 'write_ln0' <Predicate = (icmp_ln89)> <Delay = 0.00>
ST_37 : Operation 357 [1/1] (0.00ns)   --->   "%write_ln0 = write void @_ssdm_op_Write.ap_auto.halfP0A, i16 %mux_case_29164479_out, i16 %mux_case_29164479_load"   --->   Operation 357 'write' 'write_ln0' <Predicate = (icmp_ln89)> <Delay = 0.00>
ST_37 : Operation 358 [1/1] (0.00ns)   --->   "%write_ln0 = write void @_ssdm_op_Write.ap_auto.halfP0A, i16 %mux_case_28162475_out, i16 %mux_case_28162475_load"   --->   Operation 358 'write' 'write_ln0' <Predicate = (icmp_ln89)> <Delay = 0.00>
ST_37 : Operation 359 [1/1] (0.00ns)   --->   "%write_ln0 = write void @_ssdm_op_Write.ap_auto.halfP0A, i16 %mux_case_27160471_out, i16 %mux_case_27160471_load"   --->   Operation 359 'write' 'write_ln0' <Predicate = (icmp_ln89)> <Delay = 0.00>
ST_37 : Operation 360 [1/1] (0.00ns)   --->   "%write_ln0 = write void @_ssdm_op_Write.ap_auto.halfP0A, i16 %mux_case_26158467_out, i16 %mux_case_26158467_load"   --->   Operation 360 'write' 'write_ln0' <Predicate = (icmp_ln89)> <Delay = 0.00>
ST_37 : Operation 361 [1/1] (0.00ns)   --->   "%write_ln0 = write void @_ssdm_op_Write.ap_auto.halfP0A, i16 %mux_case_25156463_out, i16 %mux_case_25156463_load"   --->   Operation 361 'write' 'write_ln0' <Predicate = (icmp_ln89)> <Delay = 0.00>
ST_37 : Operation 362 [1/1] (0.00ns)   --->   "%write_ln0 = write void @_ssdm_op_Write.ap_auto.halfP0A, i16 %mux_case_24154459_out, i16 %mux_case_24154459_load"   --->   Operation 362 'write' 'write_ln0' <Predicate = (icmp_ln89)> <Delay = 0.00>
ST_37 : Operation 363 [1/1] (0.00ns)   --->   "%write_ln0 = write void @_ssdm_op_Write.ap_auto.halfP0A, i16 %mux_case_23152455_out, i16 %mux_case_23152455_load"   --->   Operation 363 'write' 'write_ln0' <Predicate = (icmp_ln89)> <Delay = 0.00>
ST_37 : Operation 364 [1/1] (0.00ns)   --->   "%write_ln0 = write void @_ssdm_op_Write.ap_auto.halfP0A, i16 %mux_case_22150451_out, i16 %mux_case_22150451_load"   --->   Operation 364 'write' 'write_ln0' <Predicate = (icmp_ln89)> <Delay = 0.00>
ST_37 : Operation 365 [1/1] (0.00ns)   --->   "%write_ln0 = write void @_ssdm_op_Write.ap_auto.halfP0A, i16 %mux_case_21148447_out, i16 %mux_case_21148447_load"   --->   Operation 365 'write' 'write_ln0' <Predicate = (icmp_ln89)> <Delay = 0.00>
ST_37 : Operation 366 [1/1] (0.00ns)   --->   "%write_ln0 = write void @_ssdm_op_Write.ap_auto.halfP0A, i16 %mux_case_20146443_out, i16 %mux_case_20146443_load"   --->   Operation 366 'write' 'write_ln0' <Predicate = (icmp_ln89)> <Delay = 0.00>
ST_37 : Operation 367 [1/1] (0.00ns)   --->   "%write_ln0 = write void @_ssdm_op_Write.ap_auto.halfP0A, i16 %mux_case_19144439_out, i16 %mux_case_19144439_load"   --->   Operation 367 'write' 'write_ln0' <Predicate = (icmp_ln89)> <Delay = 0.00>
ST_37 : Operation 368 [1/1] (0.00ns)   --->   "%write_ln0 = write void @_ssdm_op_Write.ap_auto.halfP0A, i16 %mux_case_18142435_out, i16 %mux_case_18142435_load"   --->   Operation 368 'write' 'write_ln0' <Predicate = (icmp_ln89)> <Delay = 0.00>
ST_37 : Operation 369 [1/1] (0.00ns)   --->   "%write_ln0 = write void @_ssdm_op_Write.ap_auto.halfP0A, i16 %mux_case_17140431_out, i16 %mux_case_17140431_load"   --->   Operation 369 'write' 'write_ln0' <Predicate = (icmp_ln89)> <Delay = 0.00>
ST_37 : Operation 370 [1/1] (0.00ns)   --->   "%write_ln0 = write void @_ssdm_op_Write.ap_auto.halfP0A, i16 %mux_case_16138427_out, i16 %mux_case_16138427_load"   --->   Operation 370 'write' 'write_ln0' <Predicate = (icmp_ln89)> <Delay = 0.00>
ST_37 : Operation 371 [1/1] (0.00ns)   --->   "%write_ln0 = write void @_ssdm_op_Write.ap_auto.halfP0A, i16 %mux_case_15136423_out, i16 %mux_case_15136423_load"   --->   Operation 371 'write' 'write_ln0' <Predicate = (icmp_ln89)> <Delay = 0.00>
ST_37 : Operation 372 [1/1] (0.00ns)   --->   "%write_ln0 = write void @_ssdm_op_Write.ap_auto.halfP0A, i16 %mux_case_14134419_out, i16 %mux_case_14134419_load"   --->   Operation 372 'write' 'write_ln0' <Predicate = (icmp_ln89)> <Delay = 0.00>
ST_37 : Operation 373 [1/1] (0.00ns)   --->   "%write_ln0 = write void @_ssdm_op_Write.ap_auto.halfP0A, i16 %mux_case_13132415_out, i16 %mux_case_13132415_load"   --->   Operation 373 'write' 'write_ln0' <Predicate = (icmp_ln89)> <Delay = 0.00>
ST_37 : Operation 374 [1/1] (0.00ns)   --->   "%write_ln0 = write void @_ssdm_op_Write.ap_auto.halfP0A, i16 %mux_case_12130411_out, i16 %mux_case_12130411_load"   --->   Operation 374 'write' 'write_ln0' <Predicate = (icmp_ln89)> <Delay = 0.00>
ST_37 : Operation 375 [1/1] (0.00ns)   --->   "%write_ln0 = write void @_ssdm_op_Write.ap_auto.halfP0A, i16 %mux_case_11128407_out, i16 %mux_case_11128407_load"   --->   Operation 375 'write' 'write_ln0' <Predicate = (icmp_ln89)> <Delay = 0.00>
ST_37 : Operation 376 [1/1] (0.00ns)   --->   "%write_ln0 = write void @_ssdm_op_Write.ap_auto.halfP0A, i16 %mux_case_10126403_out, i16 %mux_case_10126403_load"   --->   Operation 376 'write' 'write_ln0' <Predicate = (icmp_ln89)> <Delay = 0.00>
ST_37 : Operation 377 [1/1] (0.00ns)   --->   "%write_ln0 = write void @_ssdm_op_Write.ap_auto.halfP0A, i16 %mux_case_9124399_out, i16 %mux_case_9124399_load"   --->   Operation 377 'write' 'write_ln0' <Predicate = (icmp_ln89)> <Delay = 0.00>
ST_37 : Operation 378 [1/1] (0.00ns)   --->   "%write_ln0 = write void @_ssdm_op_Write.ap_auto.halfP0A, i16 %mux_case_8122395_out, i16 %mux_case_8122395_load"   --->   Operation 378 'write' 'write_ln0' <Predicate = (icmp_ln89)> <Delay = 0.00>
ST_37 : Operation 379 [1/1] (0.00ns)   --->   "%write_ln0 = write void @_ssdm_op_Write.ap_auto.halfP0A, i16 %mux_case_7120391_out, i16 %mux_case_7120391_load"   --->   Operation 379 'write' 'write_ln0' <Predicate = (icmp_ln89)> <Delay = 0.00>
ST_37 : Operation 380 [1/1] (0.00ns)   --->   "%write_ln0 = write void @_ssdm_op_Write.ap_auto.halfP0A, i16 %mux_case_6118387_out, i16 %mux_case_6118387_load"   --->   Operation 380 'write' 'write_ln0' <Predicate = (icmp_ln89)> <Delay = 0.00>
ST_37 : Operation 381 [1/1] (0.00ns)   --->   "%write_ln0 = write void @_ssdm_op_Write.ap_auto.halfP0A, i16 %mux_case_5116383_out, i16 %mux_case_5116383_load"   --->   Operation 381 'write' 'write_ln0' <Predicate = (icmp_ln89)> <Delay = 0.00>
ST_37 : Operation 382 [1/1] (0.00ns)   --->   "%write_ln0 = write void @_ssdm_op_Write.ap_auto.halfP0A, i16 %mux_case_4114379_out, i16 %mux_case_4114379_load"   --->   Operation 382 'write' 'write_ln0' <Predicate = (icmp_ln89)> <Delay = 0.00>
ST_37 : Operation 383 [1/1] (0.00ns)   --->   "%write_ln0 = write void @_ssdm_op_Write.ap_auto.halfP0A, i16 %mux_case_3112375_out, i16 %mux_case_3112375_load"   --->   Operation 383 'write' 'write_ln0' <Predicate = (icmp_ln89)> <Delay = 0.00>
ST_37 : Operation 384 [1/1] (0.00ns)   --->   "%write_ln0 = write void @_ssdm_op_Write.ap_auto.halfP0A, i16 %mux_case_2110371_out, i16 %mux_case_2110371_load"   --->   Operation 384 'write' 'write_ln0' <Predicate = (icmp_ln89)> <Delay = 0.00>
ST_37 : Operation 385 [1/1] (0.00ns)   --->   "%write_ln0 = write void @_ssdm_op_Write.ap_auto.halfP0A, i16 %mux_case_1108367_out, i16 %mux_case_1108367_load"   --->   Operation 385 'write' 'write_ln0' <Predicate = (icmp_ln89)> <Delay = 0.00>
ST_37 : Operation 386 [1/1] (0.00ns)   --->   "%write_ln0 = write void @_ssdm_op_Write.ap_auto.halfP0A, i16 %mux_case_0106363_out, i16 %mux_case_0106363_load"   --->   Operation 386 'write' 'write_ln0' <Predicate = (icmp_ln89)> <Delay = 0.00>
ST_37 : Operation 387 [1/1] (1.14ns)   --->   "%ret_ln0 = ret"   --->   Operation 387 'ret' 'ret_ln0' <Predicate = (icmp_ln89)> <Delay = 1.14>

State 38 <SV = 37> <Delay = 3.92>
ST_38 : Operation 191 [1/1] (0.00ns)   --->   "%specpipeline_ln90 = specpipeline void @_ssdm_op_SpecPipeline, i32 4294967295, i32 0, i32 0, i32 0, void @empty_18" [../main_5_slices.cpp:90]   --->   Operation 191 'specpipeline' 'specpipeline_ln90' <Predicate = true> <Delay = 0.00>
ST_38 : Operation 192 [1/1] (0.00ns)   --->   "%speclooptripcount_ln89 = speclooptripcount void @_ssdm_op_SpecLoopTripCount, i64 32, i64 32, i64 32" [../main_5_slices.cpp:89]   --->   Operation 192 'speclooptripcount' 'speclooptripcount_ln89' <Predicate = true> <Delay = 0.00>
ST_38 : Operation 193 [1/1] (0.00ns)   --->   "%specloopname_ln89 = specloopname void @_ssdm_op_SpecLoopName, void @empty_10" [../main_5_slices.cpp:89]   --->   Operation 193 'specloopname' 'specloopname_ln89' <Predicate = true> <Delay = 0.00>
ST_38 : Operation 194 [1/2] (3.92ns)   --->   "%b_bn = sptohp i32 %b_f" [../main_5_slices.cpp:95]   --->   Operation 194 'sptohp' 'b_bn' <Predicate = true> <Delay = 3.92> <CoreInst = "Float2Half">   --->   Core 69 'Float2Half' <Latency = 1> <II = 1> <Delay = 3.92> <FuncUnit> <Opcode : 'sptohp'> <InPorts = 1> <OutPorts = 1>
ST_38 : Operation 195 [1/1] (0.00ns)   --->   "%store_ln95 = store i16 %b_bn, i16 %mux_case_30230611" [../main_5_slices.cpp:95]   --->   Operation 195 'store' 'store_ln95' <Predicate = (trunc_ln89 == 30)> <Delay = 0.00>
ST_38 : Operation 196 [1/1] (0.00ns)   --->   "%br_ln95 = br void %arrayidx20.exit" [../main_5_slices.cpp:95]   --->   Operation 196 'br' 'br_ln95' <Predicate = (trunc_ln89 == 30)> <Delay = 0.00>
ST_38 : Operation 197 [1/1] (0.00ns)   --->   "%store_ln95 = store i16 %b_bn, i16 %mux_case_29228607" [../main_5_slices.cpp:95]   --->   Operation 197 'store' 'store_ln95' <Predicate = (trunc_ln89 == 29)> <Delay = 0.00>
ST_38 : Operation 198 [1/1] (0.00ns)   --->   "%br_ln95 = br void %arrayidx20.exit" [../main_5_slices.cpp:95]   --->   Operation 198 'br' 'br_ln95' <Predicate = (trunc_ln89 == 29)> <Delay = 0.00>
ST_38 : Operation 199 [1/1] (0.00ns)   --->   "%store_ln95 = store i16 %b_bn, i16 %mux_case_28226603" [../main_5_slices.cpp:95]   --->   Operation 199 'store' 'store_ln95' <Predicate = (trunc_ln89 == 28)> <Delay = 0.00>
ST_38 : Operation 200 [1/1] (0.00ns)   --->   "%br_ln95 = br void %arrayidx20.exit" [../main_5_slices.cpp:95]   --->   Operation 200 'br' 'br_ln95' <Predicate = (trunc_ln89 == 28)> <Delay = 0.00>
ST_38 : Operation 201 [1/1] (0.00ns)   --->   "%store_ln95 = store i16 %b_bn, i16 %mux_case_27224599" [../main_5_slices.cpp:95]   --->   Operation 201 'store' 'store_ln95' <Predicate = (trunc_ln89 == 27)> <Delay = 0.00>
ST_38 : Operation 202 [1/1] (0.00ns)   --->   "%br_ln95 = br void %arrayidx20.exit" [../main_5_slices.cpp:95]   --->   Operation 202 'br' 'br_ln95' <Predicate = (trunc_ln89 == 27)> <Delay = 0.00>
ST_38 : Operation 203 [1/1] (0.00ns)   --->   "%store_ln95 = store i16 %b_bn, i16 %mux_case_26222595" [../main_5_slices.cpp:95]   --->   Operation 203 'store' 'store_ln95' <Predicate = (trunc_ln89 == 26)> <Delay = 0.00>
ST_38 : Operation 204 [1/1] (0.00ns)   --->   "%br_ln95 = br void %arrayidx20.exit" [../main_5_slices.cpp:95]   --->   Operation 204 'br' 'br_ln95' <Predicate = (trunc_ln89 == 26)> <Delay = 0.00>
ST_38 : Operation 205 [1/1] (0.00ns)   --->   "%store_ln95 = store i16 %b_bn, i16 %mux_case_25220591" [../main_5_slices.cpp:95]   --->   Operation 205 'store' 'store_ln95' <Predicate = (trunc_ln89 == 25)> <Delay = 0.00>
ST_38 : Operation 206 [1/1] (0.00ns)   --->   "%br_ln95 = br void %arrayidx20.exit" [../main_5_slices.cpp:95]   --->   Operation 206 'br' 'br_ln95' <Predicate = (trunc_ln89 == 25)> <Delay = 0.00>
ST_38 : Operation 207 [1/1] (0.00ns)   --->   "%store_ln95 = store i16 %b_bn, i16 %mux_case_24218587" [../main_5_slices.cpp:95]   --->   Operation 207 'store' 'store_ln95' <Predicate = (trunc_ln89 == 24)> <Delay = 0.00>
ST_38 : Operation 208 [1/1] (0.00ns)   --->   "%br_ln95 = br void %arrayidx20.exit" [../main_5_slices.cpp:95]   --->   Operation 208 'br' 'br_ln95' <Predicate = (trunc_ln89 == 24)> <Delay = 0.00>
ST_38 : Operation 209 [1/1] (0.00ns)   --->   "%store_ln95 = store i16 %b_bn, i16 %mux_case_23216583" [../main_5_slices.cpp:95]   --->   Operation 209 'store' 'store_ln95' <Predicate = (trunc_ln89 == 23)> <Delay = 0.00>
ST_38 : Operation 210 [1/1] (0.00ns)   --->   "%br_ln95 = br void %arrayidx20.exit" [../main_5_slices.cpp:95]   --->   Operation 210 'br' 'br_ln95' <Predicate = (trunc_ln89 == 23)> <Delay = 0.00>
ST_38 : Operation 211 [1/1] (0.00ns)   --->   "%store_ln95 = store i16 %b_bn, i16 %mux_case_22214579" [../main_5_slices.cpp:95]   --->   Operation 211 'store' 'store_ln95' <Predicate = (trunc_ln89 == 22)> <Delay = 0.00>
ST_38 : Operation 212 [1/1] (0.00ns)   --->   "%br_ln95 = br void %arrayidx20.exit" [../main_5_slices.cpp:95]   --->   Operation 212 'br' 'br_ln95' <Predicate = (trunc_ln89 == 22)> <Delay = 0.00>
ST_38 : Operation 213 [1/1] (0.00ns)   --->   "%store_ln95 = store i16 %b_bn, i16 %mux_case_21212575" [../main_5_slices.cpp:95]   --->   Operation 213 'store' 'store_ln95' <Predicate = (trunc_ln89 == 21)> <Delay = 0.00>
ST_38 : Operation 214 [1/1] (0.00ns)   --->   "%br_ln95 = br void %arrayidx20.exit" [../main_5_slices.cpp:95]   --->   Operation 214 'br' 'br_ln95' <Predicate = (trunc_ln89 == 21)> <Delay = 0.00>
ST_38 : Operation 215 [1/1] (0.00ns)   --->   "%store_ln95 = store i16 %b_bn, i16 %mux_case_20210571" [../main_5_slices.cpp:95]   --->   Operation 215 'store' 'store_ln95' <Predicate = (trunc_ln89 == 20)> <Delay = 0.00>
ST_38 : Operation 216 [1/1] (0.00ns)   --->   "%br_ln95 = br void %arrayidx20.exit" [../main_5_slices.cpp:95]   --->   Operation 216 'br' 'br_ln95' <Predicate = (trunc_ln89 == 20)> <Delay = 0.00>
ST_38 : Operation 217 [1/1] (0.00ns)   --->   "%store_ln95 = store i16 %b_bn, i16 %mux_case_19208567" [../main_5_slices.cpp:95]   --->   Operation 217 'store' 'store_ln95' <Predicate = (trunc_ln89 == 19)> <Delay = 0.00>
ST_38 : Operation 218 [1/1] (0.00ns)   --->   "%br_ln95 = br void %arrayidx20.exit" [../main_5_slices.cpp:95]   --->   Operation 218 'br' 'br_ln95' <Predicate = (trunc_ln89 == 19)> <Delay = 0.00>
ST_38 : Operation 219 [1/1] (0.00ns)   --->   "%store_ln95 = store i16 %b_bn, i16 %mux_case_18206563" [../main_5_slices.cpp:95]   --->   Operation 219 'store' 'store_ln95' <Predicate = (trunc_ln89 == 18)> <Delay = 0.00>
ST_38 : Operation 220 [1/1] (0.00ns)   --->   "%br_ln95 = br void %arrayidx20.exit" [../main_5_slices.cpp:95]   --->   Operation 220 'br' 'br_ln95' <Predicate = (trunc_ln89 == 18)> <Delay = 0.00>
ST_38 : Operation 221 [1/1] (0.00ns)   --->   "%store_ln95 = store i16 %b_bn, i16 %mux_case_17204559" [../main_5_slices.cpp:95]   --->   Operation 221 'store' 'store_ln95' <Predicate = (trunc_ln89 == 17)> <Delay = 0.00>
ST_38 : Operation 222 [1/1] (0.00ns)   --->   "%br_ln95 = br void %arrayidx20.exit" [../main_5_slices.cpp:95]   --->   Operation 222 'br' 'br_ln95' <Predicate = (trunc_ln89 == 17)> <Delay = 0.00>
ST_38 : Operation 223 [1/1] (0.00ns)   --->   "%store_ln95 = store i16 %b_bn, i16 %mux_case_16202555" [../main_5_slices.cpp:95]   --->   Operation 223 'store' 'store_ln95' <Predicate = (trunc_ln89 == 16)> <Delay = 0.00>
ST_38 : Operation 224 [1/1] (0.00ns)   --->   "%br_ln95 = br void %arrayidx20.exit" [../main_5_slices.cpp:95]   --->   Operation 224 'br' 'br_ln95' <Predicate = (trunc_ln89 == 16)> <Delay = 0.00>
ST_38 : Operation 225 [1/1] (0.00ns)   --->   "%store_ln95 = store i16 %b_bn, i16 %mux_case_15200551" [../main_5_slices.cpp:95]   --->   Operation 225 'store' 'store_ln95' <Predicate = (trunc_ln89 == 15)> <Delay = 0.00>
ST_38 : Operation 226 [1/1] (0.00ns)   --->   "%br_ln95 = br void %arrayidx20.exit" [../main_5_slices.cpp:95]   --->   Operation 226 'br' 'br_ln95' <Predicate = (trunc_ln89 == 15)> <Delay = 0.00>
ST_38 : Operation 227 [1/1] (0.00ns)   --->   "%store_ln95 = store i16 %b_bn, i16 %mux_case_14198547" [../main_5_slices.cpp:95]   --->   Operation 227 'store' 'store_ln95' <Predicate = (trunc_ln89 == 14)> <Delay = 0.00>
ST_38 : Operation 228 [1/1] (0.00ns)   --->   "%br_ln95 = br void %arrayidx20.exit" [../main_5_slices.cpp:95]   --->   Operation 228 'br' 'br_ln95' <Predicate = (trunc_ln89 == 14)> <Delay = 0.00>
ST_38 : Operation 229 [1/1] (0.00ns)   --->   "%store_ln95 = store i16 %b_bn, i16 %mux_case_13196543" [../main_5_slices.cpp:95]   --->   Operation 229 'store' 'store_ln95' <Predicate = (trunc_ln89 == 13)> <Delay = 0.00>
ST_38 : Operation 230 [1/1] (0.00ns)   --->   "%br_ln95 = br void %arrayidx20.exit" [../main_5_slices.cpp:95]   --->   Operation 230 'br' 'br_ln95' <Predicate = (trunc_ln89 == 13)> <Delay = 0.00>
ST_38 : Operation 231 [1/1] (0.00ns)   --->   "%store_ln95 = store i16 %b_bn, i16 %mux_case_12194539" [../main_5_slices.cpp:95]   --->   Operation 231 'store' 'store_ln95' <Predicate = (trunc_ln89 == 12)> <Delay = 0.00>
ST_38 : Operation 232 [1/1] (0.00ns)   --->   "%br_ln95 = br void %arrayidx20.exit" [../main_5_slices.cpp:95]   --->   Operation 232 'br' 'br_ln95' <Predicate = (trunc_ln89 == 12)> <Delay = 0.00>
ST_38 : Operation 233 [1/1] (0.00ns)   --->   "%store_ln95 = store i16 %b_bn, i16 %mux_case_11192535" [../main_5_slices.cpp:95]   --->   Operation 233 'store' 'store_ln95' <Predicate = (trunc_ln89 == 11)> <Delay = 0.00>
ST_38 : Operation 234 [1/1] (0.00ns)   --->   "%br_ln95 = br void %arrayidx20.exit" [../main_5_slices.cpp:95]   --->   Operation 234 'br' 'br_ln95' <Predicate = (trunc_ln89 == 11)> <Delay = 0.00>
ST_38 : Operation 235 [1/1] (0.00ns)   --->   "%store_ln95 = store i16 %b_bn, i16 %mux_case_10190531" [../main_5_slices.cpp:95]   --->   Operation 235 'store' 'store_ln95' <Predicate = (trunc_ln89 == 10)> <Delay = 0.00>
ST_38 : Operation 236 [1/1] (0.00ns)   --->   "%br_ln95 = br void %arrayidx20.exit" [../main_5_slices.cpp:95]   --->   Operation 236 'br' 'br_ln95' <Predicate = (trunc_ln89 == 10)> <Delay = 0.00>
ST_38 : Operation 237 [1/1] (0.00ns)   --->   "%store_ln95 = store i16 %b_bn, i16 %mux_case_9188527" [../main_5_slices.cpp:95]   --->   Operation 237 'store' 'store_ln95' <Predicate = (trunc_ln89 == 9)> <Delay = 0.00>
ST_38 : Operation 238 [1/1] (0.00ns)   --->   "%br_ln95 = br void %arrayidx20.exit" [../main_5_slices.cpp:95]   --->   Operation 238 'br' 'br_ln95' <Predicate = (trunc_ln89 == 9)> <Delay = 0.00>
ST_38 : Operation 239 [1/1] (0.00ns)   --->   "%store_ln95 = store i16 %b_bn, i16 %mux_case_8186523" [../main_5_slices.cpp:95]   --->   Operation 239 'store' 'store_ln95' <Predicate = (trunc_ln89 == 8)> <Delay = 0.00>
ST_38 : Operation 240 [1/1] (0.00ns)   --->   "%br_ln95 = br void %arrayidx20.exit" [../main_5_slices.cpp:95]   --->   Operation 240 'br' 'br_ln95' <Predicate = (trunc_ln89 == 8)> <Delay = 0.00>
ST_38 : Operation 241 [1/1] (0.00ns)   --->   "%store_ln95 = store i16 %b_bn, i16 %mux_case_7184519" [../main_5_slices.cpp:95]   --->   Operation 241 'store' 'store_ln95' <Predicate = (trunc_ln89 == 7)> <Delay = 0.00>
ST_38 : Operation 242 [1/1] (0.00ns)   --->   "%br_ln95 = br void %arrayidx20.exit" [../main_5_slices.cpp:95]   --->   Operation 242 'br' 'br_ln95' <Predicate = (trunc_ln89 == 7)> <Delay = 0.00>
ST_38 : Operation 243 [1/1] (0.00ns)   --->   "%store_ln95 = store i16 %b_bn, i16 %mux_case_6182515" [../main_5_slices.cpp:95]   --->   Operation 243 'store' 'store_ln95' <Predicate = (trunc_ln89 == 6)> <Delay = 0.00>
ST_38 : Operation 244 [1/1] (0.00ns)   --->   "%br_ln95 = br void %arrayidx20.exit" [../main_5_slices.cpp:95]   --->   Operation 244 'br' 'br_ln95' <Predicate = (trunc_ln89 == 6)> <Delay = 0.00>
ST_38 : Operation 245 [1/1] (0.00ns)   --->   "%store_ln95 = store i16 %b_bn, i16 %mux_case_5180511" [../main_5_slices.cpp:95]   --->   Operation 245 'store' 'store_ln95' <Predicate = (trunc_ln89 == 5)> <Delay = 0.00>
ST_38 : Operation 246 [1/1] (0.00ns)   --->   "%br_ln95 = br void %arrayidx20.exit" [../main_5_slices.cpp:95]   --->   Operation 246 'br' 'br_ln95' <Predicate = (trunc_ln89 == 5)> <Delay = 0.00>
ST_38 : Operation 247 [1/1] (0.00ns)   --->   "%store_ln95 = store i16 %b_bn, i16 %mux_case_4178507" [../main_5_slices.cpp:95]   --->   Operation 247 'store' 'store_ln95' <Predicate = (trunc_ln89 == 4)> <Delay = 0.00>
ST_38 : Operation 248 [1/1] (0.00ns)   --->   "%br_ln95 = br void %arrayidx20.exit" [../main_5_slices.cpp:95]   --->   Operation 248 'br' 'br_ln95' <Predicate = (trunc_ln89 == 4)> <Delay = 0.00>
ST_38 : Operation 249 [1/1] (0.00ns)   --->   "%store_ln95 = store i16 %b_bn, i16 %mux_case_3176503" [../main_5_slices.cpp:95]   --->   Operation 249 'store' 'store_ln95' <Predicate = (trunc_ln89 == 3)> <Delay = 0.00>
ST_38 : Operation 250 [1/1] (0.00ns)   --->   "%br_ln95 = br void %arrayidx20.exit" [../main_5_slices.cpp:95]   --->   Operation 250 'br' 'br_ln95' <Predicate = (trunc_ln89 == 3)> <Delay = 0.00>
ST_38 : Operation 251 [1/1] (0.00ns)   --->   "%store_ln95 = store i16 %b_bn, i16 %mux_case_2174499" [../main_5_slices.cpp:95]   --->   Operation 251 'store' 'store_ln95' <Predicate = (trunc_ln89 == 2)> <Delay = 0.00>
ST_38 : Operation 252 [1/1] (0.00ns)   --->   "%br_ln95 = br void %arrayidx20.exit" [../main_5_slices.cpp:95]   --->   Operation 252 'br' 'br_ln95' <Predicate = (trunc_ln89 == 2)> <Delay = 0.00>
ST_38 : Operation 253 [1/1] (0.00ns)   --->   "%store_ln95 = store i16 %b_bn, i16 %mux_case_1172495" [../main_5_slices.cpp:95]   --->   Operation 253 'store' 'store_ln95' <Predicate = (trunc_ln89 == 1)> <Delay = 0.00>
ST_38 : Operation 254 [1/1] (0.00ns)   --->   "%br_ln95 = br void %arrayidx20.exit" [../main_5_slices.cpp:95]   --->   Operation 254 'br' 'br_ln95' <Predicate = (trunc_ln89 == 1)> <Delay = 0.00>
ST_38 : Operation 255 [1/1] (0.00ns)   --->   "%store_ln95 = store i16 %b_bn, i16 %mux_case_0170491" [../main_5_slices.cpp:95]   --->   Operation 255 'store' 'store_ln95' <Predicate = (trunc_ln89 == 0)> <Delay = 0.00>
ST_38 : Operation 256 [1/1] (0.00ns)   --->   "%br_ln94 = br void %arrayidx20.exit" [../main_5_slices.cpp:94]   --->   Operation 256 'br' 'br_ln94' <Predicate = (trunc_ln89 == 0)> <Delay = 0.00>
ST_38 : Operation 257 [1/1] (0.00ns)   --->   "%store_ln95 = store i16 %b_bn, i16 %mux_case_31232615" [../main_5_slices.cpp:95]   --->   Operation 257 'store' 'store_ln95' <Predicate = (trunc_ln89 == 31)> <Delay = 0.00>
ST_38 : Operation 258 [1/1] (0.00ns)   --->   "%br_ln95 = br void %arrayidx20.exit" [../main_5_slices.cpp:95]   --->   Operation 258 'br' 'br_ln95' <Predicate = (trunc_ln89 == 31)> <Delay = 0.00>


============================================================
+ Verbose Summary: Timing violations
============================================================
Target clock period: 10.000ns, clock uncertainty: 2.000ns.

 <State 1>: 5.990ns
The critical path consists of the following:
	'store' operation 0 bit ('store_ln89', ../main_5_slices.cpp:89) of constant 0 on local variable 'f', ../main_5_slices.cpp:89 [130]  (1.146 ns)
	'load' operation 6 bit ('f', ../main_5_slices.cpp:89) on local variable 'f', ../main_5_slices.cpp:89 [133]  (0.000 ns)
	'sparsemux' operation 16 bit ('tmp', ../main_5_slices.cpp:91) [142]  (2.178 ns)
	'hptosp' operation 32 bit ('conv', ../main_5_slices.cpp:91) [143]  (2.666 ns)

 <State 2>: 2.666ns
The critical path consists of the following:
	'hptosp' operation 32 bit ('conv', ../main_5_slices.cpp:91) [143]  (2.666 ns)

 <State 3>: 7.280ns
The critical path consists of the following:
	'fadd' operation 32 bit ('add3', ../main_5_slices.cpp:91) [144]  (7.280 ns)

 <State 4>: 7.280ns
The critical path consists of the following:
	'fadd' operation 32 bit ('add3', ../main_5_slices.cpp:91) [144]  (7.280 ns)

 <State 5>: 7.280ns
The critical path consists of the following:
	'fadd' operation 32 bit ('add3', ../main_5_slices.cpp:91) [144]  (7.280 ns)

 <State 6>: 7.280ns
The critical path consists of the following:
	'fadd' operation 32 bit ('add3', ../main_5_slices.cpp:91) [144]  (7.280 ns)

 <State 7>: 7.551ns
The critical path consists of the following:
	'fsqrt' operation 32 bit ('tmp_s', ../main_5_slices.cpp:91) [145]  (7.551 ns)

 <State 8>: 7.551ns
The critical path consists of the following:
	'fsqrt' operation 32 bit ('tmp_s', ../main_5_slices.cpp:91) [145]  (7.551 ns)

 <State 9>: 7.551ns
The critical path consists of the following:
	'fsqrt' operation 32 bit ('tmp_s', ../main_5_slices.cpp:91) [145]  (7.551 ns)

 <State 10>: 7.551ns
The critical path consists of the following:
	'fsqrt' operation 32 bit ('tmp_s', ../main_5_slices.cpp:91) [145]  (7.551 ns)

 <State 11>: 7.551ns
The critical path consists of the following:
	'fsqrt' operation 32 bit ('tmp_s', ../main_5_slices.cpp:91) [145]  (7.551 ns)

 <State 12>: 7.551ns
The critical path consists of the following:
	'fsqrt' operation 32 bit ('tmp_s', ../main_5_slices.cpp:91) [145]  (7.551 ns)

 <State 13>: 7.551ns
The critical path consists of the following:
	'fsqrt' operation 32 bit ('tmp_s', ../main_5_slices.cpp:91) [145]  (7.551 ns)

 <State 14>: 7.551ns
The critical path consists of the following:
	'fsqrt' operation 32 bit ('tmp_s', ../main_5_slices.cpp:91) [145]  (7.551 ns)

 <State 15>: 7.551ns
The critical path consists of the following:
	'fsqrt' operation 32 bit ('tmp_s', ../main_5_slices.cpp:91) [145]  (7.551 ns)

 <State 16>: 7.551ns
The critical path consists of the following:
	'fsqrt' operation 32 bit ('tmp_s', ../main_5_slices.cpp:91) [145]  (7.551 ns)

 <State 17>: 7.847ns
The critical path consists of the following:
	'fdiv' operation 32 bit ('inv', ../main_5_slices.cpp:91) [146]  (7.847 ns)

 <State 18>: 7.847ns
The critical path consists of the following:
	'fdiv' operation 32 bit ('inv', ../main_5_slices.cpp:91) [146]  (7.847 ns)

 <State 19>: 7.847ns
The critical path consists of the following:
	'fdiv' operation 32 bit ('inv', ../main_5_slices.cpp:91) [146]  (7.847 ns)

 <State 20>: 7.847ns
The critical path consists of the following:
	'fdiv' operation 32 bit ('inv', ../main_5_slices.cpp:91) [146]  (7.847 ns)

 <State 21>: 7.847ns
The critical path consists of the following:
	'fdiv' operation 32 bit ('inv', ../main_5_slices.cpp:91) [146]  (7.847 ns)

 <State 22>: 7.847ns
The critical path consists of the following:
	'fdiv' operation 32 bit ('inv', ../main_5_slices.cpp:91) [146]  (7.847 ns)

 <State 23>: 7.847ns
The critical path consists of the following:
	'fdiv' operation 32 bit ('inv', ../main_5_slices.cpp:91) [146]  (7.847 ns)

 <State 24>: 7.847ns
The critical path consists of the following:
	'fdiv' operation 32 bit ('inv', ../main_5_slices.cpp:91) [146]  (7.847 ns)

 <State 25>: 7.847ns
The critical path consists of the following:
	'fdiv' operation 32 bit ('inv', ../main_5_slices.cpp:91) [146]  (7.847 ns)

 <State 26>: 7.847ns
The critical path consists of the following:
	'fdiv' operation 32 bit ('inv', ../main_5_slices.cpp:91) [146]  (7.847 ns)

 <State 27>: 7.592ns
The critical path consists of the following:
	'fmul' operation 32 bit ('a_f', ../main_5_slices.cpp:92) [147]  (7.592 ns)

 <State 28>: 7.592ns
The critical path consists of the following:
	'fmul' operation 32 bit ('a_f', ../main_5_slices.cpp:92) [147]  (7.592 ns)

 <State 29>: 7.592ns
The critical path consists of the following:
	'fmul' operation 32 bit ('a_f', ../main_5_slices.cpp:92) [147]  (7.592 ns)

 <State 30>: 7.592ns
The critical path consists of the following:
	'fmul' operation 32 bit ('mul', ../main_5_slices.cpp:93) [150]  (7.592 ns)

 <State 31>: 7.592ns
The critical path consists of the following:
	'fmul' operation 32 bit ('mul', ../main_5_slices.cpp:93) [150]  (7.592 ns)

 <State 32>: 7.592ns
The critical path consists of the following:
	'fmul' operation 32 bit ('mul', ../main_5_slices.cpp:93) [150]  (7.592 ns)

 <State 33>: 7.280ns
The critical path consists of the following:
	'fsub' operation 32 bit ('b_f', ../main_5_slices.cpp:93) [151]  (7.280 ns)

 <State 34>: 7.280ns
The critical path consists of the following:
	'fsub' operation 32 bit ('b_f', ../main_5_slices.cpp:93) [151]  (7.280 ns)

 <State 35>: 7.280ns
The critical path consists of the following:
	'fsub' operation 32 bit ('b_f', ../main_5_slices.cpp:93) [151]  (7.280 ns)

 <State 36>: 7.280ns
The critical path consists of the following:
	'fsub' operation 32 bit ('b_f', ../main_5_slices.cpp:93) [151]  (7.280 ns)

 <State 37>: 3.925ns
The critical path consists of the following:
	'sptohp' operation 16 bit ('b_bn', ../main_5_slices.cpp:95) [153]  (3.925 ns)

 <State 38>: 3.925ns
The critical path consists of the following:
	'sptohp' operation 16 bit ('b_bn', ../main_5_slices.cpp:95) [153]  (3.925 ns)
	'store' operation 0 bit ('store_ln95', ../main_5_slices.cpp:95) of variable 'b_bn', ../main_5_slices.cpp:95 on local variable 'mux_case_30230611' [156]  (0.000 ns)


============================================================
+ Verbose Summary: Binding
============================================================
N/A
* FSMD analyzer results:
  - Output states:
 - Input state : 
  - Chain level:
	State 1
	State 2
	State 3
	State 4
	State 5
	State 6
	State 7
	State 8
	State 9
	State 10
	State 11
	State 12
	State 13
	State 14
	State 15
	State 16
	State 17
	State 18
	State 19
	State 20
	State 21
	State 22
	State 23
	State 24
	State 25
	State 26
	State 27
	State 28
	State 29
	State 30
	State 31
	State 32
	State 33
	State 34
	State 35
	State 36
	State 37
	State 38


============================================================
+ Verbose Summary: Datapath Resource usage 
============================================================
N/A
