

================================================================
== Vitis HLS Report for 'conv_bn_act_pool_Pipeline_Loop3_2Big'
================================================================
* Date:           Mon Sep 15 15:50:06 2025

* Version:        2024.2 (Build 5238294 on Nov  8 2024)
* Project:        run_model
* Solution:       hls (Vivado IP Flow Target)
* Product family: zynq
* Target device:  xc7z020-clg400-3


================================================================
== Performance Estimates
================================================================
+ Timing: 
    * Summary: 
    +--------+----------+----------+------------+
    |  Clock |  Target  | Estimated| Uncertainty|
    +--------+----------+----------+------------+
    |ap_clk  |  10.00 ns|  7.238 ns|     2.00 ns|
    +--------+----------+----------+------------+

+ Latency: 
    * Summary: 
    +---------+---------+----------+----------+-----+-----+------------------------------------------------+
    |  Latency (cycles) |  Latency (absolute) |  Interval |                    Pipeline                    |
    |   min   |   max   |    min   |    max   | min | max |                      Type                      |
    +---------+---------+----------+----------+-----+-----+------------------------------------------------+
    |       41|       41|  0.410 us|  0.410 us|   33|   33|  loop auto-rewind stp (delay=0 clock cycles(s))|
    +---------+---------+----------+----------+-----+-----+------------------------------------------------+

    + Detail: 
        * Instance: 
        N/A

        * Loop: 
        +--------------+---------+---------+----------+-----------+-----------+------+----------+
        |              |  Latency (cycles) | Iteration|  Initiation Interval  | Trip |          |
        |   Loop Name  |   min   |   max   |  Latency |  achieved |   target  | Count| Pipelined|
        +--------------+---------+---------+----------+-----------+-----------+------+----------+
        |- Loop3_2Big  |       39|       39|         9|          1|          1|    32|       yes|
        +--------------+---------+---------+----------+-----------+-----------+------+----------+

============================================================
+ Verbose Summary: Synthesis Manager
============================================================
InlineROM: 1
ExposeGlobal: 0
============================================================
+ Verbose Summary: CDFG Model
============================================================
IsTopModel: 0
ResetActiveHigh: 1
IsCombinational: 0
IsDatapathOnly: 0
HasWiredReturn: 1
HasMFsm: 2
HasVarLatency: 1
IsPipeline: 0
IsRtlPipelined: 0
IsInstanceOverlapped: 0
IsDontTouch: 0
HasImplIP: 0
IsGatedGlobalClock: 0

+ Individual pipeline summary: 
  * Pipeline-0: initiation interval (II) = 1, depth = 9


============================================================
+ Verbose Summary: Schedule
============================================================
* Number of FSM states : 9
* Pipeline : 1
  Pipeline-0 : II = 1, D = 9, States = { 1 2 3 4 5 6 7 8 9 }
* Dataflow Pipeline: 0

* FSM state transitions: 
1 --> 2 
2 --> 3 
3 --> 4 
4 --> 5 
5 --> 6 
6 --> 7 
7 --> 8 
8 --> 9 
9 --> 

* FSM state operations: 

State 1 <SV = 0> <Delay = 4.84>
ST_1 : Operation 12 [1/1] (0.00ns)   --->   "%f = alloca i32 1" [../main_5_slices.cpp:81]   --->   Operation 12 'alloca' 'f' <Predicate = true> <Delay = 0.00>
ST_1 : Operation 13 [1/1] (0.00ns)   --->   "%mul4_read = read i9 @_ssdm_op_Read.ap_auto.i9, i9 %mul4"   --->   Operation 13 'read' 'mul4_read' <Predicate = true> <Delay = 0.00>
ST_1 : Operation 14 [1/1] (1.14ns)   --->   "%store_ln81 = store i6 0, i6 %f" [../main_5_slices.cpp:81]   --->   Operation 14 'store' 'store_ln81' <Predicate = true> <Delay = 1.14>
ST_1 : Operation 15 [1/1] (0.00ns)   --->   "%br_ln0 = br void %for.inc109"   --->   Operation 15 'br' 'br_ln0' <Predicate = true> <Delay = 0.00>
ST_1 : Operation 16 [1/1] (0.00ns)   --->   "%f_1 = load i6 %f" [../main_5_slices.cpp:126]   --->   Operation 16 'load' 'f_1' <Predicate = true> <Delay = 0.00>
ST_1 : Operation 17 [1/1] (1.51ns)   --->   "%icmp_ln126 = icmp_eq  i6 %f_1, i6 32" [../main_5_slices.cpp:126]   --->   Operation 17 'icmp' 'icmp_ln126' <Predicate = true> <Delay = 1.51> <CoreInst = "Cmp">   --->   Core 9 'Cmp' <Latency = 0> <II = 1> <Delay = 1.51> <FuncUnit> <Opcode : 'seteq' 'setne' 'setle' 'setge' 'setlt' 'setgt'> <InPorts = 2> <OutPorts = 1>
ST_1 : Operation 18 [1/1] (1.51ns)   --->   "%add_ln126 = add i6 %f_1, i6 1" [../main_5_slices.cpp:126]   --->   Operation 18 'add' 'add_ln126' <Predicate = true> <Delay = 1.51> <CoreInst = "Adder">   --->   Core 1 'Adder' <Latency = 0> <II = 1> <Delay = 1.51> <FuncUnit> <Opcode : 'add' 'sub'> <InPorts = 2> <OutPorts = 1>
ST_1 : Operation 19 [1/1] (0.00ns)   --->   "%br_ln126 = br i1 %icmp_ln126, void %for.inc109.split, void %for.end111.exitStub" [../main_5_slices.cpp:126]   --->   Operation 19 'br' 'br_ln126' <Predicate = true> <Delay = 0.00>
ST_1 : Operation 20 [1/1] (0.00ns)   --->   "%trunc_ln126 = trunc i6 %f_1" [../main_5_slices.cpp:126]   --->   Operation 20 'trunc' 'trunc_ln126' <Predicate = (!icmp_ln126)> <Delay = 0.00>
ST_1 : Operation 21 [1/1] (0.00ns)   --->   "%pool_acc_read = read i16 @_ssdm_op_Read.ap_auto.halfP0A, i16 %pool_acc" [../main_5_slices.cpp:129]   --->   Operation 21 'read' 'pool_acc_read' <Predicate = (!icmp_ln126)> <Delay = 0.00>
ST_1 : Operation 22 [1/1] (0.00ns)   --->   "%pool_acc_1_read = read i16 @_ssdm_op_Read.ap_auto.halfP0A, i16 %pool_acc_1" [../main_5_slices.cpp:129]   --->   Operation 22 'read' 'pool_acc_1_read' <Predicate = (!icmp_ln126)> <Delay = 0.00>
ST_1 : Operation 23 [1/1] (0.00ns)   --->   "%pool_acc_2_read = read i16 @_ssdm_op_Read.ap_auto.halfP0A, i16 %pool_acc_2" [../main_5_slices.cpp:129]   --->   Operation 23 'read' 'pool_acc_2_read' <Predicate = (!icmp_ln126)> <Delay = 0.00>
ST_1 : Operation 24 [1/1] (0.00ns)   --->   "%pool_acc_3_read = read i16 @_ssdm_op_Read.ap_auto.halfP0A, i16 %pool_acc_3" [../main_5_slices.cpp:129]   --->   Operation 24 'read' 'pool_acc_3_read' <Predicate = (!icmp_ln126)> <Delay = 0.00>
ST_1 : Operation 25 [1/1] (0.00ns)   --->   "%pool_acc_4_read = read i16 @_ssdm_op_Read.ap_auto.halfP0A, i16 %pool_acc_4" [../main_5_slices.cpp:129]   --->   Operation 25 'read' 'pool_acc_4_read' <Predicate = (!icmp_ln126)> <Delay = 0.00>
ST_1 : Operation 26 [1/1] (0.00ns)   --->   "%pool_acc_5_read = read i16 @_ssdm_op_Read.ap_auto.halfP0A, i16 %pool_acc_5" [../main_5_slices.cpp:129]   --->   Operation 26 'read' 'pool_acc_5_read' <Predicate = (!icmp_ln126)> <Delay = 0.00>
ST_1 : Operation 27 [1/1] (0.00ns)   --->   "%pool_acc_6_read = read i16 @_ssdm_op_Read.ap_auto.halfP0A, i16 %pool_acc_6" [../main_5_slices.cpp:129]   --->   Operation 27 'read' 'pool_acc_6_read' <Predicate = (!icmp_ln126)> <Delay = 0.00>
ST_1 : Operation 28 [1/1] (0.00ns)   --->   "%pool_acc_7_read = read i16 @_ssdm_op_Read.ap_auto.halfP0A, i16 %pool_acc_7" [../main_5_slices.cpp:129]   --->   Operation 28 'read' 'pool_acc_7_read' <Predicate = (!icmp_ln126)> <Delay = 0.00>
ST_1 : Operation 29 [1/1] (0.00ns)   --->   "%pool_acc_8_read = read i16 @_ssdm_op_Read.ap_auto.halfP0A, i16 %pool_acc_8" [../main_5_slices.cpp:129]   --->   Operation 29 'read' 'pool_acc_8_read' <Predicate = (!icmp_ln126)> <Delay = 0.00>
ST_1 : Operation 30 [1/1] (0.00ns)   --->   "%pool_acc_9_read = read i16 @_ssdm_op_Read.ap_auto.halfP0A, i16 %pool_acc_9" [../main_5_slices.cpp:129]   --->   Operation 30 'read' 'pool_acc_9_read' <Predicate = (!icmp_ln126)> <Delay = 0.00>
ST_1 : Operation 31 [1/1] (0.00ns)   --->   "%pool_acc_10_read = read i16 @_ssdm_op_Read.ap_auto.halfP0A, i16 %pool_acc_10" [../main_5_slices.cpp:129]   --->   Operation 31 'read' 'pool_acc_10_read' <Predicate = (!icmp_ln126)> <Delay = 0.00>
ST_1 : Operation 32 [1/1] (0.00ns)   --->   "%pool_acc_11_read = read i16 @_ssdm_op_Read.ap_auto.halfP0A, i16 %pool_acc_11" [../main_5_slices.cpp:129]   --->   Operation 32 'read' 'pool_acc_11_read' <Predicate = (!icmp_ln126)> <Delay = 0.00>
ST_1 : Operation 33 [1/1] (0.00ns)   --->   "%pool_acc_12_read = read i16 @_ssdm_op_Read.ap_auto.halfP0A, i16 %pool_acc_12" [../main_5_slices.cpp:129]   --->   Operation 33 'read' 'pool_acc_12_read' <Predicate = (!icmp_ln126)> <Delay = 0.00>
ST_1 : Operation 34 [1/1] (0.00ns)   --->   "%pool_acc_13_read = read i16 @_ssdm_op_Read.ap_auto.halfP0A, i16 %pool_acc_13" [../main_5_slices.cpp:129]   --->   Operation 34 'read' 'pool_acc_13_read' <Predicate = (!icmp_ln126)> <Delay = 0.00>
ST_1 : Operation 35 [1/1] (0.00ns)   --->   "%pool_acc_14_read = read i16 @_ssdm_op_Read.ap_auto.halfP0A, i16 %pool_acc_14" [../main_5_slices.cpp:129]   --->   Operation 35 'read' 'pool_acc_14_read' <Predicate = (!icmp_ln126)> <Delay = 0.00>
ST_1 : Operation 36 [1/1] (0.00ns)   --->   "%pool_acc_15_read = read i16 @_ssdm_op_Read.ap_auto.halfP0A, i16 %pool_acc_15" [../main_5_slices.cpp:129]   --->   Operation 36 'read' 'pool_acc_15_read' <Predicate = (!icmp_ln126)> <Delay = 0.00>
ST_1 : Operation 37 [1/1] (0.00ns)   --->   "%pool_acc_16_read = read i16 @_ssdm_op_Read.ap_auto.halfP0A, i16 %pool_acc_16" [../main_5_slices.cpp:129]   --->   Operation 37 'read' 'pool_acc_16_read' <Predicate = (!icmp_ln126)> <Delay = 0.00>
ST_1 : Operation 38 [1/1] (0.00ns)   --->   "%pool_acc_17_read = read i16 @_ssdm_op_Read.ap_auto.halfP0A, i16 %pool_acc_17" [../main_5_slices.cpp:129]   --->   Operation 38 'read' 'pool_acc_17_read' <Predicate = (!icmp_ln126)> <Delay = 0.00>
ST_1 : Operation 39 [1/1] (0.00ns)   --->   "%pool_acc_18_read = read i16 @_ssdm_op_Read.ap_auto.halfP0A, i16 %pool_acc_18" [../main_5_slices.cpp:129]   --->   Operation 39 'read' 'pool_acc_18_read' <Predicate = (!icmp_ln126)> <Delay = 0.00>
ST_1 : Operation 40 [1/1] (0.00ns)   --->   "%pool_acc_19_read = read i16 @_ssdm_op_Read.ap_auto.halfP0A, i16 %pool_acc_19" [../main_5_slices.cpp:129]   --->   Operation 40 'read' 'pool_acc_19_read' <Predicate = (!icmp_ln126)> <Delay = 0.00>
ST_1 : Operation 41 [1/1] (0.00ns)   --->   "%pool_acc_20_read = read i16 @_ssdm_op_Read.ap_auto.halfP0A, i16 %pool_acc_20" [../main_5_slices.cpp:129]   --->   Operation 41 'read' 'pool_acc_20_read' <Predicate = (!icmp_ln126)> <Delay = 0.00>
ST_1 : Operation 42 [1/1] (0.00ns)   --->   "%pool_acc_21_read = read i16 @_ssdm_op_Read.ap_auto.halfP0A, i16 %pool_acc_21" [../main_5_slices.cpp:129]   --->   Operation 42 'read' 'pool_acc_21_read' <Predicate = (!icmp_ln126)> <Delay = 0.00>
ST_1 : Operation 43 [1/1] (0.00ns)   --->   "%pool_acc_22_read = read i16 @_ssdm_op_Read.ap_auto.halfP0A, i16 %pool_acc_22" [../main_5_slices.cpp:129]   --->   Operation 43 'read' 'pool_acc_22_read' <Predicate = (!icmp_ln126)> <Delay = 0.00>
ST_1 : Operation 44 [1/1] (0.00ns)   --->   "%pool_acc_23_read = read i16 @_ssdm_op_Read.ap_auto.halfP0A, i16 %pool_acc_23" [../main_5_slices.cpp:129]   --->   Operation 44 'read' 'pool_acc_23_read' <Predicate = (!icmp_ln126)> <Delay = 0.00>
ST_1 : Operation 45 [1/1] (0.00ns)   --->   "%pool_acc_24_read = read i16 @_ssdm_op_Read.ap_auto.halfP0A, i16 %pool_acc_24" [../main_5_slices.cpp:129]   --->   Operation 45 'read' 'pool_acc_24_read' <Predicate = (!icmp_ln126)> <Delay = 0.00>
ST_1 : Operation 46 [1/1] (0.00ns)   --->   "%pool_acc_25_read = read i16 @_ssdm_op_Read.ap_auto.halfP0A, i16 %pool_acc_25" [../main_5_slices.cpp:129]   --->   Operation 46 'read' 'pool_acc_25_read' <Predicate = (!icmp_ln126)> <Delay = 0.00>
ST_1 : Operation 47 [1/1] (0.00ns)   --->   "%pool_acc_26_read = read i16 @_ssdm_op_Read.ap_auto.halfP0A, i16 %pool_acc_26" [../main_5_slices.cpp:129]   --->   Operation 47 'read' 'pool_acc_26_read' <Predicate = (!icmp_ln126)> <Delay = 0.00>
ST_1 : Operation 48 [1/1] (0.00ns)   --->   "%pool_acc_27_read = read i16 @_ssdm_op_Read.ap_auto.halfP0A, i16 %pool_acc_27" [../main_5_slices.cpp:129]   --->   Operation 48 'read' 'pool_acc_27_read' <Predicate = (!icmp_ln126)> <Delay = 0.00>
ST_1 : Operation 49 [1/1] (0.00ns)   --->   "%pool_acc_28_read = read i16 @_ssdm_op_Read.ap_auto.halfP0A, i16 %pool_acc_28" [../main_5_slices.cpp:129]   --->   Operation 49 'read' 'pool_acc_28_read' <Predicate = (!icmp_ln126)> <Delay = 0.00>
ST_1 : Operation 50 [1/1] (0.00ns)   --->   "%pool_acc_29_read = read i16 @_ssdm_op_Read.ap_auto.halfP0A, i16 %pool_acc_29" [../main_5_slices.cpp:129]   --->   Operation 50 'read' 'pool_acc_29_read' <Predicate = (!icmp_ln126)> <Delay = 0.00>
ST_1 : Operation 51 [1/1] (0.00ns)   --->   "%pool_acc_30_read = read i16 @_ssdm_op_Read.ap_auto.halfP0A, i16 %pool_acc_30" [../main_5_slices.cpp:129]   --->   Operation 51 'read' 'pool_acc_30_read' <Predicate = (!icmp_ln126)> <Delay = 0.00>
ST_1 : Operation 52 [1/1] (0.00ns)   --->   "%pool_acc_31_read = read i16 @_ssdm_op_Read.ap_auto.halfP0A, i16 %pool_acc_31" [../main_5_slices.cpp:129]   --->   Operation 52 'read' 'pool_acc_31_read' <Predicate = (!icmp_ln126)> <Delay = 0.00>
ST_1 : Operation 53 [1/1] (2.17ns)   --->   "%tmp_5 = sparsemux i16 @_ssdm_op_SparseMux.ap_auto.32half.half.i5, i5 0, i16 %pool_acc_read, i5 1, i16 %pool_acc_1_read, i5 2, i16 %pool_acc_2_read, i5 3, i16 %pool_acc_3_read, i5 4, i16 %pool_acc_4_read, i5 5, i16 %pool_acc_5_read, i5 6, i16 %pool_acc_6_read, i5 7, i16 %pool_acc_7_read, i5 8, i16 %pool_acc_8_read, i5 9, i16 %pool_acc_9_read, i5 10, i16 %pool_acc_10_read, i5 11, i16 %pool_acc_11_read, i5 12, i16 %pool_acc_12_read, i5 13, i16 %pool_acc_13_read, i5 14, i16 %pool_acc_14_read, i5 15, i16 %pool_acc_15_read, i5 16, i16 %pool_acc_16_read, i5 17, i16 %pool_acc_17_read, i5 18, i16 %pool_acc_18_read, i5 19, i16 %pool_acc_19_read, i5 20, i16 %pool_acc_20_read, i5 21, i16 %pool_acc_21_read, i5 22, i16 %pool_acc_22_read, i5 23, i16 %pool_acc_23_read, i5 24, i16 %pool_acc_24_read, i5 25, i16 %pool_acc_25_read, i5 26, i16 %pool_acc_26_read, i5 27, i16 %pool_acc_27_read, i5 28, i16 %pool_acc_28_read, i5 29, i16 %pool_acc_29_read, i5 30, i16 %pool_acc_30_read, i5 31, i16 %pool_acc_31_read, i16 <undef>, i5 %trunc_ln126" [../main_5_slices.cpp:129]   --->   Operation 53 'sparsemux' 'tmp_5' <Predicate = (!icmp_ln126)> <Delay = 2.17> <CoreInst = "BinarySparseMux_DontCare">   --->   Core 137 'BinarySparseMux_DontCare' <Latency = 0> <II = 1> <Delay = 2.17> <FuncUnit> <Opcode : 'sparsemux'> <InPorts = 2> <OutPorts = 1>
ST_1 : Operation 54 [1/1] (1.46ns)   --->   "%switch_ln130 = switch i5 %trunc_ln126, void %arrayidx100.case.31, i5 0, void %arrayidx100.case.0, i5 1, void %arrayidx100.case.1, i5 2, void %arrayidx100.case.2, i5 3, void %arrayidx100.case.3, i5 4, void %arrayidx100.case.4, i5 5, void %arrayidx100.case.5, i5 6, void %arrayidx100.case.6, i5 7, void %arrayidx100.case.7, i5 8, void %arrayidx100.case.8, i5 9, void %arrayidx100.case.9, i5 10, void %arrayidx100.case.10, i5 11, void %arrayidx100.case.11, i5 12, void %arrayidx100.case.12, i5 13, void %arrayidx100.case.13, i5 14, void %arrayidx100.case.14, i5 15, void %arrayidx100.case.15, i5 16, void %arrayidx100.case.16, i5 17, void %arrayidx100.case.17, i5 18, void %arrayidx100.case.18, i5 19, void %arrayidx100.case.19, i5 20, void %arrayidx100.case.20, i5 21, void %arrayidx100.case.21, i5 22, void %arrayidx100.case.22, i5 23, void %arrayidx100.case.23, i5 24, void %arrayidx100.case.24, i5 25, void %arrayidx100.case.25, i5 26, void %arrayidx100.case.26, i5 27, void %arrayidx100.case.27, i5 28, void %arrayidx100.case.28, i5 29, void %arrayidx100.case.29, i5 30, void %arrayidx100.case.30" [../main_5_slices.cpp:130]   --->   Operation 54 'switch' 'switch_ln130' <Predicate = (!icmp_ln126)> <Delay = 1.46>
ST_1 : Operation 55 [1/1] (0.00ns)   --->   "%write_ln130 = write void @_ssdm_op_Write.ap_auto.halfP0A, i16 %pool_acc_30, i16 0" [../main_5_slices.cpp:130]   --->   Operation 55 'write' 'write_ln130' <Predicate = (!icmp_ln126 & trunc_ln126 == 30)> <Delay = 0.00>
ST_1 : Operation 56 [1/1] (0.00ns)   --->   "%br_ln130 = br void %arrayidx100.exit" [../main_5_slices.cpp:130]   --->   Operation 56 'br' 'br_ln130' <Predicate = (!icmp_ln126 & trunc_ln126 == 30)> <Delay = 0.00>
ST_1 : Operation 57 [1/1] (0.00ns)   --->   "%write_ln130 = write void @_ssdm_op_Write.ap_auto.halfP0A, i16 %pool_acc_29, i16 0" [../main_5_slices.cpp:130]   --->   Operation 57 'write' 'write_ln130' <Predicate = (!icmp_ln126 & trunc_ln126 == 29)> <Delay = 0.00>
ST_1 : Operation 58 [1/1] (0.00ns)   --->   "%br_ln130 = br void %arrayidx100.exit" [../main_5_slices.cpp:130]   --->   Operation 58 'br' 'br_ln130' <Predicate = (!icmp_ln126 & trunc_ln126 == 29)> <Delay = 0.00>
ST_1 : Operation 59 [1/1] (0.00ns)   --->   "%write_ln130 = write void @_ssdm_op_Write.ap_auto.halfP0A, i16 %pool_acc_28, i16 0" [../main_5_slices.cpp:130]   --->   Operation 59 'write' 'write_ln130' <Predicate = (!icmp_ln126 & trunc_ln126 == 28)> <Delay = 0.00>
ST_1 : Operation 60 [1/1] (0.00ns)   --->   "%br_ln130 = br void %arrayidx100.exit" [../main_5_slices.cpp:130]   --->   Operation 60 'br' 'br_ln130' <Predicate = (!icmp_ln126 & trunc_ln126 == 28)> <Delay = 0.00>
ST_1 : Operation 61 [1/1] (0.00ns)   --->   "%write_ln130 = write void @_ssdm_op_Write.ap_auto.halfP0A, i16 %pool_acc_27, i16 0" [../main_5_slices.cpp:130]   --->   Operation 61 'write' 'write_ln130' <Predicate = (!icmp_ln126 & trunc_ln126 == 27)> <Delay = 0.00>
ST_1 : Operation 62 [1/1] (0.00ns)   --->   "%br_ln130 = br void %arrayidx100.exit" [../main_5_slices.cpp:130]   --->   Operation 62 'br' 'br_ln130' <Predicate = (!icmp_ln126 & trunc_ln126 == 27)> <Delay = 0.00>
ST_1 : Operation 63 [1/1] (0.00ns)   --->   "%write_ln130 = write void @_ssdm_op_Write.ap_auto.halfP0A, i16 %pool_acc_26, i16 0" [../main_5_slices.cpp:130]   --->   Operation 63 'write' 'write_ln130' <Predicate = (!icmp_ln126 & trunc_ln126 == 26)> <Delay = 0.00>
ST_1 : Operation 64 [1/1] (0.00ns)   --->   "%br_ln130 = br void %arrayidx100.exit" [../main_5_slices.cpp:130]   --->   Operation 64 'br' 'br_ln130' <Predicate = (!icmp_ln126 & trunc_ln126 == 26)> <Delay = 0.00>
ST_1 : Operation 65 [1/1] (0.00ns)   --->   "%write_ln130 = write void @_ssdm_op_Write.ap_auto.halfP0A, i16 %pool_acc_25, i16 0" [../main_5_slices.cpp:130]   --->   Operation 65 'write' 'write_ln130' <Predicate = (!icmp_ln126 & trunc_ln126 == 25)> <Delay = 0.00>
ST_1 : Operation 66 [1/1] (0.00ns)   --->   "%br_ln130 = br void %arrayidx100.exit" [../main_5_slices.cpp:130]   --->   Operation 66 'br' 'br_ln130' <Predicate = (!icmp_ln126 & trunc_ln126 == 25)> <Delay = 0.00>
ST_1 : Operation 67 [1/1] (0.00ns)   --->   "%write_ln130 = write void @_ssdm_op_Write.ap_auto.halfP0A, i16 %pool_acc_24, i16 0" [../main_5_slices.cpp:130]   --->   Operation 67 'write' 'write_ln130' <Predicate = (!icmp_ln126 & trunc_ln126 == 24)> <Delay = 0.00>
ST_1 : Operation 68 [1/1] (0.00ns)   --->   "%br_ln130 = br void %arrayidx100.exit" [../main_5_slices.cpp:130]   --->   Operation 68 'br' 'br_ln130' <Predicate = (!icmp_ln126 & trunc_ln126 == 24)> <Delay = 0.00>
ST_1 : Operation 69 [1/1] (0.00ns)   --->   "%write_ln130 = write void @_ssdm_op_Write.ap_auto.halfP0A, i16 %pool_acc_23, i16 0" [../main_5_slices.cpp:130]   --->   Operation 69 'write' 'write_ln130' <Predicate = (!icmp_ln126 & trunc_ln126 == 23)> <Delay = 0.00>
ST_1 : Operation 70 [1/1] (0.00ns)   --->   "%br_ln130 = br void %arrayidx100.exit" [../main_5_slices.cpp:130]   --->   Operation 70 'br' 'br_ln130' <Predicate = (!icmp_ln126 & trunc_ln126 == 23)> <Delay = 0.00>
ST_1 : Operation 71 [1/1] (0.00ns)   --->   "%write_ln130 = write void @_ssdm_op_Write.ap_auto.halfP0A, i16 %pool_acc_22, i16 0" [../main_5_slices.cpp:130]   --->   Operation 71 'write' 'write_ln130' <Predicate = (!icmp_ln126 & trunc_ln126 == 22)> <Delay = 0.00>
ST_1 : Operation 72 [1/1] (0.00ns)   --->   "%br_ln130 = br void %arrayidx100.exit" [../main_5_slices.cpp:130]   --->   Operation 72 'br' 'br_ln130' <Predicate = (!icmp_ln126 & trunc_ln126 == 22)> <Delay = 0.00>
ST_1 : Operation 73 [1/1] (0.00ns)   --->   "%write_ln130 = write void @_ssdm_op_Write.ap_auto.halfP0A, i16 %pool_acc_21, i16 0" [../main_5_slices.cpp:130]   --->   Operation 73 'write' 'write_ln130' <Predicate = (!icmp_ln126 & trunc_ln126 == 21)> <Delay = 0.00>
ST_1 : Operation 74 [1/1] (0.00ns)   --->   "%br_ln130 = br void %arrayidx100.exit" [../main_5_slices.cpp:130]   --->   Operation 74 'br' 'br_ln130' <Predicate = (!icmp_ln126 & trunc_ln126 == 21)> <Delay = 0.00>
ST_1 : Operation 75 [1/1] (0.00ns)   --->   "%write_ln130 = write void @_ssdm_op_Write.ap_auto.halfP0A, i16 %pool_acc_20, i16 0" [../main_5_slices.cpp:130]   --->   Operation 75 'write' 'write_ln130' <Predicate = (!icmp_ln126 & trunc_ln126 == 20)> <Delay = 0.00>
ST_1 : Operation 76 [1/1] (0.00ns)   --->   "%br_ln130 = br void %arrayidx100.exit" [../main_5_slices.cpp:130]   --->   Operation 76 'br' 'br_ln130' <Predicate = (!icmp_ln126 & trunc_ln126 == 20)> <Delay = 0.00>
ST_1 : Operation 77 [1/1] (0.00ns)   --->   "%write_ln130 = write void @_ssdm_op_Write.ap_auto.halfP0A, i16 %pool_acc_19, i16 0" [../main_5_slices.cpp:130]   --->   Operation 77 'write' 'write_ln130' <Predicate = (!icmp_ln126 & trunc_ln126 == 19)> <Delay = 0.00>
ST_1 : Operation 78 [1/1] (0.00ns)   --->   "%br_ln130 = br void %arrayidx100.exit" [../main_5_slices.cpp:130]   --->   Operation 78 'br' 'br_ln130' <Predicate = (!icmp_ln126 & trunc_ln126 == 19)> <Delay = 0.00>
ST_1 : Operation 79 [1/1] (0.00ns)   --->   "%write_ln130 = write void @_ssdm_op_Write.ap_auto.halfP0A, i16 %pool_acc_18, i16 0" [../main_5_slices.cpp:130]   --->   Operation 79 'write' 'write_ln130' <Predicate = (!icmp_ln126 & trunc_ln126 == 18)> <Delay = 0.00>
ST_1 : Operation 80 [1/1] (0.00ns)   --->   "%br_ln130 = br void %arrayidx100.exit" [../main_5_slices.cpp:130]   --->   Operation 80 'br' 'br_ln130' <Predicate = (!icmp_ln126 & trunc_ln126 == 18)> <Delay = 0.00>
ST_1 : Operation 81 [1/1] (0.00ns)   --->   "%write_ln130 = write void @_ssdm_op_Write.ap_auto.halfP0A, i16 %pool_acc_17, i16 0" [../main_5_slices.cpp:130]   --->   Operation 81 'write' 'write_ln130' <Predicate = (!icmp_ln126 & trunc_ln126 == 17)> <Delay = 0.00>
ST_1 : Operation 82 [1/1] (0.00ns)   --->   "%br_ln130 = br void %arrayidx100.exit" [../main_5_slices.cpp:130]   --->   Operation 82 'br' 'br_ln130' <Predicate = (!icmp_ln126 & trunc_ln126 == 17)> <Delay = 0.00>
ST_1 : Operation 83 [1/1] (0.00ns)   --->   "%write_ln130 = write void @_ssdm_op_Write.ap_auto.halfP0A, i16 %pool_acc_16, i16 0" [../main_5_slices.cpp:130]   --->   Operation 83 'write' 'write_ln130' <Predicate = (!icmp_ln126 & trunc_ln126 == 16)> <Delay = 0.00>
ST_1 : Operation 84 [1/1] (0.00ns)   --->   "%br_ln130 = br void %arrayidx100.exit" [../main_5_slices.cpp:130]   --->   Operation 84 'br' 'br_ln130' <Predicate = (!icmp_ln126 & trunc_ln126 == 16)> <Delay = 0.00>
ST_1 : Operation 85 [1/1] (0.00ns)   --->   "%write_ln130 = write void @_ssdm_op_Write.ap_auto.halfP0A, i16 %pool_acc_15, i16 0" [../main_5_slices.cpp:130]   --->   Operation 85 'write' 'write_ln130' <Predicate = (!icmp_ln126 & trunc_ln126 == 15)> <Delay = 0.00>
ST_1 : Operation 86 [1/1] (0.00ns)   --->   "%br_ln130 = br void %arrayidx100.exit" [../main_5_slices.cpp:130]   --->   Operation 86 'br' 'br_ln130' <Predicate = (!icmp_ln126 & trunc_ln126 == 15)> <Delay = 0.00>
ST_1 : Operation 87 [1/1] (0.00ns)   --->   "%write_ln130 = write void @_ssdm_op_Write.ap_auto.halfP0A, i16 %pool_acc_14, i16 0" [../main_5_slices.cpp:130]   --->   Operation 87 'write' 'write_ln130' <Predicate = (!icmp_ln126 & trunc_ln126 == 14)> <Delay = 0.00>
ST_1 : Operation 88 [1/1] (0.00ns)   --->   "%br_ln130 = br void %arrayidx100.exit" [../main_5_slices.cpp:130]   --->   Operation 88 'br' 'br_ln130' <Predicate = (!icmp_ln126 & trunc_ln126 == 14)> <Delay = 0.00>
ST_1 : Operation 89 [1/1] (0.00ns)   --->   "%write_ln130 = write void @_ssdm_op_Write.ap_auto.halfP0A, i16 %pool_acc_13, i16 0" [../main_5_slices.cpp:130]   --->   Operation 89 'write' 'write_ln130' <Predicate = (!icmp_ln126 & trunc_ln126 == 13)> <Delay = 0.00>
ST_1 : Operation 90 [1/1] (0.00ns)   --->   "%br_ln130 = br void %arrayidx100.exit" [../main_5_slices.cpp:130]   --->   Operation 90 'br' 'br_ln130' <Predicate = (!icmp_ln126 & trunc_ln126 == 13)> <Delay = 0.00>
ST_1 : Operation 91 [1/1] (0.00ns)   --->   "%write_ln130 = write void @_ssdm_op_Write.ap_auto.halfP0A, i16 %pool_acc_12, i16 0" [../main_5_slices.cpp:130]   --->   Operation 91 'write' 'write_ln130' <Predicate = (!icmp_ln126 & trunc_ln126 == 12)> <Delay = 0.00>
ST_1 : Operation 92 [1/1] (0.00ns)   --->   "%br_ln130 = br void %arrayidx100.exit" [../main_5_slices.cpp:130]   --->   Operation 92 'br' 'br_ln130' <Predicate = (!icmp_ln126 & trunc_ln126 == 12)> <Delay = 0.00>
ST_1 : Operation 93 [1/1] (0.00ns)   --->   "%write_ln130 = write void @_ssdm_op_Write.ap_auto.halfP0A, i16 %pool_acc_11, i16 0" [../main_5_slices.cpp:130]   --->   Operation 93 'write' 'write_ln130' <Predicate = (!icmp_ln126 & trunc_ln126 == 11)> <Delay = 0.00>
ST_1 : Operation 94 [1/1] (0.00ns)   --->   "%br_ln130 = br void %arrayidx100.exit" [../main_5_slices.cpp:130]   --->   Operation 94 'br' 'br_ln130' <Predicate = (!icmp_ln126 & trunc_ln126 == 11)> <Delay = 0.00>
ST_1 : Operation 95 [1/1] (0.00ns)   --->   "%write_ln130 = write void @_ssdm_op_Write.ap_auto.halfP0A, i16 %pool_acc_10, i16 0" [../main_5_slices.cpp:130]   --->   Operation 95 'write' 'write_ln130' <Predicate = (!icmp_ln126 & trunc_ln126 == 10)> <Delay = 0.00>
ST_1 : Operation 96 [1/1] (0.00ns)   --->   "%br_ln130 = br void %arrayidx100.exit" [../main_5_slices.cpp:130]   --->   Operation 96 'br' 'br_ln130' <Predicate = (!icmp_ln126 & trunc_ln126 == 10)> <Delay = 0.00>
ST_1 : Operation 97 [1/1] (0.00ns)   --->   "%write_ln130 = write void @_ssdm_op_Write.ap_auto.halfP0A, i16 %pool_acc_9, i16 0" [../main_5_slices.cpp:130]   --->   Operation 97 'write' 'write_ln130' <Predicate = (!icmp_ln126 & trunc_ln126 == 9)> <Delay = 0.00>
ST_1 : Operation 98 [1/1] (0.00ns)   --->   "%br_ln130 = br void %arrayidx100.exit" [../main_5_slices.cpp:130]   --->   Operation 98 'br' 'br_ln130' <Predicate = (!icmp_ln126 & trunc_ln126 == 9)> <Delay = 0.00>
ST_1 : Operation 99 [1/1] (0.00ns)   --->   "%write_ln130 = write void @_ssdm_op_Write.ap_auto.halfP0A, i16 %pool_acc_8, i16 0" [../main_5_slices.cpp:130]   --->   Operation 99 'write' 'write_ln130' <Predicate = (!icmp_ln126 & trunc_ln126 == 8)> <Delay = 0.00>
ST_1 : Operation 100 [1/1] (0.00ns)   --->   "%br_ln130 = br void %arrayidx100.exit" [../main_5_slices.cpp:130]   --->   Operation 100 'br' 'br_ln130' <Predicate = (!icmp_ln126 & trunc_ln126 == 8)> <Delay = 0.00>
ST_1 : Operation 101 [1/1] (0.00ns)   --->   "%write_ln130 = write void @_ssdm_op_Write.ap_auto.halfP0A, i16 %pool_acc_7, i16 0" [../main_5_slices.cpp:130]   --->   Operation 101 'write' 'write_ln130' <Predicate = (!icmp_ln126 & trunc_ln126 == 7)> <Delay = 0.00>
ST_1 : Operation 102 [1/1] (0.00ns)   --->   "%br_ln130 = br void %arrayidx100.exit" [../main_5_slices.cpp:130]   --->   Operation 102 'br' 'br_ln130' <Predicate = (!icmp_ln126 & trunc_ln126 == 7)> <Delay = 0.00>
ST_1 : Operation 103 [1/1] (0.00ns)   --->   "%write_ln130 = write void @_ssdm_op_Write.ap_auto.halfP0A, i16 %pool_acc_6, i16 0" [../main_5_slices.cpp:130]   --->   Operation 103 'write' 'write_ln130' <Predicate = (!icmp_ln126 & trunc_ln126 == 6)> <Delay = 0.00>
ST_1 : Operation 104 [1/1] (0.00ns)   --->   "%br_ln130 = br void %arrayidx100.exit" [../main_5_slices.cpp:130]   --->   Operation 104 'br' 'br_ln130' <Predicate = (!icmp_ln126 & trunc_ln126 == 6)> <Delay = 0.00>
ST_1 : Operation 105 [1/1] (0.00ns)   --->   "%write_ln130 = write void @_ssdm_op_Write.ap_auto.halfP0A, i16 %pool_acc_5, i16 0" [../main_5_slices.cpp:130]   --->   Operation 105 'write' 'write_ln130' <Predicate = (!icmp_ln126 & trunc_ln126 == 5)> <Delay = 0.00>
ST_1 : Operation 106 [1/1] (0.00ns)   --->   "%br_ln130 = br void %arrayidx100.exit" [../main_5_slices.cpp:130]   --->   Operation 106 'br' 'br_ln130' <Predicate = (!icmp_ln126 & trunc_ln126 == 5)> <Delay = 0.00>
ST_1 : Operation 107 [1/1] (0.00ns)   --->   "%write_ln130 = write void @_ssdm_op_Write.ap_auto.halfP0A, i16 %pool_acc_4, i16 0" [../main_5_slices.cpp:130]   --->   Operation 107 'write' 'write_ln130' <Predicate = (!icmp_ln126 & trunc_ln126 == 4)> <Delay = 0.00>
ST_1 : Operation 108 [1/1] (0.00ns)   --->   "%br_ln130 = br void %arrayidx100.exit" [../main_5_slices.cpp:130]   --->   Operation 108 'br' 'br_ln130' <Predicate = (!icmp_ln126 & trunc_ln126 == 4)> <Delay = 0.00>
ST_1 : Operation 109 [1/1] (0.00ns)   --->   "%write_ln130 = write void @_ssdm_op_Write.ap_auto.halfP0A, i16 %pool_acc_3, i16 0" [../main_5_slices.cpp:130]   --->   Operation 109 'write' 'write_ln130' <Predicate = (!icmp_ln126 & trunc_ln126 == 3)> <Delay = 0.00>
ST_1 : Operation 110 [1/1] (0.00ns)   --->   "%br_ln130 = br void %arrayidx100.exit" [../main_5_slices.cpp:130]   --->   Operation 110 'br' 'br_ln130' <Predicate = (!icmp_ln126 & trunc_ln126 == 3)> <Delay = 0.00>
ST_1 : Operation 111 [1/1] (0.00ns)   --->   "%write_ln130 = write void @_ssdm_op_Write.ap_auto.halfP0A, i16 %pool_acc_2, i16 0" [../main_5_slices.cpp:130]   --->   Operation 111 'write' 'write_ln130' <Predicate = (!icmp_ln126 & trunc_ln126 == 2)> <Delay = 0.00>
ST_1 : Operation 112 [1/1] (0.00ns)   --->   "%br_ln130 = br void %arrayidx100.exit" [../main_5_slices.cpp:130]   --->   Operation 112 'br' 'br_ln130' <Predicate = (!icmp_ln126 & trunc_ln126 == 2)> <Delay = 0.00>
ST_1 : Operation 113 [1/1] (0.00ns)   --->   "%write_ln130 = write void @_ssdm_op_Write.ap_auto.halfP0A, i16 %pool_acc_1, i16 0" [../main_5_slices.cpp:130]   --->   Operation 113 'write' 'write_ln130' <Predicate = (!icmp_ln126 & trunc_ln126 == 1)> <Delay = 0.00>
ST_1 : Operation 114 [1/1] (0.00ns)   --->   "%br_ln130 = br void %arrayidx100.exit" [../main_5_slices.cpp:130]   --->   Operation 114 'br' 'br_ln130' <Predicate = (!icmp_ln126 & trunc_ln126 == 1)> <Delay = 0.00>
ST_1 : Operation 115 [1/1] (0.00ns)   --->   "%write_ln130 = write void @_ssdm_op_Write.ap_auto.halfP0A, i16 %pool_acc, i16 0" [../main_5_slices.cpp:130]   --->   Operation 115 'write' 'write_ln130' <Predicate = (!icmp_ln126 & trunc_ln126 == 0)> <Delay = 0.00>
ST_1 : Operation 116 [1/1] (0.00ns)   --->   "%br_ln130 = br void %arrayidx100.exit" [../main_5_slices.cpp:130]   --->   Operation 116 'br' 'br_ln130' <Predicate = (!icmp_ln126 & trunc_ln126 == 0)> <Delay = 0.00>
ST_1 : Operation 117 [1/1] (0.00ns)   --->   "%write_ln130 = write void @_ssdm_op_Write.ap_auto.halfP0A, i16 %pool_acc_31, i16 0" [../main_5_slices.cpp:130]   --->   Operation 117 'write' 'write_ln130' <Predicate = (!icmp_ln126 & trunc_ln126 == 31)> <Delay = 0.00>
ST_1 : Operation 118 [1/1] (0.00ns)   --->   "%br_ln130 = br void %arrayidx100.exit" [../main_5_slices.cpp:130]   --->   Operation 118 'br' 'br_ln130' <Predicate = (!icmp_ln126 & trunc_ln126 == 31)> <Delay = 0.00>
ST_1 : Operation 119 [1/1] (1.14ns)   --->   "%store_ln81 = store i6 %add_ln126, i6 %f" [../main_5_slices.cpp:81]   --->   Operation 119 'store' 'store_ln81' <Predicate = (!icmp_ln126)> <Delay = 1.14>
ST_1 : Operation 120 [1/1] (0.00ns)   --->   "%br_ln126 = br void %for.inc109" [../main_5_slices.cpp:126]   --->   Operation 120 'br' 'br_ln126' <Predicate = (!icmp_ln126)> <Delay = 0.00>

State 2 <SV = 1> <Delay = 7.23>
ST_2 : Operation 121 [6/6] (7.23ns)   --->   "%div = hdiv i16 %tmp_5, i16 6" [../main_5_slices.cpp:129]   --->   Operation 121 'hdiv' 'div' <Predicate = true> <Delay = 7.23> <CoreInst = "HDiv">   --->   Core 57 'HDiv' <Latency = 5> <II = 1> <Delay = 7.23> <FuncUnit> <Opcode : 'hdiv'> <InPorts = 2> <OutPorts = 1>

State 3 <SV = 2> <Delay = 7.23>
ST_3 : Operation 122 [5/6] (7.23ns)   --->   "%div = hdiv i16 %tmp_5, i16 6" [../main_5_slices.cpp:129]   --->   Operation 122 'hdiv' 'div' <Predicate = true> <Delay = 7.23> <CoreInst = "HDiv">   --->   Core 57 'HDiv' <Latency = 5> <II = 1> <Delay = 7.23> <FuncUnit> <Opcode : 'hdiv'> <InPorts = 2> <OutPorts = 1>

State 4 <SV = 3> <Delay = 7.23>
ST_4 : Operation 123 [4/6] (7.23ns)   --->   "%div = hdiv i16 %tmp_5, i16 6" [../main_5_slices.cpp:129]   --->   Operation 123 'hdiv' 'div' <Predicate = true> <Delay = 7.23> <CoreInst = "HDiv">   --->   Core 57 'HDiv' <Latency = 5> <II = 1> <Delay = 7.23> <FuncUnit> <Opcode : 'hdiv'> <InPorts = 2> <OutPorts = 1>

State 5 <SV = 4> <Delay = 7.23>
ST_5 : Operation 124 [3/6] (7.23ns)   --->   "%div = hdiv i16 %tmp_5, i16 6" [../main_5_slices.cpp:129]   --->   Operation 124 'hdiv' 'div' <Predicate = true> <Delay = 7.23> <CoreInst = "HDiv">   --->   Core 57 'HDiv' <Latency = 5> <II = 1> <Delay = 7.23> <FuncUnit> <Opcode : 'hdiv'> <InPorts = 2> <OutPorts = 1>

State 6 <SV = 5> <Delay = 7.23>
ST_6 : Operation 125 [2/6] (7.23ns)   --->   "%div = hdiv i16 %tmp_5, i16 6" [../main_5_slices.cpp:129]   --->   Operation 125 'hdiv' 'div' <Predicate = true> <Delay = 7.23> <CoreInst = "HDiv">   --->   Core 57 'HDiv' <Latency = 5> <II = 1> <Delay = 7.23> <FuncUnit> <Opcode : 'hdiv'> <InPorts = 2> <OutPorts = 1>

State 7 <SV = 6> <Delay = 7.23>
ST_7 : Operation 126 [1/6] (7.23ns)   --->   "%div = hdiv i16 %tmp_5, i16 6" [../main_5_slices.cpp:129]   --->   Operation 126 'hdiv' 'div' <Predicate = true> <Delay = 7.23> <CoreInst = "HDiv">   --->   Core 57 'HDiv' <Latency = 5> <II = 1> <Delay = 7.23> <FuncUnit> <Opcode : 'hdiv'> <InPorts = 2> <OutPorts = 1>

State 8 <SV = 7> <Delay = 2.83>
ST_8 : Operation 127 [1/1] (0.00ns)   --->   "%zext_ln126 = zext i6 %f_1" [../main_5_slices.cpp:126]   --->   Operation 127 'zext' 'zext_ln126' <Predicate = true> <Delay = 0.00>
ST_8 : Operation 128 [1/1] (1.62ns)   --->   "%add_ln129 = add i9 %zext_ln126, i9 %mul4_read" [../main_5_slices.cpp:129]   --->   Operation 128 'add' 'add_ln129' <Predicate = true> <Delay = 1.62> <CoreInst = "Adder">   --->   Core 1 'Adder' <Latency = 0> <II = 1> <Delay = 1.62> <FuncUnit> <Opcode : 'add' 'sub'> <InPorts = 2> <OutPorts = 1>
ST_8 : Operation 129 [1/1] (0.00ns)   --->   "%zext_ln129 = zext i9 %add_ln129" [../main_5_slices.cpp:129]   --->   Operation 129 'zext' 'zext_ln129' <Predicate = true> <Delay = 0.00>
ST_8 : Operation 130 [1/1] (0.00ns)   --->   "%U_slice_addr = getelementptr i16 %U_slice, i64 0, i64 %zext_ln129" [../main_5_slices.cpp:129]   --->   Operation 130 'getelementptr' 'U_slice_addr' <Predicate = true> <Delay = 0.00>
ST_8 : Operation 131 [2/2] (1.20ns)   --->   "%store_ln129 = store i16 %div, i9 %U_slice_addr" [../main_5_slices.cpp:129]   --->   Operation 131 'store' 'store_ln129' <Predicate = true> <Delay = 1.20> <CoreInst = "RAM">   --->   Core 81 'RAM' <Latency = 3> <II = 1> <Delay = 1.20> <Storage> <Opcode : 'load' 'store'> <Ports = 2> <Width = 16> <Depth = 384> <RAM>
ST_8 : Operation 136 [1/1] (1.14ns)   --->   "%ret_ln0 = ret"   --->   Operation 136 'ret' 'ret_ln0' <Predicate = (icmp_ln126)> <Delay = 1.14>

State 9 <SV = 8> <Delay = 1.20>
ST_9 : Operation 132 [1/1] (0.00ns)   --->   "%specpipeline_ln127 = specpipeline void @_ssdm_op_SpecPipeline, i32 4294967295, i32 0, i32 0, i32 0, void @empty_18" [../main_5_slices.cpp:127]   --->   Operation 132 'specpipeline' 'specpipeline_ln127' <Predicate = true> <Delay = 0.00>
ST_9 : Operation 133 [1/1] (0.00ns)   --->   "%speclooptripcount_ln81 = speclooptripcount void @_ssdm_op_SpecLoopTripCount, i64 32, i64 32, i64 32" [../main_5_slices.cpp:81]   --->   Operation 133 'speclooptripcount' 'speclooptripcount_ln81' <Predicate = true> <Delay = 0.00>
ST_9 : Operation 134 [1/1] (0.00ns)   --->   "%specloopname_ln126 = specloopname void @_ssdm_op_SpecLoopName, void @empty_7" [../main_5_slices.cpp:126]   --->   Operation 134 'specloopname' 'specloopname_ln126' <Predicate = true> <Delay = 0.00>
ST_9 : Operation 135 [1/2] ( I:1.20ns O:1.20ns )   --->   "%store_ln129 = store i16 %div, i9 %U_slice_addr" [../main_5_slices.cpp:129]   --->   Operation 135 'store' 'store_ln129' <Predicate = true> <Delay = 1.20> <CoreInst = "RAM">   --->   Core 81 'RAM' <Latency = 3> <II = 1> <Delay = 1.20> <Storage> <Opcode : 'load' 'store'> <Ports = 2> <Width = 16> <Depth = 384> <RAM>


============================================================
+ Verbose Summary: Timing violations
============================================================
Target clock period: 10.000ns, clock uncertainty: 2.000ns.

 <State 1>: 4.840ns
The critical path consists of the following:
	'store' operation 0 bit ('store_ln81', ../main_5_slices.cpp:81) of constant 0 on local variable 'f', ../main_5_slices.cpp:81 [37]  (1.146 ns)
	'load' operation 6 bit ('f', ../main_5_slices.cpp:126) on local variable 'f', ../main_5_slices.cpp:81 [40]  (0.000 ns)
	'icmp' operation 1 bit ('icmp_ln126', ../main_5_slices.cpp:126) [41]  (1.516 ns)
	wire read operation ('pool_acc_9_read', ../main_5_slices.cpp:129) on port 'pool_acc_9' (../main_5_slices.cpp:129) [59]  (0.000 ns)
	'sparsemux' operation 16 bit ('tmp_5', ../main_5_slices.cpp:129) [82]  (2.178 ns)

 <State 2>: 7.238ns
The critical path consists of the following:
	'hdiv' operation 16 bit ('div', ../main_5_slices.cpp:129) [83]  (7.238 ns)

 <State 3>: 7.238ns
The critical path consists of the following:
	'hdiv' operation 16 bit ('div', ../main_5_slices.cpp:129) [83]  (7.238 ns)

 <State 4>: 7.238ns
The critical path consists of the following:
	'hdiv' operation 16 bit ('div', ../main_5_slices.cpp:129) [83]  (7.238 ns)

 <State 5>: 7.238ns
The critical path consists of the following:
	'hdiv' operation 16 bit ('div', ../main_5_slices.cpp:129) [83]  (7.238 ns)

 <State 6>: 7.238ns
The critical path consists of the following:
	'hdiv' operation 16 bit ('div', ../main_5_slices.cpp:129) [83]  (7.238 ns)

 <State 7>: 7.238ns
The critical path consists of the following:
	'hdiv' operation 16 bit ('div', ../main_5_slices.cpp:129) [83]  (7.238 ns)

 <State 8>: 2.834ns
The critical path consists of the following:
	'add' operation 9 bit ('add_ln129', ../main_5_slices.cpp:129) [84]  (1.628 ns)
	'getelementptr' operation 9 bit ('U_slice_addr', ../main_5_slices.cpp:129) [86]  (0.000 ns)
	'store' operation 0 bit ('store_ln129', ../main_5_slices.cpp:129) of variable 'div', ../main_5_slices.cpp:129 on array 'U_slice' [87]  (1.206 ns)

 <State 9>: 1.206ns
The critical path consists of the following:
	'store' operation 0 bit ('store_ln129', ../main_5_slices.cpp:129) of variable 'div', ../main_5_slices.cpp:129 on array 'U_slice' [87]  (1.206 ns)


============================================================
+ Verbose Summary: Binding
============================================================
N/A
* FSMD analyzer results:
  - Output states:
 - Input state : 
  - Chain level:
	State 1
	State 2
	State 3
	State 4
	State 5
	State 6
	State 7
	State 8
	State 9


============================================================
+ Verbose Summary: Datapath Resource usage 
============================================================
N/A
