

================================================================
== Vitis HLS Report for 'lstm_forward_unidir_Pipeline_VITIS_LOOP_145_1'
================================================================
* Date:           Mon Sep 15 15:50:06 2025

* Version:        2024.2 (Build 5238294 on Nov  8 2024)
* Project:        run_model
* Solution:       hls (Vivado IP Flow Target)
* Product family: zynq
* Target device:  xc7z020-clg400-3


================================================================
== Performance Estimates
================================================================
+ Timing: 
    * Summary: 
    +--------+----------+----------+------------+
    |  Clock |  Target  | Estimated| Uncertainty|
    +--------+----------+----------+------------+
    |ap_clk  |  10.00 ns|  4.228 ns|     2.00 ns|
    +--------+----------+----------+------------+

+ Latency: 
    * Summary: 
    +---------+---------+----------+----------+-----+-----+------------------------------------------------+
    |  Latency (cycles) |  Latency (absolute) |  Interval |                    Pipeline                    |
    |   min   |   max   |    min   |    max   | min | max |                      Type                      |
    +---------+---------+----------+----------+-----+-----+------------------------------------------------+
    |       34|       34|  0.340 us|  0.340 us|   33|   33|  loop auto-rewind stp (delay=0 clock cycles(s))|
    +---------+---------+----------+----------+-----+-----+------------------------------------------------+

    + Detail: 
        * Instance: 
        N/A

        * Loop: 
        +--------------------+---------+---------+----------+-----------+-----------+------+----------+
        |                    |  Latency (cycles) | Iteration|  Initiation Interval  | Trip |          |
        |      Loop Name     |   min   |   max   |  Latency |  achieved |   target  | Count| Pipelined|
        +--------------------+---------+---------+----------+-----------+-----------+------+----------+
        |- VITIS_LOOP_145_1  |       32|       32|         1|          1|          1|    32|       yes|
        +--------------------+---------+---------+----------+-----------+-----------+------+----------+

============================================================
+ Verbose Summary: Synthesis Manager
============================================================
InlineROM: 1
ExposeGlobal: 0
============================================================
+ Verbose Summary: CDFG Model
============================================================
IsTopModel: 0
ResetActiveHigh: 1
IsCombinational: 0
IsDatapathOnly: 0
HasWiredReturn: 1
HasMFsm: 2
HasVarLatency: 1
IsPipeline: 0
IsRtlPipelined: 0
IsInstanceOverlapped: 0
IsDontTouch: 0
HasImplIP: 0
IsGatedGlobalClock: 0

+ Individual pipeline summary: 
  * Pipeline-0: initiation interval (II) = 1, depth = 1


============================================================
+ Verbose Summary: Schedule
============================================================
* Number of FSM states : 1
* Pipeline : 1
  Pipeline-0 : II = 1, D = 1, States = { 1 }
* Dataflow Pipeline: 0

* FSM state transitions: 
1 --> 

* FSM state operations: 

State 1 <SV = 0> <Delay = 4.22>
ST_1 : Operation 4 [1/1] (0.00ns)   --->   "%j = alloca i32 1" [../main_5_slices.cpp:144]   --->   Operation 4 'alloca' 'j' <Predicate = true> <Delay = 0.00>
ST_1 : Operation 5 [1/1] (1.14ns)   --->   "%store_ln144 = store i6 0, i6 %j" [../main_5_slices.cpp:144]   --->   Operation 5 'store' 'store_ln144' <Predicate = true> <Delay = 1.14>
ST_1 : Operation 6 [1/1] (0.00ns)   --->   "%br_ln0 = br void %for.inc"   --->   Operation 6 'br' 'br_ln0' <Predicate = true> <Delay = 0.00>
ST_1 : Operation 7 [1/1] (0.00ns)   --->   "%j_6 = load i6 %j" [../main_5_slices.cpp:145]   --->   Operation 7 'load' 'j_6' <Predicate = true> <Delay = 0.00>
ST_1 : Operation 8 [1/1] (1.51ns)   --->   "%icmp_ln145 = icmp_eq  i6 %j_6, i6 32" [../main_5_slices.cpp:145]   --->   Operation 8 'icmp' 'icmp_ln145' <Predicate = true> <Delay = 1.51> <CoreInst = "Cmp">   --->   Core 9 'Cmp' <Latency = 0> <II = 1> <Delay = 1.51> <FuncUnit> <Opcode : 'seteq' 'setne' 'setle' 'setge' 'setlt' 'setgt'> <InPorts = 2> <OutPorts = 1>
ST_1 : Operation 9 [1/1] (1.51ns)   --->   "%add_ln145 = add i6 %j_6, i6 1" [../main_5_slices.cpp:145]   --->   Operation 9 'add' 'add_ln145' <Predicate = true> <Delay = 1.51> <CoreInst = "Adder">   --->   Core 1 'Adder' <Latency = 0> <II = 1> <Delay = 1.51> <FuncUnit> <Opcode : 'add' 'sub'> <InPorts = 2> <OutPorts = 1>
ST_1 : Operation 10 [1/1] (0.00ns)   --->   "%br_ln145 = br i1 %icmp_ln145, void %for.inc.split, void %Loop2_1LSTM.preheader.exitStub" [../main_5_slices.cpp:145]   --->   Operation 10 'br' 'br_ln145' <Predicate = true> <Delay = 0.00>
ST_1 : Operation 11 [1/1] (0.00ns)   --->   "%zext_ln145 = zext i6 %j_6" [../main_5_slices.cpp:145]   --->   Operation 11 'zext' 'zext_ln145' <Predicate = (!icmp_ln145)> <Delay = 0.00>
ST_1 : Operation 12 [1/1] (0.00ns)   --->   "%specpipeline_ln146 = specpipeline void @_ssdm_op_SpecPipeline, i32 4294967295, i32 0, i32 0, i32 0, void @empty_18" [../main_5_slices.cpp:146]   --->   Operation 12 'specpipeline' 'specpipeline_ln146' <Predicate = (!icmp_ln145)> <Delay = 0.00>
ST_1 : Operation 13 [1/1] (0.00ns)   --->   "%speclooptripcount_ln144 = speclooptripcount void @_ssdm_op_SpecLoopTripCount, i64 32, i64 32, i64 32" [../main_5_slices.cpp:144]   --->   Operation 13 'speclooptripcount' 'speclooptripcount_ln144' <Predicate = (!icmp_ln145)> <Delay = 0.00>
ST_1 : Operation 14 [1/1] (0.00ns)   --->   "%specloopname_ln145 = specloopname void @_ssdm_op_SpecLoopName, void @empty_2" [../main_5_slices.cpp:145]   --->   Operation 14 'specloopname' 'specloopname_ln145' <Predicate = (!icmp_ln145)> <Delay = 0.00>
ST_1 : Operation 15 [1/1] (0.00ns)   --->   "%h_slice_addr = getelementptr i16 %h_slice, i64 0, i64 %zext_ln145" [../main_5_slices.cpp:147]   --->   Operation 15 'getelementptr' 'h_slice_addr' <Predicate = (!icmp_ln145)> <Delay = 0.00>
ST_1 : Operation 16 [1/1] ( I:1.56ns O:1.56ns )   --->   "%store_ln147 = store i16 0, i5 %h_slice_addr" [../main_5_slices.cpp:147]   --->   Operation 16 'store' 'store_ln147' <Predicate = (!icmp_ln145)> <Delay = 1.56> <CoreInst = "RAM">   --->   Core 81 'RAM' <Latency = 1> <II = 1> <Delay = 1.56> <Storage> <Opcode : 'load' 'store'> <Ports = 2> <Width = 16> <Depth = 32> <RAM>
ST_1 : Operation 17 [1/1] (0.00ns)   --->   "%c_slice_addr = getelementptr i16 %c_slice, i64 0, i64 %zext_ln145" [../main_5_slices.cpp:148]   --->   Operation 17 'getelementptr' 'c_slice_addr' <Predicate = (!icmp_ln145)> <Delay = 0.00>
ST_1 : Operation 18 [1/1] ( I:1.56ns O:1.56ns )   --->   "%store_ln148 = store i16 0, i5 %c_slice_addr" [../main_5_slices.cpp:148]   --->   Operation 18 'store' 'store_ln148' <Predicate = (!icmp_ln145)> <Delay = 1.56> <CoreInst = "RAM">   --->   Core 81 'RAM' <Latency = 1> <II = 1> <Delay = 1.56> <Storage> <Opcode : 'load' 'store'> <Ports = 2> <Width = 16> <Depth = 32> <RAM>
ST_1 : Operation 19 [1/1] (1.14ns)   --->   "%store_ln144 = store i6 %add_ln145, i6 %j" [../main_5_slices.cpp:144]   --->   Operation 19 'store' 'store_ln144' <Predicate = (!icmp_ln145)> <Delay = 1.14>
ST_1 : Operation 20 [1/1] (0.00ns)   --->   "%br_ln145 = br void %for.inc" [../main_5_slices.cpp:145]   --->   Operation 20 'br' 'br_ln145' <Predicate = (!icmp_ln145)> <Delay = 0.00>
ST_1 : Operation 21 [1/1] (1.14ns)   --->   "%ret_ln0 = ret"   --->   Operation 21 'ret' 'ret_ln0' <Predicate = (icmp_ln145)> <Delay = 1.14>


============================================================
+ Verbose Summary: Binding
============================================================
STG Binding: 
---------------- STG Properties BEGIN ----------------
- Is combinational: 0
- Is one-state seq: 0
- Is datapath-only: 0
- Is pipelined: 0
- Is top level: 0
Port [ Return ] is wired: 1; IO mode=ap_ctrl_hs:ce=0
Port [ h_slice]:  wired=1; compound=1; hidden=0; nouse=0; global=1; static=1; extern=0; dir=1; type=1; pingpong=0; private_global=0; MemPort=[03]; IO mode=ap_memory:ce=0
Port [ c_slice]:  wired=1; compound=1; hidden=0; nouse=0; global=1; static=1; extern=0; dir=1; type=1; pingpong=0; private_global=0; MemPort=[03]; IO mode=ap_memory:ce=0
---------------- STG Properties END ------------------

---------------- Datapath Model BEGIN ----------------

<LifeTime>
<method=bitvector/>
j                       (alloca           ) [ 01]
store_ln144             (store            ) [ 00]
br_ln0                  (br               ) [ 00]
j_6                     (load             ) [ 00]
icmp_ln145              (icmp             ) [ 01]
add_ln145               (add              ) [ 00]
br_ln145                (br               ) [ 00]
zext_ln145              (zext             ) [ 00]
specpipeline_ln146      (specpipeline     ) [ 00]
speclooptripcount_ln144 (speclooptripcount) [ 00]
specloopname_ln145      (specloopname     ) [ 00]
h_slice_addr            (getelementptr    ) [ 00]
store_ln147             (store            ) [ 00]
c_slice_addr            (getelementptr    ) [ 00]
store_ln148             (store            ) [ 00]
store_ln144             (store            ) [ 00]
br_ln145                (br               ) [ 00]
ret_ln0                 (ret              ) [ 00]
</LifeTime>

<model>

<comp_list>
<comp id="0" class="1000" name="h_slice">
<pin_list>
<pin id="1" dir="1" index="0" bw="1" slack="0"/>
</pin_list>
<bind>
<StgValue><ssdm name="h_slice"/><MemPortTyVec>0 3 </MemPortTyVec>
</StgValue>
</bind>
</comp>

<comp id="2" class="1000" name="c_slice">
<pin_list>
<pin id="3" dir="1" index="0" bw="1" slack="0"/>
</pin_list>
<bind>
<StgValue><ssdm name="c_slice"/><MemPortTyVec>0 3 </MemPortTyVec>
</StgValue>
</bind>
</comp>

<comp id="4" class="1001" name="const_4">
<pin_list>
<pin id="5" dir="1" index="0" bw="1" slack="0"/>
</pin_list>
<bind>
<StgValue><ssdm name=""/></StgValue>
</bind>
</comp>

<comp id="6" class="1001" name="const_6">
<pin_list>
<pin id="7" dir="1" index="0" bw="1" slack="0"/>
</pin_list>
<bind>
<StgValue><ssdm name=""/></StgValue>
</bind>
</comp>

<comp id="8" class="1001" name="const_8">
<pin_list>
<pin id="9" dir="1" index="0" bw="1" slack="0"/>
</pin_list>
<bind>
<StgValue><ssdm name=""/></StgValue>
</bind>
</comp>

<comp id="10" class="1001" name="const_10">
<pin_list>
<pin id="11" dir="1" index="0" bw="1" slack="0"/>
</pin_list>
<bind>
<StgValue><ssdm name=""/></StgValue>
</bind>
</comp>

<comp id="12" class="1001" name="const_12">
<pin_list>
<pin id="13" dir="1" index="0" bw="1" slack="2147483647"/>
</pin_list>
<bind>
<StgValue><ssdm name="_ssdm_op_SpecPipeline"/></StgValue>
</bind>
</comp>

<comp id="14" class="1001" name="const_14">
<pin_list>
<pin id="15" dir="1" index="0" bw="1" slack="2147483647"/>
</pin_list>
<bind>
<StgValue><ssdm name=""/></StgValue>
</bind>
</comp>

<comp id="16" class="1001" name="const_16">
<pin_list>
<pin id="17" dir="1" index="0" bw="1" slack="2147483647"/>
</pin_list>
<bind>
<StgValue><ssdm name=""/></StgValue>
</bind>
</comp>

<comp id="18" class="1001" name="const_18">
<pin_list>
<pin id="19" dir="1" index="0" bw="1" slack="2147483647"/>
</pin_list>
<bind>
<StgValue><ssdm name="empty_18"/></StgValue>
</bind>
</comp>

<comp id="20" class="1001" name="const_20">
<pin_list>
<pin id="21" dir="1" index="0" bw="1" slack="2147483647"/>
</pin_list>
<bind>
<StgValue><ssdm name="_ssdm_op_SpecLoopTripCount"/></StgValue>
</bind>
</comp>

<comp id="22" class="1001" name="const_22">
<pin_list>
<pin id="23" dir="1" index="0" bw="1" slack="2147483647"/>
</pin_list>
<bind>
<StgValue><ssdm name=""/></StgValue>
</bind>
</comp>

<comp id="24" class="1001" name="const_24">
<pin_list>
<pin id="25" dir="1" index="0" bw="1" slack="2147483647"/>
</pin_list>
<bind>
<StgValue><ssdm name="_ssdm_op_SpecLoopName"/></StgValue>
</bind>
</comp>

<comp id="26" class="1001" name="const_26">
<pin_list>
<pin id="27" dir="1" index="0" bw="1" slack="2147483647"/>
</pin_list>
<bind>
<StgValue><ssdm name="empty_2"/></StgValue>
</bind>
</comp>

<comp id="28" class="1001" name="const_28">
<pin_list>
<pin id="29" dir="1" index="0" bw="1" slack="0"/>
</pin_list>
<bind>
<StgValue><ssdm name=""/></StgValue>
</bind>
</comp>

<comp id="30" class="1001" name="const_30">
<pin_list>
<pin id="31" dir="1" index="0" bw="1" slack="0"/>
</pin_list>
<bind>
<StgValue><ssdm name=""/></StgValue>
</bind>
</comp>

<comp id="32" class="1004" name="j_fu_32">
<pin_list>
<pin id="33" dir="0" index="0" bw="1" slack="0"/>
<pin id="34" dir="1" index="1" bw="6" slack="0"/>
</pin_list>
<bind>
<opcode="alloca(26) " fcode="alloca"/>
<opset="j/1 "/>
</bind>
</comp>

<comp id="36" class="1004" name="h_slice_addr_gep_fu_36">
<pin_list>
<pin id="37" dir="0" index="0" bw="16" slack="0"/>
<pin id="38" dir="0" index="1" bw="1" slack="0"/>
<pin id="39" dir="0" index="2" bw="6" slack="0"/>
<pin id="40" dir="1" index="3" bw="5" slack="0"/>
</pin_list>
<bind>
<opcode="getelementptr(29) " fcode="getelementptr"/>
<opset="h_slice_addr/1 "/>
</bind>
</comp>

<comp id="43" class="1004" name="store_ln147_access_fu_43">
<pin_list>
<pin id="44" dir="0" index="0" bw="5" slack="0"/>
<pin id="45" dir="0" index="1" bw="16" slack="0"/>
<pin id="46" dir="0" index="2" bw="0" slack="2147483647"/>
<pin id="47" dir="1" index="3" bw="16" slack="2147483647"/>
</pin_list>
<bind>
<opcode="store(28) " fcode="store"/>
<opset="store_ln147/1 "/>
</bind>
</comp>

<comp id="50" class="1004" name="c_slice_addr_gep_fu_50">
<pin_list>
<pin id="51" dir="0" index="0" bw="16" slack="0"/>
<pin id="52" dir="0" index="1" bw="1" slack="0"/>
<pin id="53" dir="0" index="2" bw="6" slack="0"/>
<pin id="54" dir="1" index="3" bw="5" slack="0"/>
</pin_list>
<bind>
<opcode="getelementptr(29) " fcode="getelementptr"/>
<opset="c_slice_addr/1 "/>
</bind>
</comp>

<comp id="57" class="1004" name="store_ln148_access_fu_57">
<pin_list>
<pin id="58" dir="0" index="0" bw="5" slack="0"/>
<pin id="59" dir="0" index="1" bw="16" slack="0"/>
<pin id="60" dir="0" index="2" bw="0" slack="2147483647"/>
<pin id="61" dir="1" index="3" bw="16" slack="2147483647"/>
</pin_list>
<bind>
<opcode="store(28) " fcode="store"/>
<opset="store_ln148/1 "/>
</bind>
</comp>

<comp id="64" class="1004" name="store_ln144_store_fu_64">
<pin_list>
<pin id="65" dir="0" index="0" bw="1" slack="0"/>
<pin id="66" dir="0" index="1" bw="6" slack="0"/>
<pin id="67" dir="1" index="2" bw="0" slack="2147483647"/>
</pin_list>
<bind>
<opcode="store(28) " fcode="store"/>
<opset="store_ln144/1 "/>
</bind>
</comp>

<comp id="69" class="1004" name="j_6_load_fu_69">
<pin_list>
<pin id="70" dir="0" index="0" bw="6" slack="0"/>
<pin id="71" dir="1" index="1" bw="6" slack="0"/>
</pin_list>
<bind>
<opcode="load(27) " fcode="load"/>
<opset="j_6/1 "/>
</bind>
</comp>

<comp id="72" class="1004" name="icmp_ln145_fu_72">
<pin_list>
<pin id="73" dir="0" index="0" bw="6" slack="0"/>
<pin id="74" dir="0" index="1" bw="6" slack="0"/>
<pin id="75" dir="1" index="2" bw="1" slack="2147483647"/>
</pin_list>
<bind>
<opcode="icmp(45) " fcode="icmp"/>
<opset="icmp_ln145/1 "/>
</bind>
</comp>

<comp id="78" class="1004" name="add_ln145_fu_78">
<pin_list>
<pin id="79" dir="0" index="0" bw="6" slack="0"/>
<pin id="80" dir="0" index="1" bw="1" slack="0"/>
<pin id="81" dir="1" index="2" bw="6" slack="0"/>
</pin_list>
<bind>
<opcode="add(8) " fcode="add"/>
<opset="add_ln145/1 "/>
</bind>
</comp>

<comp id="84" class="1004" name="zext_ln145_fu_84">
<pin_list>
<pin id="85" dir="0" index="0" bw="6" slack="0"/>
<pin id="86" dir="1" index="1" bw="64" slack="0"/>
</pin_list>
<bind>
<opcode="zext(34) " fcode="zext"/>
<opset="zext_ln145/1 "/>
</bind>
</comp>

<comp id="90" class="1004" name="store_ln144_store_fu_90">
<pin_list>
<pin id="91" dir="0" index="0" bw="6" slack="0"/>
<pin id="92" dir="0" index="1" bw="6" slack="0"/>
<pin id="93" dir="1" index="2" bw="0" slack="2147483647"/>
</pin_list>
<bind>
<opcode="store(28) " fcode="store"/>
<opset="store_ln144/1 "/>
</bind>
</comp>

<comp id="95" class="1005" name="j_reg_95">
<pin_list>
<pin id="96" dir="0" index="0" bw="6" slack="0"/>
<pin id="97" dir="1" index="1" bw="6" slack="0"/>
</pin_list>
<bind>
<opset="j "/>
</bind>
</comp>

</comp_list>

<net_list>
<net id="35"><net_src comp="4" pin="0"/><net_sink comp="32" pin=0"/></net>

<net id="41"><net_src comp="0" pin="0"/><net_sink comp="36" pin=0"/></net>

<net id="42"><net_src comp="28" pin="0"/><net_sink comp="36" pin=1"/></net>

<net id="48"><net_src comp="30" pin="0"/><net_sink comp="43" pin=1"/></net>

<net id="49"><net_src comp="36" pin="3"/><net_sink comp="43" pin=0"/></net>

<net id="55"><net_src comp="2" pin="0"/><net_sink comp="50" pin=0"/></net>

<net id="56"><net_src comp="28" pin="0"/><net_sink comp="50" pin=1"/></net>

<net id="62"><net_src comp="30" pin="0"/><net_sink comp="57" pin=1"/></net>

<net id="63"><net_src comp="50" pin="3"/><net_sink comp="57" pin=0"/></net>

<net id="68"><net_src comp="6" pin="0"/><net_sink comp="64" pin=0"/></net>

<net id="76"><net_src comp="69" pin="1"/><net_sink comp="72" pin=0"/></net>

<net id="77"><net_src comp="8" pin="0"/><net_sink comp="72" pin=1"/></net>

<net id="82"><net_src comp="69" pin="1"/><net_sink comp="78" pin=0"/></net>

<net id="83"><net_src comp="10" pin="0"/><net_sink comp="78" pin=1"/></net>

<net id="87"><net_src comp="69" pin="1"/><net_sink comp="84" pin=0"/></net>

<net id="88"><net_src comp="84" pin="1"/><net_sink comp="36" pin=2"/></net>

<net id="89"><net_src comp="84" pin="1"/><net_sink comp="50" pin=2"/></net>

<net id="94"><net_src comp="78" pin="2"/><net_sink comp="90" pin=0"/></net>

<net id="98"><net_src comp="32" pin="1"/><net_sink comp="95" pin=0"/></net>

<net id="99"><net_src comp="95" pin="1"/><net_sink comp="64" pin=1"/></net>

<net id="100"><net_src comp="95" pin="1"/><net_sink comp="69" pin=0"/></net>

<net id="101"><net_src comp="95" pin="1"/><net_sink comp="90" pin=1"/></net>

</net_list>

</model> 
---------------- Datapath Model END ------------------

* FSMD analyzer results:
  - Output states:
	Port: h_slice | {1 }
	Port: c_slice | {1 }
 - Input state : 
  - Chain level:
	State 1
		store_ln144 : 1
		j_6 : 1
		icmp_ln145 : 2
		add_ln145 : 2
		br_ln145 : 3
		zext_ln145 : 2
		h_slice_addr : 3
		store_ln147 : 4
		c_slice_addr : 3
		store_ln148 : 4
		store_ln144 : 3


============================================================
+ Verbose Summary: Datapath Resource usage 
============================================================

* Functional unit list:
|----------|------------------|---------|---------|
| Operation|  Functional Unit |    FF   |   LUT   |
|----------|------------------|---------|---------|
|   icmp   | icmp_ln145_fu_72 |    0    |    14   |
|----------|------------------|---------|---------|
|    add   |  add_ln145_fu_78 |    0    |    14   |
|----------|------------------|---------|---------|
|   zext   | zext_ln145_fu_84 |    0    |    0    |
|----------|------------------|---------|---------|
|   Total  |                  |    0    |    28   |
|----------|------------------|---------|---------|

Memories:
N/A

* Register list:
+--------+--------+
|        |   FF   |
+--------+--------+
|j_reg_95|    6   |
+--------+--------+
|  Total |    6   |
+--------+--------+

* Multiplexer (MUX) list: 
|--------|------|------|------|--------|
|  Comp  |  Pin | Size |  BW  | S x BW |
|--------|------|------|------|--------|
|  Total |      |      |      |    0   |
|--------|------|------|------|--------|



* Summary:
+-----------+--------+--------+
|           |   FF   |   LUT  |
+-----------+--------+--------+
|  Function |    0   |   28   |
|   Memory  |    -   |    -   |
|Multiplexer|    -   |    -   |
|  Register |    6   |    -   |
+-----------+--------+--------+
|   Total   |    6   |   28   |
+-----------+--------+--------+
