

================================================================
== Vitis HLS Report for 'lstm_forward_unidir_Pipeline_Loop2_4LSTM'
================================================================
* Date:           Mon Sep 15 15:50:06 2025

* Version:        2024.2 (Build 5238294 on Nov  8 2024)
* Project:        run_model
* Solution:       hls (Vivado IP Flow Target)
* Product family: zynq
* Target device:  xc7z020-clg400-3


================================================================
== Performance Estimates
================================================================
+ Timing: 
    * Summary: 
    +--------+----------+----------+------------+
    |  Clock |  Target  | Estimated| Uncertainty|
    +--------+----------+----------+------------+
    |ap_clk  |  10.00 ns|  7.847 ns|     2.00 ns|
    +--------+----------+----------+------------+

+ Latency: 
    * Summary: 
    +---------+---------+----------+----------+-----+-----+------------------------------------------------+
    |  Latency (cycles) |  Latency (absolute) |  Interval |                    Pipeline                    |
    |   min   |   max   |    min   |    max   | min | max |                      Type                      |
    +---------+---------+----------+----------+-----+-----+------------------------------------------------+
    |       75|       75|  0.750 us|  0.750 us|   33|   33|  loop auto-rewind stp (delay=0 clock cycles(s))|
    +---------+---------+----------+----------+-----+-----+------------------------------------------------+

    + Detail: 
        * Instance: 
        N/A

        * Loop: 
        +---------------+---------+---------+----------+-----------+-----------+------+----------+
        |               |  Latency (cycles) | Iteration|  Initiation Interval  | Trip |          |
        |   Loop Name   |   min   |   max   |  Latency |  achieved |   target  | Count| Pipelined|
        +---------------+---------+---------+----------+-----------+-----------+------+----------+
        |- Loop2_4LSTM  |       73|       73|        43|          1|          1|    32|       yes|
        +---------------+---------+---------+----------+-----------+-----------+------+----------+

============================================================
+ Verbose Summary: Synthesis Manager
============================================================
InlineROM: 1
ExposeGlobal: 0
============================================================
+ Verbose Summary: CDFG Model
============================================================
IsTopModel: 0
ResetActiveHigh: 1
IsCombinational: 0
IsDatapathOnly: 0
HasWiredReturn: 1
HasMFsm: 2
HasVarLatency: 1
IsPipeline: 0
IsRtlPipelined: 0
IsInstanceOverlapped: 0
IsDontTouch: 0
HasImplIP: 0
IsGatedGlobalClock: 0

+ Individual pipeline summary: 
  * Pipeline-0: initiation interval (II) = 1, depth = 43


============================================================
+ Verbose Summary: Schedule
============================================================
* Number of FSM states : 43
* Pipeline : 1
  Pipeline-0 : II = 1, D = 43, States = { 1 2 3 4 5 6 7 8 9 10 11 12 13 14 15 16 17 18 19 20 21 22 23 24 25 26 27 28 29 30 31 32 33 34 35 36 37 38 39 40 41 42 43 }
* Dataflow Pipeline: 0

* FSM state transitions: 
1 --> 2 
2 --> 3 
3 --> 4 
4 --> 5 
5 --> 6 
6 --> 7 
7 --> 8 
8 --> 9 
9 --> 10 
10 --> 11 
11 --> 12 
12 --> 13 
13 --> 14 
14 --> 15 
15 --> 16 
16 --> 17 
17 --> 18 
18 --> 19 
19 --> 20 
20 --> 21 
21 --> 22 
22 --> 23 
23 --> 24 
24 --> 25 
25 --> 26 
26 --> 27 
27 --> 28 
28 --> 29 
29 --> 30 
30 --> 31 
31 --> 32 
32 --> 33 
33 --> 34 
34 --> 35 
35 --> 36 
36 --> 37 
37 --> 38 
38 --> 39 
39 --> 40 
40 --> 41 
41 --> 42 
42 --> 43 
43 --> 

* FSM state operations: 

State 1 <SV = 0> <Delay = 4.67>
ST_1 : Operation 46 [1/1] (0.00ns)   --->   "%phi_urem40 = alloca i32 1"   --->   Operation 46 'alloca' 'phi_urem40' <Predicate = true> <Delay = 0.00>
ST_1 : Operation 47 [1/1] (0.00ns)   --->   "%j = alloca i32 1" [../main_5_slices.cpp:144]   --->   Operation 47 'alloca' 'j' <Predicate = true> <Delay = 0.00>
ST_1 : Operation 48 [1/1] (1.14ns)   --->   "%store_ln144 = store i6 0, i6 %j" [../main_5_slices.cpp:144]   --->   Operation 48 'store' 'store_ln144' <Predicate = true> <Delay = 1.14>
ST_1 : Operation 49 [1/1] (1.14ns)   --->   "%store_ln0 = store i6 0, i6 %phi_urem40"   --->   Operation 49 'store' 'store_ln0' <Predicate = true> <Delay = 1.14>
ST_1 : Operation 50 [1/1] (0.00ns)   --->   "%br_ln0 = br void %for.body70"   --->   Operation 50 'br' 'br_ln0' <Predicate = true> <Delay = 0.00>
ST_1 : Operation 51 [1/1] (0.00ns)   --->   "%j_7 = load i6 %j" [../main_5_slices.cpp:144]   --->   Operation 51 'load' 'j_7' <Predicate = true> <Delay = 0.00>
ST_1 : Operation 52 [1/1] (1.51ns)   --->   "%icmp_ln182 = icmp_eq  i6 %j_7, i6 32" [../main_5_slices.cpp:182]   --->   Operation 52 'icmp' 'icmp_ln182' <Predicate = true> <Delay = 1.51> <CoreInst = "Cmp">   --->   Core 9 'Cmp' <Latency = 0> <II = 1> <Delay = 1.51> <FuncUnit> <Opcode : 'seteq' 'setne' 'setle' 'setge' 'setlt' 'setgt'> <InPorts = 2> <OutPorts = 1>
ST_1 : Operation 53 [1/1] (1.51ns)   --->   "%add_ln182 = add i6 %j_7, i6 1" [../main_5_slices.cpp:182]   --->   Operation 53 'add' 'add_ln182' <Predicate = true> <Delay = 1.51> <CoreInst = "Adder">   --->   Core 1 'Adder' <Latency = 0> <II = 1> <Delay = 1.51> <FuncUnit> <Opcode : 'add' 'sub'> <InPorts = 2> <OutPorts = 1>
ST_1 : Operation 54 [1/1] (0.00ns)   --->   "%br_ln182 = br i1 %icmp_ln182, void %for.body70.split_ifconv, void %for.inc110.exitStub" [../main_5_slices.cpp:182]   --->   Operation 54 'br' 'br_ln182' <Predicate = true> <Delay = 0.00>
ST_1 : Operation 55 [1/1] (0.00ns)   --->   "%phi_urem40_load = load i6 %phi_urem40" [../main_5_slices.cpp:144]   --->   Operation 55 'load' 'phi_urem40_load' <Predicate = (!icmp_ln182)> <Delay = 0.00>
ST_1 : Operation 56 [1/1] (1.51ns)   --->   "%add_ln182_1 = add i6 %phi_urem40_load, i6 1" [../main_5_slices.cpp:182]   --->   Operation 56 'add' 'add_ln182_1' <Predicate = (!icmp_ln182)> <Delay = 1.51> <CoreInst = "Adder">   --->   Core 1 'Adder' <Latency = 0> <II = 1> <Delay = 1.51> <FuncUnit> <Opcode : 'add' 'sub'> <InPorts = 2> <OutPorts = 1>
ST_1 : Operation 57 [1/1] (1.51ns)   --->   "%icmp_ln182_1 = icmp_eq  i6 %phi_urem40_load, i6 4" [../main_5_slices.cpp:182]   --->   Operation 57 'icmp' 'icmp_ln182_1' <Predicate = (!icmp_ln182)> <Delay = 1.51> <CoreInst = "Cmp">   --->   Core 9 'Cmp' <Latency = 0> <II = 1> <Delay = 1.51> <FuncUnit> <Opcode : 'seteq' 'setne' 'setle' 'setge' 'setlt' 'setgt'> <InPorts = 2> <OutPorts = 1>
ST_1 : Operation 58 [1/1] (0.86ns)   --->   "%select_ln182 = select i1 %icmp_ln182_1, i6 0, i6 %add_ln182_1" [../main_5_slices.cpp:182]   --->   Operation 58 'select' 'select_ln182' <Predicate = (!icmp_ln182)> <Delay = 0.86> <CoreInst = "Sel">   --->   Core 73 'Sel' <Latency = 0> <II = 1> <Delay = 0.86> <FuncUnit> <Opcode : 'select'> <InPorts = 3> <OutPorts = 1>
ST_1 : Operation 59 [1/1] (0.00ns)   --->   "%zext_ln182 = zext i6 %j_7" [../main_5_slices.cpp:182]   --->   Operation 59 'zext' 'zext_ln182' <Predicate = (!icmp_ln182)> <Delay = 0.00>
ST_1 : Operation 60 [1/1] (0.00ns)   --->   "%trunc_ln144_1 = trunc i6 %phi_urem40_load" [../main_5_slices.cpp:144]   --->   Operation 60 'trunc' 'trunc_ln144_1' <Predicate = (!icmp_ln182)> <Delay = 0.00>
ST_1 : Operation 61 [1/1] (0.00ns)   --->   "%c_slice_addr = getelementptr i16 %c_slice, i64 0, i64 %zext_ln182" [../main_5_slices.cpp:188]   --->   Operation 61 'getelementptr' 'c_slice_addr' <Predicate = (!icmp_ln182)> <Delay = 0.00>
ST_1 : Operation 62 [2/2] (1.56ns)   --->   "%c_slice_load = load i5 %c_slice_addr" [../main_5_slices.cpp:188]   --->   Operation 62 'load' 'c_slice_load' <Predicate = (!icmp_ln182)> <Delay = 1.56> <CoreInst = "RAM">   --->   Core 81 'RAM' <Latency = 1> <II = 1> <Delay = 1.56> <Storage> <Opcode : 'load' 'store'> <Ports = 2> <Width = 16> <Depth = 32> <RAM>
ST_1 : Operation 63 [1/1] (1.14ns)   --->   "%store_ln144 = store i6 %add_ln182, i6 %j" [../main_5_slices.cpp:144]   --->   Operation 63 'store' 'store_ln144' <Predicate = (!icmp_ln182)> <Delay = 1.14>
ST_1 : Operation 64 [1/1] (1.14ns)   --->   "%store_ln182 = store i6 %select_ln182, i6 %phi_urem40" [../main_5_slices.cpp:182]   --->   Operation 64 'store' 'store_ln182' <Predicate = (!icmp_ln182)> <Delay = 1.14>

State 2 <SV = 1> <Delay = 5.07>
ST_2 : Operation 65 [1/1] (0.00ns)   --->   "%trunc_ln144 = trunc i6 %j_7" [../main_5_slices.cpp:144]   --->   Operation 65 'trunc' 'trunc_ln144' <Predicate = true> <Delay = 0.00>
ST_2 : Operation 66 [1/1] (0.00ns)   --->   "%zext_ln144_1 = zext i5 %trunc_ln144" [../main_5_slices.cpp:144]   --->   Operation 66 'zext' 'zext_ln144_1' <Predicate = true> <Delay = 0.00>
ST_2 : Operation 67 [1/1] (3.11ns)   --->   "%mul_ln144 = mul i11 %zext_ln144_1, i11 52" [../main_5_slices.cpp:144]   --->   Operation 67 'mul' 'mul_ln144' <Predicate = true> <Delay = 3.11> <CoreInst = "Multiplier">   --->   Core 3 'Multiplier' <Latency = 0> <II = 1> <Delay = 3.11> <FuncUnit> <Opcode : 'mul'> <InPorts = 2> <OutPorts = 1>
ST_2 : Operation 68 [1/1] (0.00ns)   --->   "%tmp = partselect i3 @_ssdm_op_PartSelect.i3.i11.i32.i32, i11 %mul_ln144, i32 8, i32 10" [../main_5_slices.cpp:144]   --->   Operation 68 'partselect' 'tmp' <Predicate = true> <Delay = 0.00>
ST_2 : Operation 69 [1/1] (0.00ns)   --->   "%zext_ln144 = zext i3 %tmp" [../main_5_slices.cpp:144]   --->   Operation 69 'zext' 'zext_ln144' <Predicate = true> <Delay = 0.00>
ST_2 : Operation 70 [1/1] (0.00ns)   --->   "%z_addr = getelementptr i16 %z, i64 0, i64 %zext_ln144" [../main_5_slices.cpp:184]   --->   Operation 70 'getelementptr' 'z_addr' <Predicate = (trunc_ln144_1 == 0)> <Delay = 0.00>
ST_2 : Operation 71 [1/1] (0.00ns)   --->   "%z_1_addr = getelementptr i16 %z_1, i64 0, i64 %zext_ln144" [../main_5_slices.cpp:184]   --->   Operation 71 'getelementptr' 'z_1_addr' <Predicate = (trunc_ln144_1 == 1)> <Delay = 0.00>
ST_2 : Operation 72 [1/1] (0.00ns)   --->   "%z_2_addr = getelementptr i16 %z_2, i64 0, i64 %zext_ln144" [../main_5_slices.cpp:184]   --->   Operation 72 'getelementptr' 'z_2_addr' <Predicate = (trunc_ln144_1 == 2)> <Delay = 0.00>
ST_2 : Operation 73 [1/1] (0.00ns)   --->   "%z_3_addr = getelementptr i16 %z_3, i64 0, i64 %zext_ln144" [../main_5_slices.cpp:184]   --->   Operation 73 'getelementptr' 'z_3_addr' <Predicate = (trunc_ln144_1 == 3)> <Delay = 0.00>
ST_2 : Operation 74 [1/1] (0.00ns)   --->   "%z_4_addr = getelementptr i16 %z_4, i64 0, i64 %zext_ln144" [../main_5_slices.cpp:184]   --->   Operation 74 'getelementptr' 'z_4_addr' <Predicate = (trunc_ln144_1 == 4)> <Delay = 0.00>
ST_2 : Operation 75 [2/2] (1.56ns)   --->   "%z_load = load i5 %z_addr" [../main_5_slices.cpp:184]   --->   Operation 75 'load' 'z_load' <Predicate = (trunc_ln144_1 == 0)> <Delay = 1.56> <CoreInst = "RAM">   --->   Core 81 'RAM' <Latency = 1> <II = 1> <Delay = 1.56> <Storage> <Opcode : 'load' 'store'> <Ports = 2> <Width = 16> <Depth = 26> <RAM>
ST_2 : Operation 76 [2/2] (1.56ns)   --->   "%z_1_load = load i5 %z_1_addr" [../main_5_slices.cpp:184]   --->   Operation 76 'load' 'z_1_load' <Predicate = (trunc_ln144_1 == 1)> <Delay = 1.56> <CoreInst = "RAM">   --->   Core 81 'RAM' <Latency = 1> <II = 1> <Delay = 1.56> <Storage> <Opcode : 'load' 'store'> <Ports = 2> <Width = 16> <Depth = 26> <RAM>
ST_2 : Operation 77 [2/2] (1.56ns)   --->   "%z_2_load = load i5 %z_2_addr" [../main_5_slices.cpp:184]   --->   Operation 77 'load' 'z_2_load' <Predicate = (trunc_ln144_1 == 2)> <Delay = 1.56> <CoreInst = "RAM">   --->   Core 81 'RAM' <Latency = 1> <II = 1> <Delay = 1.56> <Storage> <Opcode : 'load' 'store'> <Ports = 2> <Width = 16> <Depth = 26> <RAM>
ST_2 : Operation 78 [2/2] (1.56ns)   --->   "%z_3_load = load i5 %z_3_addr" [../main_5_slices.cpp:184]   --->   Operation 78 'load' 'z_3_load' <Predicate = (trunc_ln144_1 == 3)> <Delay = 1.56> <CoreInst = "RAM">   --->   Core 81 'RAM' <Latency = 1> <II = 1> <Delay = 1.56> <Storage> <Opcode : 'load' 'store'> <Ports = 2> <Width = 16> <Depth = 26> <RAM>
ST_2 : Operation 79 [2/2] (1.56ns)   --->   "%z_4_load = load i5 %z_4_addr" [../main_5_slices.cpp:184]   --->   Operation 79 'load' 'z_4_load' <Predicate = (trunc_ln144_1 == 4)> <Delay = 1.56> <CoreInst = "RAM">   --->   Core 81 'RAM' <Latency = 1> <II = 1> <Delay = 1.56> <Storage> <Opcode : 'load' 'store'> <Ports = 2> <Width = 16> <Depth = 26> <RAM>
ST_2 : Operation 80 [1/1] (0.00ns)   --->   "%zext_ln185_1_cast = bitconcatenate i6 @_ssdm_op_BitConcatenate.i6.i1.i5, i1 1, i5 %trunc_ln144" [../main_5_slices.cpp:185]   --->   Operation 80 'bitconcatenate' 'zext_ln185_1_cast' <Predicate = true> <Delay = 0.00>
ST_2 : Operation 81 [1/1] (0.00ns)   --->   "%zext_ln185_1 = zext i6 %zext_ln185_1_cast" [../main_5_slices.cpp:185]   --->   Operation 81 'zext' 'zext_ln185_1' <Predicate = true> <Delay = 0.00>
ST_2 : Operation 82 [1/1] (3.51ns)   --->   "%mul_ln185 = mul i13 %zext_ln185_1, i13 103" [../main_5_slices.cpp:185]   --->   Operation 82 'mul' 'mul_ln185' <Predicate = true> <Delay = 3.51> <CoreInst = "Multiplier">   --->   Core 3 'Multiplier' <Latency = 0> <II = 1> <Delay = 3.51> <FuncUnit> <Opcode : 'mul'> <InPorts = 2> <OutPorts = 1>
ST_2 : Operation 83 [1/1] (0.00ns)   --->   "%tmp_3 = partselect i4 @_ssdm_op_PartSelect.i4.i13.i32.i32, i13 %mul_ln185, i32 9, i32 12" [../main_5_slices.cpp:185]   --->   Operation 83 'partselect' 'tmp_3' <Predicate = true> <Delay = 0.00>
ST_2 : Operation 84 [1/1] (0.00ns)   --->   "%zext_ln185 = zext i4 %tmp_3" [../main_5_slices.cpp:185]   --->   Operation 84 'zext' 'zext_ln185' <Predicate = true> <Delay = 0.00>
ST_2 : Operation 85 [1/1] (0.00ns)   --->   "%z_addr_1 = getelementptr i16 %z, i64 0, i64 %zext_ln185" [../main_5_slices.cpp:185]   --->   Operation 85 'getelementptr' 'z_addr_1' <Predicate = (trunc_ln144_1 == 3)> <Delay = 0.00>
ST_2 : Operation 86 [1/1] (0.00ns)   --->   "%z_1_addr_1 = getelementptr i16 %z_1, i64 0, i64 %zext_ln185" [../main_5_slices.cpp:185]   --->   Operation 86 'getelementptr' 'z_1_addr_1' <Predicate = (trunc_ln144_1 == 4)> <Delay = 0.00>
ST_2 : Operation 87 [1/1] (0.00ns)   --->   "%z_2_addr_1 = getelementptr i16 %z_2, i64 0, i64 %zext_ln185" [../main_5_slices.cpp:185]   --->   Operation 87 'getelementptr' 'z_2_addr_1' <Predicate = (trunc_ln144_1 == 0)> <Delay = 0.00>
ST_2 : Operation 88 [1/1] (0.00ns)   --->   "%z_3_addr_1 = getelementptr i16 %z_3, i64 0, i64 %zext_ln185" [../main_5_slices.cpp:185]   --->   Operation 88 'getelementptr' 'z_3_addr_1' <Predicate = (trunc_ln144_1 == 1)> <Delay = 0.00>
ST_2 : Operation 89 [1/1] (0.00ns)   --->   "%z_4_addr_1 = getelementptr i16 %z_4, i64 0, i64 %zext_ln185" [../main_5_slices.cpp:185]   --->   Operation 89 'getelementptr' 'z_4_addr_1' <Predicate = (trunc_ln144_1 == 2)> <Delay = 0.00>
ST_2 : Operation 90 [2/2] (1.56ns)   --->   "%z_load_1 = load i5 %z_addr_1" [../main_5_slices.cpp:185]   --->   Operation 90 'load' 'z_load_1' <Predicate = (trunc_ln144_1 == 3)> <Delay = 1.56> <CoreInst = "RAM">   --->   Core 81 'RAM' <Latency = 1> <II = 1> <Delay = 1.56> <Storage> <Opcode : 'load' 'store'> <Ports = 2> <Width = 16> <Depth = 26> <RAM>
ST_2 : Operation 91 [2/2] (1.56ns)   --->   "%z_1_load_1 = load i5 %z_1_addr_1" [../main_5_slices.cpp:185]   --->   Operation 91 'load' 'z_1_load_1' <Predicate = (trunc_ln144_1 == 4)> <Delay = 1.56> <CoreInst = "RAM">   --->   Core 81 'RAM' <Latency = 1> <II = 1> <Delay = 1.56> <Storage> <Opcode : 'load' 'store'> <Ports = 2> <Width = 16> <Depth = 26> <RAM>
ST_2 : Operation 92 [2/2] (1.56ns)   --->   "%z_2_load_1 = load i5 %z_2_addr_1" [../main_5_slices.cpp:185]   --->   Operation 92 'load' 'z_2_load_1' <Predicate = (trunc_ln144_1 == 0)> <Delay = 1.56> <CoreInst = "RAM">   --->   Core 81 'RAM' <Latency = 1> <II = 1> <Delay = 1.56> <Storage> <Opcode : 'load' 'store'> <Ports = 2> <Width = 16> <Depth = 26> <RAM>
ST_2 : Operation 93 [2/2] (1.56ns)   --->   "%z_3_load_1 = load i5 %z_3_addr_1" [../main_5_slices.cpp:185]   --->   Operation 93 'load' 'z_3_load_1' <Predicate = (trunc_ln144_1 == 1)> <Delay = 1.56> <CoreInst = "RAM">   --->   Core 81 'RAM' <Latency = 1> <II = 1> <Delay = 1.56> <Storage> <Opcode : 'load' 'store'> <Ports = 2> <Width = 16> <Depth = 26> <RAM>
ST_2 : Operation 94 [2/2] (1.56ns)   --->   "%z_4_load_1 = load i5 %z_4_addr_1" [../main_5_slices.cpp:185]   --->   Operation 94 'load' 'z_4_load_1' <Predicate = (trunc_ln144_1 == 2)> <Delay = 1.56> <CoreInst = "RAM">   --->   Core 81 'RAM' <Latency = 1> <II = 1> <Delay = 1.56> <Storage> <Opcode : 'load' 'store'> <Ports = 2> <Width = 16> <Depth = 26> <RAM>
ST_2 : Operation 95 [1/1] (0.00ns)   --->   "%zext_ln186_1_cast = bitconcatenate i7 @_ssdm_op_BitConcatenate.i7.i1.i6, i1 1, i6 %j_7" [../main_5_slices.cpp:186]   --->   Operation 95 'bitconcatenate' 'zext_ln186_1_cast' <Predicate = true> <Delay = 0.00>
ST_2 : Operation 96 [1/1] (0.00ns)   --->   "%zext_ln186_1 = zext i7 %zext_ln186_1_cast" [../main_5_slices.cpp:186]   --->   Operation 96 'zext' 'zext_ln186_1' <Predicate = true> <Delay = 0.00>
ST_2 : Operation 97 [1/1] (3.36ns)   --->   "%mul_ln186 = mul i15 %zext_ln186_1, i15 205" [../main_5_slices.cpp:186]   --->   Operation 97 'mul' 'mul_ln186' <Predicate = true> <Delay = 3.36> <CoreInst = "Multiplier">   --->   Core 3 'Multiplier' <Latency = 0> <II = 1> <Delay = 3.36> <FuncUnit> <Opcode : 'mul'> <InPorts = 2> <OutPorts = 1>
ST_2 : Operation 98 [1/1] (0.00ns)   --->   "%tmp_4 = partselect i5 @_ssdm_op_PartSelect.i5.i15.i32.i32, i15 %mul_ln186, i32 10, i32 14" [../main_5_slices.cpp:186]   --->   Operation 98 'partselect' 'tmp_4' <Predicate = true> <Delay = 0.00>
ST_2 : Operation 99 [1/1] (0.00ns)   --->   "%zext_ln186 = zext i5 %tmp_4" [../main_5_slices.cpp:186]   --->   Operation 99 'zext' 'zext_ln186' <Predicate = true> <Delay = 0.00>
ST_2 : Operation 100 [1/1] (0.00ns)   --->   "%z_addr_2 = getelementptr i16 %z, i64 0, i64 %zext_ln186" [../main_5_slices.cpp:186]   --->   Operation 100 'getelementptr' 'z_addr_2' <Predicate = (trunc_ln144_1 == 1)> <Delay = 0.00>
ST_2 : Operation 101 [1/1] (0.00ns)   --->   "%z_1_addr_2 = getelementptr i16 %z_1, i64 0, i64 %zext_ln186" [../main_5_slices.cpp:186]   --->   Operation 101 'getelementptr' 'z_1_addr_2' <Predicate = (trunc_ln144_1 == 2)> <Delay = 0.00>
ST_2 : Operation 102 [1/1] (0.00ns)   --->   "%z_2_addr_2 = getelementptr i16 %z_2, i64 0, i64 %zext_ln186" [../main_5_slices.cpp:186]   --->   Operation 102 'getelementptr' 'z_2_addr_2' <Predicate = (trunc_ln144_1 == 3)> <Delay = 0.00>
ST_2 : Operation 103 [1/1] (0.00ns)   --->   "%z_3_addr_2 = getelementptr i16 %z_3, i64 0, i64 %zext_ln186" [../main_5_slices.cpp:186]   --->   Operation 103 'getelementptr' 'z_3_addr_2' <Predicate = (trunc_ln144_1 == 4)> <Delay = 0.00>
ST_2 : Operation 104 [1/1] (0.00ns)   --->   "%z_4_addr_2 = getelementptr i16 %z_4, i64 0, i64 %zext_ln186" [../main_5_slices.cpp:186]   --->   Operation 104 'getelementptr' 'z_4_addr_2' <Predicate = (trunc_ln144_1 == 0)> <Delay = 0.00>
ST_2 : Operation 105 [2/2] (1.56ns)   --->   "%z_load_2 = load i5 %z_addr_2" [../main_5_slices.cpp:186]   --->   Operation 105 'load' 'z_load_2' <Predicate = (trunc_ln144_1 == 1)> <Delay = 1.56> <CoreInst = "RAM">   --->   Core 81 'RAM' <Latency = 1> <II = 1> <Delay = 1.56> <Storage> <Opcode : 'load' 'store'> <Ports = 2> <Width = 16> <Depth = 26> <RAM>
ST_2 : Operation 106 [2/2] (1.56ns)   --->   "%z_1_load_2 = load i5 %z_1_addr_2" [../main_5_slices.cpp:186]   --->   Operation 106 'load' 'z_1_load_2' <Predicate = (trunc_ln144_1 == 2)> <Delay = 1.56> <CoreInst = "RAM">   --->   Core 81 'RAM' <Latency = 1> <II = 1> <Delay = 1.56> <Storage> <Opcode : 'load' 'store'> <Ports = 2> <Width = 16> <Depth = 26> <RAM>
ST_2 : Operation 107 [2/2] (1.56ns)   --->   "%z_2_load_2 = load i5 %z_2_addr_2" [../main_5_slices.cpp:186]   --->   Operation 107 'load' 'z_2_load_2' <Predicate = (trunc_ln144_1 == 3)> <Delay = 1.56> <CoreInst = "RAM">   --->   Core 81 'RAM' <Latency = 1> <II = 1> <Delay = 1.56> <Storage> <Opcode : 'load' 'store'> <Ports = 2> <Width = 16> <Depth = 26> <RAM>
ST_2 : Operation 108 [2/2] (1.56ns)   --->   "%z_3_load_2 = load i5 %z_3_addr_2" [../main_5_slices.cpp:186]   --->   Operation 108 'load' 'z_3_load_2' <Predicate = (trunc_ln144_1 == 4)> <Delay = 1.56> <CoreInst = "RAM">   --->   Core 81 'RAM' <Latency = 1> <II = 1> <Delay = 1.56> <Storage> <Opcode : 'load' 'store'> <Ports = 2> <Width = 16> <Depth = 26> <RAM>
ST_2 : Operation 109 [2/2] (1.56ns)   --->   "%z_4_load_2 = load i5 %z_4_addr_2" [../main_5_slices.cpp:186]   --->   Operation 109 'load' 'z_4_load_2' <Predicate = (trunc_ln144_1 == 0)> <Delay = 1.56> <CoreInst = "RAM">   --->   Core 81 'RAM' <Latency = 1> <II = 1> <Delay = 1.56> <Storage> <Opcode : 'load' 'store'> <Ports = 2> <Width = 16> <Depth = 26> <RAM>
ST_2 : Operation 110 [1/1] (0.00ns)   --->   "%sext_ln187 = sext i6 %zext_ln185_1_cast" [../main_5_slices.cpp:187]   --->   Operation 110 'sext' 'sext_ln187' <Predicate = true> <Delay = 0.00>
ST_2 : Operation 111 [1/1] (0.00ns)   --->   "%zext_ln187_1 = zext i7 %sext_ln187" [../main_5_slices.cpp:187]   --->   Operation 111 'zext' 'zext_ln187_1' <Predicate = true> <Delay = 0.00>
ST_2 : Operation 112 [1/1] (3.36ns)   --->   "%mul_ln187 = mul i15 %zext_ln187_1, i15 205" [../main_5_slices.cpp:187]   --->   Operation 112 'mul' 'mul_ln187' <Predicate = true> <Delay = 3.36> <CoreInst = "Multiplier">   --->   Core 3 'Multiplier' <Latency = 0> <II = 1> <Delay = 3.36> <FuncUnit> <Opcode : 'mul'> <InPorts = 2> <OutPorts = 1>
ST_2 : Operation 113 [1/1] (0.00ns)   --->   "%tmp_5 = partselect i5 @_ssdm_op_PartSelect.i5.i15.i32.i32, i15 %mul_ln187, i32 10, i32 14" [../main_5_slices.cpp:187]   --->   Operation 113 'partselect' 'tmp_5' <Predicate = true> <Delay = 0.00>
ST_2 : Operation 114 [1/1] (0.00ns)   --->   "%zext_ln187 = zext i5 %tmp_5" [../main_5_slices.cpp:187]   --->   Operation 114 'zext' 'zext_ln187' <Predicate = true> <Delay = 0.00>
ST_2 : Operation 115 [1/1] (0.00ns)   --->   "%z_addr_3 = getelementptr i16 %z, i64 0, i64 %zext_ln187" [../main_5_slices.cpp:187]   --->   Operation 115 'getelementptr' 'z_addr_3' <Predicate = (trunc_ln144_1 == 4)> <Delay = 0.00>
ST_2 : Operation 116 [1/1] (0.00ns)   --->   "%z_1_addr_3 = getelementptr i16 %z_1, i64 0, i64 %zext_ln187" [../main_5_slices.cpp:187]   --->   Operation 116 'getelementptr' 'z_1_addr_3' <Predicate = (trunc_ln144_1 == 0)> <Delay = 0.00>
ST_2 : Operation 117 [1/1] (0.00ns)   --->   "%z_2_addr_3 = getelementptr i16 %z_2, i64 0, i64 %zext_ln187" [../main_5_slices.cpp:187]   --->   Operation 117 'getelementptr' 'z_2_addr_3' <Predicate = (trunc_ln144_1 == 1)> <Delay = 0.00>
ST_2 : Operation 118 [1/1] (0.00ns)   --->   "%z_3_addr_3 = getelementptr i16 %z_3, i64 0, i64 %zext_ln187" [../main_5_slices.cpp:187]   --->   Operation 118 'getelementptr' 'z_3_addr_3' <Predicate = (trunc_ln144_1 == 2)> <Delay = 0.00>
ST_2 : Operation 119 [1/1] (0.00ns)   --->   "%z_4_addr_3 = getelementptr i16 %z_4, i64 0, i64 %zext_ln187" [../main_5_slices.cpp:187]   --->   Operation 119 'getelementptr' 'z_4_addr_3' <Predicate = (trunc_ln144_1 == 3)> <Delay = 0.00>
ST_2 : Operation 120 [2/2] (1.56ns)   --->   "%z_load_3 = load i5 %z_addr_3" [../main_5_slices.cpp:187]   --->   Operation 120 'load' 'z_load_3' <Predicate = (trunc_ln144_1 == 4)> <Delay = 1.56> <CoreInst = "RAM">   --->   Core 81 'RAM' <Latency = 1> <II = 1> <Delay = 1.56> <Storage> <Opcode : 'load' 'store'> <Ports = 2> <Width = 16> <Depth = 26> <RAM>
ST_2 : Operation 121 [2/2] (1.56ns)   --->   "%z_1_load_3 = load i5 %z_1_addr_3" [../main_5_slices.cpp:187]   --->   Operation 121 'load' 'z_1_load_3' <Predicate = (trunc_ln144_1 == 0)> <Delay = 1.56> <CoreInst = "RAM">   --->   Core 81 'RAM' <Latency = 1> <II = 1> <Delay = 1.56> <Storage> <Opcode : 'load' 'store'> <Ports = 2> <Width = 16> <Depth = 26> <RAM>
ST_2 : Operation 122 [2/2] (1.56ns)   --->   "%z_2_load_3 = load i5 %z_2_addr_3" [../main_5_slices.cpp:187]   --->   Operation 122 'load' 'z_2_load_3' <Predicate = (trunc_ln144_1 == 1)> <Delay = 1.56> <CoreInst = "RAM">   --->   Core 81 'RAM' <Latency = 1> <II = 1> <Delay = 1.56> <Storage> <Opcode : 'load' 'store'> <Ports = 2> <Width = 16> <Depth = 26> <RAM>
ST_2 : Operation 123 [2/2] (1.56ns)   --->   "%z_3_load_3 = load i5 %z_3_addr_3" [../main_5_slices.cpp:187]   --->   Operation 123 'load' 'z_3_load_3' <Predicate = (trunc_ln144_1 == 2)> <Delay = 1.56> <CoreInst = "RAM">   --->   Core 81 'RAM' <Latency = 1> <II = 1> <Delay = 1.56> <Storage> <Opcode : 'load' 'store'> <Ports = 2> <Width = 16> <Depth = 26> <RAM>
ST_2 : Operation 124 [2/2] (1.56ns)   --->   "%z_4_load_3 = load i5 %z_4_addr_3" [../main_5_slices.cpp:187]   --->   Operation 124 'load' 'z_4_load_3' <Predicate = (trunc_ln144_1 == 3)> <Delay = 1.56> <CoreInst = "RAM">   --->   Core 81 'RAM' <Latency = 1> <II = 1> <Delay = 1.56> <Storage> <Opcode : 'load' 'store'> <Ports = 2> <Width = 16> <Depth = 26> <RAM>
ST_2 : Operation 125 [1/2] ( I:1.56ns O:1.56ns )   --->   "%c_slice_load = load i5 %c_slice_addr" [../main_5_slices.cpp:188]   --->   Operation 125 'load' 'c_slice_load' <Predicate = true> <Delay = 1.56> <CoreInst = "RAM">   --->   Core 81 'RAM' <Latency = 1> <II = 1> <Delay = 1.56> <Storage> <Opcode : 'load' 'store'> <Ports = 2> <Width = 16> <Depth = 32> <RAM>

State 3 <SV = 2> <Delay = 6.16>
ST_3 : Operation 126 [1/2] ( I:1.56ns O:1.56ns )   --->   "%z_load = load i5 %z_addr" [../main_5_slices.cpp:184]   --->   Operation 126 'load' 'z_load' <Predicate = (trunc_ln144_1 == 0)> <Delay = 1.56> <CoreInst = "RAM">   --->   Core 81 'RAM' <Latency = 1> <II = 1> <Delay = 1.56> <Storage> <Opcode : 'load' 'store'> <Ports = 2> <Width = 16> <Depth = 26> <RAM>
ST_3 : Operation 127 [1/2] ( I:1.56ns O:1.56ns )   --->   "%z_1_load = load i5 %z_1_addr" [../main_5_slices.cpp:184]   --->   Operation 127 'load' 'z_1_load' <Predicate = (trunc_ln144_1 == 1)> <Delay = 1.56> <CoreInst = "RAM">   --->   Core 81 'RAM' <Latency = 1> <II = 1> <Delay = 1.56> <Storage> <Opcode : 'load' 'store'> <Ports = 2> <Width = 16> <Depth = 26> <RAM>
ST_3 : Operation 128 [1/2] ( I:1.56ns O:1.56ns )   --->   "%z_2_load = load i5 %z_2_addr" [../main_5_slices.cpp:184]   --->   Operation 128 'load' 'z_2_load' <Predicate = (trunc_ln144_1 == 2)> <Delay = 1.56> <CoreInst = "RAM">   --->   Core 81 'RAM' <Latency = 1> <II = 1> <Delay = 1.56> <Storage> <Opcode : 'load' 'store'> <Ports = 2> <Width = 16> <Depth = 26> <RAM>
ST_3 : Operation 129 [1/2] ( I:1.56ns O:1.56ns )   --->   "%z_3_load = load i5 %z_3_addr" [../main_5_slices.cpp:184]   --->   Operation 129 'load' 'z_3_load' <Predicate = (trunc_ln144_1 == 3)> <Delay = 1.56> <CoreInst = "RAM">   --->   Core 81 'RAM' <Latency = 1> <II = 1> <Delay = 1.56> <Storage> <Opcode : 'load' 'store'> <Ports = 2> <Width = 16> <Depth = 26> <RAM>
ST_3 : Operation 130 [1/2] ( I:1.56ns O:1.56ns )   --->   "%z_4_load = load i5 %z_4_addr" [../main_5_slices.cpp:184]   --->   Operation 130 'load' 'z_4_load' <Predicate = (trunc_ln144_1 == 4)> <Delay = 1.56> <CoreInst = "RAM">   --->   Core 81 'RAM' <Latency = 1> <II = 1> <Delay = 1.56> <Storage> <Opcode : 'load' 'store'> <Ports = 2> <Width = 16> <Depth = 26> <RAM>
ST_3 : Operation 131 [1/1] (1.22ns)   --->   "%tmp_7 = sparsemux i16 @_ssdm_op_SparseMux.ap_auto.5half.half.i3, i3 0, i16 %z_load, i3 1, i16 %z_1_load, i3 2, i16 %z_2_load, i3 3, i16 %z_3_load, i3 4, i16 %z_4_load, i16 <undef>, i3 %trunc_ln144_1" [../main_5_slices.cpp:184]   --->   Operation 131 'sparsemux' 'tmp_7' <Predicate = true> <Delay = 1.22> <CoreInst = "BinarySparseMux_DontCare">   --->   Core 137 'BinarySparseMux_DontCare' <Latency = 0> <II = 1> <Delay = 1.22> <FuncUnit> <Opcode : 'sparsemux'> <InPorts = 2> <OutPorts = 1>
ST_3 : Operation 132 [1/1] (0.00ns)   --->   "%bitcast_ln184 = bitcast i16 %tmp_7" [../main_5_slices.cpp:184]   --->   Operation 132 'bitcast' 'bitcast_ln184' <Predicate = true> <Delay = 0.00>
ST_3 : Operation 133 [1/1] (0.00ns)   --->   "%bit_sel1 = bitselect i1 @_ssdm_op_BitSelect.i1.i16.i16, i16 %bitcast_ln184, i16 15" [../main_5_slices.cpp:184]   --->   Operation 133 'bitselect' 'bit_sel1' <Predicate = true> <Delay = 0.00>
ST_3 : Operation 134 [1/1] (0.71ns)   --->   "%xor_ln184 = xor i1 %bit_sel1, i1 1" [../main_5_slices.cpp:184]   --->   Operation 134 'xor' 'xor_ln184' <Predicate = true> <Delay = 0.71> <CoreInst = "LogicGate">   --->   Core 74 'LogicGate' <Latency = 0> <II = 1> <Delay = 0.71> <FuncUnit> <Opcode : 'and' 'or' 'xor'> <InPorts = 2> <OutPorts = 1>
ST_3 : Operation 135 [1/1] (0.00ns)   --->   "%trunc_ln184 = trunc i16 %bitcast_ln184" [../main_5_slices.cpp:184]   --->   Operation 135 'trunc' 'trunc_ln184' <Predicate = true> <Delay = 0.00>
ST_3 : Operation 136 [1/1] (0.00ns)   --->   "%xor_ln = bitconcatenate i16 @_ssdm_op_BitConcatenate.i16.i1.i15, i1 %xor_ln184, i15 %trunc_ln184" [../main_5_slices.cpp:184]   --->   Operation 136 'bitconcatenate' 'xor_ln' <Predicate = true> <Delay = 0.00>
ST_3 : Operation 137 [1/1] (0.00ns)   --->   "%bitcast_ln184_1 = bitcast i16 %xor_ln" [../main_5_slices.cpp:184]   --->   Operation 137 'bitcast' 'bitcast_ln184_1' <Predicate = true> <Delay = 0.00>
ST_3 : Operation 138 [2/2] (2.66ns)   --->   "%conv = hptosp i16 %bitcast_ln184_1" [../main_5_slices.cpp:184]   --->   Operation 138 'hptosp' 'conv' <Predicate = true> <Delay = 2.66> <CoreInst = "Half2Float">   --->   Core 68 'Half2Float' <Latency = 1> <II = 1> <Delay = 2.66> <FuncUnit> <Opcode : 'hptosp'> <InPorts = 1> <OutPorts = 1>
ST_3 : Operation 139 [1/2] ( I:1.56ns O:1.56ns )   --->   "%z_load_1 = load i5 %z_addr_1" [../main_5_slices.cpp:185]   --->   Operation 139 'load' 'z_load_1' <Predicate = (trunc_ln144_1 == 3)> <Delay = 1.56> <CoreInst = "RAM">   --->   Core 81 'RAM' <Latency = 1> <II = 1> <Delay = 1.56> <Storage> <Opcode : 'load' 'store'> <Ports = 2> <Width = 16> <Depth = 26> <RAM>
ST_3 : Operation 140 [1/2] ( I:1.56ns O:1.56ns )   --->   "%z_1_load_1 = load i5 %z_1_addr_1" [../main_5_slices.cpp:185]   --->   Operation 140 'load' 'z_1_load_1' <Predicate = (trunc_ln144_1 == 4)> <Delay = 1.56> <CoreInst = "RAM">   --->   Core 81 'RAM' <Latency = 1> <II = 1> <Delay = 1.56> <Storage> <Opcode : 'load' 'store'> <Ports = 2> <Width = 16> <Depth = 26> <RAM>
ST_3 : Operation 141 [1/2] ( I:1.56ns O:1.56ns )   --->   "%z_2_load_1 = load i5 %z_2_addr_1" [../main_5_slices.cpp:185]   --->   Operation 141 'load' 'z_2_load_1' <Predicate = (trunc_ln144_1 == 0)> <Delay = 1.56> <CoreInst = "RAM">   --->   Core 81 'RAM' <Latency = 1> <II = 1> <Delay = 1.56> <Storage> <Opcode : 'load' 'store'> <Ports = 2> <Width = 16> <Depth = 26> <RAM>
ST_3 : Operation 142 [1/2] ( I:1.56ns O:1.56ns )   --->   "%z_3_load_1 = load i5 %z_3_addr_1" [../main_5_slices.cpp:185]   --->   Operation 142 'load' 'z_3_load_1' <Predicate = (trunc_ln144_1 == 1)> <Delay = 1.56> <CoreInst = "RAM">   --->   Core 81 'RAM' <Latency = 1> <II = 1> <Delay = 1.56> <Storage> <Opcode : 'load' 'store'> <Ports = 2> <Width = 16> <Depth = 26> <RAM>
ST_3 : Operation 143 [1/2] ( I:1.56ns O:1.56ns )   --->   "%z_4_load_1 = load i5 %z_4_addr_1" [../main_5_slices.cpp:185]   --->   Operation 143 'load' 'z_4_load_1' <Predicate = (trunc_ln144_1 == 2)> <Delay = 1.56> <CoreInst = "RAM">   --->   Core 81 'RAM' <Latency = 1> <II = 1> <Delay = 1.56> <Storage> <Opcode : 'load' 'store'> <Ports = 2> <Width = 16> <Depth = 26> <RAM>
ST_3 : Operation 144 [1/1] (1.22ns)   --->   "%tmp_9 = sparsemux i16 @_ssdm_op_SparseMux.ap_auto.5half.half.i3, i3 3, i16 %z_load_1, i3 4, i16 %z_1_load_1, i3 0, i16 %z_2_load_1, i3 1, i16 %z_3_load_1, i3 2, i16 %z_4_load_1, i16 <undef>, i3 %trunc_ln144_1" [../main_5_slices.cpp:185]   --->   Operation 144 'sparsemux' 'tmp_9' <Predicate = true> <Delay = 1.22> <CoreInst = "BinarySparseMux_DontCare">   --->   Core 137 'BinarySparseMux_DontCare' <Latency = 0> <II = 1> <Delay = 1.22> <FuncUnit> <Opcode : 'sparsemux'> <InPorts = 2> <OutPorts = 1>
ST_3 : Operation 145 [1/1] (0.00ns)   --->   "%bitcast_ln185 = bitcast i16 %tmp_9" [../main_5_slices.cpp:185]   --->   Operation 145 'bitcast' 'bitcast_ln185' <Predicate = true> <Delay = 0.00>
ST_3 : Operation 146 [1/1] (0.00ns)   --->   "%bit_sel2 = bitselect i1 @_ssdm_op_BitSelect.i1.i16.i16, i16 %bitcast_ln185, i16 15" [../main_5_slices.cpp:185]   --->   Operation 146 'bitselect' 'bit_sel2' <Predicate = true> <Delay = 0.00>
ST_3 : Operation 147 [1/1] (0.71ns)   --->   "%xor_ln185 = xor i1 %bit_sel2, i1 1" [../main_5_slices.cpp:185]   --->   Operation 147 'xor' 'xor_ln185' <Predicate = true> <Delay = 0.71> <CoreInst = "LogicGate">   --->   Core 74 'LogicGate' <Latency = 0> <II = 1> <Delay = 0.71> <FuncUnit> <Opcode : 'and' 'or' 'xor'> <InPorts = 2> <OutPorts = 1>
ST_3 : Operation 148 [1/1] (0.00ns)   --->   "%trunc_ln185 = trunc i16 %bitcast_ln185" [../main_5_slices.cpp:185]   --->   Operation 148 'trunc' 'trunc_ln185' <Predicate = true> <Delay = 0.00>
ST_3 : Operation 149 [1/1] (0.00ns)   --->   "%xor_ln1 = bitconcatenate i16 @_ssdm_op_BitConcatenate.i16.i1.i15, i1 %xor_ln185, i15 %trunc_ln185" [../main_5_slices.cpp:185]   --->   Operation 149 'bitconcatenate' 'xor_ln1' <Predicate = true> <Delay = 0.00>
ST_3 : Operation 150 [1/1] (0.00ns)   --->   "%bitcast_ln185_1 = bitcast i16 %xor_ln1" [../main_5_slices.cpp:185]   --->   Operation 150 'bitcast' 'bitcast_ln185_1' <Predicate = true> <Delay = 0.00>
ST_3 : Operation 151 [2/2] (2.66ns)   --->   "%conv2 = hptosp i16 %bitcast_ln185_1" [../main_5_slices.cpp:185]   --->   Operation 151 'hptosp' 'conv2' <Predicate = true> <Delay = 2.66> <CoreInst = "Half2Float">   --->   Core 68 'Half2Float' <Latency = 1> <II = 1> <Delay = 2.66> <FuncUnit> <Opcode : 'hptosp'> <InPorts = 1> <OutPorts = 1>
ST_3 : Operation 152 [1/2] ( I:1.56ns O:1.56ns )   --->   "%z_load_2 = load i5 %z_addr_2" [../main_5_slices.cpp:186]   --->   Operation 152 'load' 'z_load_2' <Predicate = (trunc_ln144_1 == 1)> <Delay = 1.56> <CoreInst = "RAM">   --->   Core 81 'RAM' <Latency = 1> <II = 1> <Delay = 1.56> <Storage> <Opcode : 'load' 'store'> <Ports = 2> <Width = 16> <Depth = 26> <RAM>
ST_3 : Operation 153 [1/2] ( I:1.56ns O:1.56ns )   --->   "%z_1_load_2 = load i5 %z_1_addr_2" [../main_5_slices.cpp:186]   --->   Operation 153 'load' 'z_1_load_2' <Predicate = (trunc_ln144_1 == 2)> <Delay = 1.56> <CoreInst = "RAM">   --->   Core 81 'RAM' <Latency = 1> <II = 1> <Delay = 1.56> <Storage> <Opcode : 'load' 'store'> <Ports = 2> <Width = 16> <Depth = 26> <RAM>
ST_3 : Operation 154 [1/2] ( I:1.56ns O:1.56ns )   --->   "%z_2_load_2 = load i5 %z_2_addr_2" [../main_5_slices.cpp:186]   --->   Operation 154 'load' 'z_2_load_2' <Predicate = (trunc_ln144_1 == 3)> <Delay = 1.56> <CoreInst = "RAM">   --->   Core 81 'RAM' <Latency = 1> <II = 1> <Delay = 1.56> <Storage> <Opcode : 'load' 'store'> <Ports = 2> <Width = 16> <Depth = 26> <RAM>
ST_3 : Operation 155 [1/2] ( I:1.56ns O:1.56ns )   --->   "%z_3_load_2 = load i5 %z_3_addr_2" [../main_5_slices.cpp:186]   --->   Operation 155 'load' 'z_3_load_2' <Predicate = (trunc_ln144_1 == 4)> <Delay = 1.56> <CoreInst = "RAM">   --->   Core 81 'RAM' <Latency = 1> <II = 1> <Delay = 1.56> <Storage> <Opcode : 'load' 'store'> <Ports = 2> <Width = 16> <Depth = 26> <RAM>
ST_3 : Operation 156 [1/2] ( I:1.56ns O:1.56ns )   --->   "%z_4_load_2 = load i5 %z_4_addr_2" [../main_5_slices.cpp:186]   --->   Operation 156 'load' 'z_4_load_2' <Predicate = (trunc_ln144_1 == 0)> <Delay = 1.56> <CoreInst = "RAM">   --->   Core 81 'RAM' <Latency = 1> <II = 1> <Delay = 1.56> <Storage> <Opcode : 'load' 'store'> <Ports = 2> <Width = 16> <Depth = 26> <RAM>
ST_3 : Operation 157 [1/1] (1.22ns)   --->   "%tmp_1 = sparsemux i16 @_ssdm_op_SparseMux.ap_auto.5half.half.i3, i3 1, i16 %z_load_2, i3 2, i16 %z_1_load_2, i3 3, i16 %z_2_load_2, i3 4, i16 %z_3_load_2, i3 0, i16 %z_4_load_2, i16 <undef>, i3 %trunc_ln144_1" [../main_5_slices.cpp:186]   --->   Operation 157 'sparsemux' 'tmp_1' <Predicate = true> <Delay = 1.22> <CoreInst = "BinarySparseMux_DontCare">   --->   Core 137 'BinarySparseMux_DontCare' <Latency = 0> <II = 1> <Delay = 1.22> <FuncUnit> <Opcode : 'sparsemux'> <InPorts = 2> <OutPorts = 1>
ST_3 : Operation 158 [1/2] ( I:1.56ns O:1.56ns )   --->   "%z_load_3 = load i5 %z_addr_3" [../main_5_slices.cpp:187]   --->   Operation 158 'load' 'z_load_3' <Predicate = (trunc_ln144_1 == 4)> <Delay = 1.56> <CoreInst = "RAM">   --->   Core 81 'RAM' <Latency = 1> <II = 1> <Delay = 1.56> <Storage> <Opcode : 'load' 'store'> <Ports = 2> <Width = 16> <Depth = 26> <RAM>
ST_3 : Operation 159 [1/2] ( I:1.56ns O:1.56ns )   --->   "%z_1_load_3 = load i5 %z_1_addr_3" [../main_5_slices.cpp:187]   --->   Operation 159 'load' 'z_1_load_3' <Predicate = (trunc_ln144_1 == 0)> <Delay = 1.56> <CoreInst = "RAM">   --->   Core 81 'RAM' <Latency = 1> <II = 1> <Delay = 1.56> <Storage> <Opcode : 'load' 'store'> <Ports = 2> <Width = 16> <Depth = 26> <RAM>
ST_3 : Operation 160 [1/2] ( I:1.56ns O:1.56ns )   --->   "%z_2_load_3 = load i5 %z_2_addr_3" [../main_5_slices.cpp:187]   --->   Operation 160 'load' 'z_2_load_3' <Predicate = (trunc_ln144_1 == 1)> <Delay = 1.56> <CoreInst = "RAM">   --->   Core 81 'RAM' <Latency = 1> <II = 1> <Delay = 1.56> <Storage> <Opcode : 'load' 'store'> <Ports = 2> <Width = 16> <Depth = 26> <RAM>
ST_3 : Operation 161 [1/2] ( I:1.56ns O:1.56ns )   --->   "%z_3_load_3 = load i5 %z_3_addr_3" [../main_5_slices.cpp:187]   --->   Operation 161 'load' 'z_3_load_3' <Predicate = (trunc_ln144_1 == 2)> <Delay = 1.56> <CoreInst = "RAM">   --->   Core 81 'RAM' <Latency = 1> <II = 1> <Delay = 1.56> <Storage> <Opcode : 'load' 'store'> <Ports = 2> <Width = 16> <Depth = 26> <RAM>
ST_3 : Operation 162 [1/2] ( I:1.56ns O:1.56ns )   --->   "%z_4_load_3 = load i5 %z_4_addr_3" [../main_5_slices.cpp:187]   --->   Operation 162 'load' 'z_4_load_3' <Predicate = (trunc_ln144_1 == 3)> <Delay = 1.56> <CoreInst = "RAM">   --->   Core 81 'RAM' <Latency = 1> <II = 1> <Delay = 1.56> <Storage> <Opcode : 'load' 'store'> <Ports = 2> <Width = 16> <Depth = 26> <RAM>
ST_3 : Operation 163 [1/1] (1.22ns)   --->   "%x_assign = sparsemux i16 @_ssdm_op_SparseMux.ap_auto.5half.half.i3, i3 4, i16 %z_load_3, i3 0, i16 %z_1_load_3, i3 1, i16 %z_2_load_3, i3 2, i16 %z_3_load_3, i3 3, i16 %z_4_load_3, i16 <undef>, i3 %trunc_ln144_1" [../main_5_slices.cpp:187]   --->   Operation 163 'sparsemux' 'x_assign' <Predicate = true> <Delay = 1.22> <CoreInst = "BinarySparseMux_DontCare">   --->   Core 137 'BinarySparseMux_DontCare' <Latency = 0> <II = 1> <Delay = 1.22> <FuncUnit> <Opcode : 'sparsemux'> <InPorts = 2> <OutPorts = 1>

State 4 <SV = 3> <Delay = 2.66>
ST_4 : Operation 164 [1/2] (2.66ns)   --->   "%conv = hptosp i16 %bitcast_ln184_1" [../main_5_slices.cpp:184]   --->   Operation 164 'hptosp' 'conv' <Predicate = true> <Delay = 2.66> <CoreInst = "Half2Float">   --->   Core 68 'Half2Float' <Latency = 1> <II = 1> <Delay = 2.66> <FuncUnit> <Opcode : 'hptosp'> <InPorts = 1> <OutPorts = 1>
ST_4 : Operation 165 [1/2] (2.66ns)   --->   "%conv2 = hptosp i16 %bitcast_ln185_1" [../main_5_slices.cpp:185]   --->   Operation 165 'hptosp' 'conv2' <Predicate = true> <Delay = 2.66> <CoreInst = "Half2Float">   --->   Core 68 'Half2Float' <Latency = 1> <II = 1> <Delay = 2.66> <FuncUnit> <Opcode : 'hptosp'> <InPorts = 1> <OutPorts = 1>

State 5 <SV = 4> <Delay = 6.11>
ST_5 : Operation 166 [8/8] (6.11ns)   --->   "%tmp_8 = fexp i32 @llvm.exp.f32, i32 %conv" [../main_5_slices.cpp:184]   --->   Operation 166 'fexp' 'tmp_8' <Predicate = true> <Delay = 6.11> <CoreInst = "FExp_fulldsp">   --->   Core 23 'FExp_fulldsp' <Latency = 7> <II = 1> <Delay = 6.11> <FuncUnit> <Opcode : 'fexp'> <InPorts = 1> <OutPorts = 1>
ST_5 : Operation 167 [8/8] (6.11ns)   --->   "%tmp_s = fexp i32 @llvm.exp.f32, i32 %conv2" [../main_5_slices.cpp:185]   --->   Operation 167 'fexp' 'tmp_s' <Predicate = true> <Delay = 6.11> <CoreInst = "FExp_fulldsp">   --->   Core 23 'FExp_fulldsp' <Latency = 7> <II = 1> <Delay = 6.11> <FuncUnit> <Opcode : 'fexp'> <InPorts = 1> <OutPorts = 1>

State 6 <SV = 5> <Delay = 6.11>
ST_6 : Operation 168 [7/8] (6.11ns)   --->   "%tmp_8 = fexp i32 @llvm.exp.f32, i32 %conv" [../main_5_slices.cpp:184]   --->   Operation 168 'fexp' 'tmp_8' <Predicate = true> <Delay = 6.11> <CoreInst = "FExp_fulldsp">   --->   Core 23 'FExp_fulldsp' <Latency = 7> <II = 1> <Delay = 6.11> <FuncUnit> <Opcode : 'fexp'> <InPorts = 1> <OutPorts = 1>
ST_6 : Operation 169 [7/8] (6.11ns)   --->   "%tmp_s = fexp i32 @llvm.exp.f32, i32 %conv2" [../main_5_slices.cpp:185]   --->   Operation 169 'fexp' 'tmp_s' <Predicate = true> <Delay = 6.11> <CoreInst = "FExp_fulldsp">   --->   Core 23 'FExp_fulldsp' <Latency = 7> <II = 1> <Delay = 6.11> <FuncUnit> <Opcode : 'fexp'> <InPorts = 1> <OutPorts = 1>

State 7 <SV = 6> <Delay = 6.11>
ST_7 : Operation 170 [6/8] (6.11ns)   --->   "%tmp_8 = fexp i32 @llvm.exp.f32, i32 %conv" [../main_5_slices.cpp:184]   --->   Operation 170 'fexp' 'tmp_8' <Predicate = true> <Delay = 6.11> <CoreInst = "FExp_fulldsp">   --->   Core 23 'FExp_fulldsp' <Latency = 7> <II = 1> <Delay = 6.11> <FuncUnit> <Opcode : 'fexp'> <InPorts = 1> <OutPorts = 1>
ST_7 : Operation 171 [6/8] (6.11ns)   --->   "%tmp_s = fexp i32 @llvm.exp.f32, i32 %conv2" [../main_5_slices.cpp:185]   --->   Operation 171 'fexp' 'tmp_s' <Predicate = true> <Delay = 6.11> <CoreInst = "FExp_fulldsp">   --->   Core 23 'FExp_fulldsp' <Latency = 7> <II = 1> <Delay = 6.11> <FuncUnit> <Opcode : 'fexp'> <InPorts = 1> <OutPorts = 1>

State 8 <SV = 7> <Delay = 6.11>
ST_8 : Operation 172 [5/8] (6.11ns)   --->   "%tmp_8 = fexp i32 @llvm.exp.f32, i32 %conv" [../main_5_slices.cpp:184]   --->   Operation 172 'fexp' 'tmp_8' <Predicate = true> <Delay = 6.11> <CoreInst = "FExp_fulldsp">   --->   Core 23 'FExp_fulldsp' <Latency = 7> <II = 1> <Delay = 6.11> <FuncUnit> <Opcode : 'fexp'> <InPorts = 1> <OutPorts = 1>
ST_8 : Operation 173 [5/8] (6.11ns)   --->   "%tmp_s = fexp i32 @llvm.exp.f32, i32 %conv2" [../main_5_slices.cpp:185]   --->   Operation 173 'fexp' 'tmp_s' <Predicate = true> <Delay = 6.11> <CoreInst = "FExp_fulldsp">   --->   Core 23 'FExp_fulldsp' <Latency = 7> <II = 1> <Delay = 6.11> <FuncUnit> <Opcode : 'fexp'> <InPorts = 1> <OutPorts = 1>

State 9 <SV = 8> <Delay = 6.11>
ST_9 : Operation 174 [4/8] (6.11ns)   --->   "%tmp_8 = fexp i32 @llvm.exp.f32, i32 %conv" [../main_5_slices.cpp:184]   --->   Operation 174 'fexp' 'tmp_8' <Predicate = true> <Delay = 6.11> <CoreInst = "FExp_fulldsp">   --->   Core 23 'FExp_fulldsp' <Latency = 7> <II = 1> <Delay = 6.11> <FuncUnit> <Opcode : 'fexp'> <InPorts = 1> <OutPorts = 1>
ST_9 : Operation 175 [4/8] (6.11ns)   --->   "%tmp_s = fexp i32 @llvm.exp.f32, i32 %conv2" [../main_5_slices.cpp:185]   --->   Operation 175 'fexp' 'tmp_s' <Predicate = true> <Delay = 6.11> <CoreInst = "FExp_fulldsp">   --->   Core 23 'FExp_fulldsp' <Latency = 7> <II = 1> <Delay = 6.11> <FuncUnit> <Opcode : 'fexp'> <InPorts = 1> <OutPorts = 1>

State 10 <SV = 9> <Delay = 6.11>
ST_10 : Operation 176 [3/8] (6.11ns)   --->   "%tmp_8 = fexp i32 @llvm.exp.f32, i32 %conv" [../main_5_slices.cpp:184]   --->   Operation 176 'fexp' 'tmp_8' <Predicate = true> <Delay = 6.11> <CoreInst = "FExp_fulldsp">   --->   Core 23 'FExp_fulldsp' <Latency = 7> <II = 1> <Delay = 6.11> <FuncUnit> <Opcode : 'fexp'> <InPorts = 1> <OutPorts = 1>
ST_10 : Operation 177 [3/8] (6.11ns)   --->   "%tmp_s = fexp i32 @llvm.exp.f32, i32 %conv2" [../main_5_slices.cpp:185]   --->   Operation 177 'fexp' 'tmp_s' <Predicate = true> <Delay = 6.11> <CoreInst = "FExp_fulldsp">   --->   Core 23 'FExp_fulldsp' <Latency = 7> <II = 1> <Delay = 6.11> <FuncUnit> <Opcode : 'fexp'> <InPorts = 1> <OutPorts = 1>

State 11 <SV = 10> <Delay = 6.11>
ST_11 : Operation 178 [2/8] (6.11ns)   --->   "%tmp_8 = fexp i32 @llvm.exp.f32, i32 %conv" [../main_5_slices.cpp:184]   --->   Operation 178 'fexp' 'tmp_8' <Predicate = true> <Delay = 6.11> <CoreInst = "FExp_fulldsp">   --->   Core 23 'FExp_fulldsp' <Latency = 7> <II = 1> <Delay = 6.11> <FuncUnit> <Opcode : 'fexp'> <InPorts = 1> <OutPorts = 1>
ST_11 : Operation 179 [2/8] (6.11ns)   --->   "%tmp_s = fexp i32 @llvm.exp.f32, i32 %conv2" [../main_5_slices.cpp:185]   --->   Operation 179 'fexp' 'tmp_s' <Predicate = true> <Delay = 6.11> <CoreInst = "FExp_fulldsp">   --->   Core 23 'FExp_fulldsp' <Latency = 7> <II = 1> <Delay = 6.11> <FuncUnit> <Opcode : 'fexp'> <InPorts = 1> <OutPorts = 1>

State 12 <SV = 11> <Delay = 6.11>
ST_12 : Operation 180 [1/8] (6.11ns)   --->   "%tmp_8 = fexp i32 @llvm.exp.f32, i32 %conv" [../main_5_slices.cpp:184]   --->   Operation 180 'fexp' 'tmp_8' <Predicate = true> <Delay = 6.11> <CoreInst = "FExp_fulldsp">   --->   Core 23 'FExp_fulldsp' <Latency = 7> <II = 1> <Delay = 6.11> <FuncUnit> <Opcode : 'fexp'> <InPorts = 1> <OutPorts = 1>
ST_12 : Operation 181 [1/8] (6.11ns)   --->   "%tmp_s = fexp i32 @llvm.exp.f32, i32 %conv2" [../main_5_slices.cpp:185]   --->   Operation 181 'fexp' 'tmp_s' <Predicate = true> <Delay = 6.11> <CoreInst = "FExp_fulldsp">   --->   Core 23 'FExp_fulldsp' <Latency = 7> <II = 1> <Delay = 6.11> <FuncUnit> <Opcode : 'fexp'> <InPorts = 1> <OutPorts = 1>

State 13 <SV = 12> <Delay = 7.28>
ST_13 : Operation 182 [4/4] (7.28ns)   --->   "%add5 = fadd i32 %tmp_8, i32 1" [../main_5_slices.cpp:184]   --->   Operation 182 'fadd' 'add5' <Predicate = true> <Delay = 7.28> <CoreInst = "FAddSub_fulldsp">   --->   Core 18 'FAddSub_fulldsp' <Latency = 3> <II = 1> <Delay = 7.28> <FuncUnit> <Opcode : 'fadd' 'fsub'> <InPorts = 2> <OutPorts = 1>
ST_13 : Operation 183 [4/4] (7.28ns)   --->   "%add6 = fadd i32 %tmp_s, i32 1" [../main_5_slices.cpp:185]   --->   Operation 183 'fadd' 'add6' <Predicate = true> <Delay = 7.28> <CoreInst = "FAddSub_fulldsp">   --->   Core 18 'FAddSub_fulldsp' <Latency = 3> <II = 1> <Delay = 7.28> <FuncUnit> <Opcode : 'fadd' 'fsub'> <InPorts = 2> <OutPorts = 1>

State 14 <SV = 13> <Delay = 7.28>
ST_14 : Operation 184 [3/4] (7.28ns)   --->   "%add5 = fadd i32 %tmp_8, i32 1" [../main_5_slices.cpp:184]   --->   Operation 184 'fadd' 'add5' <Predicate = true> <Delay = 7.28> <CoreInst = "FAddSub_fulldsp">   --->   Core 18 'FAddSub_fulldsp' <Latency = 3> <II = 1> <Delay = 7.28> <FuncUnit> <Opcode : 'fadd' 'fsub'> <InPorts = 2> <OutPorts = 1>
ST_14 : Operation 185 [3/4] (7.28ns)   --->   "%add6 = fadd i32 %tmp_s, i32 1" [../main_5_slices.cpp:185]   --->   Operation 185 'fadd' 'add6' <Predicate = true> <Delay = 7.28> <CoreInst = "FAddSub_fulldsp">   --->   Core 18 'FAddSub_fulldsp' <Latency = 3> <II = 1> <Delay = 7.28> <FuncUnit> <Opcode : 'fadd' 'fsub'> <InPorts = 2> <OutPorts = 1>
ST_14 : Operation 186 [1/1] (0.00ns)   --->   "%bitcast_ln186 = bitcast i16 %tmp_1" [../main_5_slices.cpp:186]   --->   Operation 186 'bitcast' 'bitcast_ln186' <Predicate = true> <Delay = 0.00>
ST_14 : Operation 187 [1/1] (0.00ns)   --->   "%bit_sel = bitselect i1 @_ssdm_op_BitSelect.i1.i16.i16, i16 %bitcast_ln186, i16 15" [../main_5_slices.cpp:186]   --->   Operation 187 'bitselect' 'bit_sel' <Predicate = true> <Delay = 0.00>
ST_14 : Operation 188 [1/1] (0.71ns)   --->   "%xor_ln186 = xor i1 %bit_sel, i1 1" [../main_5_slices.cpp:186]   --->   Operation 188 'xor' 'xor_ln186' <Predicate = true> <Delay = 0.71> <CoreInst = "LogicGate">   --->   Core 74 'LogicGate' <Latency = 0> <II = 1> <Delay = 0.71> <FuncUnit> <Opcode : 'and' 'or' 'xor'> <InPorts = 2> <OutPorts = 1>
ST_14 : Operation 189 [1/1] (0.00ns)   --->   "%trunc_ln186 = trunc i16 %bitcast_ln186" [../main_5_slices.cpp:186]   --->   Operation 189 'trunc' 'trunc_ln186' <Predicate = true> <Delay = 0.00>
ST_14 : Operation 190 [1/1] (0.00ns)   --->   "%xor_ln2 = bitconcatenate i16 @_ssdm_op_BitConcatenate.i16.i1.i15, i1 %xor_ln186, i15 %trunc_ln186" [../main_5_slices.cpp:186]   --->   Operation 190 'bitconcatenate' 'xor_ln2' <Predicate = true> <Delay = 0.00>
ST_14 : Operation 191 [1/1] (0.00ns)   --->   "%bitcast_ln186_1 = bitcast i16 %xor_ln2" [../main_5_slices.cpp:186]   --->   Operation 191 'bitcast' 'bitcast_ln186_1' <Predicate = true> <Delay = 0.00>
ST_14 : Operation 192 [2/2] (2.66ns)   --->   "%conv4 = hptosp i16 %bitcast_ln186_1" [../main_5_slices.cpp:186]   --->   Operation 192 'hptosp' 'conv4' <Predicate = true> <Delay = 2.66> <CoreInst = "Half2Float">   --->   Core 68 'Half2Float' <Latency = 1> <II = 1> <Delay = 2.66> <FuncUnit> <Opcode : 'hptosp'> <InPorts = 1> <OutPorts = 1>

State 15 <SV = 14> <Delay = 7.28>
ST_15 : Operation 193 [2/4] (7.28ns)   --->   "%add5 = fadd i32 %tmp_8, i32 1" [../main_5_slices.cpp:184]   --->   Operation 193 'fadd' 'add5' <Predicate = true> <Delay = 7.28> <CoreInst = "FAddSub_fulldsp">   --->   Core 18 'FAddSub_fulldsp' <Latency = 3> <II = 1> <Delay = 7.28> <FuncUnit> <Opcode : 'fadd' 'fsub'> <InPorts = 2> <OutPorts = 1>
ST_15 : Operation 194 [2/4] (7.28ns)   --->   "%add6 = fadd i32 %tmp_s, i32 1" [../main_5_slices.cpp:185]   --->   Operation 194 'fadd' 'add6' <Predicate = true> <Delay = 7.28> <CoreInst = "FAddSub_fulldsp">   --->   Core 18 'FAddSub_fulldsp' <Latency = 3> <II = 1> <Delay = 7.28> <FuncUnit> <Opcode : 'fadd' 'fsub'> <InPorts = 2> <OutPorts = 1>
ST_15 : Operation 195 [1/2] (2.66ns)   --->   "%conv4 = hptosp i16 %bitcast_ln186_1" [../main_5_slices.cpp:186]   --->   Operation 195 'hptosp' 'conv4' <Predicate = true> <Delay = 2.66> <CoreInst = "Half2Float">   --->   Core 68 'Half2Float' <Latency = 1> <II = 1> <Delay = 2.66> <FuncUnit> <Opcode : 'hptosp'> <InPorts = 1> <OutPorts = 1>

State 16 <SV = 15> <Delay = 7.28>
ST_16 : Operation 196 [1/4] (7.28ns)   --->   "%add5 = fadd i32 %tmp_8, i32 1" [../main_5_slices.cpp:184]   --->   Operation 196 'fadd' 'add5' <Predicate = true> <Delay = 7.28> <CoreInst = "FAddSub_fulldsp">   --->   Core 18 'FAddSub_fulldsp' <Latency = 3> <II = 1> <Delay = 7.28> <FuncUnit> <Opcode : 'fadd' 'fsub'> <InPorts = 2> <OutPorts = 1>
ST_16 : Operation 197 [1/4] (7.28ns)   --->   "%add6 = fadd i32 %tmp_s, i32 1" [../main_5_slices.cpp:185]   --->   Operation 197 'fadd' 'add6' <Predicate = true> <Delay = 7.28> <CoreInst = "FAddSub_fulldsp">   --->   Core 18 'FAddSub_fulldsp' <Latency = 3> <II = 1> <Delay = 7.28> <FuncUnit> <Opcode : 'fadd' 'fsub'> <InPorts = 2> <OutPorts = 1>
ST_16 : Operation 198 [8/8] (6.11ns)   --->   "%tmp_2 = fexp i32 @llvm.exp.f32, i32 %conv4" [../main_5_slices.cpp:186]   --->   Operation 198 'fexp' 'tmp_2' <Predicate = true> <Delay = 6.11> <CoreInst = "FExp_fulldsp">   --->   Core 23 'FExp_fulldsp' <Latency = 7> <II = 1> <Delay = 6.11> <FuncUnit> <Opcode : 'fexp'> <InPorts = 1> <OutPorts = 1>

State 17 <SV = 16> <Delay = 7.84>
ST_17 : Operation 199 [10/10] (7.84ns)   --->   "%div = fdiv i32 1, i32 %add5" [../main_5_slices.cpp:184]   --->   Operation 199 'fdiv' 'div' <Predicate = true> <Delay = 7.84> <CoreInst = "FDiv">   --->   Core 20 'FDiv' <Latency = 9> <II = 1> <Delay = 7.84> <FuncUnit> <Opcode : 'fdiv' 'frem'> <InPorts = 2> <OutPorts = 1>
ST_17 : Operation 200 [10/10] (7.84ns)   --->   "%div1 = fdiv i32 1, i32 %add6" [../main_5_slices.cpp:185]   --->   Operation 200 'fdiv' 'div1' <Predicate = true> <Delay = 7.84> <CoreInst = "FDiv">   --->   Core 20 'FDiv' <Latency = 9> <II = 1> <Delay = 7.84> <FuncUnit> <Opcode : 'fdiv' 'frem'> <InPorts = 2> <OutPorts = 1>
ST_17 : Operation 201 [7/8] (6.11ns)   --->   "%tmp_2 = fexp i32 @llvm.exp.f32, i32 %conv4" [../main_5_slices.cpp:186]   --->   Operation 201 'fexp' 'tmp_2' <Predicate = true> <Delay = 6.11> <CoreInst = "FExp_fulldsp">   --->   Core 23 'FExp_fulldsp' <Latency = 7> <II = 1> <Delay = 6.11> <FuncUnit> <Opcode : 'fexp'> <InPorts = 1> <OutPorts = 1>

State 18 <SV = 17> <Delay = 7.84>
ST_18 : Operation 202 [9/10] (7.84ns)   --->   "%div = fdiv i32 1, i32 %add5" [../main_5_slices.cpp:184]   --->   Operation 202 'fdiv' 'div' <Predicate = true> <Delay = 7.84> <CoreInst = "FDiv">   --->   Core 20 'FDiv' <Latency = 9> <II = 1> <Delay = 7.84> <FuncUnit> <Opcode : 'fdiv' 'frem'> <InPorts = 2> <OutPorts = 1>
ST_18 : Operation 203 [9/10] (7.84ns)   --->   "%div1 = fdiv i32 1, i32 %add6" [../main_5_slices.cpp:185]   --->   Operation 203 'fdiv' 'div1' <Predicate = true> <Delay = 7.84> <CoreInst = "FDiv">   --->   Core 20 'FDiv' <Latency = 9> <II = 1> <Delay = 7.84> <FuncUnit> <Opcode : 'fdiv' 'frem'> <InPorts = 2> <OutPorts = 1>
ST_18 : Operation 204 [6/8] (6.11ns)   --->   "%tmp_2 = fexp i32 @llvm.exp.f32, i32 %conv4" [../main_5_slices.cpp:186]   --->   Operation 204 'fexp' 'tmp_2' <Predicate = true> <Delay = 6.11> <CoreInst = "FExp_fulldsp">   --->   Core 23 'FExp_fulldsp' <Latency = 7> <II = 1> <Delay = 6.11> <FuncUnit> <Opcode : 'fexp'> <InPorts = 1> <OutPorts = 1>

State 19 <SV = 18> <Delay = 7.84>
ST_19 : Operation 205 [8/10] (7.84ns)   --->   "%div = fdiv i32 1, i32 %add5" [../main_5_slices.cpp:184]   --->   Operation 205 'fdiv' 'div' <Predicate = true> <Delay = 7.84> <CoreInst = "FDiv">   --->   Core 20 'FDiv' <Latency = 9> <II = 1> <Delay = 7.84> <FuncUnit> <Opcode : 'fdiv' 'frem'> <InPorts = 2> <OutPorts = 1>
ST_19 : Operation 206 [8/10] (7.84ns)   --->   "%div1 = fdiv i32 1, i32 %add6" [../main_5_slices.cpp:185]   --->   Operation 206 'fdiv' 'div1' <Predicate = true> <Delay = 7.84> <CoreInst = "FDiv">   --->   Core 20 'FDiv' <Latency = 9> <II = 1> <Delay = 7.84> <FuncUnit> <Opcode : 'fdiv' 'frem'> <InPorts = 2> <OutPorts = 1>
ST_19 : Operation 207 [5/8] (6.11ns)   --->   "%tmp_2 = fexp i32 @llvm.exp.f32, i32 %conv4" [../main_5_slices.cpp:186]   --->   Operation 207 'fexp' 'tmp_2' <Predicate = true> <Delay = 6.11> <CoreInst = "FExp_fulldsp">   --->   Core 23 'FExp_fulldsp' <Latency = 7> <II = 1> <Delay = 6.11> <FuncUnit> <Opcode : 'fexp'> <InPorts = 1> <OutPorts = 1>

State 20 <SV = 19> <Delay = 7.84>
ST_20 : Operation 208 [7/10] (7.84ns)   --->   "%div = fdiv i32 1, i32 %add5" [../main_5_slices.cpp:184]   --->   Operation 208 'fdiv' 'div' <Predicate = true> <Delay = 7.84> <CoreInst = "FDiv">   --->   Core 20 'FDiv' <Latency = 9> <II = 1> <Delay = 7.84> <FuncUnit> <Opcode : 'fdiv' 'frem'> <InPorts = 2> <OutPorts = 1>
ST_20 : Operation 209 [7/10] (7.84ns)   --->   "%div1 = fdiv i32 1, i32 %add6" [../main_5_slices.cpp:185]   --->   Operation 209 'fdiv' 'div1' <Predicate = true> <Delay = 7.84> <CoreInst = "FDiv">   --->   Core 20 'FDiv' <Latency = 9> <II = 1> <Delay = 7.84> <FuncUnit> <Opcode : 'fdiv' 'frem'> <InPorts = 2> <OutPorts = 1>
ST_20 : Operation 210 [4/8] (6.11ns)   --->   "%tmp_2 = fexp i32 @llvm.exp.f32, i32 %conv4" [../main_5_slices.cpp:186]   --->   Operation 210 'fexp' 'tmp_2' <Predicate = true> <Delay = 6.11> <CoreInst = "FExp_fulldsp">   --->   Core 23 'FExp_fulldsp' <Latency = 7> <II = 1> <Delay = 6.11> <FuncUnit> <Opcode : 'fexp'> <InPorts = 1> <OutPorts = 1>

State 21 <SV = 20> <Delay = 7.84>
ST_21 : Operation 211 [6/10] (7.84ns)   --->   "%div = fdiv i32 1, i32 %add5" [../main_5_slices.cpp:184]   --->   Operation 211 'fdiv' 'div' <Predicate = true> <Delay = 7.84> <CoreInst = "FDiv">   --->   Core 20 'FDiv' <Latency = 9> <II = 1> <Delay = 7.84> <FuncUnit> <Opcode : 'fdiv' 'frem'> <InPorts = 2> <OutPorts = 1>
ST_21 : Operation 212 [6/10] (7.84ns)   --->   "%div1 = fdiv i32 1, i32 %add6" [../main_5_slices.cpp:185]   --->   Operation 212 'fdiv' 'div1' <Predicate = true> <Delay = 7.84> <CoreInst = "FDiv">   --->   Core 20 'FDiv' <Latency = 9> <II = 1> <Delay = 7.84> <FuncUnit> <Opcode : 'fdiv' 'frem'> <InPorts = 2> <OutPorts = 1>
ST_21 : Operation 213 [3/8] (6.11ns)   --->   "%tmp_2 = fexp i32 @llvm.exp.f32, i32 %conv4" [../main_5_slices.cpp:186]   --->   Operation 213 'fexp' 'tmp_2' <Predicate = true> <Delay = 6.11> <CoreInst = "FExp_fulldsp">   --->   Core 23 'FExp_fulldsp' <Latency = 7> <II = 1> <Delay = 6.11> <FuncUnit> <Opcode : 'fexp'> <InPorts = 1> <OutPorts = 1>

State 22 <SV = 21> <Delay = 7.84>
ST_22 : Operation 214 [5/10] (7.84ns)   --->   "%div = fdiv i32 1, i32 %add5" [../main_5_slices.cpp:184]   --->   Operation 214 'fdiv' 'div' <Predicate = true> <Delay = 7.84> <CoreInst = "FDiv">   --->   Core 20 'FDiv' <Latency = 9> <II = 1> <Delay = 7.84> <FuncUnit> <Opcode : 'fdiv' 'frem'> <InPorts = 2> <OutPorts = 1>
ST_22 : Operation 215 [5/10] (7.84ns)   --->   "%div1 = fdiv i32 1, i32 %add6" [../main_5_slices.cpp:185]   --->   Operation 215 'fdiv' 'div1' <Predicate = true> <Delay = 7.84> <CoreInst = "FDiv">   --->   Core 20 'FDiv' <Latency = 9> <II = 1> <Delay = 7.84> <FuncUnit> <Opcode : 'fdiv' 'frem'> <InPorts = 2> <OutPorts = 1>
ST_22 : Operation 216 [2/8] (6.11ns)   --->   "%tmp_2 = fexp i32 @llvm.exp.f32, i32 %conv4" [../main_5_slices.cpp:186]   --->   Operation 216 'fexp' 'tmp_2' <Predicate = true> <Delay = 6.11> <CoreInst = "FExp_fulldsp">   --->   Core 23 'FExp_fulldsp' <Latency = 7> <II = 1> <Delay = 6.11> <FuncUnit> <Opcode : 'fexp'> <InPorts = 1> <OutPorts = 1>

State 23 <SV = 22> <Delay = 7.84>
ST_23 : Operation 217 [4/10] (7.84ns)   --->   "%div = fdiv i32 1, i32 %add5" [../main_5_slices.cpp:184]   --->   Operation 217 'fdiv' 'div' <Predicate = true> <Delay = 7.84> <CoreInst = "FDiv">   --->   Core 20 'FDiv' <Latency = 9> <II = 1> <Delay = 7.84> <FuncUnit> <Opcode : 'fdiv' 'frem'> <InPorts = 2> <OutPorts = 1>
ST_23 : Operation 218 [4/10] (7.84ns)   --->   "%div1 = fdiv i32 1, i32 %add6" [../main_5_slices.cpp:185]   --->   Operation 218 'fdiv' 'div1' <Predicate = true> <Delay = 7.84> <CoreInst = "FDiv">   --->   Core 20 'FDiv' <Latency = 9> <II = 1> <Delay = 7.84> <FuncUnit> <Opcode : 'fdiv' 'frem'> <InPorts = 2> <OutPorts = 1>
ST_23 : Operation 219 [1/8] (6.11ns)   --->   "%tmp_2 = fexp i32 @llvm.exp.f32, i32 %conv4" [../main_5_slices.cpp:186]   --->   Operation 219 'fexp' 'tmp_2' <Predicate = true> <Delay = 6.11> <CoreInst = "FExp_fulldsp">   --->   Core 23 'FExp_fulldsp' <Latency = 7> <II = 1> <Delay = 6.11> <FuncUnit> <Opcode : 'fexp'> <InPorts = 1> <OutPorts = 1>

State 24 <SV = 23> <Delay = 7.84>
ST_24 : Operation 220 [3/10] (7.84ns)   --->   "%div = fdiv i32 1, i32 %add5" [../main_5_slices.cpp:184]   --->   Operation 220 'fdiv' 'div' <Predicate = true> <Delay = 7.84> <CoreInst = "FDiv">   --->   Core 20 'FDiv' <Latency = 9> <II = 1> <Delay = 7.84> <FuncUnit> <Opcode : 'fdiv' 'frem'> <InPorts = 2> <OutPorts = 1>
ST_24 : Operation 221 [3/10] (7.84ns)   --->   "%div1 = fdiv i32 1, i32 %add6" [../main_5_slices.cpp:185]   --->   Operation 221 'fdiv' 'div1' <Predicate = true> <Delay = 7.84> <CoreInst = "FDiv">   --->   Core 20 'FDiv' <Latency = 9> <II = 1> <Delay = 7.84> <FuncUnit> <Opcode : 'fdiv' 'frem'> <InPorts = 2> <OutPorts = 1>
ST_24 : Operation 222 [4/4] (7.28ns)   --->   "%add7 = fadd i32 %tmp_2, i32 1" [../main_5_slices.cpp:186]   --->   Operation 222 'fadd' 'add7' <Predicate = true> <Delay = 7.28> <CoreInst = "FAddSub_fulldsp">   --->   Core 18 'FAddSub_fulldsp' <Latency = 3> <II = 1> <Delay = 7.28> <FuncUnit> <Opcode : 'fadd' 'fsub'> <InPorts = 2> <OutPorts = 1>

State 25 <SV = 24> <Delay = 7.84>
ST_25 : Operation 223 [2/10] (7.84ns)   --->   "%div = fdiv i32 1, i32 %add5" [../main_5_slices.cpp:184]   --->   Operation 223 'fdiv' 'div' <Predicate = true> <Delay = 7.84> <CoreInst = "FDiv">   --->   Core 20 'FDiv' <Latency = 9> <II = 1> <Delay = 7.84> <FuncUnit> <Opcode : 'fdiv' 'frem'> <InPorts = 2> <OutPorts = 1>
ST_25 : Operation 224 [2/10] (7.84ns)   --->   "%div1 = fdiv i32 1, i32 %add6" [../main_5_slices.cpp:185]   --->   Operation 224 'fdiv' 'div1' <Predicate = true> <Delay = 7.84> <CoreInst = "FDiv">   --->   Core 20 'FDiv' <Latency = 9> <II = 1> <Delay = 7.84> <FuncUnit> <Opcode : 'fdiv' 'frem'> <InPorts = 2> <OutPorts = 1>
ST_25 : Operation 225 [3/4] (7.28ns)   --->   "%add7 = fadd i32 %tmp_2, i32 1" [../main_5_slices.cpp:186]   --->   Operation 225 'fadd' 'add7' <Predicate = true> <Delay = 7.28> <CoreInst = "FAddSub_fulldsp">   --->   Core 18 'FAddSub_fulldsp' <Latency = 3> <II = 1> <Delay = 7.28> <FuncUnit> <Opcode : 'fadd' 'fsub'> <InPorts = 2> <OutPorts = 1>

State 26 <SV = 25> <Delay = 7.84>
ST_26 : Operation 226 [1/10] (7.84ns)   --->   "%div = fdiv i32 1, i32 %add5" [../main_5_slices.cpp:184]   --->   Operation 226 'fdiv' 'div' <Predicate = true> <Delay = 7.84> <CoreInst = "FDiv">   --->   Core 20 'FDiv' <Latency = 9> <II = 1> <Delay = 7.84> <FuncUnit> <Opcode : 'fdiv' 'frem'> <InPorts = 2> <OutPorts = 1>
ST_26 : Operation 227 [1/10] (7.84ns)   --->   "%div1 = fdiv i32 1, i32 %add6" [../main_5_slices.cpp:185]   --->   Operation 227 'fdiv' 'div1' <Predicate = true> <Delay = 7.84> <CoreInst = "FDiv">   --->   Core 20 'FDiv' <Latency = 9> <II = 1> <Delay = 7.84> <FuncUnit> <Opcode : 'fdiv' 'frem'> <InPorts = 2> <OutPorts = 1>
ST_26 : Operation 228 [2/4] (7.28ns)   --->   "%add7 = fadd i32 %tmp_2, i32 1" [../main_5_slices.cpp:186]   --->   Operation 228 'fadd' 'add7' <Predicate = true> <Delay = 7.28> <CoreInst = "FAddSub_fulldsp">   --->   Core 18 'FAddSub_fulldsp' <Latency = 3> <II = 1> <Delay = 7.28> <FuncUnit> <Opcode : 'fadd' 'fsub'> <InPorts = 2> <OutPorts = 1>

State 27 <SV = 26> <Delay = 7.28>
ST_27 : Operation 229 [2/2] (3.92ns)   --->   "%i = sptohp i32 %div" [../main_5_slices.cpp:184]   --->   Operation 229 'sptohp' 'i' <Predicate = true> <Delay = 3.92> <CoreInst = "Float2Half">   --->   Core 69 'Float2Half' <Latency = 1> <II = 1> <Delay = 3.92> <FuncUnit> <Opcode : 'sptohp'> <InPorts = 1> <OutPorts = 1>
ST_27 : Operation 230 [2/2] (3.92ns)   --->   "%f = sptohp i32 %div1" [../main_5_slices.cpp:185]   --->   Operation 230 'sptohp' 'f' <Predicate = true> <Delay = 3.92> <CoreInst = "Float2Half">   --->   Core 69 'Float2Half' <Latency = 1> <II = 1> <Delay = 3.92> <FuncUnit> <Opcode : 'sptohp'> <InPorts = 1> <OutPorts = 1>
ST_27 : Operation 231 [1/4] (7.28ns)   --->   "%add7 = fadd i32 %tmp_2, i32 1" [../main_5_slices.cpp:186]   --->   Operation 231 'fadd' 'add7' <Predicate = true> <Delay = 7.28> <CoreInst = "FAddSub_fulldsp">   --->   Core 18 'FAddSub_fulldsp' <Latency = 3> <II = 1> <Delay = 7.28> <FuncUnit> <Opcode : 'fadd' 'fsub'> <InPorts = 2> <OutPorts = 1>
ST_27 : Operation 232 [2/2] (3.84ns)   --->   "%cmp_i = fcmp_olt  i16 %x_assign, i16 -1" [../main_5_slices.cpp:46->../main_5_slices.cpp:187]   --->   Operation 232 'hcmp' 'cmp_i' <Predicate = true> <Delay = 3.84> <CoreInst = "HCompare">   --->   Core 56 'HCompare' <Latency = 1> <II = 1> <Delay = 3.84> <FuncUnit> <Opcode : 'hcmp'> <InPorts = 2> <OutPorts = 1>
ST_27 : Operation 233 [2/2] (3.84ns)   --->   "%cmp1_i = fcmp_ogt  i16 %x_assign, i16 1" [../main_5_slices.cpp:47->../main_5_slices.cpp:187]   --->   Operation 233 'hcmp' 'cmp1_i' <Predicate = true> <Delay = 3.84> <CoreInst = "HCompare">   --->   Core 56 'HCompare' <Latency = 1> <II = 1> <Delay = 3.84> <FuncUnit> <Opcode : 'hcmp'> <InPorts = 2> <OutPorts = 1>

State 28 <SV = 27> <Delay = 7.84>
ST_28 : Operation 234 [1/2] (3.92ns)   --->   "%i = sptohp i32 %div" [../main_5_slices.cpp:184]   --->   Operation 234 'sptohp' 'i' <Predicate = true> <Delay = 3.92> <CoreInst = "Float2Half">   --->   Core 69 'Float2Half' <Latency = 1> <II = 1> <Delay = 3.92> <FuncUnit> <Opcode : 'sptohp'> <InPorts = 1> <OutPorts = 1>
ST_28 : Operation 235 [1/2] (3.92ns)   --->   "%f = sptohp i32 %div1" [../main_5_slices.cpp:185]   --->   Operation 235 'sptohp' 'f' <Predicate = true> <Delay = 3.92> <CoreInst = "Float2Half">   --->   Core 69 'Float2Half' <Latency = 1> <II = 1> <Delay = 3.92> <FuncUnit> <Opcode : 'sptohp'> <InPorts = 1> <OutPorts = 1>
ST_28 : Operation 236 [10/10] (7.84ns)   --->   "%div2 = fdiv i32 1, i32 %add7" [../main_5_slices.cpp:186]   --->   Operation 236 'fdiv' 'div2' <Predicate = true> <Delay = 7.84> <CoreInst = "FDiv">   --->   Core 20 'FDiv' <Latency = 9> <II = 1> <Delay = 7.84> <FuncUnit> <Opcode : 'fdiv' 'frem'> <InPorts = 2> <OutPorts = 1>
ST_28 : Operation 237 [1/2] (3.84ns)   --->   "%cmp_i = fcmp_olt  i16 %x_assign, i16 -1" [../main_5_slices.cpp:46->../main_5_slices.cpp:187]   --->   Operation 237 'hcmp' 'cmp_i' <Predicate = true> <Delay = 3.84> <CoreInst = "HCompare">   --->   Core 56 'HCompare' <Latency = 1> <II = 1> <Delay = 3.84> <FuncUnit> <Opcode : 'hcmp'> <InPorts = 2> <OutPorts = 1>
ST_28 : Operation 238 [1/2] (3.84ns)   --->   "%cmp1_i = fcmp_ogt  i16 %x_assign, i16 1" [../main_5_slices.cpp:47->../main_5_slices.cpp:187]   --->   Operation 238 'hcmp' 'cmp1_i' <Predicate = true> <Delay = 3.84> <CoreInst = "HCompare">   --->   Core 56 'HCompare' <Latency = 1> <II = 1> <Delay = 3.84> <FuncUnit> <Opcode : 'hcmp'> <InPorts = 2> <OutPorts = 1>
ST_28 : Operation 239 [1/1] (0.00ns) (grouped into LUT with out node g)   --->   "%xor_ln46 = xor i1 %cmp_i, i1 1" [../main_5_slices.cpp:46->../main_5_slices.cpp:187]   --->   Operation 239 'xor' 'xor_ln46' <Predicate = true> <Delay = 0.00> <CoreInst = "LogicGate">   --->   Core 74 'LogicGate' <Latency = 0> <II = 1> <Delay = 0.71> <FuncUnit> <Opcode : 'and' 'or' 'xor'> <InPorts = 2> <OutPorts = 1>
ST_28 : Operation 240 [1/1] (0.00ns) (grouped into LUT with out node g)   --->   "%and_ln47 = and i1 %cmp1_i, i1 %xor_ln46" [../main_5_slices.cpp:47->../main_5_slices.cpp:187]   --->   Operation 240 'and' 'and_ln47' <Predicate = true> <Delay = 0.00> <CoreInst = "LogicGate">   --->   Core 74 'LogicGate' <Latency = 0> <II = 1> <Delay = 0.71> <FuncUnit> <Opcode : 'and' 'or' 'xor'> <InPorts = 2> <OutPorts = 1>
ST_28 : Operation 241 [1/1] (0.00ns) (grouped into LUT with out node g)   --->   "%sel_tmp2 = bitconcatenate i2 @_ssdm_op_BitConcatenate.i2.i1.i1, i1 %cmp_i, i1 %and_ln47" [../main_5_slices.cpp:46->../main_5_slices.cpp:187]   --->   Operation 241 'bitconcatenate' 'sel_tmp2' <Predicate = true> <Delay = 0.00>
ST_28 : Operation 242 [1/1] (1.14ns) (out node of the LUT)   --->   "%g = sparsemux i16 @_ssdm_op_SparseMux.ap_auto.3half.half.i2, i2 2, i16 -1, i2 1, i16 1, i2 0, i16 %x_assign, i16 <undef>, i2 %sel_tmp2" [../main_5_slices.cpp:187]   --->   Operation 242 'sparsemux' 'g' <Predicate = true> <Delay = 1.14> <CoreInst = "OneHotSparseMux_HasDef">   --->   Core 140 'OneHotSparseMux_HasDef' <Latency = 0> <II = 1> <Delay = 1.14> <FuncUnit> <Opcode : 'sparsemux'> <InPorts = 2> <OutPorts = 1>

State 29 <SV = 28> <Delay = 7.84>
ST_29 : Operation 243 [9/10] (7.84ns)   --->   "%div2 = fdiv i32 1, i32 %add7" [../main_5_slices.cpp:186]   --->   Operation 243 'fdiv' 'div2' <Predicate = true> <Delay = 7.84> <CoreInst = "FDiv">   --->   Core 20 'FDiv' <Latency = 9> <II = 1> <Delay = 7.84> <FuncUnit> <Opcode : 'fdiv' 'frem'> <InPorts = 2> <OutPorts = 1>
ST_29 : Operation 244 [4/4] (4.70ns)   --->   "%mul2 = hmul i16 %f, i16 %c_slice_load" [../main_5_slices.cpp:188]   --->   Operation 244 'hmul' 'mul2' <Predicate = true> <Delay = 4.70> <CoreInst = "HMul_maxdsp">   --->   Core 60 'HMul_maxdsp' <Latency = 3> <II = 1> <Delay = 4.70> <FuncUnit> <Opcode : 'hmul'> <InPorts = 2> <OutPorts = 1>
ST_29 : Operation 245 [4/4] (4.70ns)   --->   "%mul3 = hmul i16 %i, i16 %g" [../main_5_slices.cpp:188]   --->   Operation 245 'hmul' 'mul3' <Predicate = true> <Delay = 4.70> <CoreInst = "HMul_maxdsp">   --->   Core 60 'HMul_maxdsp' <Latency = 3> <II = 1> <Delay = 4.70> <FuncUnit> <Opcode : 'hmul'> <InPorts = 2> <OutPorts = 1>

State 30 <SV = 29> <Delay = 7.84>
ST_30 : Operation 246 [8/10] (7.84ns)   --->   "%div2 = fdiv i32 1, i32 %add7" [../main_5_slices.cpp:186]   --->   Operation 246 'fdiv' 'div2' <Predicate = true> <Delay = 7.84> <CoreInst = "FDiv">   --->   Core 20 'FDiv' <Latency = 9> <II = 1> <Delay = 7.84> <FuncUnit> <Opcode : 'fdiv' 'frem'> <InPorts = 2> <OutPorts = 1>
ST_30 : Operation 247 [3/4] (4.70ns)   --->   "%mul2 = hmul i16 %f, i16 %c_slice_load" [../main_5_slices.cpp:188]   --->   Operation 247 'hmul' 'mul2' <Predicate = true> <Delay = 4.70> <CoreInst = "HMul_maxdsp">   --->   Core 60 'HMul_maxdsp' <Latency = 3> <II = 1> <Delay = 4.70> <FuncUnit> <Opcode : 'hmul'> <InPorts = 2> <OutPorts = 1>
ST_30 : Operation 248 [3/4] (4.70ns)   --->   "%mul3 = hmul i16 %i, i16 %g" [../main_5_slices.cpp:188]   --->   Operation 248 'hmul' 'mul3' <Predicate = true> <Delay = 4.70> <CoreInst = "HMul_maxdsp">   --->   Core 60 'HMul_maxdsp' <Latency = 3> <II = 1> <Delay = 4.70> <FuncUnit> <Opcode : 'hmul'> <InPorts = 2> <OutPorts = 1>

State 31 <SV = 30> <Delay = 7.84>
ST_31 : Operation 249 [7/10] (7.84ns)   --->   "%div2 = fdiv i32 1, i32 %add7" [../main_5_slices.cpp:186]   --->   Operation 249 'fdiv' 'div2' <Predicate = true> <Delay = 7.84> <CoreInst = "FDiv">   --->   Core 20 'FDiv' <Latency = 9> <II = 1> <Delay = 7.84> <FuncUnit> <Opcode : 'fdiv' 'frem'> <InPorts = 2> <OutPorts = 1>
ST_31 : Operation 250 [2/4] (4.70ns)   --->   "%mul2 = hmul i16 %f, i16 %c_slice_load" [../main_5_slices.cpp:188]   --->   Operation 250 'hmul' 'mul2' <Predicate = true> <Delay = 4.70> <CoreInst = "HMul_maxdsp">   --->   Core 60 'HMul_maxdsp' <Latency = 3> <II = 1> <Delay = 4.70> <FuncUnit> <Opcode : 'hmul'> <InPorts = 2> <OutPorts = 1>
ST_31 : Operation 251 [2/4] (4.70ns)   --->   "%mul3 = hmul i16 %i, i16 %g" [../main_5_slices.cpp:188]   --->   Operation 251 'hmul' 'mul3' <Predicate = true> <Delay = 4.70> <CoreInst = "HMul_maxdsp">   --->   Core 60 'HMul_maxdsp' <Latency = 3> <II = 1> <Delay = 4.70> <FuncUnit> <Opcode : 'hmul'> <InPorts = 2> <OutPorts = 1>

State 32 <SV = 31> <Delay = 7.84>
ST_32 : Operation 252 [6/10] (7.84ns)   --->   "%div2 = fdiv i32 1, i32 %add7" [../main_5_slices.cpp:186]   --->   Operation 252 'fdiv' 'div2' <Predicate = true> <Delay = 7.84> <CoreInst = "FDiv">   --->   Core 20 'FDiv' <Latency = 9> <II = 1> <Delay = 7.84> <FuncUnit> <Opcode : 'fdiv' 'frem'> <InPorts = 2> <OutPorts = 1>
ST_32 : Operation 253 [1/4] (4.70ns)   --->   "%mul2 = hmul i16 %f, i16 %c_slice_load" [../main_5_slices.cpp:188]   --->   Operation 253 'hmul' 'mul2' <Predicate = true> <Delay = 4.70> <CoreInst = "HMul_maxdsp">   --->   Core 60 'HMul_maxdsp' <Latency = 3> <II = 1> <Delay = 4.70> <FuncUnit> <Opcode : 'hmul'> <InPorts = 2> <OutPorts = 1>
ST_32 : Operation 254 [1/4] (4.70ns)   --->   "%mul3 = hmul i16 %i, i16 %g" [../main_5_slices.cpp:188]   --->   Operation 254 'hmul' 'mul3' <Predicate = true> <Delay = 4.70> <CoreInst = "HMul_maxdsp">   --->   Core 60 'HMul_maxdsp' <Latency = 3> <II = 1> <Delay = 4.70> <FuncUnit> <Opcode : 'hmul'> <InPorts = 2> <OutPorts = 1>

State 33 <SV = 32> <Delay = 7.84>
ST_33 : Operation 255 [5/10] (7.84ns)   --->   "%div2 = fdiv i32 1, i32 %add7" [../main_5_slices.cpp:186]   --->   Operation 255 'fdiv' 'div2' <Predicate = true> <Delay = 7.84> <CoreInst = "FDiv">   --->   Core 20 'FDiv' <Latency = 9> <II = 1> <Delay = 7.84> <FuncUnit> <Opcode : 'fdiv' 'frem'> <InPorts = 2> <OutPorts = 1>
ST_33 : Operation 256 [5/5] (5.42ns)   --->   "%c = hadd i16 %mul2, i16 %mul3" [../main_5_slices.cpp:188]   --->   Operation 256 'hadd' 'c' <Predicate = true> <Delay = 5.42> <CoreInst = "HAddSub_fulldsp">   --->   Core 55 'HAddSub_fulldsp' <Latency = 4> <II = 1> <Delay = 5.42> <FuncUnit> <Opcode : 'hadd' 'hsub'> <InPorts = 2> <OutPorts = 1>

State 34 <SV = 33> <Delay = 7.84>
ST_34 : Operation 257 [4/10] (7.84ns)   --->   "%div2 = fdiv i32 1, i32 %add7" [../main_5_slices.cpp:186]   --->   Operation 257 'fdiv' 'div2' <Predicate = true> <Delay = 7.84> <CoreInst = "FDiv">   --->   Core 20 'FDiv' <Latency = 9> <II = 1> <Delay = 7.84> <FuncUnit> <Opcode : 'fdiv' 'frem'> <InPorts = 2> <OutPorts = 1>
ST_34 : Operation 258 [4/5] (5.42ns)   --->   "%c = hadd i16 %mul2, i16 %mul3" [../main_5_slices.cpp:188]   --->   Operation 258 'hadd' 'c' <Predicate = true> <Delay = 5.42> <CoreInst = "HAddSub_fulldsp">   --->   Core 55 'HAddSub_fulldsp' <Latency = 4> <II = 1> <Delay = 5.42> <FuncUnit> <Opcode : 'hadd' 'hsub'> <InPorts = 2> <OutPorts = 1>

State 35 <SV = 34> <Delay = 7.84>
ST_35 : Operation 259 [3/10] (7.84ns)   --->   "%div2 = fdiv i32 1, i32 %add7" [../main_5_slices.cpp:186]   --->   Operation 259 'fdiv' 'div2' <Predicate = true> <Delay = 7.84> <CoreInst = "FDiv">   --->   Core 20 'FDiv' <Latency = 9> <II = 1> <Delay = 7.84> <FuncUnit> <Opcode : 'fdiv' 'frem'> <InPorts = 2> <OutPorts = 1>
ST_35 : Operation 260 [3/5] (5.42ns)   --->   "%c = hadd i16 %mul2, i16 %mul3" [../main_5_slices.cpp:188]   --->   Operation 260 'hadd' 'c' <Predicate = true> <Delay = 5.42> <CoreInst = "HAddSub_fulldsp">   --->   Core 55 'HAddSub_fulldsp' <Latency = 4> <II = 1> <Delay = 5.42> <FuncUnit> <Opcode : 'hadd' 'hsub'> <InPorts = 2> <OutPorts = 1>

State 36 <SV = 35> <Delay = 7.84>
ST_36 : Operation 261 [2/10] (7.84ns)   --->   "%div2 = fdiv i32 1, i32 %add7" [../main_5_slices.cpp:186]   --->   Operation 261 'fdiv' 'div2' <Predicate = true> <Delay = 7.84> <CoreInst = "FDiv">   --->   Core 20 'FDiv' <Latency = 9> <II = 1> <Delay = 7.84> <FuncUnit> <Opcode : 'fdiv' 'frem'> <InPorts = 2> <OutPorts = 1>
ST_36 : Operation 262 [2/5] (5.42ns)   --->   "%c = hadd i16 %mul2, i16 %mul3" [../main_5_slices.cpp:188]   --->   Operation 262 'hadd' 'c' <Predicate = true> <Delay = 5.42> <CoreInst = "HAddSub_fulldsp">   --->   Core 55 'HAddSub_fulldsp' <Latency = 4> <II = 1> <Delay = 5.42> <FuncUnit> <Opcode : 'hadd' 'hsub'> <InPorts = 2> <OutPorts = 1>

State 37 <SV = 36> <Delay = 7.84>
ST_37 : Operation 263 [1/10] (7.84ns)   --->   "%div2 = fdiv i32 1, i32 %add7" [../main_5_slices.cpp:186]   --->   Operation 263 'fdiv' 'div2' <Predicate = true> <Delay = 7.84> <CoreInst = "FDiv">   --->   Core 20 'FDiv' <Latency = 9> <II = 1> <Delay = 7.84> <FuncUnit> <Opcode : 'fdiv' 'frem'> <InPorts = 2> <OutPorts = 1>
ST_37 : Operation 264 [1/5] (5.42ns)   --->   "%c = hadd i16 %mul2, i16 %mul3" [../main_5_slices.cpp:188]   --->   Operation 264 'hadd' 'c' <Predicate = true> <Delay = 5.42> <CoreInst = "HAddSub_fulldsp">   --->   Core 55 'HAddSub_fulldsp' <Latency = 4> <II = 1> <Delay = 5.42> <FuncUnit> <Opcode : 'hadd' 'hsub'> <InPorts = 2> <OutPorts = 1>
ST_37 : Operation 265 [1/1] ( I:1.56ns O:1.56ns )   --->   "%store_ln190 = store i16 %c, i5 %c_slice_addr" [../main_5_slices.cpp:190]   --->   Operation 265 'store' 'store_ln190' <Predicate = true> <Delay = 1.56> <CoreInst = "RAM">   --->   Core 81 'RAM' <Latency = 1> <II = 1> <Delay = 1.56> <Storage> <Opcode : 'load' 'store'> <Ports = 2> <Width = 16> <Depth = 32> <RAM>

State 38 <SV = 37> <Delay = 3.92>
ST_38 : Operation 266 [2/2] (3.92ns)   --->   "%o = sptohp i32 %div2" [../main_5_slices.cpp:186]   --->   Operation 266 'sptohp' 'o' <Predicate = true> <Delay = 3.92> <CoreInst = "Float2Half">   --->   Core 69 'Float2Half' <Latency = 1> <II = 1> <Delay = 3.92> <FuncUnit> <Opcode : 'sptohp'> <InPorts = 1> <OutPorts = 1>
ST_38 : Operation 267 [2/2] (3.84ns)   --->   "%cmp_i4 = fcmp_olt  i16 %c, i16 -1" [../main_5_slices.cpp:46->../main_5_slices.cpp:189]   --->   Operation 267 'hcmp' 'cmp_i4' <Predicate = true> <Delay = 3.84> <CoreInst = "HCompare">   --->   Core 56 'HCompare' <Latency = 1> <II = 1> <Delay = 3.84> <FuncUnit> <Opcode : 'hcmp'> <InPorts = 2> <OutPorts = 1>
ST_38 : Operation 268 [2/2] (3.84ns)   --->   "%cmp1_i6 = fcmp_ogt  i16 %c, i16 1" [../main_5_slices.cpp:47->../main_5_slices.cpp:189]   --->   Operation 268 'hcmp' 'cmp1_i6' <Predicate = true> <Delay = 3.84> <CoreInst = "HCompare">   --->   Core 56 'HCompare' <Latency = 1> <II = 1> <Delay = 3.84> <FuncUnit> <Opcode : 'hcmp'> <InPorts = 2> <OutPorts = 1>

State 39 <SV = 38> <Delay = 4.99>
ST_39 : Operation 269 [1/2] (3.92ns)   --->   "%o = sptohp i32 %div2" [../main_5_slices.cpp:186]   --->   Operation 269 'sptohp' 'o' <Predicate = true> <Delay = 3.92> <CoreInst = "Float2Half">   --->   Core 69 'Float2Half' <Latency = 1> <II = 1> <Delay = 3.92> <FuncUnit> <Opcode : 'sptohp'> <InPorts = 1> <OutPorts = 1>
ST_39 : Operation 270 [1/2] (3.84ns)   --->   "%cmp_i4 = fcmp_olt  i16 %c, i16 -1" [../main_5_slices.cpp:46->../main_5_slices.cpp:189]   --->   Operation 270 'hcmp' 'cmp_i4' <Predicate = true> <Delay = 3.84> <CoreInst = "HCompare">   --->   Core 56 'HCompare' <Latency = 1> <II = 1> <Delay = 3.84> <FuncUnit> <Opcode : 'hcmp'> <InPorts = 2> <OutPorts = 1>
ST_39 : Operation 271 [1/2] (3.84ns)   --->   "%cmp1_i6 = fcmp_ogt  i16 %c, i16 1" [../main_5_slices.cpp:47->../main_5_slices.cpp:189]   --->   Operation 271 'hcmp' 'cmp1_i6' <Predicate = true> <Delay = 3.84> <CoreInst = "HCompare">   --->   Core 56 'HCompare' <Latency = 1> <II = 1> <Delay = 3.84> <FuncUnit> <Opcode : 'hcmp'> <InPorts = 2> <OutPorts = 1>
ST_39 : Operation 272 [1/1] (0.00ns) (grouped into LUT with out node retval_0_i)   --->   "%xor_ln46_1 = xor i1 %cmp_i4, i1 1" [../main_5_slices.cpp:46->../main_5_slices.cpp:189]   --->   Operation 272 'xor' 'xor_ln46_1' <Predicate = true> <Delay = 0.00> <CoreInst = "LogicGate">   --->   Core 74 'LogicGate' <Latency = 0> <II = 1> <Delay = 0.71> <FuncUnit> <Opcode : 'and' 'or' 'xor'> <InPorts = 2> <OutPorts = 1>
ST_39 : Operation 273 [1/1] (0.00ns) (grouped into LUT with out node retval_0_i)   --->   "%and_ln47_1 = and i1 %cmp1_i6, i1 %xor_ln46_1" [../main_5_slices.cpp:47->../main_5_slices.cpp:189]   --->   Operation 273 'and' 'and_ln47_1' <Predicate = true> <Delay = 0.00> <CoreInst = "LogicGate">   --->   Core 74 'LogicGate' <Latency = 0> <II = 1> <Delay = 0.71> <FuncUnit> <Opcode : 'and' 'or' 'xor'> <InPorts = 2> <OutPorts = 1>
ST_39 : Operation 274 [1/1] (0.00ns) (grouped into LUT with out node retval_0_i)   --->   "%sel_tmp6 = bitconcatenate i2 @_ssdm_op_BitConcatenate.i2.i1.i1, i1 %cmp_i4, i1 %and_ln47_1" [../main_5_slices.cpp:46->../main_5_slices.cpp:189]   --->   Operation 274 'bitconcatenate' 'sel_tmp6' <Predicate = true> <Delay = 0.00>
ST_39 : Operation 275 [1/1] (1.14ns) (out node of the LUT)   --->   "%retval_0_i = sparsemux i16 @_ssdm_op_SparseMux.ap_auto.3half.half.i2, i2 2, i16 -1, i2 1, i16 1, i2 0, i16 %c, i16 <undef>, i2 %sel_tmp6" [../main_5_slices.cpp:188]   --->   Operation 275 'sparsemux' 'retval_0_i' <Predicate = true> <Delay = 1.14> <CoreInst = "OneHotSparseMux_HasDef">   --->   Core 140 'OneHotSparseMux_HasDef' <Latency = 0> <II = 1> <Delay = 1.14> <FuncUnit> <Opcode : 'sparsemux'> <InPorts = 2> <OutPorts = 1>

State 40 <SV = 39> <Delay = 4.70>
ST_40 : Operation 276 [4/4] (4.70ns)   --->   "%h = hmul i16 %o, i16 %retval_0_i" [../main_5_slices.cpp:189]   --->   Operation 276 'hmul' 'h' <Predicate = true> <Delay = 4.70> <CoreInst = "HMul_maxdsp">   --->   Core 60 'HMul_maxdsp' <Latency = 3> <II = 1> <Delay = 4.70> <FuncUnit> <Opcode : 'hmul'> <InPorts = 2> <OutPorts = 1>

State 41 <SV = 40> <Delay = 4.70>
ST_41 : Operation 277 [3/4] (4.70ns)   --->   "%h = hmul i16 %o, i16 %retval_0_i" [../main_5_slices.cpp:189]   --->   Operation 277 'hmul' 'h' <Predicate = true> <Delay = 4.70> <CoreInst = "HMul_maxdsp">   --->   Core 60 'HMul_maxdsp' <Latency = 3> <II = 1> <Delay = 4.70> <FuncUnit> <Opcode : 'hmul'> <InPorts = 2> <OutPorts = 1>

State 42 <SV = 41> <Delay = 4.70>
ST_42 : Operation 278 [2/4] (4.70ns)   --->   "%h = hmul i16 %o, i16 %retval_0_i" [../main_5_slices.cpp:189]   --->   Operation 278 'hmul' 'h' <Predicate = true> <Delay = 4.70> <CoreInst = "HMul_maxdsp">   --->   Core 60 'HMul_maxdsp' <Latency = 3> <II = 1> <Delay = 4.70> <FuncUnit> <Opcode : 'hmul'> <InPorts = 2> <OutPorts = 1>
ST_42 : Operation 286 [1/1] (1.14ns)   --->   "%ret_ln0 = ret"   --->   Operation 286 'ret' 'ret_ln0' <Predicate = (icmp_ln182)> <Delay = 1.14>

State 43 <SV = 42> <Delay = 6.26>
ST_43 : Operation 279 [1/1] (0.00ns)   --->   "%specpipeline_ln183 = specpipeline void @_ssdm_op_SpecPipeline, i32 4294967295, i32 0, i32 0, i32 0, void @empty_18" [../main_5_slices.cpp:183]   --->   Operation 279 'specpipeline' 'specpipeline_ln183' <Predicate = true> <Delay = 0.00>
ST_43 : Operation 280 [1/1] (0.00ns)   --->   "%speclooptripcount_ln144 = speclooptripcount void @_ssdm_op_SpecLoopTripCount, i64 32, i64 32, i64 32" [../main_5_slices.cpp:144]   --->   Operation 280 'speclooptripcount' 'speclooptripcount_ln144' <Predicate = true> <Delay = 0.00>
ST_43 : Operation 281 [1/1] (0.00ns)   --->   "%specloopname_ln182 = specloopname void @_ssdm_op_SpecLoopName, void @empty_17" [../main_5_slices.cpp:182]   --->   Operation 281 'specloopname' 'specloopname_ln182' <Predicate = true> <Delay = 0.00>
ST_43 : Operation 282 [1/4] (4.70ns)   --->   "%h = hmul i16 %o, i16 %retval_0_i" [../main_5_slices.cpp:189]   --->   Operation 282 'hmul' 'h' <Predicate = true> <Delay = 4.70> <CoreInst = "HMul_maxdsp">   --->   Core 60 'HMul_maxdsp' <Latency = 3> <II = 1> <Delay = 4.70> <FuncUnit> <Opcode : 'hmul'> <InPorts = 2> <OutPorts = 1>
ST_43 : Operation 283 [1/1] (0.00ns)   --->   "%h_slice_addr = getelementptr i16 %h_slice, i64 0, i64 %zext_ln182" [../main_5_slices.cpp:190]   --->   Operation 283 'getelementptr' 'h_slice_addr' <Predicate = true> <Delay = 0.00>
ST_43 : Operation 284 [1/1] ( I:1.56ns O:1.56ns )   --->   "%store_ln190 = store i16 %h, i5 %h_slice_addr" [../main_5_slices.cpp:190]   --->   Operation 284 'store' 'store_ln190' <Predicate = true> <Delay = 1.56> <CoreInst = "RAM">   --->   Core 81 'RAM' <Latency = 1> <II = 1> <Delay = 1.56> <Storage> <Opcode : 'load' 'store'> <Ports = 2> <Width = 16> <Depth = 32> <RAM>
ST_43 : Operation 285 [1/1] (0.00ns)   --->   "%br_ln182 = br void %for.body70" [../main_5_slices.cpp:182]   --->   Operation 285 'br' 'br_ln182' <Predicate = true> <Delay = 0.00>


============================================================
+ Verbose Summary: Timing violations
============================================================
Target clock period: 10.000ns, clock uncertainty: 2.000ns.

 <State 1>: 4.676ns
The critical path consists of the following:
	'store' operation 0 bit ('store_ln0') of constant 0 on local variable 'phi_urem40' [11]  (1.146 ns)
	'load' operation 6 bit ('phi_urem40_load', ../main_5_slices.cpp:144) on local variable 'phi_urem40' [19]  (0.000 ns)
	'icmp' operation 1 bit ('icmp_ln182_1', ../main_5_slices.cpp:182) [21]  (1.516 ns)
	'select' operation 6 bit ('select_ln182', ../main_5_slices.cpp:182) [22]  (0.868 ns)
	'store' operation 0 bit ('store_ln182', ../main_5_slices.cpp:182) of variable 'select_ln182', ../main_5_slices.cpp:182 on local variable 'phi_urem40' [147]  (1.146 ns)

 <State 2>: 5.076ns
The critical path consists of the following:
	'mul' operation 13 bit ('mul_ln185', ../main_5_slices.cpp:185) [57]  (3.510 ns)
	'getelementptr' operation 5 bit ('z_addr_1', ../main_5_slices.cpp:185) [60]  (0.000 ns)
	'load' operation 16 bit ('z_load_1', ../main_5_slices.cpp:185) on array 'z' [65]  (1.566 ns)

 <State 3>: 6.166ns
The critical path consists of the following:
	'load' operation 16 bit ('z_load', ../main_5_slices.cpp:184) on array 'z' [38]  (1.566 ns)
	'sparsemux' operation 16 bit ('tmp_7', ../main_5_slices.cpp:184) [43]  (1.222 ns)
	'xor' operation 1 bit ('xor_ln184', ../main_5_slices.cpp:184) [46]  (0.712 ns)
	'hptosp' operation 32 bit ('conv', ../main_5_slices.cpp:184) [50]  (2.666 ns)

 <State 4>: 2.666ns
The critical path consists of the following:
	'hptosp' operation 32 bit ('conv', ../main_5_slices.cpp:184) [50]  (2.666 ns)

 <State 5>: 6.110ns
The critical path consists of the following:
	'fexp' operation 32 bit ('tmp_8', ../main_5_slices.cpp:184) [51]  (6.110 ns)

 <State 6>: 6.110ns
The critical path consists of the following:
	'fexp' operation 32 bit ('tmp_8', ../main_5_slices.cpp:184) [51]  (6.110 ns)

 <State 7>: 6.110ns
The critical path consists of the following:
	'fexp' operation 32 bit ('tmp_8', ../main_5_slices.cpp:184) [51]  (6.110 ns)

 <State 8>: 6.110ns
The critical path consists of the following:
	'fexp' operation 32 bit ('tmp_8', ../main_5_slices.cpp:184) [51]  (6.110 ns)

 <State 9>: 6.110ns
The critical path consists of the following:
	'fexp' operation 32 bit ('tmp_8', ../main_5_slices.cpp:184) [51]  (6.110 ns)

 <State 10>: 6.110ns
The critical path consists of the following:
	'fexp' operation 32 bit ('tmp_8', ../main_5_slices.cpp:184) [51]  (6.110 ns)

 <State 11>: 6.110ns
The critical path consists of the following:
	'fexp' operation 32 bit ('tmp_8', ../main_5_slices.cpp:184) [51]  (6.110 ns)

 <State 12>: 6.110ns
The critical path consists of the following:
	'fexp' operation 32 bit ('tmp_8', ../main_5_slices.cpp:184) [51]  (6.110 ns)

 <State 13>: 7.280ns
The critical path consists of the following:
	'fadd' operation 32 bit ('add5', ../main_5_slices.cpp:184) [52]  (7.280 ns)

 <State 14>: 7.280ns
The critical path consists of the following:
	'fadd' operation 32 bit ('add5', ../main_5_slices.cpp:184) [52]  (7.280 ns)

 <State 15>: 7.280ns
The critical path consists of the following:
	'fadd' operation 32 bit ('add5', ../main_5_slices.cpp:184) [52]  (7.280 ns)

 <State 16>: 7.280ns
The critical path consists of the following:
	'fadd' operation 32 bit ('add5', ../main_5_slices.cpp:184) [52]  (7.280 ns)

 <State 17>: 7.847ns
The critical path consists of the following:
	'fdiv' operation 32 bit ('div', ../main_5_slices.cpp:184) [53]  (7.847 ns)

 <State 18>: 7.847ns
The critical path consists of the following:
	'fdiv' operation 32 bit ('div', ../main_5_slices.cpp:184) [53]  (7.847 ns)

 <State 19>: 7.847ns
The critical path consists of the following:
	'fdiv' operation 32 bit ('div', ../main_5_slices.cpp:184) [53]  (7.847 ns)

 <State 20>: 7.847ns
The critical path consists of the following:
	'fdiv' operation 32 bit ('div', ../main_5_slices.cpp:184) [53]  (7.847 ns)

 <State 21>: 7.847ns
The critical path consists of the following:
	'fdiv' operation 32 bit ('div', ../main_5_slices.cpp:184) [53]  (7.847 ns)

 <State 22>: 7.847ns
The critical path consists of the following:
	'fdiv' operation 32 bit ('div', ../main_5_slices.cpp:184) [53]  (7.847 ns)

 <State 23>: 7.847ns
The critical path consists of the following:
	'fdiv' operation 32 bit ('div', ../main_5_slices.cpp:184) [53]  (7.847 ns)

 <State 24>: 7.847ns
The critical path consists of the following:
	'fdiv' operation 32 bit ('div', ../main_5_slices.cpp:184) [53]  (7.847 ns)

 <State 25>: 7.847ns
The critical path consists of the following:
	'fdiv' operation 32 bit ('div', ../main_5_slices.cpp:184) [53]  (7.847 ns)

 <State 26>: 7.847ns
The critical path consists of the following:
	'fdiv' operation 32 bit ('div', ../main_5_slices.cpp:184) [53]  (7.847 ns)

 <State 27>: 7.280ns
The critical path consists of the following:
	'fadd' operation 32 bit ('add7', ../main_5_slices.cpp:186) [106]  (7.280 ns)

 <State 28>: 7.847ns
The critical path consists of the following:
	'fdiv' operation 32 bit ('div2', ../main_5_slices.cpp:186) [107]  (7.847 ns)

 <State 29>: 7.847ns
The critical path consists of the following:
	'fdiv' operation 32 bit ('div2', ../main_5_slices.cpp:186) [107]  (7.847 ns)

 <State 30>: 7.847ns
The critical path consists of the following:
	'fdiv' operation 32 bit ('div2', ../main_5_slices.cpp:186) [107]  (7.847 ns)

 <State 31>: 7.847ns
The critical path consists of the following:
	'fdiv' operation 32 bit ('div2', ../main_5_slices.cpp:186) [107]  (7.847 ns)

 <State 32>: 7.847ns
The critical path consists of the following:
	'fdiv' operation 32 bit ('div2', ../main_5_slices.cpp:186) [107]  (7.847 ns)

 <State 33>: 7.847ns
The critical path consists of the following:
	'fdiv' operation 32 bit ('div2', ../main_5_slices.cpp:186) [107]  (7.847 ns)

 <State 34>: 7.847ns
The critical path consists of the following:
	'fdiv' operation 32 bit ('div2', ../main_5_slices.cpp:186) [107]  (7.847 ns)

 <State 35>: 7.847ns
The critical path consists of the following:
	'fdiv' operation 32 bit ('div2', ../main_5_slices.cpp:186) [107]  (7.847 ns)

 <State 36>: 7.847ns
The critical path consists of the following:
	'fdiv' operation 32 bit ('div2', ../main_5_slices.cpp:186) [107]  (7.847 ns)

 <State 37>: 7.847ns
The critical path consists of the following:
	'fdiv' operation 32 bit ('div2', ../main_5_slices.cpp:186) [107]  (7.847 ns)

 <State 38>: 3.925ns
The critical path consists of the following:
	'sptohp' operation 16 bit ('o', ../main_5_slices.cpp:186) [108]  (3.925 ns)

 <State 39>: 4.992ns
The critical path consists of the following:
	'hcmp' operation 1 bit ('cmp_i4', ../main_5_slices.cpp:46->../main_5_slices.cpp:189) [136]  (3.846 ns)
	'sparsemux' operation 16 bit ('retval_0_i', ../main_5_slices.cpp:188) [141]  (1.146 ns)

 <State 40>: 4.701ns
The critical path consists of the following:
	'hmul' operation 16 bit ('h', ../main_5_slices.cpp:189) [142]  (4.701 ns)

 <State 41>: 4.701ns
The critical path consists of the following:
	'hmul' operation 16 bit ('h', ../main_5_slices.cpp:189) [142]  (4.701 ns)

 <State 42>: 4.701ns
The critical path consists of the following:
	'hmul' operation 16 bit ('h', ../main_5_slices.cpp:189) [142]  (4.701 ns)

 <State 43>: 6.267ns
The critical path consists of the following:
	'hmul' operation 16 bit ('h', ../main_5_slices.cpp:189) [142]  (4.701 ns)
	'store' operation 0 bit ('store_ln190', ../main_5_slices.cpp:190) of variable 'h', ../main_5_slices.cpp:189 on array 'h_slice' [145]  (1.566 ns)


============================================================
+ Verbose Summary: Binding
============================================================
N/A
* FSMD analyzer results:
  - Output states:
 - Input state : 
  - Chain level:
	State 1
	State 2
	State 3
	State 4
	State 5
	State 6
	State 7
	State 8
	State 9
	State 10
	State 11
	State 12
	State 13
	State 14
	State 15
	State 16
	State 17
	State 18
	State 19
	State 20
	State 21
	State 22
	State 23
	State 24
	State 25
	State 26
	State 27
	State 28
	State 29
	State 30
	State 31
	State 32
	State 33
	State 34
	State 35
	State 36
	State 37
	State 38
	State 39
	State 40
	State 41
	State 42
	State 43


============================================================
+ Verbose Summary: Datapath Resource usage 
============================================================
N/A
