

================================================================
== Vitis HLS Report for 'lstm_forward_unidir_Pipeline_Loop2_1LSTM'
================================================================
* Date:           Mon Sep 15 15:50:06 2025

* Version:        2024.2 (Build 5238294 on Nov  8 2024)
* Project:        run_model
* Solution:       hls (Vivado IP Flow Target)
* Product family: zynq
* Target device:  xc7z020-clg400-3


================================================================
== Performance Estimates
================================================================
+ Timing: 
    * Summary: 
    +--------+----------+----------+------------+
    |  Clock |  Target  | Estimated| Uncertainty|
    +--------+----------+----------+------------+
    |ap_clk  |  10.00 ns|  6.072 ns|     2.00 ns|
    +--------+----------+----------+------------+

+ Latency: 
    * Summary: 
    +---------+---------+----------+----------+-----+-----+------------------------------------------------+
    |  Latency (cycles) |  Latency (absolute) |  Interval |                    Pipeline                    |
    |   min   |   max   |    min   |    max   | min | max |                      Type                      |
    +---------+---------+----------+----------+-----+-----+------------------------------------------------+
    |      130|      130|  1.300 us|  1.300 us|  129|  129|  loop auto-rewind stp (delay=0 clock cycles(s))|
    +---------+---------+----------+----------+-----+-----+------------------------------------------------+

    + Detail: 
        * Instance: 
        N/A

        * Loop: 
        +---------------+---------+---------+----------+-----------+-----------+------+----------+
        |               |  Latency (cycles) | Iteration|  Initiation Interval  | Trip |          |
        |   Loop Name   |   min   |   max   |  Latency |  achieved |   target  | Count| Pipelined|
        +---------------+---------+---------+----------+-----------+-----------+------+----------+
        |- Loop2_1LSTM  |      128|      128|         1|          1|          1|   128|       yes|
        +---------------+---------+---------+----------+-----------+-----------+------+----------+

============================================================
+ Verbose Summary: Synthesis Manager
============================================================
InlineROM: 1
ExposeGlobal: 0
============================================================
+ Verbose Summary: CDFG Model
============================================================
IsTopModel: 0
ResetActiveHigh: 1
IsCombinational: 0
IsDatapathOnly: 0
HasWiredReturn: 1
HasMFsm: 2
HasVarLatency: 1
IsPipeline: 0
IsRtlPipelined: 0
IsInstanceOverlapped: 0
IsDontTouch: 0
HasImplIP: 0
IsGatedGlobalClock: 0

+ Individual pipeline summary: 
  * Pipeline-0: initiation interval (II) = 1, depth = 1


============================================================
+ Verbose Summary: Schedule
============================================================
* Number of FSM states : 1
* Pipeline : 1
  Pipeline-0 : II = 1, D = 1, States = { 1 }
* Dataflow Pipeline: 0

* FSM state transitions: 
1 --> 

* FSM state operations: 

State 1 <SV = 0> <Delay = 6.07>
ST_1 : Operation 4 [1/1] (0.00ns)   --->   "%phi_urem = alloca i32 1"   --->   Operation 4 'alloca' 'phi_urem' <Predicate = true> <Delay = 0.00>
ST_1 : Operation 5 [1/1] (0.00ns)   --->   "%g = alloca i32 1" [../main_5_slices.cpp:155]   --->   Operation 5 'alloca' 'g' <Predicate = true> <Delay = 0.00>
ST_1 : Operation 6 [1/1] (1.14ns)   --->   "%store_ln155 = store i8 0, i8 %g" [../main_5_slices.cpp:155]   --->   Operation 6 'store' 'store_ln155' <Predicate = true> <Delay = 1.14>
ST_1 : Operation 7 [1/1] (1.14ns)   --->   "%store_ln0 = store i8 0, i8 %phi_urem"   --->   Operation 7 'store' 'store_ln0' <Predicate = true> <Delay = 1.14>
ST_1 : Operation 8 [1/1] (0.00ns)   --->   "%br_ln0 = br void %for.inc14"   --->   Operation 8 'br' 'br_ln0' <Predicate = true> <Delay = 0.00>
ST_1 : Operation 9 [1/1] (0.00ns)   --->   "%phi_urem_load = load i8 %phi_urem" [../main_5_slices.cpp:155]   --->   Operation 9 'load' 'phi_urem_load' <Predicate = true> <Delay = 0.00>
ST_1 : Operation 10 [1/1] (0.00ns)   --->   "%g_1 = load i8 %g" [../main_5_slices.cpp:155]   --->   Operation 10 'load' 'g_1' <Predicate = true> <Delay = 0.00>
ST_1 : Operation 11 [1/1] (1.62ns)   --->   "%icmp_ln155 = icmp_eq  i8 %g_1, i8 128" [../main_5_slices.cpp:155]   --->   Operation 11 'icmp' 'icmp_ln155' <Predicate = true> <Delay = 1.62> <CoreInst = "Cmp">   --->   Core 9 'Cmp' <Latency = 0> <II = 1> <Delay = 1.62> <FuncUnit> <Opcode : 'seteq' 'setne' 'setle' 'setge' 'setlt' 'setgt'> <InPorts = 2> <OutPorts = 1>
ST_1 : Operation 12 [1/1] (1.62ns)   --->   "%add_ln155 = add i8 %g_1, i8 1" [../main_5_slices.cpp:155]   --->   Operation 12 'add' 'add_ln155' <Predicate = true> <Delay = 1.62> <CoreInst = "Adder">   --->   Core 1 'Adder' <Latency = 0> <II = 1> <Delay = 1.62> <FuncUnit> <Opcode : 'add' 'sub'> <InPorts = 2> <OutPorts = 1>
ST_1 : Operation 13 [1/1] (0.00ns)   --->   "%br_ln155 = br i1 %icmp_ln155, void %for.inc14.split, void %Loop2_2LSTM.exitStub" [../main_5_slices.cpp:155]   --->   Operation 13 'br' 'br_ln155' <Predicate = true> <Delay = 0.00>
ST_1 : Operation 14 [1/1] (0.00ns)   --->   "%trunc_ln155 = trunc i8 %g_1" [../main_5_slices.cpp:155]   --->   Operation 14 'trunc' 'trunc_ln155' <Predicate = (!icmp_ln155)> <Delay = 0.00>
ST_1 : Operation 15 [1/1] (0.00ns)   --->   "%specpipeline_ln156 = specpipeline void @_ssdm_op_SpecPipeline, i32 4294967295, i32 0, i32 0, i32 0, void @empty_18" [../main_5_slices.cpp:156]   --->   Operation 15 'specpipeline' 'specpipeline_ln156' <Predicate = (!icmp_ln155)> <Delay = 0.00>
ST_1 : Operation 16 [1/1] (0.00ns)   --->   "%speclooptripcount_ln155 = speclooptripcount void @_ssdm_op_SpecLoopTripCount, i64 128, i64 128, i64 128" [../main_5_slices.cpp:155]   --->   Operation 16 'speclooptripcount' 'speclooptripcount_ln155' <Predicate = (!icmp_ln155)> <Delay = 0.00>
ST_1 : Operation 17 [1/1] (0.00ns)   --->   "%specloopname_ln155 = specloopname void @_ssdm_op_SpecLoopName, void @empty_9" [../main_5_slices.cpp:155]   --->   Operation 17 'specloopname' 'specloopname_ln155' <Predicate = (!icmp_ln155)> <Delay = 0.00>
ST_1 : Operation 18 [1/1] (0.00ns)   --->   "%zext_ln155_1 = zext i7 %trunc_ln155" [../main_5_slices.cpp:155]   --->   Operation 18 'zext' 'zext_ln155_1' <Predicate = (!icmp_ln155)> <Delay = 0.00>
ST_1 : Operation 19 [1/1] (3.36ns)   --->   "%mul_ln155 = mul i15 %zext_ln155_1, i15 205" [../main_5_slices.cpp:155]   --->   Operation 19 'mul' 'mul_ln155' <Predicate = (!icmp_ln155)> <Delay = 3.36> <CoreInst = "Multiplier">   --->   Core 3 'Multiplier' <Latency = 0> <II = 1> <Delay = 3.36> <FuncUnit> <Opcode : 'mul'> <InPorts = 2> <OutPorts = 1>
ST_1 : Operation 20 [1/1] (0.00ns)   --->   "%tmp_6 = partselect i5 @_ssdm_op_PartSelect.i5.i15.i32.i32, i15 %mul_ln155, i32 10, i32 14" [../main_5_slices.cpp:155]   --->   Operation 20 'partselect' 'tmp_6' <Predicate = (!icmp_ln155)> <Delay = 0.00>
ST_1 : Operation 21 [1/1] (0.00ns)   --->   "%zext_ln155 = zext i5 %tmp_6" [../main_5_slices.cpp:155]   --->   Operation 21 'zext' 'zext_ln155' <Predicate = (!icmp_ln155)> <Delay = 0.00>
ST_1 : Operation 22 [1/1] (0.00ns)   --->   "%trunc_ln155_1 = trunc i8 %phi_urem_load" [../main_5_slices.cpp:155]   --->   Operation 22 'trunc' 'trunc_ln155_1' <Predicate = (!icmp_ln155)> <Delay = 0.00>
ST_1 : Operation 23 [1/1] (2.78ns)   --->   "%tmp = sparsemux i16 @_ssdm_op_SparseMux.ap_auto.128half.half.i7, i7 0, i16 0, i7 1, i16 0, i7 2, i16 0, i7 3, i16 0, i7 4, i16 0, i7 5, i16 0, i7 6, i16 0, i7 7, i16 0, i7 8, i16 0, i7 9, i16 0, i7 10, i16 0, i7 11, i16 0, i7 12, i16 0, i7 13, i16 0, i7 14, i16 0, i7 15, i16 0, i7 16, i16 0, i7 17, i16 0, i7 18, i16 0, i7 19, i16 0, i7 20, i16 0, i7 21, i16 0, i7 22, i16 0, i7 23, i16 0, i7 24, i16 0, i7 25, i16 0, i7 26, i16 0, i7 27, i16 0, i7 28, i16 0, i7 29, i16 0, i7 30, i16 0, i7 31, i16 0, i7 32, i16 1, i7 33, i16 1, i7 34, i16 1, i7 35, i16 1, i7 36, i16 1, i7 37, i16 1, i7 38, i16 1, i7 39, i16 1, i7 40, i16 1, i7 41, i16 1, i7 42, i16 1, i7 43, i16 1, i7 44, i16 1, i7 45, i16 1, i7 46, i16 1, i7 47, i16 1, i7 48, i16 1, i7 49, i16 1, i7 50, i16 1, i7 51, i16 1, i7 52, i16 1, i7 53, i16 1, i7 54, i16 1, i7 55, i16 1, i7 56, i16 1, i7 57, i16 1, i7 58, i16 1, i7 59, i16 1, i7 60, i16 1, i7 61, i16 1, i7 62, i16 1, i7 63, i16 1, i7 64, i16 0, i7 65, i16 0, i7 66, i16 0, i7 67, i16 0, i7 68, i16 0, i7 69, i16 0, i7 70, i16 0, i7 71, i16 0, i7 72, i16 0, i7 73, i16 0, i7 74, i16 0, i7 75, i16 0, i7 76, i16 0, i7 77, i16 0, i7 78, i16 0, i7 79, i16 0, i7 80, i16 0, i7 81, i16 0, i7 82, i16 0, i7 83, i16 0, i7 84, i16 0, i7 85, i16 0, i7 86, i16 0, i7 87, i16 0, i7 88, i16 0, i7 89, i16 0, i7 90, i16 0, i7 91, i16 0, i7 92, i16 0, i7 93, i16 0, i7 94, i16 0, i7 95, i16 0, i7 96, i16 0, i7 97, i16 0, i7 98, i16 0, i7 99, i16 0, i7 100, i16 0, i7 101, i16 0, i7 102, i16 0, i7 103, i16 0, i7 104, i16 0, i7 105, i16 0, i7 106, i16 0, i7 107, i16 0, i7 108, i16 0, i7 109, i16 0, i7 110, i16 0, i7 111, i16 0, i7 112, i16 0, i7 113, i16 0, i7 114, i16 0, i7 115, i16 0, i7 116, i16 0, i7 117, i16 0, i7 118, i16 0, i7 119, i16 0, i7 120, i16 0, i7 121, i16 0, i7 122, i16 0, i7 123, i16 0, i7 124, i16 0, i7 125, i16 0, i7 126, i16 0, i7 127, i16 0, i16 <undef>, i7 %trunc_ln155" [../main_5_slices.cpp:157]   --->   Operation 23 'sparsemux' 'tmp' <Predicate = (!icmp_ln155)> <Delay = 2.78> <CoreInst = "BinarySparseMux_DontCare">   --->   Core 137 'BinarySparseMux_DontCare' <Latency = 0> <II = 1> <Delay = 2.78> <FuncUnit> <Opcode : 'sparsemux'> <InPorts = 2> <OutPorts = 1>
ST_1 : Operation 24 [1/1] (0.00ns)   --->   "%z_addr = getelementptr i16 %z, i64 0, i64 %zext_ln155" [../main_5_slices.cpp:157]   --->   Operation 24 'getelementptr' 'z_addr' <Predicate = (!icmp_ln155)> <Delay = 0.00>
ST_1 : Operation 25 [1/1] (0.00ns)   --->   "%z_1_addr = getelementptr i16 %z_1, i64 0, i64 %zext_ln155" [../main_5_slices.cpp:157]   --->   Operation 25 'getelementptr' 'z_1_addr' <Predicate = (!icmp_ln155)> <Delay = 0.00>
ST_1 : Operation 26 [1/1] (0.00ns)   --->   "%z_2_addr = getelementptr i16 %z_2, i64 0, i64 %zext_ln155" [../main_5_slices.cpp:157]   --->   Operation 26 'getelementptr' 'z_2_addr' <Predicate = (!icmp_ln155)> <Delay = 0.00>
ST_1 : Operation 27 [1/1] (0.00ns)   --->   "%z_3_addr = getelementptr i16 %z_3, i64 0, i64 %zext_ln155" [../main_5_slices.cpp:157]   --->   Operation 27 'getelementptr' 'z_3_addr' <Predicate = (!icmp_ln155)> <Delay = 0.00>
ST_1 : Operation 28 [1/1] (0.00ns)   --->   "%z_4_addr = getelementptr i16 %z_4, i64 0, i64 %zext_ln155" [../main_5_slices.cpp:157]   --->   Operation 28 'getelementptr' 'z_4_addr' <Predicate = (!icmp_ln155)> <Delay = 0.00>
ST_1 : Operation 29 [1/1] (1.27ns)   --->   "%switch_ln157 = switch i3 %trunc_ln155_1, void %arrayidx13.case.4, i3 0, void %arrayidx13.case.0, i3 1, void %arrayidx13.case.1, i3 2, void %arrayidx13.case.2, i3 3, void %arrayidx13.case.3" [../main_5_slices.cpp:157]   --->   Operation 29 'switch' 'switch_ln157' <Predicate = (!icmp_ln155)> <Delay = 1.27>
ST_1 : Operation 30 [1/1] ( I:1.56ns O:1.56ns )   --->   "%store_ln157 = store i16 %tmp, i5 %z_3_addr" [../main_5_slices.cpp:157]   --->   Operation 30 'store' 'store_ln157' <Predicate = (!icmp_ln155 & trunc_ln155_1 == 3)> <Delay = 1.56> <CoreInst = "RAM">   --->   Core 81 'RAM' <Latency = 1> <II = 1> <Delay = 1.56> <Storage> <Opcode : 'load' 'store'> <Ports = 2> <Width = 16> <Depth = 26> <RAM>
ST_1 : Operation 31 [1/1] (0.00ns)   --->   "%br_ln157 = br void %arrayidx13.exit" [../main_5_slices.cpp:157]   --->   Operation 31 'br' 'br_ln157' <Predicate = (!icmp_ln155 & trunc_ln155_1 == 3)> <Delay = 0.00>
ST_1 : Operation 32 [1/1] ( I:1.56ns O:1.56ns )   --->   "%store_ln157 = store i16 %tmp, i5 %z_2_addr" [../main_5_slices.cpp:157]   --->   Operation 32 'store' 'store_ln157' <Predicate = (!icmp_ln155 & trunc_ln155_1 == 2)> <Delay = 1.56> <CoreInst = "RAM">   --->   Core 81 'RAM' <Latency = 1> <II = 1> <Delay = 1.56> <Storage> <Opcode : 'load' 'store'> <Ports = 2> <Width = 16> <Depth = 26> <RAM>
ST_1 : Operation 33 [1/1] (0.00ns)   --->   "%br_ln157 = br void %arrayidx13.exit" [../main_5_slices.cpp:157]   --->   Operation 33 'br' 'br_ln157' <Predicate = (!icmp_ln155 & trunc_ln155_1 == 2)> <Delay = 0.00>
ST_1 : Operation 34 [1/1] ( I:1.56ns O:1.56ns )   --->   "%store_ln157 = store i16 %tmp, i5 %z_1_addr" [../main_5_slices.cpp:157]   --->   Operation 34 'store' 'store_ln157' <Predicate = (!icmp_ln155 & trunc_ln155_1 == 1)> <Delay = 1.56> <CoreInst = "RAM">   --->   Core 81 'RAM' <Latency = 1> <II = 1> <Delay = 1.56> <Storage> <Opcode : 'load' 'store'> <Ports = 2> <Width = 16> <Depth = 26> <RAM>
ST_1 : Operation 35 [1/1] (0.00ns)   --->   "%br_ln157 = br void %arrayidx13.exit" [../main_5_slices.cpp:157]   --->   Operation 35 'br' 'br_ln157' <Predicate = (!icmp_ln155 & trunc_ln155_1 == 1)> <Delay = 0.00>
ST_1 : Operation 36 [1/1] ( I:1.56ns O:1.56ns )   --->   "%store_ln157 = store i16 %tmp, i5 %z_addr" [../main_5_slices.cpp:157]   --->   Operation 36 'store' 'store_ln157' <Predicate = (!icmp_ln155 & trunc_ln155_1 == 0)> <Delay = 1.56> <CoreInst = "RAM">   --->   Core 81 'RAM' <Latency = 1> <II = 1> <Delay = 1.56> <Storage> <Opcode : 'load' 'store'> <Ports = 2> <Width = 16> <Depth = 26> <RAM>
ST_1 : Operation 37 [1/1] (0.00ns)   --->   "%br_ln157 = br void %arrayidx13.exit" [../main_5_slices.cpp:157]   --->   Operation 37 'br' 'br_ln157' <Predicate = (!icmp_ln155 & trunc_ln155_1 == 0)> <Delay = 0.00>
ST_1 : Operation 38 [1/1] ( I:1.56ns O:1.56ns )   --->   "%store_ln157 = store i16 %tmp, i5 %z_4_addr" [../main_5_slices.cpp:157]   --->   Operation 38 'store' 'store_ln157' <Predicate = (!icmp_ln155 & trunc_ln155_1 != 0 & trunc_ln155_1 != 1 & trunc_ln155_1 != 2 & trunc_ln155_1 != 3)> <Delay = 1.56> <CoreInst = "RAM">   --->   Core 81 'RAM' <Latency = 1> <II = 1> <Delay = 1.56> <Storage> <Opcode : 'load' 'store'> <Ports = 2> <Width = 16> <Depth = 26> <RAM>
ST_1 : Operation 39 [1/1] (0.00ns)   --->   "%br_ln157 = br void %arrayidx13.exit" [../main_5_slices.cpp:157]   --->   Operation 39 'br' 'br_ln157' <Predicate = (!icmp_ln155 & trunc_ln155_1 != 0 & trunc_ln155_1 != 1 & trunc_ln155_1 != 2 & trunc_ln155_1 != 3)> <Delay = 0.00>
ST_1 : Operation 40 [1/1] (1.62ns)   --->   "%add_ln155_1 = add i8 %phi_urem_load, i8 1" [../main_5_slices.cpp:155]   --->   Operation 40 'add' 'add_ln155_1' <Predicate = (!icmp_ln155)> <Delay = 1.62> <CoreInst = "Adder">   --->   Core 1 'Adder' <Latency = 0> <II = 1> <Delay = 1.62> <FuncUnit> <Opcode : 'add' 'sub'> <InPorts = 2> <OutPorts = 1>
ST_1 : Operation 41 [1/1] (1.62ns)   --->   "%icmp_ln155_1 = icmp_eq  i8 %phi_urem_load, i8 4" [../main_5_slices.cpp:155]   --->   Operation 41 'icmp' 'icmp_ln155_1' <Predicate = (!icmp_ln155)> <Delay = 1.62> <CoreInst = "Cmp">   --->   Core 9 'Cmp' <Latency = 0> <II = 1> <Delay = 1.62> <FuncUnit> <Opcode : 'seteq' 'setne' 'setle' 'setge' 'setlt' 'setgt'> <InPorts = 2> <OutPorts = 1>
ST_1 : Operation 42 [1/1] (0.93ns)   --->   "%select_ln155 = select i1 %icmp_ln155_1, i8 0, i8 %add_ln155_1" [../main_5_slices.cpp:155]   --->   Operation 42 'select' 'select_ln155' <Predicate = (!icmp_ln155)> <Delay = 0.93> <CoreInst = "Sel">   --->   Core 73 'Sel' <Latency = 0> <II = 1> <Delay = 0.93> <FuncUnit> <Opcode : 'select'> <InPorts = 3> <OutPorts = 1>
ST_1 : Operation 43 [1/1] (1.14ns)   --->   "%store_ln155 = store i8 %add_ln155, i8 %g" [../main_5_slices.cpp:155]   --->   Operation 43 'store' 'store_ln155' <Predicate = (!icmp_ln155)> <Delay = 1.14>
ST_1 : Operation 44 [1/1] (1.14ns)   --->   "%store_ln155 = store i8 %select_ln155, i8 %phi_urem" [../main_5_slices.cpp:155]   --->   Operation 44 'store' 'store_ln155' <Predicate = (!icmp_ln155)> <Delay = 1.14>
ST_1 : Operation 45 [1/1] (0.00ns)   --->   "%br_ln155 = br void %for.inc14" [../main_5_slices.cpp:155]   --->   Operation 45 'br' 'br_ln155' <Predicate = (!icmp_ln155)> <Delay = 0.00>
ST_1 : Operation 46 [1/1] (1.14ns)   --->   "%ret_ln0 = ret"   --->   Operation 46 'ret' 'ret_ln0' <Predicate = (icmp_ln155)> <Delay = 1.14>


============================================================
+ Verbose Summary: Timing violations
============================================================
Target clock period: 10.000ns, clock uncertainty: 2.000ns.

 <State 1>: 6.072ns
The critical path consists of the following:
	'store' operation 0 bit ('store_ln155', ../main_5_slices.cpp:155) of constant 0 on local variable 'g', ../main_5_slices.cpp:155 [8]  (1.146 ns)
	'load' operation 8 bit ('g', ../main_5_slices.cpp:155) on local variable 'g', ../main_5_slices.cpp:155 [13]  (0.000 ns)
	'mul' operation 15 bit ('mul_ln155', ../main_5_slices.cpp:155) [23]  (3.360 ns)
	'getelementptr' operation 5 bit ('z_2_addr', ../main_5_slices.cpp:157) [30]  (0.000 ns)
	'store' operation 0 bit ('store_ln157', ../main_5_slices.cpp:157) of variable 'tmp', ../main_5_slices.cpp:157 on array 'z_2' [38]  (1.566 ns)


============================================================
+ Verbose Summary: Binding
============================================================
N/A
* FSMD analyzer results:
  - Output states:
 - Input state : 
  - Chain level:
	State 1


============================================================
+ Verbose Summary: Datapath Resource usage 
============================================================
N/A
