

================================================================
== Vitis HLS Report for 'run_all_slices_unrolled_Pipeline_Loop_BN2'
================================================================
* Date:           Mon Sep 15 15:50:07 2025

* Version:        2024.2 (Build 5238294 on Nov  8 2024)
* Project:        run_model
* Solution:       hls (Vivado IP Flow Target)
* Product family: zynq
* Target device:  xc7z020-clg400-3


================================================================
== Performance Estimates
================================================================
+ Timing: 
    * Summary: 
    +--------+----------+----------+------------+
    |  Clock |  Target  | Estimated| Uncertainty|
    +--------+----------+----------+------------+
    |ap_clk  |  10.00 ns|  7.847 ns|     2.00 ns|
    +--------+----------+----------+------------+

+ Latency: 
    * Summary: 
    +---------+---------+----------+----------+-----+-----+------------------------------------------------+
    |  Latency (cycles) |  Latency (absolute) |  Interval |                    Pipeline                    |
    |   min   |   max   |    min   |    max   | min | max |                      Type                      |
    +---------+---------+----------+----------+-----+-----+------------------------------------------------+
    |       71|       71|  0.710 us|  0.710 us|   33|   33|  loop auto-rewind stp (delay=0 clock cycles(s))|
    +---------+---------+----------+----------+-----+-----+------------------------------------------------+

    + Detail: 
        * Instance: 
        N/A

        * Loop: 
        +-----------+---------+---------+----------+-----------+-----------+------+----------+
        |           |  Latency (cycles) | Iteration|  Initiation Interval  | Trip |          |
        | Loop Name |   min   |   max   |  Latency |  achieved |   target  | Count| Pipelined|
        +-----------+---------+---------+----------+-----------+-----------+------+----------+
        |- Loop_BN  |       69|       69|        39|          1|          1|    32|       yes|
        +-----------+---------+---------+----------+-----------+-----------+------+----------+

============================================================
+ Verbose Summary: Synthesis Manager
============================================================
InlineROM: 1
ExposeGlobal: 0
============================================================
+ Verbose Summary: CDFG Model
============================================================
IsTopModel: 0
ResetActiveHigh: 1
IsCombinational: 0
IsDatapathOnly: 0
HasWiredReturn: 1
HasMFsm: 2
HasVarLatency: 1
IsPipeline: 0
IsRtlPipelined: 0
IsInstanceOverlapped: 0
IsDontTouch: 0
HasImplIP: 0
IsGatedGlobalClock: 0

+ Individual pipeline summary: 
  * Pipeline-0: initiation interval (II) = 1, depth = 39


============================================================
+ Verbose Summary: Schedule
============================================================
* Number of FSM states : 39
* Pipeline : 1
  Pipeline-0 : II = 1, D = 39, States = { 1 2 3 4 5 6 7 8 9 10 11 12 13 14 15 16 17 18 19 20 21 22 23 24 25 26 27 28 29 30 31 32 33 34 35 36 37 38 39 }
* Dataflow Pipeline: 0

* FSM state transitions: 
1 --> 2 
2 --> 3 
3 --> 4 
4 --> 5 
5 --> 6 
6 --> 7 
7 --> 8 
8 --> 9 
9 --> 10 
10 --> 11 
11 --> 12 
12 --> 13 
13 --> 14 
14 --> 15 
15 --> 16 
16 --> 17 
17 --> 18 
18 --> 19 
19 --> 20 
20 --> 21 
21 --> 22 
22 --> 23 
23 --> 24 
24 --> 25 
25 --> 26 
26 --> 27 
27 --> 28 
28 --> 29 
29 --> 30 
30 --> 31 
31 --> 32 
32 --> 33 
33 --> 34 
34 --> 35 
35 --> 36 
36 --> 37 
37 --> 38 
38 --> 39 
39 --> 

* FSM state operations: 

State 1 <SV = 0> <Delay = 3.80>
ST_1 : Operation 42 [1/1] (0.00ns)   --->   "%c_2 = alloca i32 1" [../main_5_slices.cpp:198->../main_5_slices.cpp:316]   --->   Operation 42 'alloca' 'c_2' <Predicate = true> <Delay = 0.00>
ST_1 : Operation 43 [1/1] (1.14ns)   --->   "%store_ln198 = store i6 0, i6 %c_2" [../main_5_slices.cpp:198->../main_5_slices.cpp:316]   --->   Operation 43 'store' 'store_ln198' <Predicate = true> <Delay = 1.14>
ST_1 : Operation 44 [1/1] (0.00ns)   --->   "%br_ln0 = br void %for.body.i59"   --->   Operation 44 'br' 'br_ln0' <Predicate = true> <Delay = 0.00>
ST_1 : Operation 45 [1/1] (0.00ns)   --->   "%c = load i6 %c_2" [../main_5_slices.cpp:198->../main_5_slices.cpp:316]   --->   Operation 45 'load' 'c' <Predicate = true> <Delay = 0.00>
ST_1 : Operation 46 [1/1] (1.51ns)   --->   "%icmp_ln198 = icmp_eq  i6 %c, i6 32" [../main_5_slices.cpp:198->../main_5_slices.cpp:316]   --->   Operation 46 'icmp' 'icmp_ln198' <Predicate = true> <Delay = 1.51> <CoreInst = "Cmp">   --->   Core 9 'Cmp' <Latency = 0> <II = 1> <Delay = 1.51> <FuncUnit> <Opcode : 'seteq' 'setne' 'setle' 'setge' 'setlt' 'setgt'> <InPorts = 2> <OutPorts = 1>
ST_1 : Operation 47 [1/1] (1.51ns)   --->   "%add_ln198 = add i6 %c, i6 1" [../main_5_slices.cpp:198->../main_5_slices.cpp:316]   --->   Operation 47 'add' 'add_ln198' <Predicate = true> <Delay = 1.51> <CoreInst = "Adder">   --->   Core 1 'Adder' <Latency = 0> <II = 1> <Delay = 1.51> <FuncUnit> <Opcode : 'add' 'sub'> <InPorts = 2> <OutPorts = 1>
ST_1 : Operation 48 [1/1] (0.00ns)   --->   "%br_ln198 = br i1 %icmp_ln198, void %for.body.i59.split, void %for.body17.preheader.exitStub" [../main_5_slices.cpp:198->../main_5_slices.cpp:316]   --->   Operation 48 'br' 'br_ln198' <Predicate = true> <Delay = 0.00>
ST_1 : Operation 49 [1/1] (0.00ns)   --->   "%zext_ln198 = zext i6 %c" [../main_5_slices.cpp:198->../main_5_slices.cpp:316]   --->   Operation 49 'zext' 'zext_ln198' <Predicate = (!icmp_ln198)> <Delay = 0.00>
ST_1 : Operation 50 [1/1] (0.00ns)   --->   "%h_slice_addr = getelementptr i16 %h_slice, i64 0, i64 %zext_ln198" [../main_5_slices.cpp:200->../main_5_slices.cpp:316]   --->   Operation 50 'getelementptr' 'h_slice_addr' <Predicate = (!icmp_ln198)> <Delay = 0.00>
ST_1 : Operation 51 [1/1] (0.00ns)   --->   "%BN2_var1_addr = getelementptr i16 %BN2_var1, i64 0, i64 %zext_ln198" [../main_5_slices.cpp:200->../main_5_slices.cpp:316]   --->   Operation 51 'getelementptr' 'BN2_var1_addr' <Predicate = (!icmp_ln198)> <Delay = 0.00>
ST_1 : Operation 52 [2/2] (1.56ns)   --->   "%BN2_var1_load = load i5 %BN2_var1_addr" [../main_5_slices.cpp:200->../main_5_slices.cpp:316]   --->   Operation 52 'load' 'BN2_var1_load' <Predicate = (!icmp_ln198)> <Delay = 1.56> <CoreInst = "ROM">   --->   Core 94 'ROM' <Latency = 1> <II = 1> <Delay = 1.56> <Storage> <Opcode : 'load'> <Ports = 0> <Width = 16> <Depth = 32> <ROM>
ST_1 : Operation 53 [1/1] (0.00ns)   --->   "%BN2_gamma1_addr = getelementptr i16 %BN2_gamma1, i64 0, i64 %zext_ln198" [../main_5_slices.cpp:201->../main_5_slices.cpp:316]   --->   Operation 53 'getelementptr' 'BN2_gamma1_addr' <Predicate = (!icmp_ln198)> <Delay = 0.00>
ST_1 : Operation 54 [2/2] (1.56ns)   --->   "%BN2_gamma1_load = load i5 %BN2_gamma1_addr" [../main_5_slices.cpp:201->../main_5_slices.cpp:316]   --->   Operation 54 'load' 'BN2_gamma1_load' <Predicate = (!icmp_ln198)> <Delay = 1.56> <CoreInst = "ROM">   --->   Core 94 'ROM' <Latency = 1> <II = 1> <Delay = 1.56> <Storage> <Opcode : 'load'> <Ports = 0> <Width = 16> <Depth = 32> <ROM>
ST_1 : Operation 55 [1/1] (1.14ns)   --->   "%store_ln198 = store i6 %add_ln198, i6 %c_2" [../main_5_slices.cpp:198->../main_5_slices.cpp:316]   --->   Operation 55 'store' 'store_ln198' <Predicate = (!icmp_ln198)> <Delay = 1.14>

State 2 <SV = 1> <Delay = 6.99>
ST_2 : Operation 56 [1/2] ( I:1.56ns O:1.56ns )   --->   "%BN2_var1_load = load i5 %BN2_var1_addr" [../main_5_slices.cpp:200->../main_5_slices.cpp:316]   --->   Operation 56 'load' 'BN2_var1_load' <Predicate = true> <Delay = 1.56> <CoreInst = "ROM">   --->   Core 94 'ROM' <Latency = 1> <II = 1> <Delay = 1.56> <Storage> <Opcode : 'load'> <Ports = 0> <Width = 16> <Depth = 32> <ROM>
ST_2 : Operation 57 [5/5] (5.42ns)   --->   "%add_i2 = hadd i16 %BN2_var1_load, i16 0.0010004" [../main_5_slices.cpp:200->../main_5_slices.cpp:316]   --->   Operation 57 'hadd' 'add_i2' <Predicate = true> <Delay = 5.42> <CoreInst = "HAddSub_fulldsp">   --->   Core 55 'HAddSub_fulldsp' <Latency = 4> <II = 1> <Delay = 5.42> <FuncUnit> <Opcode : 'hadd' 'hsub'> <InPorts = 2> <OutPorts = 1>
ST_2 : Operation 58 [1/2] ( I:1.56ns O:1.56ns )   --->   "%BN2_gamma1_load = load i5 %BN2_gamma1_addr" [../main_5_slices.cpp:201->../main_5_slices.cpp:316]   --->   Operation 58 'load' 'BN2_gamma1_load' <Predicate = true> <Delay = 1.56> <CoreInst = "ROM">   --->   Core 94 'ROM' <Latency = 1> <II = 1> <Delay = 1.56> <Storage> <Opcode : 'load'> <Ports = 0> <Width = 16> <Depth = 32> <ROM>

State 3 <SV = 2> <Delay = 5.42>
ST_3 : Operation 59 [4/5] (5.42ns)   --->   "%add_i2 = hadd i16 %BN2_var1_load, i16 0.0010004" [../main_5_slices.cpp:200->../main_5_slices.cpp:316]   --->   Operation 59 'hadd' 'add_i2' <Predicate = true> <Delay = 5.42> <CoreInst = "HAddSub_fulldsp">   --->   Core 55 'HAddSub_fulldsp' <Latency = 4> <II = 1> <Delay = 5.42> <FuncUnit> <Opcode : 'hadd' 'hsub'> <InPorts = 2> <OutPorts = 1>

State 4 <SV = 3> <Delay = 5.42>
ST_4 : Operation 60 [3/5] (5.42ns)   --->   "%add_i2 = hadd i16 %BN2_var1_load, i16 0.0010004" [../main_5_slices.cpp:200->../main_5_slices.cpp:316]   --->   Operation 60 'hadd' 'add_i2' <Predicate = true> <Delay = 5.42> <CoreInst = "HAddSub_fulldsp">   --->   Core 55 'HAddSub_fulldsp' <Latency = 4> <II = 1> <Delay = 5.42> <FuncUnit> <Opcode : 'hadd' 'hsub'> <InPorts = 2> <OutPorts = 1>

State 5 <SV = 4> <Delay = 5.42>
ST_5 : Operation 61 [2/5] (5.42ns)   --->   "%add_i2 = hadd i16 %BN2_var1_load, i16 0.0010004" [../main_5_slices.cpp:200->../main_5_slices.cpp:316]   --->   Operation 61 'hadd' 'add_i2' <Predicate = true> <Delay = 5.42> <CoreInst = "HAddSub_fulldsp">   --->   Core 55 'HAddSub_fulldsp' <Latency = 4> <II = 1> <Delay = 5.42> <FuncUnit> <Opcode : 'hadd' 'hsub'> <InPorts = 2> <OutPorts = 1>

State 6 <SV = 5> <Delay = 5.42>
ST_6 : Operation 62 [1/5] (5.42ns)   --->   "%add_i2 = hadd i16 %BN2_var1_load, i16 0.0010004" [../main_5_slices.cpp:200->../main_5_slices.cpp:316]   --->   Operation 62 'hadd' 'add_i2' <Predicate = true> <Delay = 5.42> <CoreInst = "HAddSub_fulldsp">   --->   Core 55 'HAddSub_fulldsp' <Latency = 4> <II = 1> <Delay = 5.42> <FuncUnit> <Opcode : 'hadd' 'hsub'> <InPorts = 2> <OutPorts = 1>

State 7 <SV = 6> <Delay = 2.66>
ST_7 : Operation 63 [2/2] (2.66ns)   --->   "%conv5_i2 = hptosp i16 %add_i2" [../main_5_slices.cpp:200->../main_5_slices.cpp:316]   --->   Operation 63 'hptosp' 'conv5_i2' <Predicate = true> <Delay = 2.66> <CoreInst = "Half2Float">   --->   Core 68 'Half2Float' <Latency = 1> <II = 1> <Delay = 2.66> <FuncUnit> <Opcode : 'hptosp'> <InPorts = 1> <OutPorts = 1>

State 8 <SV = 7> <Delay = 2.66>
ST_8 : Operation 64 [1/2] (2.66ns)   --->   "%conv5_i2 = hptosp i16 %add_i2" [../main_5_slices.cpp:200->../main_5_slices.cpp:316]   --->   Operation 64 'hptosp' 'conv5_i2' <Predicate = true> <Delay = 2.66> <CoreInst = "Half2Float">   --->   Core 68 'Half2Float' <Latency = 1> <II = 1> <Delay = 2.66> <FuncUnit> <Opcode : 'hptosp'> <InPorts = 1> <OutPorts = 1>

State 9 <SV = 8> <Delay = 7.55>
ST_9 : Operation 65 [10/10] (7.55ns)   --->   "%tmp_2 = fsqrt i32 @llvm.sqrt.f32, i32 %conv5_i2" [../main_5_slices.cpp:200->../main_5_slices.cpp:316]   --->   Operation 65 'fsqrt' 'tmp_2' <Predicate = true> <Delay = 7.55> <CoreInst = "FSqrt">   --->   Core 35 'FSqrt' <Latency = 9> <II = 1> <Delay = 7.55> <FuncUnit> <Opcode : 'fsqrt'> <InPorts = 1> <OutPorts = 1>

State 10 <SV = 9> <Delay = 7.55>
ST_10 : Operation 66 [9/10] (7.55ns)   --->   "%tmp_2 = fsqrt i32 @llvm.sqrt.f32, i32 %conv5_i2" [../main_5_slices.cpp:200->../main_5_slices.cpp:316]   --->   Operation 66 'fsqrt' 'tmp_2' <Predicate = true> <Delay = 7.55> <CoreInst = "FSqrt">   --->   Core 35 'FSqrt' <Latency = 9> <II = 1> <Delay = 7.55> <FuncUnit> <Opcode : 'fsqrt'> <InPorts = 1> <OutPorts = 1>

State 11 <SV = 10> <Delay = 7.55>
ST_11 : Operation 67 [8/10] (7.55ns)   --->   "%tmp_2 = fsqrt i32 @llvm.sqrt.f32, i32 %conv5_i2" [../main_5_slices.cpp:200->../main_5_slices.cpp:316]   --->   Operation 67 'fsqrt' 'tmp_2' <Predicate = true> <Delay = 7.55> <CoreInst = "FSqrt">   --->   Core 35 'FSqrt' <Latency = 9> <II = 1> <Delay = 7.55> <FuncUnit> <Opcode : 'fsqrt'> <InPorts = 1> <OutPorts = 1>

State 12 <SV = 11> <Delay = 7.55>
ST_12 : Operation 68 [7/10] (7.55ns)   --->   "%tmp_2 = fsqrt i32 @llvm.sqrt.f32, i32 %conv5_i2" [../main_5_slices.cpp:200->../main_5_slices.cpp:316]   --->   Operation 68 'fsqrt' 'tmp_2' <Predicate = true> <Delay = 7.55> <CoreInst = "FSqrt">   --->   Core 35 'FSqrt' <Latency = 9> <II = 1> <Delay = 7.55> <FuncUnit> <Opcode : 'fsqrt'> <InPorts = 1> <OutPorts = 1>

State 13 <SV = 12> <Delay = 7.55>
ST_13 : Operation 69 [6/10] (7.55ns)   --->   "%tmp_2 = fsqrt i32 @llvm.sqrt.f32, i32 %conv5_i2" [../main_5_slices.cpp:200->../main_5_slices.cpp:316]   --->   Operation 69 'fsqrt' 'tmp_2' <Predicate = true> <Delay = 7.55> <CoreInst = "FSqrt">   --->   Core 35 'FSqrt' <Latency = 9> <II = 1> <Delay = 7.55> <FuncUnit> <Opcode : 'fsqrt'> <InPorts = 1> <OutPorts = 1>

State 14 <SV = 13> <Delay = 7.55>
ST_14 : Operation 70 [5/10] (7.55ns)   --->   "%tmp_2 = fsqrt i32 @llvm.sqrt.f32, i32 %conv5_i2" [../main_5_slices.cpp:200->../main_5_slices.cpp:316]   --->   Operation 70 'fsqrt' 'tmp_2' <Predicate = true> <Delay = 7.55> <CoreInst = "FSqrt">   --->   Core 35 'FSqrt' <Latency = 9> <II = 1> <Delay = 7.55> <FuncUnit> <Opcode : 'fsqrt'> <InPorts = 1> <OutPorts = 1>

State 15 <SV = 14> <Delay = 7.55>
ST_15 : Operation 71 [4/10] (7.55ns)   --->   "%tmp_2 = fsqrt i32 @llvm.sqrt.f32, i32 %conv5_i2" [../main_5_slices.cpp:200->../main_5_slices.cpp:316]   --->   Operation 71 'fsqrt' 'tmp_2' <Predicate = true> <Delay = 7.55> <CoreInst = "FSqrt">   --->   Core 35 'FSqrt' <Latency = 9> <II = 1> <Delay = 7.55> <FuncUnit> <Opcode : 'fsqrt'> <InPorts = 1> <OutPorts = 1>

State 16 <SV = 15> <Delay = 7.55>
ST_16 : Operation 72 [2/2] (1.56ns)   --->   "%h_slice_load = load i5 %h_slice_addr" [../main_5_slices.cpp:200->../main_5_slices.cpp:316]   --->   Operation 72 'load' 'h_slice_load' <Predicate = true> <Delay = 1.56> <CoreInst = "RAM">   --->   Core 81 'RAM' <Latency = 1> <II = 1> <Delay = 1.56> <Storage> <Opcode : 'load' 'store'> <Ports = 2> <Width = 16> <Depth = 32> <RAM>
ST_16 : Operation 73 [3/10] (7.55ns)   --->   "%tmp_2 = fsqrt i32 @llvm.sqrt.f32, i32 %conv5_i2" [../main_5_slices.cpp:200->../main_5_slices.cpp:316]   --->   Operation 73 'fsqrt' 'tmp_2' <Predicate = true> <Delay = 7.55> <CoreInst = "FSqrt">   --->   Core 35 'FSqrt' <Latency = 9> <II = 1> <Delay = 7.55> <FuncUnit> <Opcode : 'fsqrt'> <InPorts = 1> <OutPorts = 1>

State 17 <SV = 16> <Delay = 7.55>
ST_17 : Operation 74 [1/2] ( I:1.56ns O:1.56ns )   --->   "%h_slice_load = load i5 %h_slice_addr" [../main_5_slices.cpp:200->../main_5_slices.cpp:316]   --->   Operation 74 'load' 'h_slice_load' <Predicate = true> <Delay = 1.56> <CoreInst = "RAM">   --->   Core 81 'RAM' <Latency = 1> <II = 1> <Delay = 1.56> <Storage> <Opcode : 'load' 'store'> <Ports = 2> <Width = 16> <Depth = 32> <RAM>
ST_17 : Operation 75 [2/2] (2.66ns)   --->   "%conv_i2 = hptosp i16 %h_slice_load" [../main_5_slices.cpp:200->../main_5_slices.cpp:316]   --->   Operation 75 'hptosp' 'conv_i2' <Predicate = true> <Delay = 2.66> <CoreInst = "Half2Float">   --->   Core 68 'Half2Float' <Latency = 1> <II = 1> <Delay = 2.66> <FuncUnit> <Opcode : 'hptosp'> <InPorts = 1> <OutPorts = 1>
ST_17 : Operation 76 [2/10] (7.55ns)   --->   "%tmp_2 = fsqrt i32 @llvm.sqrt.f32, i32 %conv5_i2" [../main_5_slices.cpp:200->../main_5_slices.cpp:316]   --->   Operation 76 'fsqrt' 'tmp_2' <Predicate = true> <Delay = 7.55> <CoreInst = "FSqrt">   --->   Core 35 'FSqrt' <Latency = 9> <II = 1> <Delay = 7.55> <FuncUnit> <Opcode : 'fsqrt'> <InPorts = 1> <OutPorts = 1>

State 18 <SV = 17> <Delay = 7.55>
ST_18 : Operation 77 [1/2] (2.66ns)   --->   "%conv_i2 = hptosp i16 %h_slice_load" [../main_5_slices.cpp:200->../main_5_slices.cpp:316]   --->   Operation 77 'hptosp' 'conv_i2' <Predicate = true> <Delay = 2.66> <CoreInst = "Half2Float">   --->   Core 68 'Half2Float' <Latency = 1> <II = 1> <Delay = 2.66> <FuncUnit> <Opcode : 'hptosp'> <InPorts = 1> <OutPorts = 1>
ST_18 : Operation 78 [1/10] (7.55ns)   --->   "%tmp_2 = fsqrt i32 @llvm.sqrt.f32, i32 %conv5_i2" [../main_5_slices.cpp:200->../main_5_slices.cpp:316]   --->   Operation 78 'fsqrt' 'tmp_2' <Predicate = true> <Delay = 7.55> <CoreInst = "FSqrt">   --->   Core 35 'FSqrt' <Latency = 9> <II = 1> <Delay = 7.55> <FuncUnit> <Opcode : 'fsqrt'> <InPorts = 1> <OutPorts = 1>

State 19 <SV = 18> <Delay = 7.84>
ST_19 : Operation 79 [10/10] (7.84ns)   --->   "%div_i2 = fdiv i32 %conv_i2, i32 %tmp_2" [../main_5_slices.cpp:200->../main_5_slices.cpp:316]   --->   Operation 79 'fdiv' 'div_i2' <Predicate = true> <Delay = 7.84> <CoreInst = "FDiv">   --->   Core 20 'FDiv' <Latency = 9> <II = 1> <Delay = 7.84> <FuncUnit> <Opcode : 'fdiv' 'frem'> <InPorts = 2> <OutPorts = 1>

State 20 <SV = 19> <Delay = 7.84>
ST_20 : Operation 80 [9/10] (7.84ns)   --->   "%div_i2 = fdiv i32 %conv_i2, i32 %tmp_2" [../main_5_slices.cpp:200->../main_5_slices.cpp:316]   --->   Operation 80 'fdiv' 'div_i2' <Predicate = true> <Delay = 7.84> <CoreInst = "FDiv">   --->   Core 20 'FDiv' <Latency = 9> <II = 1> <Delay = 7.84> <FuncUnit> <Opcode : 'fdiv' 'frem'> <InPorts = 2> <OutPorts = 1>

State 21 <SV = 20> <Delay = 7.84>
ST_21 : Operation 81 [8/10] (7.84ns)   --->   "%div_i2 = fdiv i32 %conv_i2, i32 %tmp_2" [../main_5_slices.cpp:200->../main_5_slices.cpp:316]   --->   Operation 81 'fdiv' 'div_i2' <Predicate = true> <Delay = 7.84> <CoreInst = "FDiv">   --->   Core 20 'FDiv' <Latency = 9> <II = 1> <Delay = 7.84> <FuncUnit> <Opcode : 'fdiv' 'frem'> <InPorts = 2> <OutPorts = 1>

State 22 <SV = 21> <Delay = 7.84>
ST_22 : Operation 82 [7/10] (7.84ns)   --->   "%div_i2 = fdiv i32 %conv_i2, i32 %tmp_2" [../main_5_slices.cpp:200->../main_5_slices.cpp:316]   --->   Operation 82 'fdiv' 'div_i2' <Predicate = true> <Delay = 7.84> <CoreInst = "FDiv">   --->   Core 20 'FDiv' <Latency = 9> <II = 1> <Delay = 7.84> <FuncUnit> <Opcode : 'fdiv' 'frem'> <InPorts = 2> <OutPorts = 1>

State 23 <SV = 22> <Delay = 7.84>
ST_23 : Operation 83 [6/10] (7.84ns)   --->   "%div_i2 = fdiv i32 %conv_i2, i32 %tmp_2" [../main_5_slices.cpp:200->../main_5_slices.cpp:316]   --->   Operation 83 'fdiv' 'div_i2' <Predicate = true> <Delay = 7.84> <CoreInst = "FDiv">   --->   Core 20 'FDiv' <Latency = 9> <II = 1> <Delay = 7.84> <FuncUnit> <Opcode : 'fdiv' 'frem'> <InPorts = 2> <OutPorts = 1>

State 24 <SV = 23> <Delay = 7.84>
ST_24 : Operation 84 [5/10] (7.84ns)   --->   "%div_i2 = fdiv i32 %conv_i2, i32 %tmp_2" [../main_5_slices.cpp:200->../main_5_slices.cpp:316]   --->   Operation 84 'fdiv' 'div_i2' <Predicate = true> <Delay = 7.84> <CoreInst = "FDiv">   --->   Core 20 'FDiv' <Latency = 9> <II = 1> <Delay = 7.84> <FuncUnit> <Opcode : 'fdiv' 'frem'> <InPorts = 2> <OutPorts = 1>

State 25 <SV = 24> <Delay = 7.84>
ST_25 : Operation 85 [4/10] (7.84ns)   --->   "%div_i2 = fdiv i32 %conv_i2, i32 %tmp_2" [../main_5_slices.cpp:200->../main_5_slices.cpp:316]   --->   Operation 85 'fdiv' 'div_i2' <Predicate = true> <Delay = 7.84> <CoreInst = "FDiv">   --->   Core 20 'FDiv' <Latency = 9> <II = 1> <Delay = 7.84> <FuncUnit> <Opcode : 'fdiv' 'frem'> <InPorts = 2> <OutPorts = 1>

State 26 <SV = 25> <Delay = 7.84>
ST_26 : Operation 86 [3/10] (7.84ns)   --->   "%div_i2 = fdiv i32 %conv_i2, i32 %tmp_2" [../main_5_slices.cpp:200->../main_5_slices.cpp:316]   --->   Operation 86 'fdiv' 'div_i2' <Predicate = true> <Delay = 7.84> <CoreInst = "FDiv">   --->   Core 20 'FDiv' <Latency = 9> <II = 1> <Delay = 7.84> <FuncUnit> <Opcode : 'fdiv' 'frem'> <InPorts = 2> <OutPorts = 1>

State 27 <SV = 26> <Delay = 7.84>
ST_27 : Operation 87 [2/10] (7.84ns)   --->   "%div_i2 = fdiv i32 %conv_i2, i32 %tmp_2" [../main_5_slices.cpp:200->../main_5_slices.cpp:316]   --->   Operation 87 'fdiv' 'div_i2' <Predicate = true> <Delay = 7.84> <CoreInst = "FDiv">   --->   Core 20 'FDiv' <Latency = 9> <II = 1> <Delay = 7.84> <FuncUnit> <Opcode : 'fdiv' 'frem'> <InPorts = 2> <OutPorts = 1>

State 28 <SV = 27> <Delay = 7.84>
ST_28 : Operation 88 [1/10] (7.84ns)   --->   "%div_i2 = fdiv i32 %conv_i2, i32 %tmp_2" [../main_5_slices.cpp:200->../main_5_slices.cpp:316]   --->   Operation 88 'fdiv' 'div_i2' <Predicate = true> <Delay = 7.84> <CoreInst = "FDiv">   --->   Core 20 'FDiv' <Latency = 9> <II = 1> <Delay = 7.84> <FuncUnit> <Opcode : 'fdiv' 'frem'> <InPorts = 2> <OutPorts = 1>

State 29 <SV = 28> <Delay = 3.92>
ST_29 : Operation 89 [2/2] (3.92ns)   --->   "%n = sptohp i32 %div_i2" [../main_5_slices.cpp:200->../main_5_slices.cpp:316]   --->   Operation 89 'sptohp' 'n' <Predicate = true> <Delay = 3.92> <CoreInst = "Float2Half">   --->   Core 69 'Float2Half' <Latency = 1> <II = 1> <Delay = 3.92> <FuncUnit> <Opcode : 'sptohp'> <InPorts = 1> <OutPorts = 1>

State 30 <SV = 29> <Delay = 3.92>
ST_30 : Operation 90 [1/2] (3.92ns)   --->   "%n = sptohp i32 %div_i2" [../main_5_slices.cpp:200->../main_5_slices.cpp:316]   --->   Operation 90 'sptohp' 'n' <Predicate = true> <Delay = 3.92> <CoreInst = "Float2Half">   --->   Core 69 'Float2Half' <Latency = 1> <II = 1> <Delay = 3.92> <FuncUnit> <Opcode : 'sptohp'> <InPorts = 1> <OutPorts = 1>

State 31 <SV = 30> <Delay = 4.70>
ST_31 : Operation 91 [4/4] (4.70ns)   --->   "%mul_i2 = hmul i16 %BN2_gamma1_load, i16 %n" [../main_5_slices.cpp:201->../main_5_slices.cpp:316]   --->   Operation 91 'hmul' 'mul_i2' <Predicate = true> <Delay = 4.70> <CoreInst = "HMul_maxdsp">   --->   Core 60 'HMul_maxdsp' <Latency = 3> <II = 1> <Delay = 4.70> <FuncUnit> <Opcode : 'hmul'> <InPorts = 2> <OutPorts = 1>

State 32 <SV = 31> <Delay = 4.70>
ST_32 : Operation 92 [3/4] (4.70ns)   --->   "%mul_i2 = hmul i16 %BN2_gamma1_load, i16 %n" [../main_5_slices.cpp:201->../main_5_slices.cpp:316]   --->   Operation 92 'hmul' 'mul_i2' <Predicate = true> <Delay = 4.70> <CoreInst = "HMul_maxdsp">   --->   Core 60 'HMul_maxdsp' <Latency = 3> <II = 1> <Delay = 4.70> <FuncUnit> <Opcode : 'hmul'> <InPorts = 2> <OutPorts = 1>

State 33 <SV = 32> <Delay = 4.70>
ST_33 : Operation 93 [2/4] (4.70ns)   --->   "%mul_i2 = hmul i16 %BN2_gamma1_load, i16 %n" [../main_5_slices.cpp:201->../main_5_slices.cpp:316]   --->   Operation 93 'hmul' 'mul_i2' <Predicate = true> <Delay = 4.70> <CoreInst = "HMul_maxdsp">   --->   Core 60 'HMul_maxdsp' <Latency = 3> <II = 1> <Delay = 4.70> <FuncUnit> <Opcode : 'hmul'> <InPorts = 2> <OutPorts = 1>

State 34 <SV = 33> <Delay = 4.70>
ST_34 : Operation 94 [1/4] (4.70ns)   --->   "%mul_i2 = hmul i16 %BN2_gamma1_load, i16 %n" [../main_5_slices.cpp:201->../main_5_slices.cpp:316]   --->   Operation 94 'hmul' 'mul_i2' <Predicate = true> <Delay = 4.70> <CoreInst = "HMul_maxdsp">   --->   Core 60 'HMul_maxdsp' <Latency = 3> <II = 1> <Delay = 4.70> <FuncUnit> <Opcode : 'hmul'> <InPorts = 2> <OutPorts = 1>

State 35 <SV = 34> <Delay = 5.42>
ST_35 : Operation 95 [5/5] (5.42ns)   --->   "%add11_i2 = hadd i16 %mul_i2, i16 0" [../main_5_slices.cpp:201->../main_5_slices.cpp:316]   --->   Operation 95 'hadd' 'add11_i2' <Predicate = true> <Delay = 5.42> <CoreInst = "HAddSub_fulldsp">   --->   Core 55 'HAddSub_fulldsp' <Latency = 4> <II = 1> <Delay = 5.42> <FuncUnit> <Opcode : 'hadd' 'hsub'> <InPorts = 2> <OutPorts = 1>

State 36 <SV = 35> <Delay = 5.42>
ST_36 : Operation 96 [4/5] (5.42ns)   --->   "%add11_i2 = hadd i16 %mul_i2, i16 0" [../main_5_slices.cpp:201->../main_5_slices.cpp:316]   --->   Operation 96 'hadd' 'add11_i2' <Predicate = true> <Delay = 5.42> <CoreInst = "HAddSub_fulldsp">   --->   Core 55 'HAddSub_fulldsp' <Latency = 4> <II = 1> <Delay = 5.42> <FuncUnit> <Opcode : 'hadd' 'hsub'> <InPorts = 2> <OutPorts = 1>

State 37 <SV = 36> <Delay = 5.42>
ST_37 : Operation 97 [3/5] (5.42ns)   --->   "%add11_i2 = hadd i16 %mul_i2, i16 0" [../main_5_slices.cpp:201->../main_5_slices.cpp:316]   --->   Operation 97 'hadd' 'add11_i2' <Predicate = true> <Delay = 5.42> <CoreInst = "HAddSub_fulldsp">   --->   Core 55 'HAddSub_fulldsp' <Latency = 4> <II = 1> <Delay = 5.42> <FuncUnit> <Opcode : 'hadd' 'hsub'> <InPorts = 2> <OutPorts = 1>

State 38 <SV = 37> <Delay = 5.42>
ST_38 : Operation 98 [2/5] (5.42ns)   --->   "%add11_i2 = hadd i16 %mul_i2, i16 0" [../main_5_slices.cpp:201->../main_5_slices.cpp:316]   --->   Operation 98 'hadd' 'add11_i2' <Predicate = true> <Delay = 5.42> <CoreInst = "HAddSub_fulldsp">   --->   Core 55 'HAddSub_fulldsp' <Latency = 4> <II = 1> <Delay = 5.42> <FuncUnit> <Opcode : 'hadd' 'hsub'> <InPorts = 2> <OutPorts = 1>
ST_38 : Operation 105 [1/1] (1.14ns)   --->   "%ret_ln0 = ret"   --->   Operation 105 'ret' 'ret_ln0' <Predicate = (icmp_ln198)> <Delay = 1.14>

State 39 <SV = 38> <Delay = 6.99>
ST_39 : Operation 99 [1/1] (0.00ns)   --->   "%specpipeline_ln199 = specpipeline void @_ssdm_op_SpecPipeline, i32 4294967295, i32 0, i32 0, i32 0, void @empty_18" [../main_5_slices.cpp:199->../main_5_slices.cpp:316]   --->   Operation 99 'specpipeline' 'specpipeline_ln199' <Predicate = true> <Delay = 0.00>
ST_39 : Operation 100 [1/1] (0.00ns)   --->   "%speclooptripcount_ln198 = speclooptripcount void @_ssdm_op_SpecLoopTripCount, i64 32, i64 32, i64 32" [../main_5_slices.cpp:198->../main_5_slices.cpp:316]   --->   Operation 100 'speclooptripcount' 'speclooptripcount_ln198' <Predicate = true> <Delay = 0.00>
ST_39 : Operation 101 [1/1] (0.00ns)   --->   "%specloopname_ln198 = specloopname void @_ssdm_op_SpecLoopName, void @empty_13" [../main_5_slices.cpp:198->../main_5_slices.cpp:316]   --->   Operation 101 'specloopname' 'specloopname_ln198' <Predicate = true> <Delay = 0.00>
ST_39 : Operation 102 [1/5] (5.42ns)   --->   "%add11_i2 = hadd i16 %mul_i2, i16 0" [../main_5_slices.cpp:201->../main_5_slices.cpp:316]   --->   Operation 102 'hadd' 'add11_i2' <Predicate = true> <Delay = 5.42> <CoreInst = "HAddSub_fulldsp">   --->   Core 55 'HAddSub_fulldsp' <Latency = 4> <II = 1> <Delay = 5.42> <FuncUnit> <Opcode : 'hadd' 'hsub'> <InPorts = 2> <OutPorts = 1>
ST_39 : Operation 103 [1/1] ( I:1.56ns O:1.56ns )   --->   "%store_ln201 = store i16 %add11_i2, i5 %h_slice_addr" [../main_5_slices.cpp:201->../main_5_slices.cpp:316]   --->   Operation 103 'store' 'store_ln201' <Predicate = true> <Delay = 1.56> <CoreInst = "RAM">   --->   Core 81 'RAM' <Latency = 1> <II = 1> <Delay = 1.56> <Storage> <Opcode : 'load' 'store'> <Ports = 2> <Width = 16> <Depth = 32> <RAM>
ST_39 : Operation 104 [1/1] (0.00ns)   --->   "%br_ln198 = br void %for.body.i59" [../main_5_slices.cpp:198->../main_5_slices.cpp:316]   --->   Operation 104 'br' 'br_ln198' <Predicate = true> <Delay = 0.00>


============================================================
+ Verbose Summary: Timing violations
============================================================
Target clock period: 10.000ns, clock uncertainty: 2.000ns.

 <State 1>: 3.808ns
The critical path consists of the following:
	'store' operation 0 bit ('store_ln198', ../main_5_slices.cpp:198->../main_5_slices.cpp:316) of constant 0 on local variable 'c', ../main_5_slices.cpp:198->../main_5_slices.cpp:316 [5]  (1.146 ns)
	'load' operation 6 bit ('c', ../main_5_slices.cpp:198->../main_5_slices.cpp:316) on local variable 'c', ../main_5_slices.cpp:198->../main_5_slices.cpp:316 [8]  (0.000 ns)
	'icmp' operation 1 bit ('icmp_ln198', ../main_5_slices.cpp:198->../main_5_slices.cpp:316) [9]  (1.516 ns)
	'store' operation 0 bit ('store_ln198', ../main_5_slices.cpp:198->../main_5_slices.cpp:316) of variable 'add_ln198', ../main_5_slices.cpp:198->../main_5_slices.cpp:316 on local variable 'c', ../main_5_slices.cpp:198->../main_5_slices.cpp:316 [32]  (1.146 ns)

 <State 2>: 6.994ns
The critical path consists of the following:
	'load' operation 16 bit ('BN2_var1_load', ../main_5_slices.cpp:200->../main_5_slices.cpp:316) on array 'BN2_var1' [21]  (1.566 ns)
	'hadd' operation 16 bit ('add_i2', ../main_5_slices.cpp:200->../main_5_slices.cpp:316) [22]  (5.428 ns)

 <State 3>: 5.428ns
The critical path consists of the following:
	'hadd' operation 16 bit ('add_i2', ../main_5_slices.cpp:200->../main_5_slices.cpp:316) [22]  (5.428 ns)

 <State 4>: 5.428ns
The critical path consists of the following:
	'hadd' operation 16 bit ('add_i2', ../main_5_slices.cpp:200->../main_5_slices.cpp:316) [22]  (5.428 ns)

 <State 5>: 5.428ns
The critical path consists of the following:
	'hadd' operation 16 bit ('add_i2', ../main_5_slices.cpp:200->../main_5_slices.cpp:316) [22]  (5.428 ns)

 <State 6>: 5.428ns
The critical path consists of the following:
	'hadd' operation 16 bit ('add_i2', ../main_5_slices.cpp:200->../main_5_slices.cpp:316) [22]  (5.428 ns)

 <State 7>: 2.666ns
The critical path consists of the following:
	'hptosp' operation 32 bit ('conv5_i2', ../main_5_slices.cpp:200->../main_5_slices.cpp:316) [23]  (2.666 ns)

 <State 8>: 2.666ns
The critical path consists of the following:
	'hptosp' operation 32 bit ('conv5_i2', ../main_5_slices.cpp:200->../main_5_slices.cpp:316) [23]  (2.666 ns)

 <State 9>: 7.551ns
The critical path consists of the following:
	'fsqrt' operation 32 bit ('tmp_2', ../main_5_slices.cpp:200->../main_5_slices.cpp:316) [24]  (7.551 ns)

 <State 10>: 7.551ns
The critical path consists of the following:
	'fsqrt' operation 32 bit ('tmp_2', ../main_5_slices.cpp:200->../main_5_slices.cpp:316) [24]  (7.551 ns)

 <State 11>: 7.551ns
The critical path consists of the following:
	'fsqrt' operation 32 bit ('tmp_2', ../main_5_slices.cpp:200->../main_5_slices.cpp:316) [24]  (7.551 ns)

 <State 12>: 7.551ns
The critical path consists of the following:
	'fsqrt' operation 32 bit ('tmp_2', ../main_5_slices.cpp:200->../main_5_slices.cpp:316) [24]  (7.551 ns)

 <State 13>: 7.551ns
The critical path consists of the following:
	'fsqrt' operation 32 bit ('tmp_2', ../main_5_slices.cpp:200->../main_5_slices.cpp:316) [24]  (7.551 ns)

 <State 14>: 7.551ns
The critical path consists of the following:
	'fsqrt' operation 32 bit ('tmp_2', ../main_5_slices.cpp:200->../main_5_slices.cpp:316) [24]  (7.551 ns)

 <State 15>: 7.551ns
The critical path consists of the following:
	'fsqrt' operation 32 bit ('tmp_2', ../main_5_slices.cpp:200->../main_5_slices.cpp:316) [24]  (7.551 ns)

 <State 16>: 7.551ns
The critical path consists of the following:
	'fsqrt' operation 32 bit ('tmp_2', ../main_5_slices.cpp:200->../main_5_slices.cpp:316) [24]  (7.551 ns)

 <State 17>: 7.551ns
The critical path consists of the following:
	'fsqrt' operation 32 bit ('tmp_2', ../main_5_slices.cpp:200->../main_5_slices.cpp:316) [24]  (7.551 ns)

 <State 18>: 7.551ns
The critical path consists of the following:
	'fsqrt' operation 32 bit ('tmp_2', ../main_5_slices.cpp:200->../main_5_slices.cpp:316) [24]  (7.551 ns)

 <State 19>: 7.847ns
The critical path consists of the following:
	'fdiv' operation 32 bit ('div_i2', ../main_5_slices.cpp:200->../main_5_slices.cpp:316) [25]  (7.847 ns)

 <State 20>: 7.847ns
The critical path consists of the following:
	'fdiv' operation 32 bit ('div_i2', ../main_5_slices.cpp:200->../main_5_slices.cpp:316) [25]  (7.847 ns)

 <State 21>: 7.847ns
The critical path consists of the following:
	'fdiv' operation 32 bit ('div_i2', ../main_5_slices.cpp:200->../main_5_slices.cpp:316) [25]  (7.847 ns)

 <State 22>: 7.847ns
The critical path consists of the following:
	'fdiv' operation 32 bit ('div_i2', ../main_5_slices.cpp:200->../main_5_slices.cpp:316) [25]  (7.847 ns)

 <State 23>: 7.847ns
The critical path consists of the following:
	'fdiv' operation 32 bit ('div_i2', ../main_5_slices.cpp:200->../main_5_slices.cpp:316) [25]  (7.847 ns)

 <State 24>: 7.847ns
The critical path consists of the following:
	'fdiv' operation 32 bit ('div_i2', ../main_5_slices.cpp:200->../main_5_slices.cpp:316) [25]  (7.847 ns)

 <State 25>: 7.847ns
The critical path consists of the following:
	'fdiv' operation 32 bit ('div_i2', ../main_5_slices.cpp:200->../main_5_slices.cpp:316) [25]  (7.847 ns)

 <State 26>: 7.847ns
The critical path consists of the following:
	'fdiv' operation 32 bit ('div_i2', ../main_5_slices.cpp:200->../main_5_slices.cpp:316) [25]  (7.847 ns)

 <State 27>: 7.847ns
The critical path consists of the following:
	'fdiv' operation 32 bit ('div_i2', ../main_5_slices.cpp:200->../main_5_slices.cpp:316) [25]  (7.847 ns)

 <State 28>: 7.847ns
The critical path consists of the following:
	'fdiv' operation 32 bit ('div_i2', ../main_5_slices.cpp:200->../main_5_slices.cpp:316) [25]  (7.847 ns)

 <State 29>: 3.925ns
The critical path consists of the following:
	'sptohp' operation 16 bit ('n', ../main_5_slices.cpp:200->../main_5_slices.cpp:316) [26]  (3.925 ns)

 <State 30>: 3.925ns
The critical path consists of the following:
	'sptohp' operation 16 bit ('n', ../main_5_slices.cpp:200->../main_5_slices.cpp:316) [26]  (3.925 ns)

 <State 31>: 4.701ns
The critical path consists of the following:
	'hmul' operation 16 bit ('mul_i2', ../main_5_slices.cpp:201->../main_5_slices.cpp:316) [29]  (4.701 ns)

 <State 32>: 4.701ns
The critical path consists of the following:
	'hmul' operation 16 bit ('mul_i2', ../main_5_slices.cpp:201->../main_5_slices.cpp:316) [29]  (4.701 ns)

 <State 33>: 4.701ns
The critical path consists of the following:
	'hmul' operation 16 bit ('mul_i2', ../main_5_slices.cpp:201->../main_5_slices.cpp:316) [29]  (4.701 ns)

 <State 34>: 4.701ns
The critical path consists of the following:
	'hmul' operation 16 bit ('mul_i2', ../main_5_slices.cpp:201->../main_5_slices.cpp:316) [29]  (4.701 ns)

 <State 35>: 5.428ns
The critical path consists of the following:
	'hadd' operation 16 bit ('add11_i2', ../main_5_slices.cpp:201->../main_5_slices.cpp:316) [30]  (5.428 ns)

 <State 36>: 5.428ns
The critical path consists of the following:
	'hadd' operation 16 bit ('add11_i2', ../main_5_slices.cpp:201->../main_5_slices.cpp:316) [30]  (5.428 ns)

 <State 37>: 5.428ns
The critical path consists of the following:
	'hadd' operation 16 bit ('add11_i2', ../main_5_slices.cpp:201->../main_5_slices.cpp:316) [30]  (5.428 ns)

 <State 38>: 5.428ns
The critical path consists of the following:
	'hadd' operation 16 bit ('add11_i2', ../main_5_slices.cpp:201->../main_5_slices.cpp:316) [30]  (5.428 ns)

 <State 39>: 6.994ns
The critical path consists of the following:
	'hadd' operation 16 bit ('add11_i2', ../main_5_slices.cpp:201->../main_5_slices.cpp:316) [30]  (5.428 ns)
	'store' operation 0 bit ('store_ln201', ../main_5_slices.cpp:201->../main_5_slices.cpp:316) of variable 'add11_i2', ../main_5_slices.cpp:201->../main_5_slices.cpp:316 on array 'h_slice' [31]  (1.566 ns)


============================================================
+ Verbose Summary: Binding
============================================================
N/A
* FSMD analyzer results:
  - Output states:
 - Input state : 
  - Chain level:
	State 1
	State 2
	State 3
	State 4
	State 5
	State 6
	State 7
	State 8
	State 9
	State 10
	State 11
	State 12
	State 13
	State 14
	State 15
	State 16
	State 17
	State 18
	State 19
	State 20
	State 21
	State 22
	State 23
	State 24
	State 25
	State 26
	State 27
	State 28
	State 29
	State 30
	State 31
	State 32
	State 33
	State 34
	State 35
	State 36
	State 37
	State 38
	State 39


============================================================
+ Verbose Summary: Datapath Resource usage 
============================================================
N/A
