

================================================================
== Vitis HLS Report for 'run_model_Pipeline_ReLULoop2'
================================================================
* Date:           Mon Sep 15 15:50:10 2025

* Version:        2024.2 (Build 5238294 on Nov  8 2024)
* Project:        run_model
* Solution:       hls (Vivado IP Flow Target)
* Product family: zynq
* Target device:  xc7z020-clg400-3


================================================================
== Performance Estimates
================================================================
+ Timing: 
    * Summary: 
    +--------+----------+----------+------------+
    |  Clock |  Target  | Estimated| Uncertainty|
    +--------+----------+----------+------------+
    |ap_clk  |  10.00 ns|  5.565 ns|     2.00 ns|
    +--------+----------+----------+------------+

+ Latency: 
    * Summary: 
    +---------+---------+----------+----------+-----+-----+------------------------------------------------+
    |  Latency (cycles) |  Latency (absolute) |  Interval |                    Pipeline                    |
    |   min   |   max   |    min   |    max   | min | max |                      Type                      |
    +---------+---------+----------+----------+-----+-----+------------------------------------------------+
    |      134|      134|  1.340 us|  1.340 us|  129|  129|  loop auto-rewind stp (delay=0 clock cycles(s))|
    +---------+---------+----------+----------+-----+-----+------------------------------------------------+

    + Detail: 
        * Instance: 
        N/A

        * Loop: 
        +-------------+---------+---------+----------+-----------+-----------+------+----------+
        |             |  Latency (cycles) | Iteration|  Initiation Interval  | Trip |          |
        |  Loop Name  |   min   |   max   |  Latency |  achieved |   target  | Count| Pipelined|
        +-------------+---------+---------+----------+-----------+-----------+------+----------+
        |- ReLULoop2  |      132|      132|         6|          1|          1|   128|       yes|
        +-------------+---------+---------+----------+-----------+-----------+------+----------+

============================================================
+ Verbose Summary: Synthesis Manager
============================================================
InlineROM: 1
ExposeGlobal: 0
============================================================
+ Verbose Summary: CDFG Model
============================================================
IsTopModel: 0
ResetActiveHigh: 1
IsCombinational: 0
IsDatapathOnly: 0
HasWiredReturn: 1
HasMFsm: 2
HasVarLatency: 1
IsPipeline: 0
IsRtlPipelined: 0
IsInstanceOverlapped: 0
IsDontTouch: 0
HasImplIP: 0
IsGatedGlobalClock: 0

+ Individual pipeline summary: 
  * Pipeline-0: initiation interval (II) = 1, depth = 6


============================================================
+ Verbose Summary: Schedule
============================================================
* Number of FSM states : 6
* Pipeline : 1
  Pipeline-0 : II = 1, D = 6, States = { 1 2 3 4 5 6 }
* Dataflow Pipeline: 0

* FSM state transitions: 
1 --> 2 
2 --> 3 
3 --> 4 
4 --> 5 
5 --> 6 
6 --> 

* FSM state operations: 

State 1 <SV = 0> <Delay = 3.91>
ST_1 : Operation 9 [1/1] (0.00ns)   --->   "%j = alloca i32 1" [../main_5_slices.cpp:368]   --->   Operation 9 'alloca' 'j' <Predicate = true> <Delay = 0.00>
ST_1 : Operation 10 [1/1] (1.14ns)   --->   "%store_ln368 = store i8 0, i8 %j" [../main_5_slices.cpp:368]   --->   Operation 10 'store' 'store_ln368' <Predicate = true> <Delay = 1.14>
ST_1 : Operation 11 [1/1] (0.00ns)   --->   "%br_ln0 = br void %for.body11"   --->   Operation 11 'br' 'br_ln0' <Predicate = true> <Delay = 0.00>
ST_1 : Operation 12 [1/1] (0.00ns)   --->   "%j_1 = load i8 %j" [../main_5_slices.cpp:382]   --->   Operation 12 'load' 'j_1' <Predicate = true> <Delay = 0.00>
ST_1 : Operation 13 [1/1] (1.62ns)   --->   "%icmp_ln382 = icmp_eq  i8 %j_1, i8 128" [../main_5_slices.cpp:382]   --->   Operation 13 'icmp' 'icmp_ln382' <Predicate = true> <Delay = 1.62> <CoreInst = "Cmp">   --->   Core 9 'Cmp' <Latency = 0> <II = 1> <Delay = 1.62> <FuncUnit> <Opcode : 'seteq' 'setne' 'setle' 'setge' 'setlt' 'setgt'> <InPorts = 2> <OutPorts = 1>
ST_1 : Operation 14 [1/1] (1.62ns)   --->   "%add_ln382 = add i8 %j_1, i8 1" [../main_5_slices.cpp:382]   --->   Operation 14 'add' 'add_ln382' <Predicate = true> <Delay = 1.62> <CoreInst = "Adder">   --->   Core 1 'Adder' <Latency = 0> <II = 1> <Delay = 1.62> <FuncUnit> <Opcode : 'add' 'sub'> <InPorts = 2> <OutPorts = 1>
ST_1 : Operation 15 [1/1] (0.00ns)   --->   "%br_ln382 = br i1 %icmp_ln382, void %for.body11.split, void %for.end19.exitStub" [../main_5_slices.cpp:382]   --->   Operation 15 'br' 'br_ln382' <Predicate = true> <Delay = 0.00>
ST_1 : Operation 16 [1/1] (0.00ns)   --->   "%zext_ln382 = zext i8 %j_1" [../main_5_slices.cpp:382]   --->   Operation 16 'zext' 'zext_ln382' <Predicate = (!icmp_ln382)> <Delay = 0.00>
ST_1 : Operation 17 [1/1] (0.00ns)   --->   "%z1_addr = getelementptr i16 %z1, i64 0, i64 %zext_ln382" [../main_5_slices.cpp:382]   --->   Operation 17 'getelementptr' 'z1_addr' <Predicate = (!icmp_ln382)> <Delay = 0.00>
ST_1 : Operation 18 [4/4] (1.20ns)   --->   "%z1_load = load i7 %z1_addr" [../main_5_slices.cpp:382]   --->   Operation 18 'load' 'z1_load' <Predicate = (!icmp_ln382)> <Delay = 1.20> <CoreInst = "RAM">   --->   Core 81 'RAM' <Latency = 3> <II = 1> <Delay = 1.20> <Storage> <Opcode : 'load' 'store'> <Ports = 2> <Width = 16> <Depth = 128> <RAM>
ST_1 : Operation 19 [1/1] (1.14ns)   --->   "%store_ln368 = store i8 %add_ln382, i8 %j" [../main_5_slices.cpp:368]   --->   Operation 19 'store' 'store_ln368' <Predicate = (!icmp_ln382)> <Delay = 1.14>

State 2 <SV = 1> <Delay = 0.00>
ST_2 : Operation 20 [3/4] (1.20ns)   --->   "%z1_load = load i7 %z1_addr" [../main_5_slices.cpp:382]   --->   Operation 20 'load' 'z1_load' <Predicate = true> <Delay = 1.20> <CoreInst = "RAM">   --->   Core 81 'RAM' <Latency = 3> <II = 1> <Delay = 1.20> <Storage> <Opcode : 'load' 'store'> <Ports = 2> <Width = 16> <Depth = 128> <RAM>

State 3 <SV = 2> <Delay = 0.00>
ST_3 : Operation 21 [2/4] (1.20ns)   --->   "%z1_load = load i7 %z1_addr" [../main_5_slices.cpp:382]   --->   Operation 21 'load' 'z1_load' <Predicate = true> <Delay = 1.20> <CoreInst = "RAM">   --->   Core 81 'RAM' <Latency = 3> <II = 1> <Delay = 1.20> <Storage> <Opcode : 'load' 'store'> <Ports = 2> <Width = 16> <Depth = 128> <RAM>

State 4 <SV = 3> <Delay = 5.05>
ST_4 : Operation 22 [1/4] ( I:1.20ns O:1.20ns )   --->   "%z1_load = load i7 %z1_addr" [../main_5_slices.cpp:382]   --->   Operation 22 'load' 'z1_load' <Predicate = true> <Delay = 1.20> <CoreInst = "RAM">   --->   Core 81 'RAM' <Latency = 3> <II = 1> <Delay = 1.20> <Storage> <Opcode : 'load' 'store'> <Ports = 2> <Width = 16> <Depth = 128> <RAM>
ST_4 : Operation 23 [2/2] (3.84ns)   --->   "%cmp_i2 = fcmp_ogt  i16 %z1_load, i16 0" [../main_5_slices.cpp:53->../main_5_slices.cpp:382]   --->   Operation 23 'hcmp' 'cmp_i2' <Predicate = true> <Delay = 3.84> <CoreInst = "HCompare">   --->   Core 56 'HCompare' <Latency = 1> <II = 1> <Delay = 3.84> <FuncUnit> <Opcode : 'hcmp'> <InPorts = 2> <OutPorts = 1>

State 5 <SV = 4> <Delay = 5.56>
ST_5 : Operation 24 [1/2] (3.84ns)   --->   "%cmp_i2 = fcmp_ogt  i16 %z1_load, i16 0" [../main_5_slices.cpp:53->../main_5_slices.cpp:382]   --->   Operation 24 'hcmp' 'cmp_i2' <Predicate = true> <Delay = 3.84> <CoreInst = "HCompare">   --->   Core 56 'HCompare' <Latency = 1> <II = 1> <Delay = 3.84> <FuncUnit> <Opcode : 'hcmp'> <InPorts = 2> <OutPorts = 1>
ST_5 : Operation 25 [1/1] (0.51ns)   --->   "%select_ln53 = select i1 %cmp_i2, i16 %z1_load, i16 0" [../main_5_slices.cpp:53->../main_5_slices.cpp:382]   --->   Operation 25 'select' 'select_ln53' <Predicate = true> <Delay = 0.51> <CoreInst = "Sel">   --->   Core 73 'Sel' <Latency = 0> <II = 1> <Delay = 0.51> <FuncUnit> <Opcode : 'select'> <InPorts = 3> <OutPorts = 1>
ST_5 : Operation 26 [2/2] (1.20ns)   --->   "%store_ln382 = store i16 %select_ln53, i7 %z1_addr" [../main_5_slices.cpp:382]   --->   Operation 26 'store' 'store_ln382' <Predicate = true> <Delay = 1.20> <CoreInst = "RAM">   --->   Core 81 'RAM' <Latency = 3> <II = 1> <Delay = 1.20> <Storage> <Opcode : 'load' 'store'> <Ports = 2> <Width = 16> <Depth = 128> <RAM>
ST_5 : Operation 32 [1/1] (1.14ns)   --->   "%ret_ln0 = ret"   --->   Operation 32 'ret' 'ret_ln0' <Predicate = (icmp_ln382)> <Delay = 1.14>

State 6 <SV = 5> <Delay = 1.20>
ST_6 : Operation 27 [1/1] (0.00ns)   --->   "%specpipeline_ln368 = specpipeline void @_ssdm_op_SpecPipeline, i32 4294967295, i32 0, i32 0, i32 0, void @empty_18" [../main_5_slices.cpp:368]   --->   Operation 27 'specpipeline' 'specpipeline_ln368' <Predicate = true> <Delay = 0.00>
ST_6 : Operation 28 [1/1] (0.00ns)   --->   "%speclooptripcount_ln368 = speclooptripcount void @_ssdm_op_SpecLoopTripCount, i64 128, i64 128, i64 128" [../main_5_slices.cpp:368]   --->   Operation 28 'speclooptripcount' 'speclooptripcount_ln368' <Predicate = true> <Delay = 0.00>
ST_6 : Operation 29 [1/1] (0.00ns)   --->   "%specloopname_ln382 = specloopname void @_ssdm_op_SpecLoopName, void @empty_0" [../main_5_slices.cpp:382]   --->   Operation 29 'specloopname' 'specloopname_ln382' <Predicate = true> <Delay = 0.00>
ST_6 : Operation 30 [1/2] ( I:1.20ns O:1.20ns )   --->   "%store_ln382 = store i16 %select_ln53, i7 %z1_addr" [../main_5_slices.cpp:382]   --->   Operation 30 'store' 'store_ln382' <Predicate = true> <Delay = 1.20> <CoreInst = "RAM">   --->   Core 81 'RAM' <Latency = 3> <II = 1> <Delay = 1.20> <Storage> <Opcode : 'load' 'store'> <Ports = 2> <Width = 16> <Depth = 128> <RAM>
ST_6 : Operation 31 [1/1] (0.00ns)   --->   "%br_ln382 = br void %for.body11" [../main_5_slices.cpp:382]   --->   Operation 31 'br' 'br_ln382' <Predicate = true> <Delay = 0.00>


============================================================
+ Verbose Summary: Timing violations
============================================================
Target clock period: 10.000ns, clock uncertainty: 2.000ns.

 <State 1>: 3.919ns
The critical path consists of the following:
	'store' operation 0 bit ('store_ln368', ../main_5_slices.cpp:368) of constant 0 on local variable 'j', ../main_5_slices.cpp:368 [3]  (1.146 ns)
	'load' operation 8 bit ('j', ../main_5_slices.cpp:382) on local variable 'j', ../main_5_slices.cpp:368 [6]  (0.000 ns)
	'add' operation 8 bit ('add_ln382', ../main_5_slices.cpp:382) [8]  (1.627 ns)
	'store' operation 0 bit ('store_ln368', ../main_5_slices.cpp:368) of variable 'add_ln382', ../main_5_slices.cpp:382 on local variable 'j', ../main_5_slices.cpp:368 [20]  (1.146 ns)

 <State 2>: 0.000ns
The critical path consists of the following:

 <State 3>: 0.000ns
The critical path consists of the following:

 <State 4>: 5.052ns
The critical path consists of the following:
	'load' operation 16 bit ('x', ../main_5_slices.cpp:382) on array 'z1' [16]  (1.206 ns)
	'hcmp' operation 1 bit ('cmp_i2', ../main_5_slices.cpp:53->../main_5_slices.cpp:382) [17]  (3.846 ns)

 <State 5>: 5.565ns
The critical path consists of the following:
	'hcmp' operation 1 bit ('cmp_i2', ../main_5_slices.cpp:53->../main_5_slices.cpp:382) [17]  (3.846 ns)
	'select' operation 16 bit ('select_ln53', ../main_5_slices.cpp:53->../main_5_slices.cpp:382) [18]  (0.513 ns)
	'store' operation 0 bit ('store_ln382', ../main_5_slices.cpp:382) of variable 'select_ln53', ../main_5_slices.cpp:53->../main_5_slices.cpp:382 on array 'z1' [19]  (1.206 ns)

 <State 6>: 1.206ns
The critical path consists of the following:
	'store' operation 0 bit ('store_ln382', ../main_5_slices.cpp:382) of variable 'select_ln53', ../main_5_slices.cpp:53->../main_5_slices.cpp:382 on array 'z1' [19]  (1.206 ns)


============================================================
+ Verbose Summary: Binding
============================================================
N/A
* FSMD analyzer results:
  - Output states:
 - Input state : 
  - Chain level:
	State 1
	State 2
	State 3
	State 4
	State 5
	State 6


============================================================
+ Verbose Summary: Datapath Resource usage 
============================================================
N/A
