

================================================================
== Vitis HLS Report for 'run_all_slices_unrolled_Pipeline_MergedLoop'
================================================================
* Date:           Mon Sep 15 15:50:10 2025

* Version:        2024.2 (Build 5238294 on Nov  8 2024)
* Project:        run_model
* Solution:       hls (Vivado IP Flow Target)
* Product family: zynq
* Target device:  xc7z020-clg400-3


================================================================
== Performance Estimates
================================================================
+ Timing: 
    * Summary: 
    +--------+----------+----------+------------+
    |  Clock |  Target  | Estimated| Uncertainty|
    +--------+----------+----------+------------+
    |ap_clk  |  10.00 ns|  4.228 ns|     2.00 ns|
    +--------+----------+----------+------------+

+ Latency: 
    * Summary: 
    +---------+---------+----------+----------+-----+-----+------------------------------------------------+
    |  Latency (cycles) |  Latency (absolute) |  Interval |                    Pipeline                    |
    |   min   |   max   |    min   |    max   | min | max |                      Type                      |
    +---------+---------+----------+----------+-----+-----+------------------------------------------------+
    |       34|       34|  0.340 us|  0.340 us|   33|   33|  loop auto-rewind stp (delay=0 clock cycles(s))|
    +---------+---------+----------+----------+-----+-----+------------------------------------------------+

    + Detail: 
        * Instance: 
        N/A

        * Loop: 
        +--------------+---------+---------+----------+-----------+-----------+------+----------+
        |              |  Latency (cycles) | Iteration|  Initiation Interval  | Trip |          |
        |   Loop Name  |   min   |   max   |  Latency |  achieved |   target  | Count| Pipelined|
        +--------------+---------+---------+----------+-----------+-----------+------+----------+
        |- MergedLoop  |       32|       32|         1|          1|          1|    32|       yes|
        +--------------+---------+---------+----------+-----------+-----------+------+----------+



================================================================
== Utilization Estimates
================================================================
* Summary: 
+-----------------+---------+-----+--------+-------+-----+
|       Name      | BRAM_18K| DSP |   FF   |  LUT  | URAM|
+-----------------+---------+-----+--------+-------+-----+
|DSP              |        -|    -|       -|      -|    -|
|Expression       |        -|    -|       0|     28|    -|
|FIFO             |        -|    -|       -|      -|    -|
|Instance         |        -|    -|       -|      -|    -|
|Memory           |        -|    -|       -|      -|    -|
|Multiplexer      |        -|    -|       0|     27|    -|
|Register         |        -|    -|       8|      -|    -|
+-----------------+---------+-----+--------+-------+-----+
|Total            |        0|    0|       8|     55|    0|
+-----------------+---------+-----+--------+-------+-----+
|Available        |      280|  220|  106400|  53200|    0|
+-----------------+---------+-----+--------+-------+-----+
|Utilization (%)  |        0|    0|      ~0|     ~0|    0|
+-----------------+---------+-----+--------+-------+-----+

+ Detail: 
    * Instance: 
    N/A

    * DSP: 
    N/A

    * Memory: 
    N/A

    * FIFO: 
    N/A

    * Expression: 
    +---------------------+----------+----+---+----+------------+------------+
    |    Variable Name    | Operation| DSP| FF| LUT| Bitwidth P0| Bitwidth P1|
    +---------------------+----------+----+---+----+------------+------------+
    |add_ln290_fu_62_p2   |         +|   0|  0|  14|           6|           1|
    |icmp_ln290_fu_56_p2  |      icmp|   0|  0|  14|           6|           7|
    +---------------------+----------+----+---+----+------------+------------+
    |Total                |          |   0|  0|  28|          12|           8|
    +---------------------+----------+----+---+----+------------+------------+

    * Multiplexer: 
    +----------------------+----+-----------+-----+-----------+
    |         Name         | LUT| Input Size| Bits| Total Bits|
    +----------------------+----+-----------+-----+-----------+
    |ap_done_int           |   9|          2|    1|          2|
    |ap_sig_allocacmp_j_5  |   9|          2|    6|         12|
    |j_fu_30               |   9|          2|    6|         12|
    +----------------------+----+-----------+-----+-----------+
    |Total                 |  27|          6|   13|         26|
    +----------------------+----+-----------+-----+-----------+

    * Register: 
    +-------------+---+----+-----+-----------+
    |     Name    | FF| LUT| Bits| Const Bits|
    +-------------+---+----+-----+-----------+
    |ap_CS_fsm    |  1|   0|    1|          0|
    |ap_done_reg  |  1|   0|    1|          0|
    |j_fu_30      |  6|   0|    6|          0|
    +-------------+---+----+-----+-----------+
    |Total        |  8|   0|    8|          0|
    +-------------+---+----+-----+-----------+



================================================================
== Interface
================================================================
* Summary: 
+-----------------+-----+-----+------------+---------------------------------------------+--------------+
|    RTL Ports    | Dir | Bits|  Protocol  |                Source Object                |    C Type    |
+-----------------+-----+-----+------------+---------------------------------------------+--------------+
|ap_clk           |   in|    1|  ap_ctrl_hs|  run_all_slices_unrolled_Pipeline_MergedLoop|  return value|
|ap_rst           |   in|    1|  ap_ctrl_hs|  run_all_slices_unrolled_Pipeline_MergedLoop|  return value|
|ap_start         |   in|    1|  ap_ctrl_hs|  run_all_slices_unrolled_Pipeline_MergedLoop|  return value|
|ap_done          |  out|    1|  ap_ctrl_hs|  run_all_slices_unrolled_Pipeline_MergedLoop|  return value|
|ap_idle          |  out|    1|  ap_ctrl_hs|  run_all_slices_unrolled_Pipeline_MergedLoop|  return value|
|ap_ready         |  out|    1|  ap_ctrl_hs|  run_all_slices_unrolled_Pipeline_MergedLoop|  return value|
|merged_address0  |  out|    5|   ap_memory|                                       merged|         array|
|merged_ce0       |  out|    1|   ap_memory|                                       merged|         array|
|merged_we0       |  out|    1|   ap_memory|                                       merged|         array|
|merged_d0        |  out|   16|   ap_memory|                                       merged|         array|
+-----------------+-----+-----+------------+---------------------------------------------+--------------+

============================================================
+ Verbose Summary: Synthesis Manager
============================================================
InlineROM: 1
ExposeGlobal: 0
============================================================
+ Verbose Summary: CDFG Model
============================================================
IsTopModel: 0
ResetActiveHigh: 1
IsCombinational: 2
IsDatapathOnly: 2
HasWiredReturn: 1
HasMFsm: 2
HasVarLatency: 1
IsPipeline: 0
IsRtlPipelined: 0
IsInstanceOverlapped: 0
IsDontTouch: 0
HasImplIP: 0
IsGatedGlobalClock: 0

+ Individual pipeline summary: 
  * Pipeline-0: initiation interval (II) = 1, depth = 1


============================================================
+ Verbose Summary: Schedule
============================================================
* Number of FSM states : 1
* Pipeline : 1
  Pipeline-0 : II = 1, D = 1, States = { 1 }
* Dataflow Pipeline: 0

* FSM state transitions: 
1 --> 

* FSM state operations: 

State 1 <SV = 0> <Delay = 4.22>
ST_1 : Operation 4 [1/1] (0.00ns)   --->   "%j = alloca i32 1" [../main_5_slices.cpp:289]   --->   Operation 4 'alloca' 'j' <Predicate = true> <Delay = 0.00>
ST_1 : Operation 5 [1/1] (1.14ns)   --->   "%store_ln289 = store i6 0, i6 %j" [../main_5_slices.cpp:289]   --->   Operation 5 'store' 'store_ln289' <Predicate = true> <Delay = 1.14>
ST_1 : Operation 6 [1/1] (0.00ns)   --->   "%br_ln0 = br void %for.inc"   --->   Operation 6 'br' 'br_ln0' <Predicate = true> <Delay = 0.00>
ST_1 : Operation 7 [1/1] (0.00ns)   --->   "%j_5 = load i6 %j" [../main_5_slices.cpp:290]   --->   Operation 7 'load' 'j_5' <Predicate = true> <Delay = 0.00>
ST_1 : Operation 8 [1/1] (1.51ns)   --->   "%icmp_ln290 = icmp_eq  i6 %j_5, i6 32" [../main_5_slices.cpp:290]   --->   Operation 8 'icmp' 'icmp_ln290' <Predicate = true> <Delay = 1.51> <CoreInst = "Cmp">   --->   Core 9 'Cmp' <Latency = 0> <II = 1> <Delay = 1.57> <FuncUnit> <Opcode : 'seteq' 'setne' 'setle' 'setge' 'setlt' 'setgt'> <InPorts = 2> <OutPorts = 1>
ST_1 : Operation 9 [1/1] (1.51ns)   --->   "%add_ln290 = add i6 %j_5, i6 1" [../main_5_slices.cpp:290]   --->   Operation 9 'add' 'add_ln290' <Predicate = true> <Delay = 1.51> <CoreInst = "Adder">   --->   Core 1 'Adder' <Latency = 0> <II = 1> <Delay = 1.51> <FuncUnit> <Opcode : 'add' 'sub'> <InPorts = 2> <OutPorts = 1>
ST_1 : Operation 10 [1/1] (0.00ns)   --->   "%br_ln290 = br i1 %icmp_ln290, void %for.inc.split, void %for.end.exitStub" [../main_5_slices.cpp:290]   --->   Operation 10 'br' 'br_ln290' <Predicate = true> <Delay = 0.00>
ST_1 : Operation 11 [1/1] (0.00ns)   --->   "%zext_ln290 = zext i6 %j_5" [../main_5_slices.cpp:290]   --->   Operation 11 'zext' 'zext_ln290' <Predicate = (!icmp_ln290)> <Delay = 0.00>
ST_1 : Operation 12 [1/1] (0.00ns)   --->   "%specpipeline_ln289 = specpipeline void @_ssdm_op_SpecPipeline, i32 4294967295, i32 0, i32 0, i32 0, void @empty_18" [../main_5_slices.cpp:289]   --->   Operation 12 'specpipeline' 'specpipeline_ln289' <Predicate = (!icmp_ln290)> <Delay = 0.00>
ST_1 : Operation 13 [1/1] (0.00ns)   --->   "%speclooptripcount_ln289 = speclooptripcount void @_ssdm_op_SpecLoopTripCount, i64 32, i64 32, i64 32" [../main_5_slices.cpp:289]   --->   Operation 13 'speclooptripcount' 'speclooptripcount_ln289' <Predicate = (!icmp_ln290)> <Delay = 0.00>
ST_1 : Operation 14 [1/1] (0.00ns)   --->   "%specloopname_ln290 = specloopname void @_ssdm_op_SpecLoopName, void @empty_5" [../main_5_slices.cpp:290]   --->   Operation 14 'specloopname' 'specloopname_ln290' <Predicate = (!icmp_ln290)> <Delay = 0.00>
ST_1 : Operation 15 [1/1] (0.00ns)   --->   "%merged_addr = getelementptr i16 %merged, i64 0, i64 %zext_ln290" [../main_5_slices.cpp:291]   --->   Operation 15 'getelementptr' 'merged_addr' <Predicate = (!icmp_ln290)> <Delay = 0.00>
ST_1 : Operation 16 [1/1] ( I:1.56ns O:1.56ns )   --->   "%store_ln291 = store i16 0, i5 %merged_addr" [../main_5_slices.cpp:291]   --->   Operation 16 'store' 'store_ln291' <Predicate = (!icmp_ln290)> <Delay = 1.56> <CoreInst = "RAM">   --->   Core 81 'RAM' <Latency = 1> <II = 1> <Delay = 1.56> <Storage> <Opcode : 'load' 'store'> <Ports = 2> <Width = 16> <Depth = 32> <RAM>
ST_1 : Operation 17 [1/1] (1.14ns)   --->   "%store_ln289 = store i6 %add_ln290, i6 %j" [../main_5_slices.cpp:289]   --->   Operation 17 'store' 'store_ln289' <Predicate = (!icmp_ln290)> <Delay = 1.14>
ST_1 : Operation 18 [1/1] (0.00ns)   --->   "%br_ln290 = br void %for.inc" [../main_5_slices.cpp:290]   --->   Operation 18 'br' 'br_ln290' <Predicate = (!icmp_ln290)> <Delay = 0.00>
ST_1 : Operation 19 [1/1] (1.14ns)   --->   "%ret_ln0 = ret"   --->   Operation 19 'ret' 'ret_ln0' <Predicate = (icmp_ln290)> <Delay = 1.14>


============================================================
+ Verbose Summary: Binding
============================================================
STG Binding: 
---------------- STG Properties BEGIN ----------------
- Is combinational: 0
- Is one-state seq: 0
- Is datapath-only: 0
- Is pipelined: 0
- Is top level: 0
Port [ Return ] is wired: 1; IO mode=ap_ctrl_hs:ce=0
Port [ merged]:  wired=1; compound=1; hidden=0; nouse=0; global=0; static=0; extern=0; dir=1; type=1; pingpong=0; private_global=0; MemPort=[03]; IO mode=ap_memory:ce=0
---------------- STG Properties END ------------------

---------------- Datapath Model BEGIN ----------------

<LifeTime>
<method=bitvector/>
j                       (alloca           ) [ 01]
store_ln289             (store            ) [ 00]
br_ln0                  (br               ) [ 00]
j_5                     (load             ) [ 00]
icmp_ln290              (icmp             ) [ 01]
add_ln290               (add              ) [ 00]
br_ln290                (br               ) [ 00]
zext_ln290              (zext             ) [ 00]
specpipeline_ln289      (specpipeline     ) [ 00]
speclooptripcount_ln289 (speclooptripcount) [ 00]
specloopname_ln290      (specloopname     ) [ 00]
merged_addr             (getelementptr    ) [ 00]
store_ln291             (store            ) [ 00]
store_ln289             (store            ) [ 00]
br_ln290                (br               ) [ 00]
ret_ln0                 (ret              ) [ 00]
</LifeTime>

<model>

<comp_list>
<comp id="0" class="1000" name="merged">
<pin_list>
<pin id="1" dir="1" index="0" bw="1" slack="0"/>
</pin_list>
<bind>
<StgValue><ssdm name="merged"/><MemPortTyVec>0 3 </MemPortTyVec>
</StgValue>
</bind>
</comp>

<comp id="2" class="1001" name="const_2">
<pin_list>
<pin id="3" dir="1" index="0" bw="1" slack="0"/>
</pin_list>
<bind>
<StgValue><ssdm name=""/></StgValue>
</bind>
</comp>

<comp id="4" class="1001" name="const_4">
<pin_list>
<pin id="5" dir="1" index="0" bw="1" slack="0"/>
</pin_list>
<bind>
<StgValue><ssdm name=""/></StgValue>
</bind>
</comp>

<comp id="6" class="1001" name="const_6">
<pin_list>
<pin id="7" dir="1" index="0" bw="1" slack="0"/>
</pin_list>
<bind>
<StgValue><ssdm name=""/></StgValue>
</bind>
</comp>

<comp id="8" class="1001" name="const_8">
<pin_list>
<pin id="9" dir="1" index="0" bw="1" slack="0"/>
</pin_list>
<bind>
<StgValue><ssdm name=""/></StgValue>
</bind>
</comp>

<comp id="10" class="1001" name="const_10">
<pin_list>
<pin id="11" dir="1" index="0" bw="1" slack="2147483647"/>
</pin_list>
<bind>
<StgValue><ssdm name="_ssdm_op_SpecPipeline"/></StgValue>
</bind>
</comp>

<comp id="12" class="1001" name="const_12">
<pin_list>
<pin id="13" dir="1" index="0" bw="1" slack="2147483647"/>
</pin_list>
<bind>
<StgValue><ssdm name=""/></StgValue>
</bind>
</comp>

<comp id="14" class="1001" name="const_14">
<pin_list>
<pin id="15" dir="1" index="0" bw="1" slack="2147483647"/>
</pin_list>
<bind>
<StgValue><ssdm name=""/></StgValue>
</bind>
</comp>

<comp id="16" class="1001" name="const_16">
<pin_list>
<pin id="17" dir="1" index="0" bw="1" slack="2147483647"/>
</pin_list>
<bind>
<StgValue><ssdm name="empty_18"/></StgValue>
</bind>
</comp>

<comp id="18" class="1001" name="const_18">
<pin_list>
<pin id="19" dir="1" index="0" bw="1" slack="2147483647"/>
</pin_list>
<bind>
<StgValue><ssdm name="_ssdm_op_SpecLoopTripCount"/></StgValue>
</bind>
</comp>

<comp id="20" class="1001" name="const_20">
<pin_list>
<pin id="21" dir="1" index="0" bw="1" slack="2147483647"/>
</pin_list>
<bind>
<StgValue><ssdm name=""/></StgValue>
</bind>
</comp>

<comp id="22" class="1001" name="const_22">
<pin_list>
<pin id="23" dir="1" index="0" bw="1" slack="2147483647"/>
</pin_list>
<bind>
<StgValue><ssdm name="_ssdm_op_SpecLoopName"/></StgValue>
</bind>
</comp>

<comp id="24" class="1001" name="const_24">
<pin_list>
<pin id="25" dir="1" index="0" bw="1" slack="2147483647"/>
</pin_list>
<bind>
<StgValue><ssdm name="empty_5"/></StgValue>
</bind>
</comp>

<comp id="26" class="1001" name="const_26">
<pin_list>
<pin id="27" dir="1" index="0" bw="1" slack="0"/>
</pin_list>
<bind>
<StgValue><ssdm name=""/></StgValue>
</bind>
</comp>

<comp id="28" class="1001" name="const_28">
<pin_list>
<pin id="29" dir="1" index="0" bw="1" slack="0"/>
</pin_list>
<bind>
<StgValue><ssdm name=""/></StgValue>
</bind>
</comp>

<comp id="30" class="1004" name="j_fu_30">
<pin_list>
<pin id="31" dir="0" index="0" bw="1" slack="0"/>
<pin id="32" dir="1" index="1" bw="6" slack="0"/>
</pin_list>
<bind>
<opcode="alloca(26) " fcode="alloca"/>
<opset="j/1 "/>
</bind>
</comp>

<comp id="34" class="1004" name="merged_addr_gep_fu_34">
<pin_list>
<pin id="35" dir="0" index="0" bw="16" slack="0"/>
<pin id="36" dir="0" index="1" bw="1" slack="0"/>
<pin id="37" dir="0" index="2" bw="6" slack="0"/>
<pin id="38" dir="1" index="3" bw="5" slack="0"/>
</pin_list>
<bind>
<opcode="getelementptr(29) " fcode="getelementptr"/>
<opset="merged_addr/1 "/>
</bind>
</comp>

<comp id="41" class="1004" name="store_ln291_access_fu_41">
<pin_list>
<pin id="42" dir="0" index="0" bw="5" slack="0"/>
<pin id="43" dir="0" index="1" bw="16" slack="0"/>
<pin id="44" dir="0" index="2" bw="0" slack="2147483647"/>
<pin id="45" dir="1" index="3" bw="16" slack="2147483647"/>
</pin_list>
<bind>
<opcode="store(28) " fcode="store"/>
<opset="store_ln291/1 "/>
</bind>
</comp>

<comp id="48" class="1004" name="store_ln289_store_fu_48">
<pin_list>
<pin id="49" dir="0" index="0" bw="1" slack="0"/>
<pin id="50" dir="0" index="1" bw="6" slack="0"/>
<pin id="51" dir="1" index="2" bw="0" slack="2147483647"/>
</pin_list>
<bind>
<opcode="store(28) " fcode="store"/>
<opset="store_ln289/1 "/>
</bind>
</comp>

<comp id="53" class="1004" name="j_5_load_fu_53">
<pin_list>
<pin id="54" dir="0" index="0" bw="6" slack="0"/>
<pin id="55" dir="1" index="1" bw="6" slack="0"/>
</pin_list>
<bind>
<opcode="load(27) " fcode="load"/>
<opset="j_5/1 "/>
</bind>
</comp>

<comp id="56" class="1004" name="icmp_ln290_fu_56">
<pin_list>
<pin id="57" dir="0" index="0" bw="6" slack="0"/>
<pin id="58" dir="0" index="1" bw="6" slack="0"/>
<pin id="59" dir="1" index="2" bw="1" slack="2147483647"/>
</pin_list>
<bind>
<opcode="icmp(45) " fcode="icmp"/>
<opset="icmp_ln290/1 "/>
</bind>
</comp>

<comp id="62" class="1004" name="add_ln290_fu_62">
<pin_list>
<pin id="63" dir="0" index="0" bw="6" slack="0"/>
<pin id="64" dir="0" index="1" bw="1" slack="0"/>
<pin id="65" dir="1" index="2" bw="6" slack="0"/>
</pin_list>
<bind>
<opcode="add(8) " fcode="add"/>
<opset="add_ln290/1 "/>
</bind>
</comp>

<comp id="68" class="1004" name="zext_ln290_fu_68">
<pin_list>
<pin id="69" dir="0" index="0" bw="6" slack="0"/>
<pin id="70" dir="1" index="1" bw="64" slack="0"/>
</pin_list>
<bind>
<opcode="zext(34) " fcode="zext"/>
<opset="zext_ln290/1 "/>
</bind>
</comp>

<comp id="73" class="1004" name="store_ln289_store_fu_73">
<pin_list>
<pin id="74" dir="0" index="0" bw="6" slack="0"/>
<pin id="75" dir="0" index="1" bw="6" slack="0"/>
<pin id="76" dir="1" index="2" bw="0" slack="2147483647"/>
</pin_list>
<bind>
<opcode="store(28) " fcode="store"/>
<opset="store_ln289/1 "/>
</bind>
</comp>

<comp id="78" class="1005" name="j_reg_78">
<pin_list>
<pin id="79" dir="0" index="0" bw="6" slack="0"/>
<pin id="80" dir="1" index="1" bw="6" slack="0"/>
</pin_list>
<bind>
<opset="j "/>
</bind>
</comp>

</comp_list>

<net_list>
<net id="33"><net_src comp="2" pin="0"/><net_sink comp="30" pin=0"/></net>

<net id="39"><net_src comp="0" pin="0"/><net_sink comp="34" pin=0"/></net>

<net id="40"><net_src comp="26" pin="0"/><net_sink comp="34" pin=1"/></net>

<net id="46"><net_src comp="28" pin="0"/><net_sink comp="41" pin=1"/></net>

<net id="47"><net_src comp="34" pin="3"/><net_sink comp="41" pin=0"/></net>

<net id="52"><net_src comp="4" pin="0"/><net_sink comp="48" pin=0"/></net>

<net id="60"><net_src comp="53" pin="1"/><net_sink comp="56" pin=0"/></net>

<net id="61"><net_src comp="6" pin="0"/><net_sink comp="56" pin=1"/></net>

<net id="66"><net_src comp="53" pin="1"/><net_sink comp="62" pin=0"/></net>

<net id="67"><net_src comp="8" pin="0"/><net_sink comp="62" pin=1"/></net>

<net id="71"><net_src comp="53" pin="1"/><net_sink comp="68" pin=0"/></net>

<net id="72"><net_src comp="68" pin="1"/><net_sink comp="34" pin=2"/></net>

<net id="77"><net_src comp="62" pin="2"/><net_sink comp="73" pin=0"/></net>

<net id="81"><net_src comp="30" pin="1"/><net_sink comp="78" pin=0"/></net>

<net id="82"><net_src comp="78" pin="1"/><net_sink comp="48" pin=1"/></net>

<net id="83"><net_src comp="78" pin="1"/><net_sink comp="53" pin=0"/></net>

<net id="84"><net_src comp="78" pin="1"/><net_sink comp="73" pin=1"/></net>

</net_list>

</model> 
---------------- Datapath Model END ------------------

* FSMD analyzer results:
  - Output states:
	Port: merged | {1 }
 - Input state : 
	Port: run_all_slices_unrolled_Pipeline_MergedLoop : merged | {}
  - Chain level:
	State 1
		store_ln289 : 1
		j_5 : 1
		icmp_ln290 : 2
		add_ln290 : 2
		br_ln290 : 3
		zext_ln290 : 2
		merged_addr : 3
		store_ln291 : 4
		store_ln289 : 3


============================================================
+ Verbose Summary: Datapath Resource usage 
============================================================

* Functional unit list:
|----------|------------------|---------|---------|
| Operation|  Functional Unit |    FF   |   LUT   |
|----------|------------------|---------|---------|
|   icmp   | icmp_ln290_fu_56 |    0    |    14   |
|----------|------------------|---------|---------|
|    add   |  add_ln290_fu_62 |    0    |    14   |
|----------|------------------|---------|---------|
|   zext   | zext_ln290_fu_68 |    0    |    0    |
|----------|------------------|---------|---------|
|   Total  |                  |    0    |    28   |
|----------|------------------|---------|---------|

Memories:
N/A

* Register list:
+--------+--------+
|        |   FF   |
+--------+--------+
|j_reg_78|    6   |
+--------+--------+
|  Total |    6   |
+--------+--------+

* Multiplexer (MUX) list: 
|--------|------|------|------|--------|
|  Comp  |  Pin | Size |  BW  | S x BW |
|--------|------|------|------|--------|
|  Total |      |      |      |    0   |
|--------|------|------|------|--------|



* Summary:
+-----------+--------+--------+
|           |   FF   |   LUT  |
+-----------+--------+--------+
|  Function |    0   |   28   |
|   Memory  |    -   |    -   |
|Multiplexer|    -   |    -   |
|  Register |    6   |    -   |
+-----------+--------+--------+
|   Total   |    6   |   28   |
+-----------+--------+--------+
