

================================================================
== Vitis HLS Report for 'run_all_slices_unrolled'
================================================================
* Date:           Mon Sep 15 15:50:10 2025

* Version:        2024.2 (Build 5238294 on Nov  8 2024)
* Project:        run_model
* Solution:       hls (Vivado IP Flow Target)
* Product family: zynq
* Target device:  xc7z020-clg400-3


================================================================
== Performance Estimates
================================================================
+ Timing: 
    * Summary: 
    +--------+----------+----------+------------+
    |  Clock |  Target  | Estimated| Uncertainty|
    +--------+----------+----------+------------+
    |ap_clk  |  10.00 ns|  7.847 ns|     2.00 ns|
    +--------+----------+----------+------------+

+ Latency: 
    * Summary: 
    +----------+----------+-----------+-----------+----------+----------+---------+
    |   Latency (cycles)  |   Latency (absolute)  |       Interval      | Pipeline|
    |    min   |    max   |    min    |    max    |    min   |    max   |   Type  |
    +----------+----------+-----------+-----------+----------+----------+---------+
    |  40081252|  40125532|  0.401 sec|  0.401 sec|  40081252|  40125532|       no|
    +----------+----------+-----------+-----------+----------+----------+---------+

    + Detail: 
        * Instance: 
        +---------------------------------------------------------+----------------------------------------------+----------+----------+-----------+-----------+----------+----------+------------------------------------------------+
        |                                                         |                                              |   Latency (cycles)  |   Latency (absolute)  |       Interval      |                    Pipeline                    |
        |                         Instance                        |                    Module                    |    min   |    max   |    min    |    max    |    min   |    max   |                      Type                      |
        +---------------------------------------------------------+----------------------------------------------+----------+----------+-----------+-----------+----------+----------+------------------------------------------------+
        |grp_run_all_slices_unrolled_Pipeline_MergedLoop_fu_96    |run_all_slices_unrolled_Pipeline_MergedLoop   |        34|        34|   0.340 us|   0.340 us|        33|        33|  loop auto-rewind stp (delay=0 clock cycles(s))|
        |grp_lstm_forward_unidir_fu_102                           |lstm_forward_unidir                           |    101244|    101244|   1.012 ms|   1.012 ms|    101244|    101244|                                              no|
        |grp_run_all_slices_unrolled_Pipeline_Loop_BN_fu_124      |run_all_slices_unrolled_Pipeline_Loop_BN      |        71|        71|   0.710 us|   0.710 us|        33|        33|  loop auto-rewind stp (delay=0 clock cycles(s))|
        |grp_conv_bn_act_pool_fu_134                              |conv_bn_act_pool                              |   2638369|   2641321|  26.384 ms|  26.413 ms|   2638369|   2641321|                                              no|
        |grp_run_all_slices_unrolled_Pipeline_MergedLoop0_fu_144  |run_all_slices_unrolled_Pipeline_MergedLoop0  |        40|        40|   0.400 us|   0.400 us|        33|        33|  loop auto-rewind stp (delay=0 clock cycles(s))|
        |grp_run_all_slices_unrolled_Pipeline_Loop_BN2_fu_152     |run_all_slices_unrolled_Pipeline_Loop_BN2     |        71|        71|   0.710 us|   0.710 us|        33|        33|  loop auto-rewind stp (delay=0 clock cycles(s))|
        |grp_conv_bn_act_pool_2_fu_162                            |conv_bn_act_pool_2                            |   5276665|   5282569|  52.767 ms|  52.826 ms|   5276665|   5282569|                                              no|
        |grp_run_all_slices_unrolled_Pipeline_MergedLoop1_fu_172  |run_all_slices_unrolled_Pipeline_MergedLoop1  |        40|        40|   0.400 us|   0.400 us|        33|        33|  loop auto-rewind stp (delay=0 clock cycles(s))|
        |grp_run_all_slices_unrolled_Pipeline_Loop_BN3_fu_180     |run_all_slices_unrolled_Pipeline_Loop_BN3     |        71|        71|   0.710 us|   0.710 us|        33|        33|  loop auto-rewind stp (delay=0 clock cycles(s))|
        |grp_conv_bn_act_pool_3_fu_190                            |conv_bn_act_pool_3                            |  10553257|  10565065|  0.106 sec|  0.106 sec|  10553257|  10565065|                                              no|
        |grp_run_all_slices_unrolled_Pipeline_MergedLoop2_fu_200  |run_all_slices_unrolled_Pipeline_MergedLoop2  |        40|        40|   0.400 us|   0.400 us|        33|        33|  loop auto-rewind stp (delay=0 clock cycles(s))|
        |grp_run_all_slices_unrolled_Pipeline_Loop_BN4_fu_208     |run_all_slices_unrolled_Pipeline_Loop_BN4     |        71|        71|   0.710 us|   0.710 us|        33|        33|  loop auto-rewind stp (delay=0 clock cycles(s))|
        |grp_conv_bn_act_pool_4_fu_218                            |conv_bn_act_pool_4                            |  21106441|  21130057|  0.211 sec|  0.211 sec|  21106441|  21130057|                                              no|
        |grp_run_all_slices_unrolled_Pipeline_MergedLoop3_fu_228  |run_all_slices_unrolled_Pipeline_MergedLoop3  |        40|        40|   0.400 us|   0.400 us|        33|        33|  loop auto-rewind stp (delay=0 clock cycles(s))|
        |grp_run_all_slices_unrolled_Pipeline_Loop_BN5_fu_236     |run_all_slices_unrolled_Pipeline_Loop_BN5     |        71|        71|   0.710 us|   0.710 us|        33|        33|  loop auto-rewind stp (delay=0 clock cycles(s))|
        |grp_run_all_slices_unrolled_Pipeline_MergedLoop4_fu_246  |run_all_slices_unrolled_Pipeline_MergedLoop4  |        40|        40|   0.400 us|   0.400 us|        33|        33|  loop auto-rewind stp (delay=0 clock cycles(s))|
        +---------------------------------------------------------+----------------------------------------------+----------+----------+-----------+-----------+----------+----------+------------------------------------------------+

        * Loop: 
        N/A

============================================================
+ Verbose Summary: Synthesis Manager
============================================================
InlineROM: 1
ExposeGlobal: 0
============================================================
+ Verbose Summary: CDFG Model
============================================================
IsTopModel: 0
ResetActiveHigh: 1
IsCombinational: 0
IsDatapathOnly: 0
HasWiredReturn: 1
HasMFsm: 0
HasVarLatency: 1
IsPipeline: 0
IsRtlPipelined: 0
IsInstanceOverlapped: 0
IsDontTouch: 0
HasImplIP: 0
IsGatedGlobalClock: 0


============================================================
+ Verbose Summary: Schedule
============================================================
* Number of FSM states : 30
* Pipeline : 0
* Dataflow Pipeline: 0

* FSM state transitions: 
1 --> 2 
2 --> 3 
3 --> 4 
4 --> 5 
5 --> 6 
6 --> 7 
7 --> 8 
8 --> 9 
9 --> 10 
10 --> 11 
11 --> 12 
12 --> 13 
13 --> 14 
14 --> 15 
15 --> 16 
16 --> 17 
17 --> 18 
18 --> 19 
19 --> 20 
20 --> 21 
21 --> 22 
22 --> 23 
23 --> 24 
24 --> 25 
25 --> 26 
26 --> 27 
27 --> 28 
28 --> 29 
29 --> 30 
30 --> 

* FSM state operations: 

State 1 <SV = 0> <Delay = 0.73>
ST_1 : Operation 31 [2/2] (0.00ns)   --->   "%call_ln0 = call void @run_all_slices_unrolled_Pipeline_MergedLoop, i16 %merged"   --->   Operation 31 'call' 'call_ln0' <Predicate = true> <Delay = 0.00> <CoreType = "Generic">   --->   Generic Core
ST_1 : Operation 32 [2/2] (0.73ns)   --->   "%call_ln301 = call void @lstm_forward_unidir, i16 %LSTM_W_ifog0, i16 %LSTM_R_ifog0, i16 %h_slice, i16 %c_slice, i16 %U_slice" [../main_5_slices.cpp:301]   --->   Operation 32 'call' 'call_ln301' <Predicate = true> <Delay = 0.73> <CoreType = "Generic">   --->   Generic Core

State 2 <SV = 1> <Delay = 3.80>
ST_2 : Operation 33 [1/2] (3.80ns)   --->   "%call_ln0 = call void @run_all_slices_unrolled_Pipeline_MergedLoop, i16 %merged"   --->   Operation 33 'call' 'call_ln0' <Predicate = true> <Delay = 3.80> <CoreType = "Generic">   --->   Generic Core
ST_2 : Operation 34 [1/2] (1.40ns)   --->   "%call_ln301 = call void @lstm_forward_unidir, i16 %LSTM_W_ifog0, i16 %LSTM_R_ifog0, i16 %h_slice, i16 %c_slice, i16 %U_slice" [../main_5_slices.cpp:301]   --->   Operation 34 'call' 'call_ln301' <Predicate = true> <Delay = 1.40> <CoreType = "Generic">   --->   Generic Core

State 3 <SV = 2> <Delay = 0.00>
ST_3 : Operation 35 [2/2] (0.00ns)   --->   "%call_ln0 = call void @run_all_slices_unrolled_Pipeline_Loop_BN, i16 %h_slice, i16 %BN2_var0, i16 %BN2_gamma0"   --->   Operation 35 'call' 'call_ln0' <Predicate = true> <Delay = 0.00> <CoreType = "Generic">   --->   Generic Core
ST_3 : Operation 36 [2/2] (0.00ns)   --->   "%call_ln312 = call void @conv_bn_act_pool, i16 %X_slice12, i16 %ConvW1, i16 %U_slice" [../main_5_slices.cpp:312]   --->   Operation 36 'call' 'call_ln312' <Predicate = true> <Delay = 0.00> <CoreType = "Generic">   --->   Generic Core

State 4 <SV = 3> <Delay = 1.57>
ST_4 : Operation 37 [1/2] (0.00ns)   --->   "%call_ln0 = call void @run_all_slices_unrolled_Pipeline_Loop_BN, i16 %h_slice, i16 %BN2_var0, i16 %BN2_gamma0"   --->   Operation 37 'call' 'call_ln0' <Predicate = true> <Delay = 0.00> <CoreType = "Generic">   --->   Generic Core
ST_4 : Operation 38 [1/2] (1.57ns)   --->   "%call_ln312 = call void @conv_bn_act_pool, i16 %X_slice12, i16 %ConvW1, i16 %U_slice" [../main_5_slices.cpp:312]   --->   Operation 38 'call' 'call_ln312' <Predicate = true> <Delay = 1.57> <CoreType = "Generic">   --->   Generic Core

State 5 <SV = 4> <Delay = 0.00>
ST_5 : Operation 39 [2/2] (0.00ns)   --->   "%call_ln0 = call void @run_all_slices_unrolled_Pipeline_MergedLoop0, i16 %merged, i16 %h_slice"   --->   Operation 39 'call' 'call_ln0' <Predicate = true> <Delay = 0.00> <CoreType = "Generic">   --->   Generic Core

State 6 <SV = 5> <Delay = 0.00>
ST_6 : Operation 40 [1/2] (0.00ns)   --->   "%call_ln0 = call void @run_all_slices_unrolled_Pipeline_MergedLoop0, i16 %merged, i16 %h_slice"   --->   Operation 40 'call' 'call_ln0' <Predicate = true> <Delay = 0.00> <CoreType = "Generic">   --->   Generic Core

State 7 <SV = 6> <Delay = 0.73>
ST_7 : Operation 41 [2/2] (0.73ns)   --->   "%call_ln315 = call void @lstm_forward_unidir, i16 %LSTM_W_ifog1, i16 %LSTM_R_ifog1, i16 %h_slice, i16 %c_slice, i16 %U_slice" [../main_5_slices.cpp:315]   --->   Operation 41 'call' 'call_ln315' <Predicate = true> <Delay = 0.73> <CoreType = "Generic">   --->   Generic Core

State 8 <SV = 7> <Delay = 1.40>
ST_8 : Operation 42 [1/2] (1.40ns)   --->   "%call_ln315 = call void @lstm_forward_unidir, i16 %LSTM_W_ifog1, i16 %LSTM_R_ifog1, i16 %h_slice, i16 %c_slice, i16 %U_slice" [../main_5_slices.cpp:315]   --->   Operation 42 'call' 'call_ln315' <Predicate = true> <Delay = 1.40> <CoreType = "Generic">   --->   Generic Core

State 9 <SV = 8> <Delay = 0.00>
ST_9 : Operation 43 [2/2] (0.00ns)   --->   "%call_ln0 = call void @run_all_slices_unrolled_Pipeline_Loop_BN2, i16 %h_slice, i16 %BN2_var1, i16 %BN2_gamma1"   --->   Operation 43 'call' 'call_ln0' <Predicate = true> <Delay = 0.00> <CoreType = "Generic">   --->   Generic Core
ST_9 : Operation 44 [2/2] (0.00ns)   --->   "%call_ln326 = call void @conv_bn_act_pool.2, i16 %X_slice27, i16 %ConvW2, i16 %U_slice" [../main_5_slices.cpp:326]   --->   Operation 44 'call' 'call_ln326' <Predicate = true> <Delay = 0.00> <CoreType = "Generic">   --->   Generic Core

State 10 <SV = 9> <Delay = 1.62>
ST_10 : Operation 45 [1/2] (0.00ns)   --->   "%call_ln0 = call void @run_all_slices_unrolled_Pipeline_Loop_BN2, i16 %h_slice, i16 %BN2_var1, i16 %BN2_gamma1"   --->   Operation 45 'call' 'call_ln0' <Predicate = true> <Delay = 0.00> <CoreType = "Generic">   --->   Generic Core
ST_10 : Operation 46 [1/2] (1.62ns)   --->   "%call_ln326 = call void @conv_bn_act_pool.2, i16 %X_slice27, i16 %ConvW2, i16 %U_slice" [../main_5_slices.cpp:326]   --->   Operation 46 'call' 'call_ln326' <Predicate = true> <Delay = 1.62> <CoreType = "Generic">   --->   Generic Core

State 11 <SV = 10> <Delay = 0.00>
ST_11 : Operation 47 [2/2] (0.00ns)   --->   "%call_ln0 = call void @run_all_slices_unrolled_Pipeline_MergedLoop1, i16 %merged, i16 %h_slice"   --->   Operation 47 'call' 'call_ln0' <Predicate = true> <Delay = 0.00> <CoreType = "Generic">   --->   Generic Core

State 12 <SV = 11> <Delay = 0.00>
ST_12 : Operation 48 [1/2] (0.00ns)   --->   "%call_ln0 = call void @run_all_slices_unrolled_Pipeline_MergedLoop1, i16 %merged, i16 %h_slice"   --->   Operation 48 'call' 'call_ln0' <Predicate = true> <Delay = 0.00> <CoreType = "Generic">   --->   Generic Core

State 13 <SV = 12> <Delay = 0.73>
ST_13 : Operation 49 [2/2] (0.73ns)   --->   "%call_ln329 = call void @lstm_forward_unidir, i16 %LSTM_W_ifog2, i16 %LSTM_R_ifog2, i16 %h_slice, i16 %c_slice, i16 %U_slice" [../main_5_slices.cpp:329]   --->   Operation 49 'call' 'call_ln329' <Predicate = true> <Delay = 0.73> <CoreType = "Generic">   --->   Generic Core

State 14 <SV = 13> <Delay = 1.40>
ST_14 : Operation 50 [1/2] (1.40ns)   --->   "%call_ln329 = call void @lstm_forward_unidir, i16 %LSTM_W_ifog2, i16 %LSTM_R_ifog2, i16 %h_slice, i16 %c_slice, i16 %U_slice" [../main_5_slices.cpp:329]   --->   Operation 50 'call' 'call_ln329' <Predicate = true> <Delay = 1.40> <CoreType = "Generic">   --->   Generic Core

State 15 <SV = 14> <Delay = 0.00>
ST_15 : Operation 51 [2/2] (0.00ns)   --->   "%call_ln0 = call void @run_all_slices_unrolled_Pipeline_Loop_BN3, i16 %h_slice, i16 %BN2_var2, i16 %BN2_gamma2"   --->   Operation 51 'call' 'call_ln0' <Predicate = true> <Delay = 0.00> <CoreType = "Generic">   --->   Generic Core
ST_15 : Operation 52 [2/2] (0.00ns)   --->   "%call_ln340 = call void @conv_bn_act_pool.3, i16 %X_slice42, i16 %ConvW3, i16 %U_slice" [../main_5_slices.cpp:340]   --->   Operation 52 'call' 'call_ln340' <Predicate = true> <Delay = 0.00> <CoreType = "Generic">   --->   Generic Core

State 16 <SV = 15> <Delay = 1.62>
ST_16 : Operation 53 [1/2] (0.00ns)   --->   "%call_ln0 = call void @run_all_slices_unrolled_Pipeline_Loop_BN3, i16 %h_slice, i16 %BN2_var2, i16 %BN2_gamma2"   --->   Operation 53 'call' 'call_ln0' <Predicate = true> <Delay = 0.00> <CoreType = "Generic">   --->   Generic Core
ST_16 : Operation 54 [1/2] (1.62ns)   --->   "%call_ln340 = call void @conv_bn_act_pool.3, i16 %X_slice42, i16 %ConvW3, i16 %U_slice" [../main_5_slices.cpp:340]   --->   Operation 54 'call' 'call_ln340' <Predicate = true> <Delay = 1.62> <CoreType = "Generic">   --->   Generic Core

State 17 <SV = 16> <Delay = 0.00>
ST_17 : Operation 55 [2/2] (0.00ns)   --->   "%call_ln0 = call void @run_all_slices_unrolled_Pipeline_MergedLoop2, i16 %merged, i16 %h_slice"   --->   Operation 55 'call' 'call_ln0' <Predicate = true> <Delay = 0.00> <CoreType = "Generic">   --->   Generic Core

State 18 <SV = 17> <Delay = 0.00>
ST_18 : Operation 56 [1/2] (0.00ns)   --->   "%call_ln0 = call void @run_all_slices_unrolled_Pipeline_MergedLoop2, i16 %merged, i16 %h_slice"   --->   Operation 56 'call' 'call_ln0' <Predicate = true> <Delay = 0.00> <CoreType = "Generic">   --->   Generic Core

State 19 <SV = 18> <Delay = 0.73>
ST_19 : Operation 57 [2/2] (0.73ns)   --->   "%call_ln343 = call void @lstm_forward_unidir, i16 %LSTM_W_ifog3, i16 %LSTM_R_ifog3, i16 %h_slice, i16 %c_slice, i16 %U_slice" [../main_5_slices.cpp:343]   --->   Operation 57 'call' 'call_ln343' <Predicate = true> <Delay = 0.73> <CoreType = "Generic">   --->   Generic Core

State 20 <SV = 19> <Delay = 1.40>
ST_20 : Operation 58 [1/2] (1.40ns)   --->   "%call_ln343 = call void @lstm_forward_unidir, i16 %LSTM_W_ifog3, i16 %LSTM_R_ifog3, i16 %h_slice, i16 %c_slice, i16 %U_slice" [../main_5_slices.cpp:343]   --->   Operation 58 'call' 'call_ln343' <Predicate = true> <Delay = 1.40> <CoreType = "Generic">   --->   Generic Core

State 21 <SV = 20> <Delay = 0.00>
ST_21 : Operation 59 [2/2] (0.00ns)   --->   "%call_ln0 = call void @run_all_slices_unrolled_Pipeline_Loop_BN4, i16 %h_slice, i16 %BN2_var3, i16 %BN2_gamma3"   --->   Operation 59 'call' 'call_ln0' <Predicate = true> <Delay = 0.00> <CoreType = "Generic">   --->   Generic Core
ST_21 : Operation 60 [2/2] (0.00ns)   --->   "%call_ln354 = call void @conv_bn_act_pool.4, i16 %X_slice57, i16 %ConvW4, i16 %U_slice" [../main_5_slices.cpp:354]   --->   Operation 60 'call' 'call_ln354' <Predicate = true> <Delay = 0.00> <CoreType = "Generic">   --->   Generic Core

State 22 <SV = 21> <Delay = 1.62>
ST_22 : Operation 61 [1/2] (0.00ns)   --->   "%call_ln0 = call void @run_all_slices_unrolled_Pipeline_Loop_BN4, i16 %h_slice, i16 %BN2_var3, i16 %BN2_gamma3"   --->   Operation 61 'call' 'call_ln0' <Predicate = true> <Delay = 0.00> <CoreType = "Generic">   --->   Generic Core
ST_22 : Operation 62 [1/2] (1.62ns)   --->   "%call_ln354 = call void @conv_bn_act_pool.4, i16 %X_slice57, i16 %ConvW4, i16 %U_slice" [../main_5_slices.cpp:354]   --->   Operation 62 'call' 'call_ln354' <Predicate = true> <Delay = 1.62> <CoreType = "Generic">   --->   Generic Core

State 23 <SV = 22> <Delay = 0.00>
ST_23 : Operation 63 [2/2] (0.00ns)   --->   "%call_ln0 = call void @run_all_slices_unrolled_Pipeline_MergedLoop3, i16 %merged, i16 %h_slice"   --->   Operation 63 'call' 'call_ln0' <Predicate = true> <Delay = 0.00> <CoreType = "Generic">   --->   Generic Core

State 24 <SV = 23> <Delay = 0.00>
ST_24 : Operation 64 [1/2] (0.00ns)   --->   "%call_ln0 = call void @run_all_slices_unrolled_Pipeline_MergedLoop3, i16 %merged, i16 %h_slice"   --->   Operation 64 'call' 'call_ln0' <Predicate = true> <Delay = 0.00> <CoreType = "Generic">   --->   Generic Core

State 25 <SV = 24> <Delay = 0.73>
ST_25 : Operation 65 [2/2] (0.73ns)   --->   "%call_ln357 = call void @lstm_forward_unidir, i16 %LSTM_W_ifog4, i16 %LSTM_R_ifog4, i16 %h_slice, i16 %c_slice, i16 %U_slice" [../main_5_slices.cpp:357]   --->   Operation 65 'call' 'call_ln357' <Predicate = true> <Delay = 0.73> <CoreType = "Generic">   --->   Generic Core

State 26 <SV = 25> <Delay = 1.40>
ST_26 : Operation 66 [1/2] (1.40ns)   --->   "%call_ln357 = call void @lstm_forward_unidir, i16 %LSTM_W_ifog4, i16 %LSTM_R_ifog4, i16 %h_slice, i16 %c_slice, i16 %U_slice" [../main_5_slices.cpp:357]   --->   Operation 66 'call' 'call_ln357' <Predicate = true> <Delay = 1.40> <CoreType = "Generic">   --->   Generic Core

State 27 <SV = 26> <Delay = 0.00>
ST_27 : Operation 67 [2/2] (0.00ns)   --->   "%call_ln0 = call void @run_all_slices_unrolled_Pipeline_Loop_BN5, i16 %h_slice, i16 %BN2_var4, i16 %BN2_gamma4"   --->   Operation 67 'call' 'call_ln0' <Predicate = true> <Delay = 0.00> <CoreType = "Generic">   --->   Generic Core

State 28 <SV = 27> <Delay = 0.00>
ST_28 : Operation 68 [1/2] (0.00ns)   --->   "%call_ln0 = call void @run_all_slices_unrolled_Pipeline_Loop_BN5, i16 %h_slice, i16 %BN2_var4, i16 %BN2_gamma4"   --->   Operation 68 'call' 'call_ln0' <Predicate = true> <Delay = 0.00> <CoreType = "Generic">   --->   Generic Core

State 29 <SV = 28> <Delay = 0.00>
ST_29 : Operation 69 [2/2] (0.00ns)   --->   "%call_ln0 = call void @run_all_slices_unrolled_Pipeline_MergedLoop4, i16 %merged, i16 %h_slice"   --->   Operation 69 'call' 'call_ln0' <Predicate = true> <Delay = 0.00> <CoreType = "Generic">   --->   Generic Core

State 30 <SV = 29> <Delay = 0.00>
ST_30 : Operation 70 [1/2] (0.00ns)   --->   "%call_ln0 = call void @run_all_slices_unrolled_Pipeline_MergedLoop4, i16 %merged, i16 %h_slice"   --->   Operation 70 'call' 'call_ln0' <Predicate = true> <Delay = 0.00> <CoreType = "Generic">   --->   Generic Core
ST_30 : Operation 71 [1/1] (0.00ns)   --->   "%ret_ln363 = ret" [../main_5_slices.cpp:363]   --->   Operation 71 'ret' 'ret_ln363' <Predicate = true> <Delay = 0.00>


============================================================
+ Verbose Summary: Binding
============================================================
STG Binding: 
---------------- STG Properties BEGIN ----------------
- Is combinational: 0
- Is one-state seq: 0
- Is datapath-only: 0
- Is pipelined: 0
- Is top level: 0
Port [ Return ] is wired: 1; IO mode=ap_ctrl_hs:ce=0
Port [ merged]:  wired=1; compound=1; hidden=0; nouse=0; global=0; static=0; extern=0; dir=2; type=1; pingpong=0; private_global=0; MemPort=[01]; IO mode=ap_memory:ce=0
Port [ h_slice]:  wired=0; compound=1; hidden=1; nouse=0; global=1; static=1; extern=0; dir=2; type=1; pingpong=0; private_global=1; MemPort=[21]; IO mode=ap_memory:ce=0
Port [ c_slice]:  wired=0; compound=1; hidden=1; nouse=1; global=1; static=1; extern=0; dir=2; type=1; pingpong=0; private_global=0; MemPort=[01]; IO mode=ap_memory:ce=0
Port [ U_slice]:  wired=0; compound=1; hidden=1; nouse=0; global=1; static=1; extern=0; dir=2; type=1; pingpong=0; private_global=1; MemPort=[23]; IO mode=ap_memory:ce=0
Port [ LSTM_W_ifog0]:  wired=0; compound=1; hidden=1; nouse=0; global=1; static=1; extern=0; dir=0; type=1; pingpong=0; private_global=1; MemPort=[1]; IO mode=ap_memory:ce=0
Port [ LSTM_R_ifog0]:  wired=0; compound=1; hidden=1; nouse=0; global=1; static=1; extern=0; dir=0; type=1; pingpong=0; private_global=1; MemPort=[1]; IO mode=ap_memory:ce=0
Port [ BN2_var0]:  wired=0; compound=1; hidden=1; nouse=1; global=1; static=1; extern=0; dir=0; type=1; pingpong=0; private_global=0; MemPort=[1]; IO mode=ap_memory:ce=0
Port [ BN2_gamma0]:  wired=0; compound=1; hidden=1; nouse=1; global=1; static=1; extern=0; dir=0; type=1; pingpong=0; private_global=0; MemPort=[1]; IO mode=ap_memory:ce=0
Port [ X_slice12]:  wired=0; compound=1; hidden=1; nouse=1; global=1; static=1; extern=0; dir=0; type=1; pingpong=0; private_global=0; MemPort=[1]; IO mode=ap_memory:ce=0
Port [ ConvW1]:  wired=0; compound=1; hidden=1; nouse=1; global=1; static=1; extern=0; dir=0; type=1; pingpong=0; private_global=0; MemPort=[1]; IO mode=ap_memory:ce=0
Port [ LSTM_W_ifog1]:  wired=0; compound=1; hidden=1; nouse=0; global=1; static=1; extern=0; dir=0; type=1; pingpong=0; private_global=1; MemPort=[1]; IO mode=ap_memory:ce=0
Port [ LSTM_R_ifog1]:  wired=0; compound=1; hidden=1; nouse=0; global=1; static=1; extern=0; dir=0; type=1; pingpong=0; private_global=1; MemPort=[1]; IO mode=ap_memory:ce=0
Port [ BN2_var1]:  wired=0; compound=1; hidden=1; nouse=1; global=1; static=1; extern=0; dir=0; type=1; pingpong=0; private_global=0; MemPort=[1]; IO mode=ap_memory:ce=0
Port [ BN2_gamma1]:  wired=0; compound=1; hidden=1; nouse=1; global=1; static=1; extern=0; dir=0; type=1; pingpong=0; private_global=0; MemPort=[1]; IO mode=ap_memory:ce=0
Port [ X_slice27]:  wired=0; compound=1; hidden=1; nouse=1; global=1; static=1; extern=0; dir=0; type=1; pingpong=0; private_global=0; MemPort=[1]; IO mode=ap_memory:ce=0
Port [ ConvW2]:  wired=0; compound=1; hidden=1; nouse=1; global=1; static=1; extern=0; dir=0; type=1; pingpong=0; private_global=0; MemPort=[1]; IO mode=ap_memory:ce=0
Port [ LSTM_W_ifog2]:  wired=0; compound=1; hidden=1; nouse=0; global=1; static=1; extern=0; dir=0; type=1; pingpong=0; private_global=1; MemPort=[1]; IO mode=ap_memory:ce=0
Port [ LSTM_R_ifog2]:  wired=0; compound=1; hidden=1; nouse=0; global=1; static=1; extern=0; dir=0; type=1; pingpong=0; private_global=1; MemPort=[1]; IO mode=ap_memory:ce=0
Port [ BN2_var2]:  wired=0; compound=1; hidden=1; nouse=1; global=1; static=1; extern=0; dir=0; type=1; pingpong=0; private_global=0; MemPort=[1]; IO mode=ap_memory:ce=0
Port [ BN2_gamma2]:  wired=0; compound=1; hidden=1; nouse=1; global=1; static=1; extern=0; dir=0; type=1; pingpong=0; private_global=0; MemPort=[1]; IO mode=ap_memory:ce=0
Port [ X_slice42]:  wired=0; compound=1; hidden=1; nouse=1; global=1; static=1; extern=0; dir=0; type=1; pingpong=0; private_global=0; MemPort=[1]; IO mode=ap_memory:ce=0
Port [ ConvW3]:  wired=0; compound=1; hidden=1; nouse=1; global=1; static=1; extern=0; dir=0; type=1; pingpong=0; private_global=0; MemPort=[1]; IO mode=ap_memory:ce=0
Port [ LSTM_W_ifog3]:  wired=0; compound=1; hidden=1; nouse=0; global=1; static=1; extern=0; dir=0; type=1; pingpong=0; private_global=1; MemPort=[1]; IO mode=ap_memory:ce=0
Port [ LSTM_R_ifog3]:  wired=0; compound=1; hidden=1; nouse=0; global=1; static=1; extern=0; dir=0; type=1; pingpong=0; private_global=1; MemPort=[1]; IO mode=ap_memory:ce=0
Port [ BN2_var3]:  wired=0; compound=1; hidden=1; nouse=1; global=1; static=1; extern=0; dir=0; type=1; pingpong=0; private_global=0; MemPort=[1]; IO mode=ap_memory:ce=0
Port [ BN2_gamma3]:  wired=0; compound=1; hidden=1; nouse=1; global=1; static=1; extern=0; dir=0; type=1; pingpong=0; private_global=0; MemPort=[1]; IO mode=ap_memory:ce=0
Port [ X_slice57]:  wired=0; compound=1; hidden=1; nouse=1; global=1; static=1; extern=0; dir=0; type=1; pingpong=0; private_global=0; MemPort=[1]; IO mode=ap_memory:ce=0
Port [ ConvW4]:  wired=0; compound=1; hidden=1; nouse=1; global=1; static=1; extern=0; dir=0; type=1; pingpong=0; private_global=0; MemPort=[1]; IO mode=ap_memory:ce=0
Port [ LSTM_W_ifog4]:  wired=0; compound=1; hidden=1; nouse=0; global=1; static=1; extern=0; dir=0; type=1; pingpong=0; private_global=1; MemPort=[1]; IO mode=ap_memory:ce=0
Port [ LSTM_R_ifog4]:  wired=0; compound=1; hidden=1; nouse=0; global=1; static=1; extern=0; dir=0; type=1; pingpong=0; private_global=1; MemPort=[1]; IO mode=ap_memory:ce=0
Port [ BN2_var4]:  wired=0; compound=1; hidden=1; nouse=1; global=1; static=1; extern=0; dir=0; type=1; pingpong=0; private_global=0; MemPort=[1]; IO mode=ap_memory:ce=0
Port [ BN2_gamma4]:  wired=0; compound=1; hidden=1; nouse=1; global=1; static=1; extern=0; dir=0; type=1; pingpong=0; private_global=0; MemPort=[1]; IO mode=ap_memory:ce=0
---------------- STG Properties END ------------------

---------------- Datapath Model BEGIN ----------------

<LifeTime>
<method=bitvector/>
call_ln0   (call) [ 0000000000000000000000000000000]
call_ln301 (call) [ 0000000000000000000000000000000]
call_ln0   (call) [ 0000000000000000000000000000000]
call_ln312 (call) [ 0000000000000000000000000000000]
call_ln0   (call) [ 0000000000000000000000000000000]
call_ln315 (call) [ 0000000000000000000000000000000]
call_ln0   (call) [ 0000000000000000000000000000000]
call_ln326 (call) [ 0000000000000000000000000000000]
call_ln0   (call) [ 0000000000000000000000000000000]
call_ln329 (call) [ 0000000000000000000000000000000]
call_ln0   (call) [ 0000000000000000000000000000000]
call_ln340 (call) [ 0000000000000000000000000000000]
call_ln0   (call) [ 0000000000000000000000000000000]
call_ln343 (call) [ 0000000000000000000000000000000]
call_ln0   (call) [ 0000000000000000000000000000000]
call_ln354 (call) [ 0000000000000000000000000000000]
call_ln0   (call) [ 0000000000000000000000000000000]
call_ln357 (call) [ 0000000000000000000000000000000]
call_ln0   (call) [ 0000000000000000000000000000000]
call_ln0   (call) [ 0000000000000000000000000000000]
ret_ln363  (ret ) [ 0000000000000000000000000000000]
</LifeTime>

<model>

<comp_list>
<comp id="0" class="1000" name="merged">
<pin_list>
<pin id="1" dir="1" index="0" bw="1" slack="0"/>
</pin_list>
<bind>
<StgValue><ssdm name="merged"/><MemPortTyVec>0 1 </MemPortTyVec>
</StgValue>
</bind>
</comp>

<comp id="2" class="1000" name="h_slice">
<pin_list>
<pin id="3" dir="1" index="0" bw="1" slack="0"/>
</pin_list>
<bind>
<StgValue><ssdm name="h_slice"/><MemPortTyVec>2 1 </MemPortTyVec>
</StgValue>
</bind>
</comp>

<comp id="4" class="1000" name="c_slice">
<pin_list>
<pin id="5" dir="1" index="0" bw="1" slack="0"/>
</pin_list>
<bind>
<StgValue><ssdm name="c_slice"/><MemPortTyVec>0 1 </MemPortTyVec>
</StgValue>
</bind>
</comp>

<comp id="6" class="1000" name="U_slice">
<pin_list>
<pin id="7" dir="1" index="0" bw="1" slack="0"/>
</pin_list>
<bind>
<StgValue><ssdm name="U_slice"/><MemPortTyVec>2 3 </MemPortTyVec>
</StgValue>
</bind>
</comp>

<comp id="8" class="1000" name="LSTM_W_ifog0">
<pin_list>
<pin id="9" dir="1" index="0" bw="1" slack="0"/>
</pin_list>
<bind>
<StgValue><ssdm name="LSTM_W_ifog0"/><MemPortTyVec>1 </MemPortTyVec>
</StgValue>
</bind>
</comp>

<comp id="10" class="1000" name="LSTM_R_ifog0">
<pin_list>
<pin id="11" dir="1" index="0" bw="1" slack="0"/>
</pin_list>
<bind>
<StgValue><ssdm name="LSTM_R_ifog0"/><MemPortTyVec>1 </MemPortTyVec>
</StgValue>
</bind>
</comp>

<comp id="12" class="1000" name="BN2_var0">
<pin_list>
<pin id="13" dir="1" index="0" bw="1" slack="0"/>
</pin_list>
<bind>
<StgValue><ssdm name="BN2_var0"/><MemPortTyVec>1 </MemPortTyVec>
</StgValue>
</bind>
</comp>

<comp id="14" class="1000" name="BN2_gamma0">
<pin_list>
<pin id="15" dir="1" index="0" bw="1" slack="0"/>
</pin_list>
<bind>
<StgValue><ssdm name="BN2_gamma0"/><MemPortTyVec>1 </MemPortTyVec>
</StgValue>
</bind>
</comp>

<comp id="16" class="1000" name="X_slice12">
<pin_list>
<pin id="17" dir="1" index="0" bw="1" slack="0"/>
</pin_list>
<bind>
<StgValue><ssdm name="X_slice12"/><MemPortTyVec>1 </MemPortTyVec>
</StgValue>
</bind>
</comp>

<comp id="18" class="1000" name="ConvW1">
<pin_list>
<pin id="19" dir="1" index="0" bw="1" slack="0"/>
</pin_list>
<bind>
<StgValue><ssdm name="ConvW1"/><MemPortTyVec>1 </MemPortTyVec>
</StgValue>
</bind>
</comp>

<comp id="20" class="1000" name="LSTM_W_ifog1">
<pin_list>
<pin id="21" dir="1" index="0" bw="1" slack="0"/>
</pin_list>
<bind>
<StgValue><ssdm name="LSTM_W_ifog1"/><MemPortTyVec>1 </MemPortTyVec>
</StgValue>
</bind>
</comp>

<comp id="22" class="1000" name="LSTM_R_ifog1">
<pin_list>
<pin id="23" dir="1" index="0" bw="1" slack="0"/>
</pin_list>
<bind>
<StgValue><ssdm name="LSTM_R_ifog1"/><MemPortTyVec>1 </MemPortTyVec>
</StgValue>
</bind>
</comp>

<comp id="24" class="1000" name="BN2_var1">
<pin_list>
<pin id="25" dir="1" index="0" bw="1" slack="0"/>
</pin_list>
<bind>
<StgValue><ssdm name="BN2_var1"/><MemPortTyVec>1 </MemPortTyVec>
</StgValue>
</bind>
</comp>

<comp id="26" class="1000" name="BN2_gamma1">
<pin_list>
<pin id="27" dir="1" index="0" bw="1" slack="0"/>
</pin_list>
<bind>
<StgValue><ssdm name="BN2_gamma1"/><MemPortTyVec>1 </MemPortTyVec>
</StgValue>
</bind>
</comp>

<comp id="28" class="1000" name="X_slice27">
<pin_list>
<pin id="29" dir="1" index="0" bw="1" slack="0"/>
</pin_list>
<bind>
<StgValue><ssdm name="X_slice27"/><MemPortTyVec>1 </MemPortTyVec>
</StgValue>
</bind>
</comp>

<comp id="30" class="1000" name="ConvW2">
<pin_list>
<pin id="31" dir="1" index="0" bw="1" slack="0"/>
</pin_list>
<bind>
<StgValue><ssdm name="ConvW2"/><MemPortTyVec>1 </MemPortTyVec>
</StgValue>
</bind>
</comp>

<comp id="32" class="1000" name="LSTM_W_ifog2">
<pin_list>
<pin id="33" dir="1" index="0" bw="1" slack="0"/>
</pin_list>
<bind>
<StgValue><ssdm name="LSTM_W_ifog2"/><MemPortTyVec>1 </MemPortTyVec>
</StgValue>
</bind>
</comp>

<comp id="34" class="1000" name="LSTM_R_ifog2">
<pin_list>
<pin id="35" dir="1" index="0" bw="1" slack="0"/>
</pin_list>
<bind>
<StgValue><ssdm name="LSTM_R_ifog2"/><MemPortTyVec>1 </MemPortTyVec>
</StgValue>
</bind>
</comp>

<comp id="36" class="1000" name="BN2_var2">
<pin_list>
<pin id="37" dir="1" index="0" bw="1" slack="0"/>
</pin_list>
<bind>
<StgValue><ssdm name="BN2_var2"/><MemPortTyVec>1 </MemPortTyVec>
</StgValue>
</bind>
</comp>

<comp id="38" class="1000" name="BN2_gamma2">
<pin_list>
<pin id="39" dir="1" index="0" bw="1" slack="0"/>
</pin_list>
<bind>
<StgValue><ssdm name="BN2_gamma2"/><MemPortTyVec>1 </MemPortTyVec>
</StgValue>
</bind>
</comp>

<comp id="40" class="1000" name="X_slice42">
<pin_list>
<pin id="41" dir="1" index="0" bw="1" slack="0"/>
</pin_list>
<bind>
<StgValue><ssdm name="X_slice42"/><MemPortTyVec>1 </MemPortTyVec>
</StgValue>
</bind>
</comp>

<comp id="42" class="1000" name="ConvW3">
<pin_list>
<pin id="43" dir="1" index="0" bw="1" slack="0"/>
</pin_list>
<bind>
<StgValue><ssdm name="ConvW3"/><MemPortTyVec>1 </MemPortTyVec>
</StgValue>
</bind>
</comp>

<comp id="44" class="1000" name="LSTM_W_ifog3">
<pin_list>
<pin id="45" dir="1" index="0" bw="1" slack="0"/>
</pin_list>
<bind>
<StgValue><ssdm name="LSTM_W_ifog3"/><MemPortTyVec>1 </MemPortTyVec>
</StgValue>
</bind>
</comp>

<comp id="46" class="1000" name="LSTM_R_ifog3">
<pin_list>
<pin id="47" dir="1" index="0" bw="1" slack="0"/>
</pin_list>
<bind>
<StgValue><ssdm name="LSTM_R_ifog3"/><MemPortTyVec>1 </MemPortTyVec>
</StgValue>
</bind>
</comp>

<comp id="48" class="1000" name="BN2_var3">
<pin_list>
<pin id="49" dir="1" index="0" bw="1" slack="0"/>
</pin_list>
<bind>
<StgValue><ssdm name="BN2_var3"/><MemPortTyVec>1 </MemPortTyVec>
</StgValue>
</bind>
</comp>

<comp id="50" class="1000" name="BN2_gamma3">
<pin_list>
<pin id="51" dir="1" index="0" bw="1" slack="0"/>
</pin_list>
<bind>
<StgValue><ssdm name="BN2_gamma3"/><MemPortTyVec>1 </MemPortTyVec>
</StgValue>
</bind>
</comp>

<comp id="52" class="1000" name="X_slice57">
<pin_list>
<pin id="53" dir="1" index="0" bw="1" slack="0"/>
</pin_list>
<bind>
<StgValue><ssdm name="X_slice57"/><MemPortTyVec>1 </MemPortTyVec>
</StgValue>
</bind>
</comp>

<comp id="54" class="1000" name="ConvW4">
<pin_list>
<pin id="55" dir="1" index="0" bw="1" slack="0"/>
</pin_list>
<bind>
<StgValue><ssdm name="ConvW4"/><MemPortTyVec>1 </MemPortTyVec>
</StgValue>
</bind>
</comp>

<comp id="56" class="1000" name="LSTM_W_ifog4">
<pin_list>
<pin id="57" dir="1" index="0" bw="1" slack="0"/>
</pin_list>
<bind>
<StgValue><ssdm name="LSTM_W_ifog4"/><MemPortTyVec>1 </MemPortTyVec>
</StgValue>
</bind>
</comp>

<comp id="58" class="1000" name="LSTM_R_ifog4">
<pin_list>
<pin id="59" dir="1" index="0" bw="1" slack="0"/>
</pin_list>
<bind>
<StgValue><ssdm name="LSTM_R_ifog4"/><MemPortTyVec>1 </MemPortTyVec>
</StgValue>
</bind>
</comp>

<comp id="60" class="1000" name="BN2_var4">
<pin_list>
<pin id="61" dir="1" index="0" bw="1" slack="0"/>
</pin_list>
<bind>
<StgValue><ssdm name="BN2_var4"/><MemPortTyVec>1 </MemPortTyVec>
</StgValue>
</bind>
</comp>

<comp id="62" class="1000" name="BN2_gamma4">
<pin_list>
<pin id="63" dir="1" index="0" bw="1" slack="0"/>
</pin_list>
<bind>
<StgValue><ssdm name="BN2_gamma4"/><MemPortTyVec>1 </MemPortTyVec>
</StgValue>
</bind>
</comp>

<comp id="64" class="1001" name="const_64">
<pin_list>
<pin id="65" dir="1" index="0" bw="1" slack="0"/>
</pin_list>
<bind>
<StgValue><ssdm name="run_all_slices_unrolled_Pipeline_MergedLoop"/></StgValue>
</bind>
</comp>

<comp id="66" class="1001" name="const_66">
<pin_list>
<pin id="67" dir="1" index="0" bw="1" slack="0"/>
</pin_list>
<bind>
<StgValue><ssdm name="lstm_forward_unidir"/></StgValue>
</bind>
</comp>

<comp id="68" class="1001" name="const_68">
<pin_list>
<pin id="69" dir="1" index="0" bw="1" slack="0"/>
</pin_list>
<bind>
<StgValue><ssdm name="run_all_slices_unrolled_Pipeline_Loop_BN"/></StgValue>
</bind>
</comp>

<comp id="70" class="1001" name="const_70">
<pin_list>
<pin id="71" dir="1" index="0" bw="1" slack="0"/>
</pin_list>
<bind>
<StgValue><ssdm name="conv_bn_act_pool"/></StgValue>
</bind>
</comp>

<comp id="72" class="1001" name="const_72">
<pin_list>
<pin id="73" dir="1" index="0" bw="1" slack="0"/>
</pin_list>
<bind>
<StgValue><ssdm name="run_all_slices_unrolled_Pipeline_MergedLoop0"/></StgValue>
</bind>
</comp>

<comp id="74" class="1001" name="const_74">
<pin_list>
<pin id="75" dir="1" index="0" bw="1" slack="0"/>
</pin_list>
<bind>
<StgValue><ssdm name="run_all_slices_unrolled_Pipeline_Loop_BN2"/></StgValue>
</bind>
</comp>

<comp id="76" class="1001" name="const_76">
<pin_list>
<pin id="77" dir="1" index="0" bw="1" slack="0"/>
</pin_list>
<bind>
<StgValue><ssdm name="conv_bn_act_pool.2"/></StgValue>
</bind>
</comp>

<comp id="78" class="1001" name="const_78">
<pin_list>
<pin id="79" dir="1" index="0" bw="1" slack="0"/>
</pin_list>
<bind>
<StgValue><ssdm name="run_all_slices_unrolled_Pipeline_MergedLoop1"/></StgValue>
</bind>
</comp>

<comp id="80" class="1001" name="const_80">
<pin_list>
<pin id="81" dir="1" index="0" bw="1" slack="0"/>
</pin_list>
<bind>
<StgValue><ssdm name="run_all_slices_unrolled_Pipeline_Loop_BN3"/></StgValue>
</bind>
</comp>

<comp id="82" class="1001" name="const_82">
<pin_list>
<pin id="83" dir="1" index="0" bw="1" slack="0"/>
</pin_list>
<bind>
<StgValue><ssdm name="conv_bn_act_pool.3"/></StgValue>
</bind>
</comp>

<comp id="84" class="1001" name="const_84">
<pin_list>
<pin id="85" dir="1" index="0" bw="1" slack="0"/>
</pin_list>
<bind>
<StgValue><ssdm name="run_all_slices_unrolled_Pipeline_MergedLoop2"/></StgValue>
</bind>
</comp>

<comp id="86" class="1001" name="const_86">
<pin_list>
<pin id="87" dir="1" index="0" bw="1" slack="0"/>
</pin_list>
<bind>
<StgValue><ssdm name="run_all_slices_unrolled_Pipeline_Loop_BN4"/></StgValue>
</bind>
</comp>

<comp id="88" class="1001" name="const_88">
<pin_list>
<pin id="89" dir="1" index="0" bw="1" slack="0"/>
</pin_list>
<bind>
<StgValue><ssdm name="conv_bn_act_pool.4"/></StgValue>
</bind>
</comp>

<comp id="90" class="1001" name="const_90">
<pin_list>
<pin id="91" dir="1" index="0" bw="1" slack="0"/>
</pin_list>
<bind>
<StgValue><ssdm name="run_all_slices_unrolled_Pipeline_MergedLoop3"/></StgValue>
</bind>
</comp>

<comp id="92" class="1001" name="const_92">
<pin_list>
<pin id="93" dir="1" index="0" bw="1" slack="0"/>
</pin_list>
<bind>
<StgValue><ssdm name="run_all_slices_unrolled_Pipeline_Loop_BN5"/></StgValue>
</bind>
</comp>

<comp id="94" class="1001" name="const_94">
<pin_list>
<pin id="95" dir="1" index="0" bw="1" slack="0"/>
</pin_list>
<bind>
<StgValue><ssdm name="run_all_slices_unrolled_Pipeline_MergedLoop4"/></StgValue>
</bind>
</comp>

<comp id="96" class="1004" name="grp_run_all_slices_unrolled_Pipeline_MergedLoop_fu_96">
<pin_list>
<pin id="97" dir="0" index="0" bw="0" slack="0"/>
<pin id="98" dir="0" index="1" bw="16" slack="0"/>
<pin id="99" dir="1" index="2" bw="0" slack="2147483647"/>
</pin_list>
<bind>
<opcode="call(48) " fcode="call"/>
<opset="call_ln0/1 "/>
</bind>
</comp>

<comp id="102" class="1004" name="grp_lstm_forward_unidir_fu_102">
<pin_list>
<pin id="103" dir="0" index="0" bw="0" slack="0"/>
<pin id="104" dir="0" index="1" bw="16" slack="0"/>
<pin id="105" dir="0" index="2" bw="16" slack="0"/>
<pin id="106" dir="0" index="3" bw="16" slack="0"/>
<pin id="107" dir="0" index="4" bw="16" slack="0"/>
<pin id="108" dir="0" index="5" bw="16" slack="0"/>
<pin id="109" dir="1" index="6" bw="0" slack="2147483647"/>
</pin_list>
<bind>
<opcode="call(48) " fcode="call"/>
<opset="call_ln301/1 call_ln315/7 call_ln329/13 call_ln343/19 call_ln357/25 "/>
</bind>
</comp>

<comp id="124" class="1004" name="grp_run_all_slices_unrolled_Pipeline_Loop_BN_fu_124">
<pin_list>
<pin id="125" dir="0" index="0" bw="0" slack="0"/>
<pin id="126" dir="0" index="1" bw="16" slack="0"/>
<pin id="127" dir="0" index="2" bw="16" slack="0"/>
<pin id="128" dir="0" index="3" bw="16" slack="0"/>
<pin id="129" dir="1" index="4" bw="0" slack="2147483647"/>
</pin_list>
<bind>
<opcode="call(48) " fcode="call"/>
<opset="call_ln0/3 "/>
</bind>
</comp>

<comp id="134" class="1004" name="grp_conv_bn_act_pool_fu_134">
<pin_list>
<pin id="135" dir="0" index="0" bw="0" slack="0"/>
<pin id="136" dir="0" index="1" bw="16" slack="0"/>
<pin id="137" dir="0" index="2" bw="16" slack="0"/>
<pin id="138" dir="0" index="3" bw="16" slack="0"/>
<pin id="139" dir="1" index="4" bw="0" slack="2147483647"/>
</pin_list>
<bind>
<opcode="call(48) " fcode="call"/>
<opset="call_ln312/3 "/>
</bind>
</comp>

<comp id="144" class="1004" name="grp_run_all_slices_unrolled_Pipeline_MergedLoop0_fu_144">
<pin_list>
<pin id="145" dir="0" index="0" bw="0" slack="0"/>
<pin id="146" dir="0" index="1" bw="16" slack="0"/>
<pin id="147" dir="0" index="2" bw="16" slack="0"/>
<pin id="148" dir="1" index="3" bw="0" slack="2147483647"/>
</pin_list>
<bind>
<opcode="call(48) " fcode="call"/>
<opset="call_ln0/5 "/>
</bind>
</comp>

<comp id="152" class="1004" name="grp_run_all_slices_unrolled_Pipeline_Loop_BN2_fu_152">
<pin_list>
<pin id="153" dir="0" index="0" bw="0" slack="0"/>
<pin id="154" dir="0" index="1" bw="16" slack="0"/>
<pin id="155" dir="0" index="2" bw="16" slack="0"/>
<pin id="156" dir="0" index="3" bw="16" slack="0"/>
<pin id="157" dir="1" index="4" bw="0" slack="2147483647"/>
</pin_list>
<bind>
<opcode="call(48) " fcode="call"/>
<opset="call_ln0/9 "/>
</bind>
</comp>

<comp id="162" class="1004" name="grp_conv_bn_act_pool_2_fu_162">
<pin_list>
<pin id="163" dir="0" index="0" bw="0" slack="0"/>
<pin id="164" dir="0" index="1" bw="16" slack="0"/>
<pin id="165" dir="0" index="2" bw="16" slack="0"/>
<pin id="166" dir="0" index="3" bw="16" slack="0"/>
<pin id="167" dir="1" index="4" bw="0" slack="2147483647"/>
</pin_list>
<bind>
<opcode="call(48) " fcode="call"/>
<opset="call_ln326/9 "/>
</bind>
</comp>

<comp id="172" class="1004" name="grp_run_all_slices_unrolled_Pipeline_MergedLoop1_fu_172">
<pin_list>
<pin id="173" dir="0" index="0" bw="0" slack="0"/>
<pin id="174" dir="0" index="1" bw="16" slack="0"/>
<pin id="175" dir="0" index="2" bw="16" slack="0"/>
<pin id="176" dir="1" index="3" bw="0" slack="2147483647"/>
</pin_list>
<bind>
<opcode="call(48) " fcode="call"/>
<opset="call_ln0/11 "/>
</bind>
</comp>

<comp id="180" class="1004" name="grp_run_all_slices_unrolled_Pipeline_Loop_BN3_fu_180">
<pin_list>
<pin id="181" dir="0" index="0" bw="0" slack="0"/>
<pin id="182" dir="0" index="1" bw="16" slack="0"/>
<pin id="183" dir="0" index="2" bw="16" slack="0"/>
<pin id="184" dir="0" index="3" bw="16" slack="0"/>
<pin id="185" dir="1" index="4" bw="0" slack="2147483647"/>
</pin_list>
<bind>
<opcode="call(48) " fcode="call"/>
<opset="call_ln0/15 "/>
</bind>
</comp>

<comp id="190" class="1004" name="grp_conv_bn_act_pool_3_fu_190">
<pin_list>
<pin id="191" dir="0" index="0" bw="0" slack="0"/>
<pin id="192" dir="0" index="1" bw="16" slack="0"/>
<pin id="193" dir="0" index="2" bw="16" slack="0"/>
<pin id="194" dir="0" index="3" bw="16" slack="0"/>
<pin id="195" dir="1" index="4" bw="0" slack="2147483647"/>
</pin_list>
<bind>
<opcode="call(48) " fcode="call"/>
<opset="call_ln340/15 "/>
</bind>
</comp>

<comp id="200" class="1004" name="grp_run_all_slices_unrolled_Pipeline_MergedLoop2_fu_200">
<pin_list>
<pin id="201" dir="0" index="0" bw="0" slack="0"/>
<pin id="202" dir="0" index="1" bw="16" slack="0"/>
<pin id="203" dir="0" index="2" bw="16" slack="0"/>
<pin id="204" dir="1" index="3" bw="0" slack="2147483647"/>
</pin_list>
<bind>
<opcode="call(48) " fcode="call"/>
<opset="call_ln0/17 "/>
</bind>
</comp>

<comp id="208" class="1004" name="grp_run_all_slices_unrolled_Pipeline_Loop_BN4_fu_208">
<pin_list>
<pin id="209" dir="0" index="0" bw="0" slack="0"/>
<pin id="210" dir="0" index="1" bw="16" slack="0"/>
<pin id="211" dir="0" index="2" bw="16" slack="0"/>
<pin id="212" dir="0" index="3" bw="16" slack="0"/>
<pin id="213" dir="1" index="4" bw="0" slack="2147483647"/>
</pin_list>
<bind>
<opcode="call(48) " fcode="call"/>
<opset="call_ln0/21 "/>
</bind>
</comp>

<comp id="218" class="1004" name="grp_conv_bn_act_pool_4_fu_218">
<pin_list>
<pin id="219" dir="0" index="0" bw="0" slack="0"/>
<pin id="220" dir="0" index="1" bw="16" slack="0"/>
<pin id="221" dir="0" index="2" bw="16" slack="0"/>
<pin id="222" dir="0" index="3" bw="16" slack="0"/>
<pin id="223" dir="1" index="4" bw="0" slack="2147483647"/>
</pin_list>
<bind>
<opcode="call(48) " fcode="call"/>
<opset="call_ln354/21 "/>
</bind>
</comp>

<comp id="228" class="1004" name="grp_run_all_slices_unrolled_Pipeline_MergedLoop3_fu_228">
<pin_list>
<pin id="229" dir="0" index="0" bw="0" slack="0"/>
<pin id="230" dir="0" index="1" bw="16" slack="0"/>
<pin id="231" dir="0" index="2" bw="16" slack="0"/>
<pin id="232" dir="1" index="3" bw="0" slack="2147483647"/>
</pin_list>
<bind>
<opcode="call(48) " fcode="call"/>
<opset="call_ln0/23 "/>
</bind>
</comp>

<comp id="236" class="1004" name="grp_run_all_slices_unrolled_Pipeline_Loop_BN5_fu_236">
<pin_list>
<pin id="237" dir="0" index="0" bw="0" slack="0"/>
<pin id="238" dir="0" index="1" bw="16" slack="0"/>
<pin id="239" dir="0" index="2" bw="16" slack="0"/>
<pin id="240" dir="0" index="3" bw="16" slack="0"/>
<pin id="241" dir="1" index="4" bw="0" slack="2147483647"/>
</pin_list>
<bind>
<opcode="call(48) " fcode="call"/>
<opset="call_ln0/27 "/>
</bind>
</comp>

<comp id="246" class="1004" name="grp_run_all_slices_unrolled_Pipeline_MergedLoop4_fu_246">
<pin_list>
<pin id="247" dir="0" index="0" bw="0" slack="0"/>
<pin id="248" dir="0" index="1" bw="16" slack="0"/>
<pin id="249" dir="0" index="2" bw="16" slack="0"/>
<pin id="250" dir="1" index="3" bw="0" slack="2147483647"/>
</pin_list>
<bind>
<opcode="call(48) " fcode="call"/>
<opset="call_ln0/29 "/>
</bind>
</comp>

</comp_list>

<net_list>
<net id="100"><net_src comp="64" pin="0"/><net_sink comp="96" pin=0"/></net>

<net id="101"><net_src comp="0" pin="0"/><net_sink comp="96" pin=1"/></net>

<net id="110"><net_src comp="66" pin="0"/><net_sink comp="102" pin=0"/></net>

<net id="111"><net_src comp="8" pin="0"/><net_sink comp="102" pin=1"/></net>

<net id="112"><net_src comp="10" pin="0"/><net_sink comp="102" pin=2"/></net>

<net id="113"><net_src comp="2" pin="0"/><net_sink comp="102" pin=3"/></net>

<net id="114"><net_src comp="4" pin="0"/><net_sink comp="102" pin=4"/></net>

<net id="115"><net_src comp="6" pin="0"/><net_sink comp="102" pin=5"/></net>

<net id="116"><net_src comp="20" pin="0"/><net_sink comp="102" pin=1"/></net>

<net id="117"><net_src comp="22" pin="0"/><net_sink comp="102" pin=2"/></net>

<net id="118"><net_src comp="32" pin="0"/><net_sink comp="102" pin=1"/></net>

<net id="119"><net_src comp="34" pin="0"/><net_sink comp="102" pin=2"/></net>

<net id="120"><net_src comp="44" pin="0"/><net_sink comp="102" pin=1"/></net>

<net id="121"><net_src comp="46" pin="0"/><net_sink comp="102" pin=2"/></net>

<net id="122"><net_src comp="56" pin="0"/><net_sink comp="102" pin=1"/></net>

<net id="123"><net_src comp="58" pin="0"/><net_sink comp="102" pin=2"/></net>

<net id="130"><net_src comp="68" pin="0"/><net_sink comp="124" pin=0"/></net>

<net id="131"><net_src comp="2" pin="0"/><net_sink comp="124" pin=1"/></net>

<net id="132"><net_src comp="12" pin="0"/><net_sink comp="124" pin=2"/></net>

<net id="133"><net_src comp="14" pin="0"/><net_sink comp="124" pin=3"/></net>

<net id="140"><net_src comp="70" pin="0"/><net_sink comp="134" pin=0"/></net>

<net id="141"><net_src comp="16" pin="0"/><net_sink comp="134" pin=1"/></net>

<net id="142"><net_src comp="18" pin="0"/><net_sink comp="134" pin=2"/></net>

<net id="143"><net_src comp="6" pin="0"/><net_sink comp="134" pin=3"/></net>

<net id="149"><net_src comp="72" pin="0"/><net_sink comp="144" pin=0"/></net>

<net id="150"><net_src comp="0" pin="0"/><net_sink comp="144" pin=1"/></net>

<net id="151"><net_src comp="2" pin="0"/><net_sink comp="144" pin=2"/></net>

<net id="158"><net_src comp="74" pin="0"/><net_sink comp="152" pin=0"/></net>

<net id="159"><net_src comp="2" pin="0"/><net_sink comp="152" pin=1"/></net>

<net id="160"><net_src comp="24" pin="0"/><net_sink comp="152" pin=2"/></net>

<net id="161"><net_src comp="26" pin="0"/><net_sink comp="152" pin=3"/></net>

<net id="168"><net_src comp="76" pin="0"/><net_sink comp="162" pin=0"/></net>

<net id="169"><net_src comp="28" pin="0"/><net_sink comp="162" pin=1"/></net>

<net id="170"><net_src comp="30" pin="0"/><net_sink comp="162" pin=2"/></net>

<net id="171"><net_src comp="6" pin="0"/><net_sink comp="162" pin=3"/></net>

<net id="177"><net_src comp="78" pin="0"/><net_sink comp="172" pin=0"/></net>

<net id="178"><net_src comp="0" pin="0"/><net_sink comp="172" pin=1"/></net>

<net id="179"><net_src comp="2" pin="0"/><net_sink comp="172" pin=2"/></net>

<net id="186"><net_src comp="80" pin="0"/><net_sink comp="180" pin=0"/></net>

<net id="187"><net_src comp="2" pin="0"/><net_sink comp="180" pin=1"/></net>

<net id="188"><net_src comp="36" pin="0"/><net_sink comp="180" pin=2"/></net>

<net id="189"><net_src comp="38" pin="0"/><net_sink comp="180" pin=3"/></net>

<net id="196"><net_src comp="82" pin="0"/><net_sink comp="190" pin=0"/></net>

<net id="197"><net_src comp="40" pin="0"/><net_sink comp="190" pin=1"/></net>

<net id="198"><net_src comp="42" pin="0"/><net_sink comp="190" pin=2"/></net>

<net id="199"><net_src comp="6" pin="0"/><net_sink comp="190" pin=3"/></net>

<net id="205"><net_src comp="84" pin="0"/><net_sink comp="200" pin=0"/></net>

<net id="206"><net_src comp="0" pin="0"/><net_sink comp="200" pin=1"/></net>

<net id="207"><net_src comp="2" pin="0"/><net_sink comp="200" pin=2"/></net>

<net id="214"><net_src comp="86" pin="0"/><net_sink comp="208" pin=0"/></net>

<net id="215"><net_src comp="2" pin="0"/><net_sink comp="208" pin=1"/></net>

<net id="216"><net_src comp="48" pin="0"/><net_sink comp="208" pin=2"/></net>

<net id="217"><net_src comp="50" pin="0"/><net_sink comp="208" pin=3"/></net>

<net id="224"><net_src comp="88" pin="0"/><net_sink comp="218" pin=0"/></net>

<net id="225"><net_src comp="52" pin="0"/><net_sink comp="218" pin=1"/></net>

<net id="226"><net_src comp="54" pin="0"/><net_sink comp="218" pin=2"/></net>

<net id="227"><net_src comp="6" pin="0"/><net_sink comp="218" pin=3"/></net>

<net id="233"><net_src comp="90" pin="0"/><net_sink comp="228" pin=0"/></net>

<net id="234"><net_src comp="0" pin="0"/><net_sink comp="228" pin=1"/></net>

<net id="235"><net_src comp="2" pin="0"/><net_sink comp="228" pin=2"/></net>

<net id="242"><net_src comp="92" pin="0"/><net_sink comp="236" pin=0"/></net>

<net id="243"><net_src comp="2" pin="0"/><net_sink comp="236" pin=1"/></net>

<net id="244"><net_src comp="60" pin="0"/><net_sink comp="236" pin=2"/></net>

<net id="245"><net_src comp="62" pin="0"/><net_sink comp="236" pin=3"/></net>

<net id="251"><net_src comp="94" pin="0"/><net_sink comp="246" pin=0"/></net>

<net id="252"><net_src comp="0" pin="0"/><net_sink comp="246" pin=1"/></net>

<net id="253"><net_src comp="2" pin="0"/><net_sink comp="246" pin=2"/></net>

</net_list>

</model> 
---------------- Datapath Model END ------------------

* FSMD analyzer results:
  - Output states:
	Port: merged | {1 2 5 6 11 12 17 18 23 24 29 30 }
	Port: h_slice | {1 2 3 4 7 8 9 10 13 14 15 16 19 20 21 22 25 26 27 28 }
	Port: c_slice | {1 2 7 8 13 14 19 20 25 26 }
	Port: U_slice | {3 4 9 10 15 16 21 22 }
 - Input state : 
	Port: run_all_slices_unrolled : merged | {5 6 11 12 17 18 23 24 29 30 }
	Port: run_all_slices_unrolled : h_slice | {1 2 3 4 5 6 7 8 9 10 11 12 13 14 15 16 17 18 19 20 21 22 23 24 25 26 27 28 29 30 }
	Port: run_all_slices_unrolled : c_slice | {1 2 7 8 13 14 19 20 25 26 }
	Port: run_all_slices_unrolled : U_slice | {1 2 7 8 13 14 19 20 25 26 }
	Port: run_all_slices_unrolled : LSTM_W_ifog0 | {1 2 }
	Port: run_all_slices_unrolled : LSTM_R_ifog0 | {1 2 }
	Port: run_all_slices_unrolled : BN2_var0 | {3 4 }
	Port: run_all_slices_unrolled : BN2_gamma0 | {3 4 }
	Port: run_all_slices_unrolled : X_slice12 | {3 4 }
	Port: run_all_slices_unrolled : ConvW1 | {3 4 }
	Port: run_all_slices_unrolled : LSTM_W_ifog1 | {7 8 }
	Port: run_all_slices_unrolled : LSTM_R_ifog1 | {7 8 }
	Port: run_all_slices_unrolled : BN2_var1 | {9 10 }
	Port: run_all_slices_unrolled : BN2_gamma1 | {9 10 }
	Port: run_all_slices_unrolled : X_slice27 | {9 10 }
	Port: run_all_slices_unrolled : ConvW2 | {9 10 }
	Port: run_all_slices_unrolled : LSTM_W_ifog2 | {13 14 }
	Port: run_all_slices_unrolled : LSTM_R_ifog2 | {13 14 }
	Port: run_all_slices_unrolled : BN2_var2 | {15 16 }
	Port: run_all_slices_unrolled : BN2_gamma2 | {15 16 }
	Port: run_all_slices_unrolled : X_slice42 | {15 16 }
	Port: run_all_slices_unrolled : ConvW3 | {15 16 }
	Port: run_all_slices_unrolled : LSTM_W_ifog3 | {19 20 }
	Port: run_all_slices_unrolled : LSTM_R_ifog3 | {19 20 }
	Port: run_all_slices_unrolled : BN2_var3 | {21 22 }
	Port: run_all_slices_unrolled : BN2_gamma3 | {21 22 }
	Port: run_all_slices_unrolled : X_slice57 | {21 22 }
	Port: run_all_slices_unrolled : ConvW4 | {21 22 }
	Port: run_all_slices_unrolled : LSTM_W_ifog4 | {25 26 }
	Port: run_all_slices_unrolled : LSTM_R_ifog4 | {25 26 }
	Port: run_all_slices_unrolled : BN2_var4 | {27 28 }
	Port: run_all_slices_unrolled : BN2_gamma4 | {27 28 }
  - Chain level:
	State 1
	State 2
	State 3
	State 4
	State 5
	State 6
	State 7
	State 8
	State 9
	State 10
	State 11
	State 12
	State 13
	State 14
	State 15
	State 16
	State 17
	State 18
	State 19
	State 20
	State 21
	State 22
	State 23
	State 24
	State 25
	State 26
	State 27
	State 28
	State 29
	State 30


============================================================
+ Verbose Summary: Datapath Resource usage 
============================================================

* Functional unit list:
|----------|---------------------------------------------------------|---------|---------|---------|---------|---------|---------|
| Operation|                     Functional Unit                     |   BRAM  |   DSP   |  Delay  |    FF   |   LUT   |   URAM  |
|----------|---------------------------------------------------------|---------|---------|---------|---------|---------|---------|
|          |  grp_run_all_slices_unrolled_Pipeline_MergedLoop_fu_96  |    0    |    0    |    0    |    6    |    28   |    0    |
|          |              grp_lstm_forward_unidir_fu_102             |    0    |    39   | 34.3434 |   3974  |   6634  |    0    |
|          |   grp_run_all_slices_unrolled_Pipeline_Loop_BN_fu_124   |    0    |    6    |  4.584  |   555   |   331   |    0    |
|          |               grp_conv_bn_act_pool_fu_134               |    0    |    19   | 16.2961 |   4752  |   3729  |    0    |
|          | grp_run_all_slices_unrolled_Pipeline_MergedLoop0_fu_144 |    0    |    2    |  4.584  |   174   |   193   |    0    |
|          |   grp_run_all_slices_unrolled_Pipeline_Loop_BN2_fu_152  |    0    |    6    |  4.584  |   555   |   331   |    0    |
|          |              grp_conv_bn_act_pool_2_fu_162              |    0    |    19   | 16.2961 |   4758  |   3732  |    0    |
|   call   | grp_run_all_slices_unrolled_Pipeline_MergedLoop1_fu_172 |    0    |    2    |  4.584  |   174   |   193   |    0    |
|          |   grp_run_all_slices_unrolled_Pipeline_Loop_BN3_fu_180  |    0    |    6    |  4.584  |   555   |   331   |    0    |
|          |              grp_conv_bn_act_pool_3_fu_190              |    0    |    19   | 16.2961 |   4764  |   3735  |    0    |
|          | grp_run_all_slices_unrolled_Pipeline_MergedLoop2_fu_200 |    0    |    2    |  4.584  |   174   |   193   |    0    |
|          |   grp_run_all_slices_unrolled_Pipeline_Loop_BN4_fu_208  |    0    |    6    |  4.584  |   555   |   331   |    0    |
|          |              grp_conv_bn_act_pool_4_fu_218              |    0    |    19   | 16.2961 |   4770  |   3738  |    0    |
|          | grp_run_all_slices_unrolled_Pipeline_MergedLoop3_fu_228 |    0    |    2    |  4.584  |   174   |   193   |    0    |
|          |   grp_run_all_slices_unrolled_Pipeline_Loop_BN5_fu_236  |    0    |    6    |  4.584  |   555   |   331   |    0    |
|          | grp_run_all_slices_unrolled_Pipeline_MergedLoop4_fu_246 |    0    |    2    |  4.584  |   174   |   193   |    0    |
|----------|---------------------------------------------------------|---------|---------|---------|---------|---------|---------|
|   Total  |                                                         |    0    |   155   | 145.368 |  26669  |  24216  |    0    |
|----------|---------------------------------------------------------|---------|---------|---------|---------|---------|---------|

Memories:
N/A

* Register list:
N/A

* Multiplexer (MUX) list: 
|--------------------------------|------|------|------|--------||---------||---------||---------|
|              Comp              |  Pin | Size |  BW  | S x BW ||  Delay  ||    FF   ||   LUT   |
|--------------------------------|------|------|------|--------||---------||---------||---------|
| grp_lstm_forward_unidir_fu_102 |  p1  |   5  |  16  |   80   ||    0    ||    21   |
| grp_lstm_forward_unidir_fu_102 |  p2  |   5  |  16  |   80   ||    0    ||    21   |
|--------------------------------|------|------|------|--------||---------||---------||---------|
|              Total             |      |      |      |   160  || 2.44329 ||    0    ||    42   |
|--------------------------------|------|------|------|--------||---------||---------||---------|



* Summary:
+-----------+--------+--------+--------+--------+--------+--------+
|           |  BRAM  |   DSP  |  Delay |   FF   |   LUT  |  URAM  |
+-----------+--------+--------+--------+--------+--------+--------+
|  Function |    0   |   155  |   145  |  26669 |  24216 |    0   |
|   Memory  |    -   |    -   |    -   |    -   |    -   |    -   |
|Multiplexer|    -   |    -   |    2   |    0   |   42   |    -   |
|  Register |    -   |    -   |    -   |    -   |    -   |    -   |
+-----------+--------+--------+--------+--------+--------+--------+
|   Total   |    0   |   155  |   147  |  26669 |  24258 |    0   |
+-----------+--------+--------+--------+--------+--------+--------+
