

================================================================
== Vitis HLS Report for 'run_all_slices_unrolled_Pipeline_MergedLoop'
================================================================
* Date:           Mon Sep 15 15:50:06 2025

* Version:        2024.2 (Build 5238294 on Nov  8 2024)
* Project:        run_model
* Solution:       hls (Vivado IP Flow Target)
* Product family: zynq
* Target device:  xc7z020-clg400-3


================================================================
== Performance Estimates
================================================================
+ Timing: 
    * Summary: 
    +--------+----------+----------+------------+
    |  Clock |  Target  | Estimated| Uncertainty|
    +--------+----------+----------+------------+
    |ap_clk  |  10.00 ns|  4.228 ns|     2.00 ns|
    +--------+----------+----------+------------+

+ Latency: 
    * Summary: 
    +---------+---------+----------+----------+-----+-----+------------------------------------------------+
    |  Latency (cycles) |  Latency (absolute) |  Interval |                    Pipeline                    |
    |   min   |   max   |    min   |    max   | min | max |                      Type                      |
    +---------+---------+----------+----------+-----+-----+------------------------------------------------+
    |       34|       34|  0.340 us|  0.340 us|   33|   33|  loop auto-rewind stp (delay=0 clock cycles(s))|
    +---------+---------+----------+----------+-----+-----+------------------------------------------------+

    + Detail: 
        * Instance: 
        N/A

        * Loop: 
        +--------------+---------+---------+----------+-----------+-----------+------+----------+
        |              |  Latency (cycles) | Iteration|  Initiation Interval  | Trip |          |
        |   Loop Name  |   min   |   max   |  Latency |  achieved |   target  | Count| Pipelined|
        +--------------+---------+---------+----------+-----------+-----------+------+----------+
        |- MergedLoop  |       32|       32|         1|          1|          1|    32|       yes|
        +--------------+---------+---------+----------+-----------+-----------+------+----------+

============================================================
+ Verbose Summary: Synthesis Manager
============================================================
InlineROM: 1
ExposeGlobal: 0
============================================================
+ Verbose Summary: CDFG Model
============================================================
IsTopModel: 0
ResetActiveHigh: 1
IsCombinational: 0
IsDatapathOnly: 0
HasWiredReturn: 1
HasMFsm: 2
HasVarLatency: 1
IsPipeline: 0
IsRtlPipelined: 0
IsInstanceOverlapped: 0
IsDontTouch: 0
HasImplIP: 0
IsGatedGlobalClock: 0

+ Individual pipeline summary: 
  * Pipeline-0: initiation interval (II) = 1, depth = 1


============================================================
+ Verbose Summary: Schedule
============================================================
* Number of FSM states : 1
* Pipeline : 1
  Pipeline-0 : II = 1, D = 1, States = { 1 }
* Dataflow Pipeline: 0

* FSM state transitions: 
1 --> 

* FSM state operations: 

State 1 <SV = 0> <Delay = 4.22>
ST_1 : Operation 4 [1/1] (0.00ns)   --->   "%j = alloca i32 1" [../main_5_slices.cpp:289]   --->   Operation 4 'alloca' 'j' <Predicate = true> <Delay = 0.00>
ST_1 : Operation 5 [1/1] (1.14ns)   --->   "%store_ln289 = store i6 0, i6 %j" [../main_5_slices.cpp:289]   --->   Operation 5 'store' 'store_ln289' <Predicate = true> <Delay = 1.14>
ST_1 : Operation 6 [1/1] (0.00ns)   --->   "%br_ln0 = br void %for.inc"   --->   Operation 6 'br' 'br_ln0' <Predicate = true> <Delay = 0.00>
ST_1 : Operation 7 [1/1] (0.00ns)   --->   "%j_5 = load i6 %j" [../main_5_slices.cpp:290]   --->   Operation 7 'load' 'j_5' <Predicate = true> <Delay = 0.00>
ST_1 : Operation 8 [1/1] (1.51ns)   --->   "%icmp_ln290 = icmp_eq  i6 %j_5, i6 32" [../main_5_slices.cpp:290]   --->   Operation 8 'icmp' 'icmp_ln290' <Predicate = true> <Delay = 1.51> <CoreInst = "Cmp">   --->   Core 9 'Cmp' <Latency = 0> <II = 1> <Delay = 1.51> <FuncUnit> <Opcode : 'seteq' 'setne' 'setle' 'setge' 'setlt' 'setgt'> <InPorts = 2> <OutPorts = 1>
ST_1 : Operation 9 [1/1] (1.51ns)   --->   "%add_ln290 = add i6 %j_5, i6 1" [../main_5_slices.cpp:290]   --->   Operation 9 'add' 'add_ln290' <Predicate = true> <Delay = 1.51> <CoreInst = "Adder">   --->   Core 1 'Adder' <Latency = 0> <II = 1> <Delay = 1.51> <FuncUnit> <Opcode : 'add' 'sub'> <InPorts = 2> <OutPorts = 1>
ST_1 : Operation 10 [1/1] (0.00ns)   --->   "%br_ln290 = br i1 %icmp_ln290, void %for.inc.split, void %for.end.exitStub" [../main_5_slices.cpp:290]   --->   Operation 10 'br' 'br_ln290' <Predicate = true> <Delay = 0.00>
ST_1 : Operation 11 [1/1] (0.00ns)   --->   "%zext_ln290 = zext i6 %j_5" [../main_5_slices.cpp:290]   --->   Operation 11 'zext' 'zext_ln290' <Predicate = (!icmp_ln290)> <Delay = 0.00>
ST_1 : Operation 12 [1/1] (0.00ns)   --->   "%specpipeline_ln289 = specpipeline void @_ssdm_op_SpecPipeline, i32 4294967295, i32 0, i32 0, i32 0, void @empty_18" [../main_5_slices.cpp:289]   --->   Operation 12 'specpipeline' 'specpipeline_ln289' <Predicate = (!icmp_ln290)> <Delay = 0.00>
ST_1 : Operation 13 [1/1] (0.00ns)   --->   "%speclooptripcount_ln289 = speclooptripcount void @_ssdm_op_SpecLoopTripCount, i64 32, i64 32, i64 32" [../main_5_slices.cpp:289]   --->   Operation 13 'speclooptripcount' 'speclooptripcount_ln289' <Predicate = (!icmp_ln290)> <Delay = 0.00>
ST_1 : Operation 14 [1/1] (0.00ns)   --->   "%specloopname_ln290 = specloopname void @_ssdm_op_SpecLoopName, void @empty_5" [../main_5_slices.cpp:290]   --->   Operation 14 'specloopname' 'specloopname_ln290' <Predicate = (!icmp_ln290)> <Delay = 0.00>
ST_1 : Operation 15 [1/1] (0.00ns)   --->   "%merged_addr = getelementptr i16 %merged, i64 0, i64 %zext_ln290" [../main_5_slices.cpp:291]   --->   Operation 15 'getelementptr' 'merged_addr' <Predicate = (!icmp_ln290)> <Delay = 0.00>
ST_1 : Operation 16 [1/1] ( I:1.56ns O:1.56ns )   --->   "%store_ln291 = store i16 0, i5 %merged_addr" [../main_5_slices.cpp:291]   --->   Operation 16 'store' 'store_ln291' <Predicate = (!icmp_ln290)> <Delay = 1.56> <CoreInst = "RAM">   --->   Core 81 'RAM' <Latency = 1> <II = 1> <Delay = 1.56> <Storage> <Opcode : 'load' 'store'> <Ports = 2> <Width = 16> <Depth = 32> <RAM>
ST_1 : Operation 17 [1/1] (1.14ns)   --->   "%store_ln289 = store i6 %add_ln290, i6 %j" [../main_5_slices.cpp:289]   --->   Operation 17 'store' 'store_ln289' <Predicate = (!icmp_ln290)> <Delay = 1.14>
ST_1 : Operation 18 [1/1] (0.00ns)   --->   "%br_ln290 = br void %for.inc" [../main_5_slices.cpp:290]   --->   Operation 18 'br' 'br_ln290' <Predicate = (!icmp_ln290)> <Delay = 0.00>
ST_1 : Operation 19 [1/1] (1.14ns)   --->   "%ret_ln0 = ret"   --->   Operation 19 'ret' 'ret_ln0' <Predicate = (icmp_ln290)> <Delay = 1.14>


============================================================
+ Verbose Summary: Timing violations
============================================================
Target clock period: 10.000ns, clock uncertainty: 2.000ns.

 <State 1>: 4.228ns
The critical path consists of the following:
	'store' operation 0 bit ('store_ln289', ../main_5_slices.cpp:289) of constant 0 on local variable 'j', ../main_5_slices.cpp:289 [3]  (1.146 ns)
	'load' operation 6 bit ('j', ../main_5_slices.cpp:290) on local variable 'j', ../main_5_slices.cpp:289 [6]  (0.000 ns)
	'icmp' operation 1 bit ('icmp_ln290', ../main_5_slices.cpp:290) [7]  (1.516 ns)
	'store' operation 0 bit ('store_ln291', ../main_5_slices.cpp:291) of constant 0 on array 'merged' [16]  (1.566 ns)


============================================================
+ Verbose Summary: Binding
============================================================
N/A
* FSMD analyzer results:
  - Output states:
 - Input state : 
  - Chain level:
	State 1


============================================================
+ Verbose Summary: Datapath Resource usage 
============================================================
N/A
