

================================================================
== Vitis HLS Report for 'run_model'
================================================================
* Date:           Mon Sep 15 15:50:10 2025

* Version:        2024.2 (Build 5238294 on Nov  8 2024)
* Project:        run_model
* Solution:       hls (Vivado IP Flow Target)
* Product family: zynq
* Target device:  xc7z020-clg400-3


================================================================
== Performance Estimates
================================================================
+ Timing: 
    * Summary: 
    +--------+----------+----------+------------+
    |  Clock |  Target  | Estimated| Uncertainty|
    +--------+----------+----------+------------+
    |ap_clk  |  10.00 ns|  7.847 ns|     2.00 ns|
    +--------+----------+----------+------------+

+ Latency: 
    * Summary: 
    +----------+----------+-----------+-----------+----------+----------+---------+
    |   Latency (cycles)  |   Latency (absolute)  |       Interval      | Pipeline|
    |    min   |    max   |    min    |    max    |    min   |    max   |   Type  |
    +----------+----------+-----------+-----------+----------+----------+---------+
    |  40163807|  40208087|  0.402 sec|  0.402 sec|  40163808|  40208088|       no|
    +----------+----------+-----------+-----------+----------+----------+---------+

    + Detail: 
        * Instance: 
        N/A

        * Loop: 
        +---------------------------------+---------+---------+----------+-----------+-----------+-------+----------+
        |                                 |  Latency (cycles) | Iteration|  Initiation Interval  |  Trip |          |
        |            Loop Name            |   min   |   max   |  Latency |  achieved |   target  | Count | Pipelined|
        +---------------------------------+---------+---------+----------+-----------+-----------+-------+----------+
        |- OuterLoopDense_InnerLoopDense  |    16392|    16392|        13|          4|          1|   4096|       yes|
        |- OuterLoopDense_InnerLoopDense  |    65544|    65544|        13|          4|          1|  16384|       yes|
        +---------------------------------+---------+---------+----------+-----------+-----------+-------+----------+

============================================================
+ Verbose Summary: Synthesis Manager
============================================================
InlineROM: 1
ExposeGlobal: 0
============================================================
+ Verbose Summary: CDFG Model
============================================================
IsTopModel: 1
ResetActiveHigh: 1
IsCombinational: 0
IsDatapathOnly: 0
HasWiredReturn: 1
HasMFsm: 2
HasVarLatency: 1
IsPipeline: 0
IsRtlPipelined: 0
IsInstanceOverlapped: 0
IsDontTouch: 0
HasImplIP: 0
IsGatedGlobalClock: 0

+ Individual pipeline summary: 
  * Pipeline-0: initiation interval (II) = 4, depth = 13
  * Pipeline-1: initiation interval (II) = 4, depth = 13


============================================================
+ Verbose Summary: Schedule
============================================================
* Number of FSM states : 36
* Pipeline : 2
  Pipeline-0 : II = 4, D = 13, States = { 3 4 5 6 7 8 9 10 11 12 13 14 15 }
  Pipeline-1 : II = 4, D = 13, States = { 20 21 22 23 24 25 26 27 28 29 30 31 32 }
* Dataflow Pipeline: 0

* FSM state transitions: 
1 --> 2 
2 --> 3 
3 --> 16 4 
4 --> 5 
5 --> 6 
6 --> 7 
7 --> 8 
8 --> 9 
9 --> 10 
10 --> 11 
11 --> 12 
12 --> 13 
13 --> 14 
14 --> 15 
15 --> 3 
16 --> 17 
17 --> 18 
18 --> 19 
19 --> 20 
20 --> 33 21 
21 --> 22 
22 --> 23 
23 --> 24 
24 --> 25 
25 --> 26 
26 --> 27 
27 --> 28 
28 --> 29 
29 --> 30 
30 --> 31 
31 --> 32 
32 --> 20 
33 --> 34 
34 --> 35 
35 --> 36 
36 --> 

* FSM state operations: 

State 1 <SV = 0> <Delay = 1.14>
ST_1 : Operation 37 [1/1] (0.00ns)   --->   "%acc = alloca i32 1" [../main_5_slices.cpp:208->../main_5_slices.cpp:375]   --->   Operation 37 'alloca' 'acc' <Predicate = true> <Delay = 0.00>
ST_1 : Operation 38 [1/1] (0.00ns)   --->   "%i = alloca i32 1" [../main_5_slices.cpp:212->../main_5_slices.cpp:375]   --->   Operation 38 'alloca' 'i' <Predicate = true> <Delay = 0.00>
ST_1 : Operation 39 [1/1] (0.00ns)   --->   "%j_2 = alloca i32 1" [../main_5_slices.cpp:209->../main_5_slices.cpp:375]   --->   Operation 39 'alloca' 'j_2' <Predicate = true> <Delay = 0.00>
ST_1 : Operation 40 [1/1] (0.00ns)   --->   "%indvar_flatten = alloca i32 1"   --->   Operation 40 'alloca' 'indvar_flatten' <Predicate = true> <Delay = 0.00>
ST_1 : Operation 41 [1/1] (0.00ns)   --->   "%merged = alloca i64 1" [../main_5_slices.cpp:367]   --->   Operation 41 'alloca' 'merged' <Predicate = true> <Delay = 0.00> <CoreInst = "RAM">   --->   Core 81 'RAM' <Latency = 1> <II = 1> <Delay = 1.56> <Storage> <Opcode : 'load' 'store'> <Ports = 2> <Width = 16> <Depth = 32> <RAM>
ST_1 : Operation 42 [1/1] (0.00ns)   --->   "%z0 = alloca i64 1" [../main_5_slices.cpp:374]   --->   Operation 42 'alloca' 'z0' <Predicate = true> <Delay = 0.00> <CoreInst = "RAM">   --->   Core 81 'RAM' <Latency = 3> <II = 1> <Delay = 1.20> <Storage> <Opcode : 'load' 'store'> <Ports = 2> <Width = 16> <Depth = 128> <RAM>
ST_1 : Operation 43 [1/1] (0.00ns)   --->   "%z1 = alloca i64 1" [../main_5_slices.cpp:379]   --->   Operation 43 'alloca' 'z1' <Predicate = true> <Delay = 0.00> <CoreInst = "RAM">   --->   Core 81 'RAM' <Latency = 3> <II = 1> <Delay = 1.20> <Storage> <Opcode : 'load' 'store'> <Ports = 2> <Width = 16> <Depth = 128> <RAM>
ST_1 : Operation 44 [2/2] (0.00ns)   --->   "%call_ln369 = call void @run_all_slices_unrolled, i16 %merged, i16 %h_slice, i16 %c_slice, i16 %U_slice, i16 %LSTM_W_ifog0, i16 %LSTM_R_ifog0, i16 %BN2_var0, i16 %BN2_gamma0, i16 %X_slice12, i16 %ConvW1, i16 %LSTM_W_ifog1, i16 %LSTM_R_ifog1, i16 %BN2_var1, i16 %BN2_gamma1, i16 %X_slice27, i16 %ConvW2, i16 %LSTM_W_ifog2, i16 %LSTM_R_ifog2, i16 %BN2_var2, i16 %BN2_gamma2, i16 %X_slice42, i16 %ConvW3, i16 %LSTM_W_ifog3, i16 %LSTM_R_ifog3, i16 %BN2_var3, i16 %BN2_gamma3, i16 %X_slice57, i16 %ConvW4, i16 %LSTM_W_ifog4, i16 %LSTM_R_ifog4, i16 %BN2_var4, i16 %BN2_gamma4" [../main_5_slices.cpp:369]   --->   Operation 44 'call' 'call_ln369' <Predicate = true> <Delay = 0.00> <CoreType = "Generic">   --->   Generic Core
ST_1 : Operation 45 [1/1] (1.14ns)   --->   "%store_ln0 = store i13 0, i13 %indvar_flatten"   --->   Operation 45 'store' 'store_ln0' <Predicate = true> <Delay = 1.14>
ST_1 : Operation 46 [1/1] (1.14ns)   --->   "%store_ln209 = store i8 0, i8 %j_2" [../main_5_slices.cpp:209->../main_5_slices.cpp:375]   --->   Operation 46 'store' 'store_ln209' <Predicate = true> <Delay = 1.14>
ST_1 : Operation 47 [1/1] (1.14ns)   --->   "%store_ln212 = store i6 0, i6 %i" [../main_5_slices.cpp:212->../main_5_slices.cpp:375]   --->   Operation 47 'store' 'store_ln212' <Predicate = true> <Delay = 1.14>
ST_1 : Operation 48 [1/1] (1.14ns)   --->   "%store_ln208 = store i16 0, i16 %acc" [../main_5_slices.cpp:208->../main_5_slices.cpp:375]   --->   Operation 48 'store' 'store_ln208' <Predicate = true> <Delay = 1.14>

State 2 <SV = 1> <Delay = 0.00>
ST_2 : Operation 49 [1/1] (0.00ns)   --->   "%spectopmodule_ln365 = spectopmodule void @_ssdm_op_SpecTopModule, void @empty_14" [../main_5_slices.cpp:365]   --->   Operation 49 'spectopmodule' 'spectopmodule_ln365' <Predicate = true> <Delay = 0.00>
ST_2 : Operation 50 [1/1] (0.00ns)   --->   "%specbitsmap_ln0 = specbitsmap void @_ssdm_op_SpecBitsMap, i16 %y_hat_out"   --->   Operation 50 'specbitsmap' 'specbitsmap_ln0' <Predicate = true> <Delay = 0.00>
ST_2 : Operation 51 [1/1] (0.00ns)   --->   "%specinterface_ln0 = specinterface void @_ssdm_op_SpecInterface, i16 %y_hat_out, void @empty_1, i32 0, i32 0, void @empty_18, i32 0, i32 0, void @empty_18, void @empty_18, void @empty_18, i32 0, i32 0, i32 0, i32 0, void @empty_18, void @empty_18, i32 4294967295, i32 0, i32 0"   --->   Operation 51 'specinterface' 'specinterface_ln0' <Predicate = true> <Delay = 0.00>
ST_2 : Operation 52 [1/2] (0.00ns)   --->   "%call_ln369 = call void @run_all_slices_unrolled, i16 %merged, i16 %h_slice, i16 %c_slice, i16 %U_slice, i16 %LSTM_W_ifog0, i16 %LSTM_R_ifog0, i16 %BN2_var0, i16 %BN2_gamma0, i16 %X_slice12, i16 %ConvW1, i16 %LSTM_W_ifog1, i16 %LSTM_R_ifog1, i16 %BN2_var1, i16 %BN2_gamma1, i16 %X_slice27, i16 %ConvW2, i16 %LSTM_W_ifog2, i16 %LSTM_R_ifog2, i16 %BN2_var2, i16 %BN2_gamma2, i16 %X_slice42, i16 %ConvW3, i16 %LSTM_W_ifog3, i16 %LSTM_R_ifog3, i16 %BN2_var3, i16 %BN2_gamma3, i16 %X_slice57, i16 %ConvW4, i16 %LSTM_W_ifog4, i16 %LSTM_R_ifog4, i16 %BN2_var4, i16 %BN2_gamma4" [../main_5_slices.cpp:369]   --->   Operation 52 'call' 'call_ln369' <Predicate = true> <Delay = 0.00> <CoreType = "Generic">   --->   Generic Core
ST_2 : Operation 53 [1/1] (0.00ns)   --->   "%br_ln209 = br void %for.inc.i" [../main_5_slices.cpp:209->../main_5_slices.cpp:375]   --->   Operation 53 'br' 'br_ln209' <Predicate = true> <Delay = 0.00>

State 3 <SV = 2> <Delay = 5.41>
ST_3 : Operation 54 [1/1] (0.00ns)   --->   "%indvar_flatten_load = load i13 %indvar_flatten" [../main_5_slices.cpp:209->../main_5_slices.cpp:375]   --->   Operation 54 'load' 'indvar_flatten_load' <Predicate = true> <Delay = 0.00>
ST_3 : Operation 55 [1/1] (0.00ns)   --->   "%specpipeline_ln210 = specpipeline void @_ssdm_op_SpecPipeline, i32 0, i32 0, i32 1, i32 0, void @empty_18" [../main_5_slices.cpp:210->../main_5_slices.cpp:375]   --->   Operation 55 'specpipeline' 'specpipeline_ln210' <Predicate = true> <Delay = 0.00>
ST_3 : Operation 56 [1/1] (1.63ns)   --->   "%icmp_ln209 = icmp_eq  i13 %indvar_flatten_load, i13 4096" [../main_5_slices.cpp:209->../main_5_slices.cpp:375]   --->   Operation 56 'icmp' 'icmp_ln209' <Predicate = true> <Delay = 1.63> <CoreInst = "Cmp">   --->   Core 9 'Cmp' <Latency = 0> <II = 1> <Delay = 1.63> <FuncUnit> <Opcode : 'seteq' 'setne' 'setle' 'setge' 'setlt' 'setgt'> <InPorts = 2> <OutPorts = 1>
ST_3 : Operation 57 [1/1] (1.63ns)   --->   "%add_ln209 = add i13 %indvar_flatten_load, i13 1" [../main_5_slices.cpp:209->../main_5_slices.cpp:375]   --->   Operation 57 'add' 'add_ln209' <Predicate = true> <Delay = 1.63> <CoreInst = "Adder">   --->   Core 1 'Adder' <Latency = 0> <II = 1> <Delay = 1.63> <FuncUnit> <Opcode : 'add' 'sub'> <InPorts = 2> <OutPorts = 1>
ST_3 : Operation 58 [1/1] (0.00ns)   --->   "%br_ln209 = br i1 %icmp_ln209, void %for.inc13.i, void %for.body.i.preheader" [../main_5_slices.cpp:209->../main_5_slices.cpp:375]   --->   Operation 58 'br' 'br_ln209' <Predicate = true> <Delay = 0.00>
ST_3 : Operation 59 [1/1] (0.00ns)   --->   "%i_load = load i6 %i" [../main_5_slices.cpp:212->../main_5_slices.cpp:375]   --->   Operation 59 'load' 'i_load' <Predicate = (!icmp_ln209)> <Delay = 0.00>
ST_3 : Operation 60 [1/1] (0.00ns)   --->   "%j_2_load = load i8 %j_2" [../main_5_slices.cpp:209->../main_5_slices.cpp:375]   --->   Operation 60 'load' 'j_2_load' <Predicate = (!icmp_ln209)> <Delay = 0.00>
ST_3 : Operation 61 [1/1] (1.51ns)   --->   "%icmp_ln212 = icmp_eq  i6 %i_load, i6 32" [../main_5_slices.cpp:212->../main_5_slices.cpp:375]   --->   Operation 61 'icmp' 'icmp_ln212' <Predicate = (!icmp_ln209)> <Delay = 1.51> <CoreInst = "Cmp">   --->   Core 9 'Cmp' <Latency = 0> <II = 1> <Delay = 1.51> <FuncUnit> <Opcode : 'seteq' 'setne' 'setle' 'setge' 'setlt' 'setgt'> <InPorts = 2> <OutPorts = 1>
ST_3 : Operation 62 [1/1] (0.86ns)   --->   "%select_ln210 = select i1 %icmp_ln212, i6 0, i6 %i_load" [../main_5_slices.cpp:210->../main_5_slices.cpp:375]   --->   Operation 62 'select' 'select_ln210' <Predicate = (!icmp_ln209)> <Delay = 0.86> <CoreInst = "Sel">   --->   Core 73 'Sel' <Latency = 0> <II = 1> <Delay = 0.86> <FuncUnit> <Opcode : 'select'> <InPorts = 3> <OutPorts = 1>
ST_3 : Operation 63 [1/1] (1.62ns)   --->   "%add_ln209_1 = add i8 %j_2_load, i8 1" [../main_5_slices.cpp:209->../main_5_slices.cpp:375]   --->   Operation 63 'add' 'add_ln209_1' <Predicate = (!icmp_ln209)> <Delay = 1.62> <CoreInst = "Adder">   --->   Core 1 'Adder' <Latency = 0> <II = 1> <Delay = 1.62> <FuncUnit> <Opcode : 'add' 'sub'> <InPorts = 2> <OutPorts = 1>
ST_3 : Operation 64 [1/1] (0.93ns)   --->   "%select_ln209 = select i1 %icmp_ln212, i8 %add_ln209_1, i8 %j_2_load" [../main_5_slices.cpp:209->../main_5_slices.cpp:375]   --->   Operation 64 'select' 'select_ln209' <Predicate = (!icmp_ln209)> <Delay = 0.93> <CoreInst = "Sel">   --->   Core 73 'Sel' <Latency = 0> <II = 1> <Delay = 0.93> <FuncUnit> <Opcode : 'select'> <InPorts = 3> <OutPorts = 1>
ST_3 : Operation 65 [1/1] (0.00ns)   --->   "%zext_ln209 = zext i8 %select_ln209" [../main_5_slices.cpp:209->../main_5_slices.cpp:375]   --->   Operation 65 'zext' 'zext_ln209' <Predicate = (!icmp_ln209)> <Delay = 0.00>
ST_3 : Operation 66 [1/1] (0.00ns)   --->   "%zext_ln209_1 = zext i8 %select_ln209" [../main_5_slices.cpp:209->../main_5_slices.cpp:375]   --->   Operation 66 'zext' 'zext_ln209_1' <Predicate = (!icmp_ln209)> <Delay = 0.00>
ST_3 : Operation 67 [1/1] (0.00ns)   --->   "%zext_ln212 = zext i6 %select_ln210" [../main_5_slices.cpp:212->../main_5_slices.cpp:375]   --->   Operation 67 'zext' 'zext_ln212' <Predicate = (!icmp_ln209)> <Delay = 0.00>
ST_3 : Operation 68 [1/1] (0.00ns)   --->   "%x_addr = getelementptr i16 %merged, i64 0, i64 %zext_ln212" [../main_5_slices.cpp:214->../main_5_slices.cpp:375]   --->   Operation 68 'getelementptr' 'x_addr' <Predicate = (!icmp_ln209)> <Delay = 0.00>
ST_3 : Operation 69 [2/2] (1.56ns)   --->   "%x_load = load i5 %x_addr" [../main_5_slices.cpp:214->../main_5_slices.cpp:375]   --->   Operation 69 'load' 'x_load' <Predicate = (!icmp_ln209)> <Delay = 1.56> <CoreInst = "RAM">   --->   Core 81 'RAM' <Latency = 1> <II = 1> <Delay = 1.56> <Storage> <Opcode : 'load' 'store'> <Ports = 2> <Width = 16> <Depth = 32> <RAM>
ST_3 : Operation 70 [1/1] (0.00ns)   --->   "%trunc_ln214 = trunc i6 %select_ln210" [../main_5_slices.cpp:214->../main_5_slices.cpp:375]   --->   Operation 70 'trunc' 'trunc_ln214' <Predicate = (!icmp_ln209)> <Delay = 0.00>
ST_3 : Operation 71 [1/1] (0.00ns)   --->   "%shl_ln = bitconcatenate i12 @_ssdm_op_BitConcatenate.i12.i5.i7, i5 %trunc_ln214, i7 0" [../main_5_slices.cpp:214->../main_5_slices.cpp:375]   --->   Operation 71 'bitconcatenate' 'shl_ln' <Predicate = (!icmp_ln209)> <Delay = 0.00>
ST_3 : Operation 72 [1/1] (1.63ns)   --->   "%add_ln214 = add i12 %shl_ln, i12 %zext_ln209_1" [../main_5_slices.cpp:214->../main_5_slices.cpp:375]   --->   Operation 72 'add' 'add_ln214' <Predicate = (!icmp_ln209)> <Delay = 1.63> <CoreInst = "Adder">   --->   Core 1 'Adder' <Latency = 0> <II = 1> <Delay = 1.63> <FuncUnit> <Opcode : 'add' 'sub'> <InPorts = 2> <OutPorts = 1>
ST_3 : Operation 73 [1/1] (0.00ns)   --->   "%zext_ln214 = zext i12 %add_ln214" [../main_5_slices.cpp:214->../main_5_slices.cpp:375]   --->   Operation 73 'zext' 'zext_ln214' <Predicate = (!icmp_ln209)> <Delay = 0.00>
ST_3 : Operation 74 [1/1] (0.00ns)   --->   "%fc_0_W_addr = getelementptr i16 %fc_0_W, i64 0, i64 %zext_ln214" [../main_5_slices.cpp:214->../main_5_slices.cpp:375]   --->   Operation 74 'getelementptr' 'fc_0_W_addr' <Predicate = (!icmp_ln209)> <Delay = 0.00>
ST_3 : Operation 75 [4/4] (1.20ns)   --->   "%fc_0_W_load = load i12 %fc_0_W_addr" [../main_5_slices.cpp:214->../main_5_slices.cpp:375]   --->   Operation 75 'load' 'fc_0_W_load' <Predicate = (!icmp_ln209)> <Delay = 1.20> <CoreInst = "ROM">   --->   Core 94 'ROM' <Latency = 3> <II = 1> <Delay = 1.20> <Storage> <Opcode : 'load'> <Ports = 0> <Width = 16> <Depth = 4096> <ROM>
ST_3 : Operation 76 [1/1] (1.51ns)   --->   "%add_ln212 = add i6 %select_ln210, i6 1" [../main_5_slices.cpp:212->../main_5_slices.cpp:375]   --->   Operation 76 'add' 'add_ln212' <Predicate = (!icmp_ln209)> <Delay = 1.51> <CoreInst = "Adder">   --->   Core 1 'Adder' <Latency = 0> <II = 1> <Delay = 1.51> <FuncUnit> <Opcode : 'add' 'sub'> <InPorts = 2> <OutPorts = 1>
ST_3 : Operation 77 [1/1] (1.51ns)   --->   "%icmp_ln212_1 = icmp_eq  i6 %add_ln212, i6 32" [../main_5_slices.cpp:212->../main_5_slices.cpp:375]   --->   Operation 77 'icmp' 'icmp_ln212_1' <Predicate = (!icmp_ln209)> <Delay = 1.51> <CoreInst = "Cmp">   --->   Core 9 'Cmp' <Latency = 0> <II = 1> <Delay = 1.51> <FuncUnit> <Opcode : 'seteq' 'setne' 'setle' 'setge' 'setlt' 'setgt'> <InPorts = 2> <OutPorts = 1>
ST_3 : Operation 78 [1/1] (0.00ns)   --->   "%y_addr = getelementptr i16 %z0, i64 0, i64 %zext_ln209" [../main_5_slices.cpp:216->../main_5_slices.cpp:375]   --->   Operation 78 'getelementptr' 'y_addr' <Predicate = (!icmp_ln209)> <Delay = 0.00>
ST_3 : Operation 79 [1/1] (0.00ns)   --->   "%br_ln212 = br i1 %icmp_ln212_1, void %new.latch.for.inc.split.i, void %last.iter.for.inc.split.i" [../main_5_slices.cpp:212->../main_5_slices.cpp:375]   --->   Operation 79 'br' 'br_ln212' <Predicate = (!icmp_ln209)> <Delay = 0.00>
ST_3 : Operation 80 [1/1] (1.14ns)   --->   "%store_ln209 = store i13 %add_ln209, i13 %indvar_flatten" [../main_5_slices.cpp:209->../main_5_slices.cpp:375]   --->   Operation 80 'store' 'store_ln209' <Predicate = (!icmp_ln209)> <Delay = 1.14>
ST_3 : Operation 81 [1/1] (1.14ns)   --->   "%store_ln209 = store i8 %select_ln209, i8 %j_2" [../main_5_slices.cpp:209->../main_5_slices.cpp:375]   --->   Operation 81 'store' 'store_ln209' <Predicate = (!icmp_ln209)> <Delay = 1.14>
ST_3 : Operation 82 [1/1] (1.14ns)   --->   "%store_ln212 = store i6 %add_ln212, i6 %i" [../main_5_slices.cpp:212->../main_5_slices.cpp:375]   --->   Operation 82 'store' 'store_ln212' <Predicate = (!icmp_ln209)> <Delay = 1.14>

State 4 <SV = 3> <Delay = 1.56>
ST_4 : Operation 83 [1/2] ( I:1.56ns O:1.56ns )   --->   "%x_load = load i5 %x_addr" [../main_5_slices.cpp:214->../main_5_slices.cpp:375]   --->   Operation 83 'load' 'x_load' <Predicate = (!icmp_ln209)> <Delay = 1.56> <CoreInst = "RAM">   --->   Core 81 'RAM' <Latency = 1> <II = 1> <Delay = 1.56> <Storage> <Opcode : 'load' 'store'> <Ports = 2> <Width = 16> <Depth = 32> <RAM>
ST_4 : Operation 84 [3/4] (1.20ns)   --->   "%fc_0_W_load = load i12 %fc_0_W_addr" [../main_5_slices.cpp:214->../main_5_slices.cpp:375]   --->   Operation 84 'load' 'fc_0_W_load' <Predicate = (!icmp_ln209)> <Delay = 1.20> <CoreInst = "ROM">   --->   Core 94 'ROM' <Latency = 3> <II = 1> <Delay = 1.20> <Storage> <Opcode : 'load'> <Ports = 0> <Width = 16> <Depth = 4096> <ROM>

State 5 <SV = 4> <Delay = 0.00>
ST_5 : Operation 85 [2/4] (1.20ns)   --->   "%fc_0_W_load = load i12 %fc_0_W_addr" [../main_5_slices.cpp:214->../main_5_slices.cpp:375]   --->   Operation 85 'load' 'fc_0_W_load' <Predicate = (!icmp_ln209)> <Delay = 1.20> <CoreInst = "ROM">   --->   Core 94 'ROM' <Latency = 3> <II = 1> <Delay = 1.20> <Storage> <Opcode : 'load'> <Ports = 0> <Width = 16> <Depth = 4096> <ROM>

State 6 <SV = 5> <Delay = 5.90>
ST_6 : Operation 86 [1/4] ( I:1.20ns O:1.20ns )   --->   "%fc_0_W_load = load i12 %fc_0_W_addr" [../main_5_slices.cpp:214->../main_5_slices.cpp:375]   --->   Operation 86 'load' 'fc_0_W_load' <Predicate = (!icmp_ln209)> <Delay = 1.20> <CoreInst = "ROM">   --->   Core 94 'ROM' <Latency = 3> <II = 1> <Delay = 1.20> <Storage> <Opcode : 'load'> <Ports = 0> <Width = 16> <Depth = 4096> <ROM>
ST_6 : Operation 87 [4/4] (4.70ns)   --->   "%mul9_i = hmul i16 %x_load, i16 %fc_0_W_load" [../main_5_slices.cpp:214->../main_5_slices.cpp:375]   --->   Operation 87 'hmul' 'mul9_i' <Predicate = (!icmp_ln209)> <Delay = 4.70> <CoreInst = "HMul_maxdsp">   --->   Core 60 'HMul_maxdsp' <Latency = 3> <II = 1> <Delay = 4.70> <FuncUnit> <Opcode : 'hmul'> <InPorts = 2> <OutPorts = 1>

State 7 <SV = 6> <Delay = 4.70>
ST_7 : Operation 88 [3/4] (4.70ns)   --->   "%mul9_i = hmul i16 %x_load, i16 %fc_0_W_load" [../main_5_slices.cpp:214->../main_5_slices.cpp:375]   --->   Operation 88 'hmul' 'mul9_i' <Predicate = true> <Delay = 4.70> <CoreInst = "HMul_maxdsp">   --->   Core 60 'HMul_maxdsp' <Latency = 3> <II = 1> <Delay = 4.70> <FuncUnit> <Opcode : 'hmul'> <InPorts = 2> <OutPorts = 1>

State 8 <SV = 7> <Delay = 4.70>
ST_8 : Operation 89 [2/4] (4.70ns)   --->   "%mul9_i = hmul i16 %x_load, i16 %fc_0_W_load" [../main_5_slices.cpp:214->../main_5_slices.cpp:375]   --->   Operation 89 'hmul' 'mul9_i' <Predicate = true> <Delay = 4.70> <CoreInst = "HMul_maxdsp">   --->   Core 60 'HMul_maxdsp' <Latency = 3> <II = 1> <Delay = 4.70> <FuncUnit> <Opcode : 'hmul'> <InPorts = 2> <OutPorts = 1>

State 9 <SV = 8> <Delay = 4.70>
ST_9 : Operation 90 [1/4] (4.70ns)   --->   "%mul9_i = hmul i16 %x_load, i16 %fc_0_W_load" [../main_5_slices.cpp:214->../main_5_slices.cpp:375]   --->   Operation 90 'hmul' 'mul9_i' <Predicate = true> <Delay = 4.70> <CoreInst = "HMul_maxdsp">   --->   Core 60 'HMul_maxdsp' <Latency = 3> <II = 1> <Delay = 4.70> <FuncUnit> <Opcode : 'hmul'> <InPorts = 2> <OutPorts = 1>

State 10 <SV = 9> <Delay = 5.94>
ST_10 : Operation 91 [1/1] (0.00ns)   --->   "%acc_load = load i16 %acc" [../main_5_slices.cpp:210->../main_5_slices.cpp:375]   --->   Operation 91 'load' 'acc_load' <Predicate = (!icmp_ln212)> <Delay = 0.00>
ST_10 : Operation 92 [1/1] (0.51ns)   --->   "%select_ln210_1 = select i1 %icmp_ln212, i16 0, i16 %acc_load" [../main_5_slices.cpp:210->../main_5_slices.cpp:375]   --->   Operation 92 'select' 'select_ln210_1' <Predicate = true> <Delay = 0.51> <CoreInst = "Sel">   --->   Core 73 'Sel' <Latency = 0> <II = 1> <Delay = 0.51> <FuncUnit> <Opcode : 'select'> <InPorts = 3> <OutPorts = 1>
ST_10 : Operation 93 [5/5] (5.42ns)   --->   "%acc_1 = hadd i16 %select_ln210_1, i16 %mul9_i" [../main_5_slices.cpp:214->../main_5_slices.cpp:375]   --->   Operation 93 'hadd' 'acc_1' <Predicate = true> <Delay = 5.42> <CoreInst = "HAddSub_fulldsp">   --->   Core 55 'HAddSub_fulldsp' <Latency = 4> <II = 1> <Delay = 5.42> <FuncUnit> <Opcode : 'hadd' 'hsub'> <InPorts = 2> <OutPorts = 1>

State 11 <SV = 10> <Delay = 5.42>
ST_11 : Operation 94 [4/5] (5.42ns)   --->   "%acc_1 = hadd i16 %select_ln210_1, i16 %mul9_i" [../main_5_slices.cpp:214->../main_5_slices.cpp:375]   --->   Operation 94 'hadd' 'acc_1' <Predicate = true> <Delay = 5.42> <CoreInst = "HAddSub_fulldsp">   --->   Core 55 'HAddSub_fulldsp' <Latency = 4> <II = 1> <Delay = 5.42> <FuncUnit> <Opcode : 'hadd' 'hsub'> <InPorts = 2> <OutPorts = 1>

State 12 <SV = 11> <Delay = 5.42>
ST_12 : Operation 95 [3/5] (5.42ns)   --->   "%acc_1 = hadd i16 %select_ln210_1, i16 %mul9_i" [../main_5_slices.cpp:214->../main_5_slices.cpp:375]   --->   Operation 95 'hadd' 'acc_1' <Predicate = true> <Delay = 5.42> <CoreInst = "HAddSub_fulldsp">   --->   Core 55 'HAddSub_fulldsp' <Latency = 4> <II = 1> <Delay = 5.42> <FuncUnit> <Opcode : 'hadd' 'hsub'> <InPorts = 2> <OutPorts = 1>

State 13 <SV = 12> <Delay = 5.42>
ST_13 : Operation 96 [2/5] (5.42ns)   --->   "%acc_1 = hadd i16 %select_ln210_1, i16 %mul9_i" [../main_5_slices.cpp:214->../main_5_slices.cpp:375]   --->   Operation 96 'hadd' 'acc_1' <Predicate = true> <Delay = 5.42> <CoreInst = "HAddSub_fulldsp">   --->   Core 55 'HAddSub_fulldsp' <Latency = 4> <II = 1> <Delay = 5.42> <FuncUnit> <Opcode : 'hadd' 'hsub'> <InPorts = 2> <OutPorts = 1>

State 14 <SV = 13> <Delay = 6.63>
ST_14 : Operation 97 [1/1] (0.00ns)   --->   "%specpipeline_ln210 = specpipeline void @_ssdm_op_SpecPipeline, i32 0, i32 0, i32 1, i32 0, void @empty_18" [../main_5_slices.cpp:210->../main_5_slices.cpp:375]   --->   Operation 97 'specpipeline' 'specpipeline_ln210' <Predicate = true> <Delay = 0.00>
ST_14 : Operation 98 [1/1] (0.00ns)   --->   "%specloopname_ln0 = specloopname void @_ssdm_op_SpecLoopName, void @OuterLoopDense_InnerLoopDense_str"   --->   Operation 98 'specloopname' 'specloopname_ln0' <Predicate = true> <Delay = 0.00>
ST_14 : Operation 99 [1/1] (0.00ns)   --->   "%speclooptripcount_ln0 = speclooptripcount void @_ssdm_op_SpecLoopTripCount, i64 4096, i64 4096, i64 4096"   --->   Operation 99 'speclooptripcount' 'speclooptripcount_ln0' <Predicate = true> <Delay = 0.00>
ST_14 : Operation 100 [1/1] (0.00ns)   --->   "%specpipeline_ln210 = specpipeline void @_ssdm_op_SpecPipeline, i32 0, i32 0, i32 1, i32 0, void @empty_18" [../main_5_slices.cpp:210->../main_5_slices.cpp:375]   --->   Operation 100 'specpipeline' 'specpipeline_ln210' <Predicate = true> <Delay = 0.00>
ST_14 : Operation 101 [1/1] (0.00ns)   --->   "%specpipeline_ln208 = specpipeline void @_ssdm_op_SpecPipeline, i32 4294967295, i32 0, i32 0, i32 0, void @empty_18" [../main_5_slices.cpp:208->../main_5_slices.cpp:375]   --->   Operation 101 'specpipeline' 'specpipeline_ln208' <Predicate = true> <Delay = 0.00>
ST_14 : Operation 102 [1/5] (5.42ns)   --->   "%acc_1 = hadd i16 %select_ln210_1, i16 %mul9_i" [../main_5_slices.cpp:214->../main_5_slices.cpp:375]   --->   Operation 102 'hadd' 'acc_1' <Predicate = true> <Delay = 5.42> <CoreInst = "HAddSub_fulldsp">   --->   Core 55 'HAddSub_fulldsp' <Latency = 4> <II = 1> <Delay = 5.42> <FuncUnit> <Opcode : 'hadd' 'hsub'> <InPorts = 2> <OutPorts = 1>
ST_14 : Operation 103 [2/2] (1.20ns)   --->   "%store_ln216 = store i16 %acc_1, i7 %y_addr" [../main_5_slices.cpp:216->../main_5_slices.cpp:375]   --->   Operation 103 'store' 'store_ln216' <Predicate = (icmp_ln212_1)> <Delay = 1.20> <CoreInst = "RAM">   --->   Core 81 'RAM' <Latency = 3> <II = 1> <Delay = 1.20> <Storage> <Opcode : 'load' 'store'> <Ports = 2> <Width = 16> <Depth = 128> <RAM>
ST_14 : Operation 104 [1/1] (1.14ns)   --->   "%store_ln208 = store i16 %acc_1, i16 %acc" [../main_5_slices.cpp:208->../main_5_slices.cpp:375]   --->   Operation 104 'store' 'store_ln208' <Predicate = true> <Delay = 1.14>
ST_14 : Operation 105 [1/1] (0.00ns)   --->   "%br_ln212 = br void %for.inc.i" [../main_5_slices.cpp:212->../main_5_slices.cpp:375]   --->   Operation 105 'br' 'br_ln212' <Predicate = true> <Delay = 0.00>

State 15 <SV = 14> <Delay = 1.20>
ST_15 : Operation 106 [1/2] ( I:1.20ns O:1.20ns )   --->   "%store_ln216 = store i16 %acc_1, i7 %y_addr" [../main_5_slices.cpp:216->../main_5_slices.cpp:375]   --->   Operation 106 'store' 'store_ln216' <Predicate = (icmp_ln212_1)> <Delay = 1.20> <CoreInst = "RAM">   --->   Core 81 'RAM' <Latency = 3> <II = 1> <Delay = 1.20> <Storage> <Opcode : 'load' 'store'> <Ports = 2> <Width = 16> <Depth = 128> <RAM>
ST_15 : Operation 107 [1/1] (0.00ns)   --->   "%br_ln212 = br void %new.latch.for.inc.split.i" [../main_5_slices.cpp:212->../main_5_slices.cpp:375]   --->   Operation 107 'br' 'br_ln212' <Predicate = (icmp_ln212_1)> <Delay = 0.00>

State 16 <SV = 3> <Delay = 1.14>
ST_16 : Operation 108 [1/1] (0.00ns)   --->   "%acc_2 = alloca i32 1" [../main_5_slices.cpp:208->../main_5_slices.cpp:380]   --->   Operation 108 'alloca' 'acc_2' <Predicate = true> <Delay = 0.00>
ST_16 : Operation 109 [1/1] (0.00ns)   --->   "%i_1 = alloca i32 1" [../main_5_slices.cpp:212->../main_5_slices.cpp:380]   --->   Operation 109 'alloca' 'i_1' <Predicate = true> <Delay = 0.00>
ST_16 : Operation 110 [1/1] (0.00ns)   --->   "%j = alloca i32 1" [../main_5_slices.cpp:209->../main_5_slices.cpp:380]   --->   Operation 110 'alloca' 'j' <Predicate = true> <Delay = 0.00>
ST_16 : Operation 111 [1/1] (0.00ns)   --->   "%indvar_flatten6 = alloca i32 1"   --->   Operation 111 'alloca' 'indvar_flatten6' <Predicate = true> <Delay = 0.00>
ST_16 : Operation 112 [2/2] (0.00ns)   --->   "%call_ln0 = call void @run_model_Pipeline_Loop_BN, i16 %z0, i16 %fc_0_bn_var, i16 %fc_0_bn_gamma"   --->   Operation 112 'call' 'call_ln0' <Predicate = true> <Delay = 0.00> <CoreType = "Generic">   --->   Generic Core
ST_16 : Operation 113 [1/1] (1.14ns)   --->   "%store_ln0 = store i15 0, i15 %indvar_flatten6"   --->   Operation 113 'store' 'store_ln0' <Predicate = true> <Delay = 1.14>
ST_16 : Operation 114 [1/1] (1.14ns)   --->   "%store_ln209 = store i8 0, i8 %j" [../main_5_slices.cpp:209->../main_5_slices.cpp:380]   --->   Operation 114 'store' 'store_ln209' <Predicate = true> <Delay = 1.14>
ST_16 : Operation 115 [1/1] (1.14ns)   --->   "%store_ln212 = store i8 0, i8 %i_1" [../main_5_slices.cpp:212->../main_5_slices.cpp:380]   --->   Operation 115 'store' 'store_ln212' <Predicate = true> <Delay = 1.14>
ST_16 : Operation 116 [1/1] (1.14ns)   --->   "%store_ln208 = store i16 0, i16 %acc_2" [../main_5_slices.cpp:208->../main_5_slices.cpp:380]   --->   Operation 116 'store' 'store_ln208' <Predicate = true> <Delay = 1.14>

State 17 <SV = 4> <Delay = 0.00>
ST_17 : Operation 117 [1/2] (0.00ns)   --->   "%call_ln0 = call void @run_model_Pipeline_Loop_BN, i16 %z0, i16 %fc_0_bn_var, i16 %fc_0_bn_gamma"   --->   Operation 117 'call' 'call_ln0' <Predicate = true> <Delay = 0.00> <CoreType = "Generic">   --->   Generic Core

State 18 <SV = 5> <Delay = 0.00>
ST_18 : Operation 118 [2/2] (0.00ns)   --->   "%call_ln0 = call void @run_model_Pipeline_ReLULoop1, i16 %z0"   --->   Operation 118 'call' 'call_ln0' <Predicate = true> <Delay = 0.00> <CoreType = "Generic">   --->   Generic Core

State 19 <SV = 6> <Delay = 0.00>
ST_19 : Operation 119 [1/2] (0.00ns)   --->   "%call_ln0 = call void @run_model_Pipeline_ReLULoop1, i16 %z0"   --->   Operation 119 'call' 'call_ln0' <Predicate = true> <Delay = 0.00> <CoreType = "Generic">   --->   Generic Core
ST_19 : Operation 120 [1/1] (0.00ns)   --->   "%br_ln210 = br void %for.inc.i9" [../main_5_slices.cpp:210->../main_5_slices.cpp:380]   --->   Operation 120 'br' 'br_ln210' <Predicate = true> <Delay = 0.00>

State 20 <SV = 7> <Delay = 5.81>
ST_20 : Operation 121 [1/1] (0.00ns)   --->   "%indvar_flatten6_load = load i15 %indvar_flatten6" [../main_5_slices.cpp:209->../main_5_slices.cpp:380]   --->   Operation 121 'load' 'indvar_flatten6_load' <Predicate = true> <Delay = 0.00>
ST_20 : Operation 122 [1/1] (0.00ns)   --->   "%specpipeline_ln210 = specpipeline void @_ssdm_op_SpecPipeline, i32 0, i32 0, i32 1, i32 0, void @empty_18" [../main_5_slices.cpp:210->../main_5_slices.cpp:380]   --->   Operation 122 'specpipeline' 'specpipeline_ln210' <Predicate = true> <Delay = 0.00>
ST_20 : Operation 123 [1/1] (1.63ns)   --->   "%icmp_ln209_1 = icmp_eq  i15 %indvar_flatten6_load, i15 16384" [../main_5_slices.cpp:209->../main_5_slices.cpp:380]   --->   Operation 123 'icmp' 'icmp_ln209_1' <Predicate = true> <Delay = 1.63> <CoreInst = "Cmp">   --->   Core 9 'Cmp' <Latency = 0> <II = 1> <Delay = 1.63> <FuncUnit> <Opcode : 'seteq' 'setne' 'setle' 'setge' 'setlt' 'setgt'> <InPorts = 2> <OutPorts = 1>
ST_20 : Operation 124 [1/1] (1.63ns)   --->   "%add_ln209_2 = add i15 %indvar_flatten6_load, i15 1" [../main_5_slices.cpp:209->../main_5_slices.cpp:380]   --->   Operation 124 'add' 'add_ln209_2' <Predicate = true> <Delay = 1.63> <CoreInst = "Adder">   --->   Core 1 'Adder' <Latency = 0> <II = 1> <Delay = 1.63> <FuncUnit> <Opcode : 'add' 'sub'> <InPorts = 2> <OutPorts = 1>
ST_20 : Operation 125 [1/1] (0.00ns)   --->   "%br_ln209 = br i1 %icmp_ln209_1, void %for.inc13.i19, void %for.body.i30.preheader" [../main_5_slices.cpp:209->../main_5_slices.cpp:380]   --->   Operation 125 'br' 'br_ln209' <Predicate = true> <Delay = 0.00>
ST_20 : Operation 126 [1/1] (0.00ns)   --->   "%i_1_load = load i8 %i_1" [../main_5_slices.cpp:212->../main_5_slices.cpp:380]   --->   Operation 126 'load' 'i_1_load' <Predicate = (!icmp_ln209_1)> <Delay = 0.00>
ST_20 : Operation 127 [1/1] (0.00ns)   --->   "%j_load = load i8 %j" [../main_5_slices.cpp:209->../main_5_slices.cpp:380]   --->   Operation 127 'load' 'j_load' <Predicate = (!icmp_ln209_1)> <Delay = 0.00>
ST_20 : Operation 128 [1/1] (1.62ns)   --->   "%icmp_ln212_2 = icmp_eq  i8 %i_1_load, i8 128" [../main_5_slices.cpp:212->../main_5_slices.cpp:380]   --->   Operation 128 'icmp' 'icmp_ln212_2' <Predicate = (!icmp_ln209_1)> <Delay = 1.62> <CoreInst = "Cmp">   --->   Core 9 'Cmp' <Latency = 0> <II = 1> <Delay = 1.62> <FuncUnit> <Opcode : 'seteq' 'setne' 'setle' 'setge' 'setlt' 'setgt'> <InPorts = 2> <OutPorts = 1>
ST_20 : Operation 129 [1/1] (0.93ns)   --->   "%select_ln210_2 = select i1 %icmp_ln212_2, i8 0, i8 %i_1_load" [../main_5_slices.cpp:210->../main_5_slices.cpp:380]   --->   Operation 129 'select' 'select_ln210_2' <Predicate = (!icmp_ln209_1)> <Delay = 0.93> <CoreInst = "Sel">   --->   Core 73 'Sel' <Latency = 0> <II = 1> <Delay = 0.93> <FuncUnit> <Opcode : 'select'> <InPorts = 3> <OutPorts = 1>
ST_20 : Operation 130 [1/1] (1.62ns)   --->   "%add_ln209_3 = add i8 %j_load, i8 1" [../main_5_slices.cpp:209->../main_5_slices.cpp:380]   --->   Operation 130 'add' 'add_ln209_3' <Predicate = (!icmp_ln209_1)> <Delay = 1.62> <CoreInst = "Adder">   --->   Core 1 'Adder' <Latency = 0> <II = 1> <Delay = 1.62> <FuncUnit> <Opcode : 'add' 'sub'> <InPorts = 2> <OutPorts = 1>
ST_20 : Operation 131 [1/1] (0.93ns)   --->   "%select_ln209_1 = select i1 %icmp_ln212_2, i8 %add_ln209_3, i8 %j_load" [../main_5_slices.cpp:209->../main_5_slices.cpp:380]   --->   Operation 131 'select' 'select_ln209_1' <Predicate = (!icmp_ln209_1)> <Delay = 0.93> <CoreInst = "Sel">   --->   Core 73 'Sel' <Latency = 0> <II = 1> <Delay = 0.93> <FuncUnit> <Opcode : 'select'> <InPorts = 3> <OutPorts = 1>
ST_20 : Operation 132 [1/1] (0.00ns)   --->   "%zext_ln209_2 = zext i8 %select_ln209_1" [../main_5_slices.cpp:209->../main_5_slices.cpp:380]   --->   Operation 132 'zext' 'zext_ln209_2' <Predicate = (!icmp_ln209_1)> <Delay = 0.00>
ST_20 : Operation 133 [1/1] (0.00ns)   --->   "%zext_ln209_3 = zext i8 %select_ln209_1" [../main_5_slices.cpp:209->../main_5_slices.cpp:380]   --->   Operation 133 'zext' 'zext_ln209_3' <Predicate = (!icmp_ln209_1)> <Delay = 0.00>
ST_20 : Operation 134 [1/1] (0.00ns)   --->   "%zext_ln212_1 = zext i8 %select_ln210_2" [../main_5_slices.cpp:212->../main_5_slices.cpp:380]   --->   Operation 134 'zext' 'zext_ln212_1' <Predicate = (!icmp_ln209_1)> <Delay = 0.00>
ST_20 : Operation 135 [1/1] (0.00ns)   --->   "%y_addr_1 = getelementptr i16 %z0, i64 0, i64 %zext_ln212_1" [../main_5_slices.cpp:214->../main_5_slices.cpp:380]   --->   Operation 135 'getelementptr' 'y_addr_1' <Predicate = (!icmp_ln209_1)> <Delay = 0.00>
ST_20 : Operation 136 [4/4] (1.20ns)   --->   "%y_load = load i7 %y_addr_1" [../main_5_slices.cpp:214->../main_5_slices.cpp:380]   --->   Operation 136 'load' 'y_load' <Predicate = (!icmp_ln209_1)> <Delay = 1.20> <CoreInst = "RAM">   --->   Core 81 'RAM' <Latency = 3> <II = 1> <Delay = 1.20> <Storage> <Opcode : 'load' 'store'> <Ports = 2> <Width = 16> <Depth = 128> <RAM>
ST_20 : Operation 137 [1/1] (0.00ns)   --->   "%trunc_ln214_1 = trunc i8 %select_ln210_2" [../main_5_slices.cpp:214->../main_5_slices.cpp:380]   --->   Operation 137 'trunc' 'trunc_ln214_1' <Predicate = (!icmp_ln209_1)> <Delay = 0.00>
ST_20 : Operation 138 [1/1] (0.00ns)   --->   "%shl_ln214_1 = bitconcatenate i14 @_ssdm_op_BitConcatenate.i14.i7.i7, i7 %trunc_ln214_1, i7 0" [../main_5_slices.cpp:214->../main_5_slices.cpp:380]   --->   Operation 138 'bitconcatenate' 'shl_ln214_1' <Predicate = (!icmp_ln209_1)> <Delay = 0.00>
ST_20 : Operation 139 [1/1] (1.63ns)   --->   "%add_ln214_1 = add i14 %shl_ln214_1, i14 %zext_ln209_3" [../main_5_slices.cpp:214->../main_5_slices.cpp:380]   --->   Operation 139 'add' 'add_ln214_1' <Predicate = (!icmp_ln209_1)> <Delay = 1.63> <CoreInst = "Adder">   --->   Core 1 'Adder' <Latency = 0> <II = 1> <Delay = 1.63> <FuncUnit> <Opcode : 'add' 'sub'> <InPorts = 2> <OutPorts = 1>
ST_20 : Operation 140 [1/1] (0.00ns)   --->   "%zext_ln214_1 = zext i14 %add_ln214_1" [../main_5_slices.cpp:214->../main_5_slices.cpp:380]   --->   Operation 140 'zext' 'zext_ln214_1' <Predicate = (!icmp_ln209_1)> <Delay = 0.00>
ST_20 : Operation 141 [1/1] (0.00ns)   --->   "%fc_1_W_addr = getelementptr i16 %fc_1_W, i64 0, i64 %zext_ln214_1" [../main_5_slices.cpp:214->../main_5_slices.cpp:380]   --->   Operation 141 'getelementptr' 'fc_1_W_addr' <Predicate = (!icmp_ln209_1)> <Delay = 0.00>
ST_20 : Operation 142 [4/4] (1.20ns)   --->   "%fc_1_W_load = load i14 %fc_1_W_addr" [../main_5_slices.cpp:214->../main_5_slices.cpp:380]   --->   Operation 142 'load' 'fc_1_W_load' <Predicate = (!icmp_ln209_1)> <Delay = 1.20> <CoreInst = "ROM">   --->   Core 94 'ROM' <Latency = 3> <II = 1> <Delay = 1.20> <Storage> <Opcode : 'load'> <Ports = 0> <Width = 16> <Depth = 16384> <ROM>
ST_20 : Operation 143 [1/1] (1.62ns)   --->   "%add_ln212_1 = add i8 %select_ln210_2, i8 1" [../main_5_slices.cpp:212->../main_5_slices.cpp:380]   --->   Operation 143 'add' 'add_ln212_1' <Predicate = (!icmp_ln209_1)> <Delay = 1.62> <CoreInst = "Adder">   --->   Core 1 'Adder' <Latency = 0> <II = 1> <Delay = 1.62> <FuncUnit> <Opcode : 'add' 'sub'> <InPorts = 2> <OutPorts = 1>
ST_20 : Operation 144 [1/1] (1.62ns)   --->   "%icmp_ln212_3 = icmp_eq  i8 %add_ln212_1, i8 128" [../main_5_slices.cpp:212->../main_5_slices.cpp:380]   --->   Operation 144 'icmp' 'icmp_ln212_3' <Predicate = (!icmp_ln209_1)> <Delay = 1.62> <CoreInst = "Cmp">   --->   Core 9 'Cmp' <Latency = 0> <II = 1> <Delay = 1.62> <FuncUnit> <Opcode : 'seteq' 'setne' 'setle' 'setge' 'setlt' 'setgt'> <InPorts = 2> <OutPorts = 1>
ST_20 : Operation 145 [1/1] (0.00ns)   --->   "%z1_addr = getelementptr i16 %z1, i64 0, i64 %zext_ln209_2" [../main_5_slices.cpp:216->../main_5_slices.cpp:380]   --->   Operation 145 'getelementptr' 'z1_addr' <Predicate = (!icmp_ln209_1)> <Delay = 0.00>
ST_20 : Operation 146 [1/1] (0.00ns)   --->   "%br_ln212 = br i1 %icmp_ln212_3, void %new.latch.for.inc.split.i16, void %last.iter.for.inc.split.i16" [../main_5_slices.cpp:212->../main_5_slices.cpp:380]   --->   Operation 146 'br' 'br_ln212' <Predicate = (!icmp_ln209_1)> <Delay = 0.00>
ST_20 : Operation 147 [1/1] (1.14ns)   --->   "%store_ln209 = store i15 %add_ln209_2, i15 %indvar_flatten6" [../main_5_slices.cpp:209->../main_5_slices.cpp:380]   --->   Operation 147 'store' 'store_ln209' <Predicate = (!icmp_ln209_1)> <Delay = 1.14>
ST_20 : Operation 148 [1/1] (1.14ns)   --->   "%store_ln209 = store i8 %select_ln209_1, i8 %j" [../main_5_slices.cpp:209->../main_5_slices.cpp:380]   --->   Operation 148 'store' 'store_ln209' <Predicate = (!icmp_ln209_1)> <Delay = 1.14>
ST_20 : Operation 149 [1/1] (1.14ns)   --->   "%store_ln212 = store i8 %add_ln212_1, i8 %i_1" [../main_5_slices.cpp:212->../main_5_slices.cpp:380]   --->   Operation 149 'store' 'store_ln212' <Predicate = (!icmp_ln209_1)> <Delay = 1.14>

State 21 <SV = 8> <Delay = 0.00>
ST_21 : Operation 150 [3/4] (1.20ns)   --->   "%y_load = load i7 %y_addr_1" [../main_5_slices.cpp:214->../main_5_slices.cpp:380]   --->   Operation 150 'load' 'y_load' <Predicate = (!icmp_ln209_1)> <Delay = 1.20> <CoreInst = "RAM">   --->   Core 81 'RAM' <Latency = 3> <II = 1> <Delay = 1.20> <Storage> <Opcode : 'load' 'store'> <Ports = 2> <Width = 16> <Depth = 128> <RAM>
ST_21 : Operation 151 [3/4] (1.20ns)   --->   "%fc_1_W_load = load i14 %fc_1_W_addr" [../main_5_slices.cpp:214->../main_5_slices.cpp:380]   --->   Operation 151 'load' 'fc_1_W_load' <Predicate = (!icmp_ln209_1)> <Delay = 1.20> <CoreInst = "ROM">   --->   Core 94 'ROM' <Latency = 3> <II = 1> <Delay = 1.20> <Storage> <Opcode : 'load'> <Ports = 0> <Width = 16> <Depth = 16384> <ROM>

State 22 <SV = 9> <Delay = 0.00>
ST_22 : Operation 152 [2/4] (1.20ns)   --->   "%y_load = load i7 %y_addr_1" [../main_5_slices.cpp:214->../main_5_slices.cpp:380]   --->   Operation 152 'load' 'y_load' <Predicate = (!icmp_ln209_1)> <Delay = 1.20> <CoreInst = "RAM">   --->   Core 81 'RAM' <Latency = 3> <II = 1> <Delay = 1.20> <Storage> <Opcode : 'load' 'store'> <Ports = 2> <Width = 16> <Depth = 128> <RAM>
ST_22 : Operation 153 [2/4] (1.20ns)   --->   "%fc_1_W_load = load i14 %fc_1_W_addr" [../main_5_slices.cpp:214->../main_5_slices.cpp:380]   --->   Operation 153 'load' 'fc_1_W_load' <Predicate = (!icmp_ln209_1)> <Delay = 1.20> <CoreInst = "ROM">   --->   Core 94 'ROM' <Latency = 3> <II = 1> <Delay = 1.20> <Storage> <Opcode : 'load'> <Ports = 0> <Width = 16> <Depth = 16384> <ROM>

State 23 <SV = 10> <Delay = 5.90>
ST_23 : Operation 154 [1/4] ( I:1.20ns O:1.20ns )   --->   "%y_load = load i7 %y_addr_1" [../main_5_slices.cpp:214->../main_5_slices.cpp:380]   --->   Operation 154 'load' 'y_load' <Predicate = (!icmp_ln209_1)> <Delay = 1.20> <CoreInst = "RAM">   --->   Core 81 'RAM' <Latency = 3> <II = 1> <Delay = 1.20> <Storage> <Opcode : 'load' 'store'> <Ports = 2> <Width = 16> <Depth = 128> <RAM>
ST_23 : Operation 155 [1/4] ( I:1.20ns O:1.20ns )   --->   "%fc_1_W_load = load i14 %fc_1_W_addr" [../main_5_slices.cpp:214->../main_5_slices.cpp:380]   --->   Operation 155 'load' 'fc_1_W_load' <Predicate = (!icmp_ln209_1)> <Delay = 1.20> <CoreInst = "ROM">   --->   Core 94 'ROM' <Latency = 3> <II = 1> <Delay = 1.20> <Storage> <Opcode : 'load'> <Ports = 0> <Width = 16> <Depth = 16384> <ROM>
ST_23 : Operation 156 [4/4] (4.70ns)   --->   "%mul9_i1 = hmul i16 %y_load, i16 %fc_1_W_load" [../main_5_slices.cpp:214->../main_5_slices.cpp:380]   --->   Operation 156 'hmul' 'mul9_i1' <Predicate = (!icmp_ln209_1)> <Delay = 4.70> <CoreInst = "HMul_maxdsp">   --->   Core 60 'HMul_maxdsp' <Latency = 3> <II = 1> <Delay = 4.70> <FuncUnit> <Opcode : 'hmul'> <InPorts = 2> <OutPorts = 1>

State 24 <SV = 11> <Delay = 4.70>
ST_24 : Operation 157 [3/4] (4.70ns)   --->   "%mul9_i1 = hmul i16 %y_load, i16 %fc_1_W_load" [../main_5_slices.cpp:214->../main_5_slices.cpp:380]   --->   Operation 157 'hmul' 'mul9_i1' <Predicate = true> <Delay = 4.70> <CoreInst = "HMul_maxdsp">   --->   Core 60 'HMul_maxdsp' <Latency = 3> <II = 1> <Delay = 4.70> <FuncUnit> <Opcode : 'hmul'> <InPorts = 2> <OutPorts = 1>

State 25 <SV = 12> <Delay = 4.70>
ST_25 : Operation 158 [2/4] (4.70ns)   --->   "%mul9_i1 = hmul i16 %y_load, i16 %fc_1_W_load" [../main_5_slices.cpp:214->../main_5_slices.cpp:380]   --->   Operation 158 'hmul' 'mul9_i1' <Predicate = true> <Delay = 4.70> <CoreInst = "HMul_maxdsp">   --->   Core 60 'HMul_maxdsp' <Latency = 3> <II = 1> <Delay = 4.70> <FuncUnit> <Opcode : 'hmul'> <InPorts = 2> <OutPorts = 1>

State 26 <SV = 13> <Delay = 4.70>
ST_26 : Operation 159 [1/4] (4.70ns)   --->   "%mul9_i1 = hmul i16 %y_load, i16 %fc_1_W_load" [../main_5_slices.cpp:214->../main_5_slices.cpp:380]   --->   Operation 159 'hmul' 'mul9_i1' <Predicate = true> <Delay = 4.70> <CoreInst = "HMul_maxdsp">   --->   Core 60 'HMul_maxdsp' <Latency = 3> <II = 1> <Delay = 4.70> <FuncUnit> <Opcode : 'hmul'> <InPorts = 2> <OutPorts = 1>

State 27 <SV = 14> <Delay = 5.94>
ST_27 : Operation 160 [1/1] (0.00ns)   --->   "%acc_2_load = load i16 %acc_2" [../main_5_slices.cpp:210->../main_5_slices.cpp:380]   --->   Operation 160 'load' 'acc_2_load' <Predicate = (!icmp_ln212_2)> <Delay = 0.00>
ST_27 : Operation 161 [1/1] (0.51ns)   --->   "%select_ln210_3 = select i1 %icmp_ln212_2, i16 0, i16 %acc_2_load" [../main_5_slices.cpp:210->../main_5_slices.cpp:380]   --->   Operation 161 'select' 'select_ln210_3' <Predicate = true> <Delay = 0.51> <CoreInst = "Sel">   --->   Core 73 'Sel' <Latency = 0> <II = 1> <Delay = 0.51> <FuncUnit> <Opcode : 'select'> <InPorts = 3> <OutPorts = 1>
ST_27 : Operation 162 [5/5] (5.42ns)   --->   "%acc_3 = hadd i16 %select_ln210_3, i16 %mul9_i1" [../main_5_slices.cpp:214->../main_5_slices.cpp:380]   --->   Operation 162 'hadd' 'acc_3' <Predicate = true> <Delay = 5.42> <CoreInst = "HAddSub_fulldsp">   --->   Core 55 'HAddSub_fulldsp' <Latency = 4> <II = 1> <Delay = 5.42> <FuncUnit> <Opcode : 'hadd' 'hsub'> <InPorts = 2> <OutPorts = 1>

State 28 <SV = 15> <Delay = 5.42>
ST_28 : Operation 163 [4/5] (5.42ns)   --->   "%acc_3 = hadd i16 %select_ln210_3, i16 %mul9_i1" [../main_5_slices.cpp:214->../main_5_slices.cpp:380]   --->   Operation 163 'hadd' 'acc_3' <Predicate = true> <Delay = 5.42> <CoreInst = "HAddSub_fulldsp">   --->   Core 55 'HAddSub_fulldsp' <Latency = 4> <II = 1> <Delay = 5.42> <FuncUnit> <Opcode : 'hadd' 'hsub'> <InPorts = 2> <OutPorts = 1>

State 29 <SV = 16> <Delay = 5.42>
ST_29 : Operation 164 [3/5] (5.42ns)   --->   "%acc_3 = hadd i16 %select_ln210_3, i16 %mul9_i1" [../main_5_slices.cpp:214->../main_5_slices.cpp:380]   --->   Operation 164 'hadd' 'acc_3' <Predicate = true> <Delay = 5.42> <CoreInst = "HAddSub_fulldsp">   --->   Core 55 'HAddSub_fulldsp' <Latency = 4> <II = 1> <Delay = 5.42> <FuncUnit> <Opcode : 'hadd' 'hsub'> <InPorts = 2> <OutPorts = 1>

State 30 <SV = 17> <Delay = 5.42>
ST_30 : Operation 165 [2/5] (5.42ns)   --->   "%acc_3 = hadd i16 %select_ln210_3, i16 %mul9_i1" [../main_5_slices.cpp:214->../main_5_slices.cpp:380]   --->   Operation 165 'hadd' 'acc_3' <Predicate = true> <Delay = 5.42> <CoreInst = "HAddSub_fulldsp">   --->   Core 55 'HAddSub_fulldsp' <Latency = 4> <II = 1> <Delay = 5.42> <FuncUnit> <Opcode : 'hadd' 'hsub'> <InPorts = 2> <OutPorts = 1>

State 31 <SV = 18> <Delay = 6.63>
ST_31 : Operation 166 [1/1] (0.00ns)   --->   "%specpipeline_ln210 = specpipeline void @_ssdm_op_SpecPipeline, i32 0, i32 0, i32 1, i32 0, void @empty_18" [../main_5_slices.cpp:210->../main_5_slices.cpp:380]   --->   Operation 166 'specpipeline' 'specpipeline_ln210' <Predicate = true> <Delay = 0.00>
ST_31 : Operation 167 [1/1] (0.00ns)   --->   "%specloopname_ln0 = specloopname void @_ssdm_op_SpecLoopName, void @OuterLoopDense_InnerLoopDense_str"   --->   Operation 167 'specloopname' 'specloopname_ln0' <Predicate = true> <Delay = 0.00>
ST_31 : Operation 168 [1/1] (0.00ns)   --->   "%speclooptripcount_ln0 = speclooptripcount void @_ssdm_op_SpecLoopTripCount, i64 16384, i64 16384, i64 16384"   --->   Operation 168 'speclooptripcount' 'speclooptripcount_ln0' <Predicate = true> <Delay = 0.00>
ST_31 : Operation 169 [1/1] (0.00ns)   --->   "%specpipeline_ln210 = specpipeline void @_ssdm_op_SpecPipeline, i32 0, i32 0, i32 1, i32 0, void @empty_18" [../main_5_slices.cpp:210->../main_5_slices.cpp:380]   --->   Operation 169 'specpipeline' 'specpipeline_ln210' <Predicate = true> <Delay = 0.00>
ST_31 : Operation 170 [1/1] (0.00ns)   --->   "%specpipeline_ln208 = specpipeline void @_ssdm_op_SpecPipeline, i32 4294967295, i32 0, i32 0, i32 0, void @empty_18" [../main_5_slices.cpp:208->../main_5_slices.cpp:380]   --->   Operation 170 'specpipeline' 'specpipeline_ln208' <Predicate = true> <Delay = 0.00>
ST_31 : Operation 171 [1/5] (5.42ns)   --->   "%acc_3 = hadd i16 %select_ln210_3, i16 %mul9_i1" [../main_5_slices.cpp:214->../main_5_slices.cpp:380]   --->   Operation 171 'hadd' 'acc_3' <Predicate = true> <Delay = 5.42> <CoreInst = "HAddSub_fulldsp">   --->   Core 55 'HAddSub_fulldsp' <Latency = 4> <II = 1> <Delay = 5.42> <FuncUnit> <Opcode : 'hadd' 'hsub'> <InPorts = 2> <OutPorts = 1>
ST_31 : Operation 172 [2/2] (1.20ns)   --->   "%store_ln216 = store i16 %acc_3, i7 %z1_addr" [../main_5_slices.cpp:216->../main_5_slices.cpp:380]   --->   Operation 172 'store' 'store_ln216' <Predicate = (icmp_ln212_3)> <Delay = 1.20> <CoreInst = "RAM">   --->   Core 81 'RAM' <Latency = 3> <II = 1> <Delay = 1.20> <Storage> <Opcode : 'load' 'store'> <Ports = 2> <Width = 16> <Depth = 128> <RAM>
ST_31 : Operation 173 [1/1] (1.14ns)   --->   "%store_ln208 = store i16 %acc_3, i16 %acc_2" [../main_5_slices.cpp:208->../main_5_slices.cpp:380]   --->   Operation 173 'store' 'store_ln208' <Predicate = true> <Delay = 1.14>
ST_31 : Operation 174 [1/1] (0.00ns)   --->   "%br_ln212 = br void %for.inc.i9" [../main_5_slices.cpp:212->../main_5_slices.cpp:380]   --->   Operation 174 'br' 'br_ln212' <Predicate = true> <Delay = 0.00>

State 32 <SV = 19> <Delay = 1.20>
ST_32 : Operation 175 [1/2] ( I:1.20ns O:1.20ns )   --->   "%store_ln216 = store i16 %acc_3, i7 %z1_addr" [../main_5_slices.cpp:216->../main_5_slices.cpp:380]   --->   Operation 175 'store' 'store_ln216' <Predicate = (icmp_ln212_3)> <Delay = 1.20> <CoreInst = "RAM">   --->   Core 81 'RAM' <Latency = 3> <II = 1> <Delay = 1.20> <Storage> <Opcode : 'load' 'store'> <Ports = 2> <Width = 16> <Depth = 128> <RAM>
ST_32 : Operation 176 [1/1] (0.00ns)   --->   "%br_ln212 = br void %new.latch.for.inc.split.i16" [../main_5_slices.cpp:212->../main_5_slices.cpp:380]   --->   Operation 176 'br' 'br_ln212' <Predicate = (icmp_ln212_3)> <Delay = 0.00>

State 33 <SV = 8> <Delay = 0.00>
ST_33 : Operation 177 [2/2] (0.00ns)   --->   "%call_ln0 = call void @run_model_Pipeline_Loop_BN1, i16 %z1, i16 %fc_1_bn_var, i16 %fc_1_bn_gamma"   --->   Operation 177 'call' 'call_ln0' <Predicate = true> <Delay = 0.00> <CoreType = "Generic">   --->   Generic Core

State 34 <SV = 9> <Delay = 0.00>
ST_34 : Operation 178 [1/2] (0.00ns)   --->   "%call_ln0 = call void @run_model_Pipeline_Loop_BN1, i16 %z1, i16 %fc_1_bn_var, i16 %fc_1_bn_gamma"   --->   Operation 178 'call' 'call_ln0' <Predicate = true> <Delay = 0.00> <CoreType = "Generic">   --->   Generic Core

State 35 <SV = 10> <Delay = 0.00>
ST_35 : Operation 179 [2/2] (0.00ns)   --->   "%call_ln0 = call void @run_model_Pipeline_ReLULoop2, i16 %z1"   --->   Operation 179 'call' 'call_ln0' <Predicate = true> <Delay = 0.00> <CoreType = "Generic">   --->   Generic Core

State 36 <SV = 11> <Delay = 0.00>
ST_36 : Operation 180 [1/2] (0.00ns)   --->   "%call_ln0 = call void @run_model_Pipeline_ReLULoop2, i16 %z1"   --->   Operation 180 'call' 'call_ln0' <Predicate = true> <Delay = 0.00> <CoreType = "Generic">   --->   Generic Core
ST_36 : Operation 181 [1/1] (0.00ns)   --->   "%ret_ln387 = ret" [../main_5_slices.cpp:387]   --->   Operation 181 'ret' 'ret_ln387' <Predicate = true> <Delay = 0.00>


============================================================
+ Verbose Summary: Timing violations
============================================================
Target clock period: 10.000ns, clock uncertainty: 2.000ns.

 <State 1>: 1.146ns
The critical path consists of the following:
	'alloca' operation 13 bit ('indvar_flatten') [42]  (0.000 ns)
	'store' operation 0 bit ('store_ln0') of constant 0 on local variable 'indvar_flatten' [50]  (1.146 ns)

 <State 2>: 0.000ns
The critical path consists of the following:

 <State 3>: 5.417ns
The critical path consists of the following:
	'load' operation 6 bit ('i_load', ../main_5_slices.cpp:212->../main_5_slices.cpp:375) on local variable 'i', ../main_5_slices.cpp:212->../main_5_slices.cpp:375 [63]  (0.000 ns)
	'icmp' operation 1 bit ('icmp_ln212', ../main_5_slices.cpp:212->../main_5_slices.cpp:375) [68]  (1.516 ns)
	'select' operation 6 bit ('select_ln210', ../main_5_slices.cpp:210->../main_5_slices.cpp:375) [69]  (0.868 ns)
	'add' operation 6 bit ('add_ln212', ../main_5_slices.cpp:212->../main_5_slices.cpp:375) [88]  (1.516 ns)
	'icmp' operation 1 bit ('icmp_ln212_1', ../main_5_slices.cpp:212->../main_5_slices.cpp:375) [89]  (1.516 ns)

 <State 4>: 1.566ns
The critical path consists of the following:
	'load' operation 16 bit ('x_load', ../main_5_slices.cpp:214->../main_5_slices.cpp:375) on array 'merged', ../main_5_slices.cpp:367 [79]  (1.566 ns)

 <State 5>: 0.000ns
The critical path consists of the following:

 <State 6>: 5.907ns
The critical path consists of the following:
	'load' operation 16 bit ('fc_0_W_load', ../main_5_slices.cpp:214->../main_5_slices.cpp:375) on array 'fc_0_W' [85]  (1.206 ns)
	'hmul' operation 16 bit ('mul9_i', ../main_5_slices.cpp:214->../main_5_slices.cpp:375) [86]  (4.701 ns)

 <State 7>: 4.701ns
The critical path consists of the following:
	'hmul' operation 16 bit ('mul9_i', ../main_5_slices.cpp:214->../main_5_slices.cpp:375) [86]  (4.701 ns)

 <State 8>: 4.701ns
The critical path consists of the following:
	'hmul' operation 16 bit ('mul9_i', ../main_5_slices.cpp:214->../main_5_slices.cpp:375) [86]  (4.701 ns)

 <State 9>: 4.701ns
The critical path consists of the following:
	'hmul' operation 16 bit ('mul9_i', ../main_5_slices.cpp:214->../main_5_slices.cpp:375) [86]  (4.701 ns)

 <State 10>: 5.941ns
The critical path consists of the following:
	'load' operation 16 bit ('acc_load', ../main_5_slices.cpp:210->../main_5_slices.cpp:375) on local variable 'acc', ../main_5_slices.cpp:208->../main_5_slices.cpp:375 [62]  (0.000 ns)
	'select' operation 16 bit ('select_ln210_1', ../main_5_slices.cpp:210->../main_5_slices.cpp:375) [70]  (0.513 ns)
	'hadd' operation 16 bit ('acc', ../main_5_slices.cpp:214->../main_5_slices.cpp:375) [87]  (5.428 ns)

 <State 11>: 5.428ns
The critical path consists of the following:
	'hadd' operation 16 bit ('acc', ../main_5_slices.cpp:214->../main_5_slices.cpp:375) [87]  (5.428 ns)

 <State 12>: 5.428ns
The critical path consists of the following:
	'hadd' operation 16 bit ('acc', ../main_5_slices.cpp:214->../main_5_slices.cpp:375) [87]  (5.428 ns)

 <State 13>: 5.428ns
The critical path consists of the following:
	'hadd' operation 16 bit ('acc', ../main_5_slices.cpp:214->../main_5_slices.cpp:375) [87]  (5.428 ns)

 <State 14>: 6.634ns
The critical path consists of the following:
	'hadd' operation 16 bit ('acc', ../main_5_slices.cpp:214->../main_5_slices.cpp:375) [87]  (5.428 ns)
	'store' operation 0 bit ('store_ln216', ../main_5_slices.cpp:216->../main_5_slices.cpp:375) of variable 'acc', ../main_5_slices.cpp:214->../main_5_slices.cpp:375 on array 'x', ../main_5_slices.cpp:374 [93]  (1.206 ns)

 <State 15>: 1.206ns
The critical path consists of the following:
	'store' operation 0 bit ('store_ln216', ../main_5_slices.cpp:216->../main_5_slices.cpp:375) of variable 'acc', ../main_5_slices.cpp:214->../main_5_slices.cpp:375 on array 'x', ../main_5_slices.cpp:374 [93]  (1.206 ns)

 <State 16>: 1.146ns
The critical path consists of the following:
	'alloca' operation 15 bit ('indvar_flatten6') [105]  (0.000 ns)
	'store' operation 0 bit ('store_ln0') of constant 0 on local variable 'indvar_flatten6' [108]  (1.146 ns)

 <State 17>: 0.000ns
The critical path consists of the following:

 <State 18>: 0.000ns
The critical path consists of the following:

 <State 19>: 0.000ns
The critical path consists of the following:

 <State 20>: 5.812ns
The critical path consists of the following:
	'load' operation 8 bit ('i_1_load', ../main_5_slices.cpp:212->../main_5_slices.cpp:380) on local variable 'i', ../main_5_slices.cpp:212->../main_5_slices.cpp:380 [121]  (0.000 ns)
	'icmp' operation 1 bit ('icmp_ln212_2', ../main_5_slices.cpp:212->../main_5_slices.cpp:380) [126]  (1.627 ns)
	'select' operation 8 bit ('select_ln210_2', ../main_5_slices.cpp:210->../main_5_slices.cpp:380) [127]  (0.931 ns)
	'add' operation 8 bit ('add_ln212_1', ../main_5_slices.cpp:212->../main_5_slices.cpp:380) [146]  (1.627 ns)
	'icmp' operation 1 bit ('icmp_ln212_3', ../main_5_slices.cpp:212->../main_5_slices.cpp:380) [147]  (1.627 ns)

 <State 21>: 0.000ns
The critical path consists of the following:

 <State 22>: 0.000ns
The critical path consists of the following:

 <State 23>: 5.907ns
The critical path consists of the following:
	'load' operation 16 bit ('y_load', ../main_5_slices.cpp:214->../main_5_slices.cpp:380) on array 'x', ../main_5_slices.cpp:374 [137]  (1.206 ns)
	'hmul' operation 16 bit ('mul9_i1', ../main_5_slices.cpp:214->../main_5_slices.cpp:380) [144]  (4.701 ns)

 <State 24>: 4.701ns
The critical path consists of the following:
	'hmul' operation 16 bit ('mul9_i1', ../main_5_slices.cpp:214->../main_5_slices.cpp:380) [144]  (4.701 ns)

 <State 25>: 4.701ns
The critical path consists of the following:
	'hmul' operation 16 bit ('mul9_i1', ../main_5_slices.cpp:214->../main_5_slices.cpp:380) [144]  (4.701 ns)

 <State 26>: 4.701ns
The critical path consists of the following:
	'hmul' operation 16 bit ('mul9_i1', ../main_5_slices.cpp:214->../main_5_slices.cpp:380) [144]  (4.701 ns)

 <State 27>: 5.941ns
The critical path consists of the following:
	'load' operation 16 bit ('acc_2_load', ../main_5_slices.cpp:210->../main_5_slices.cpp:380) on local variable 'acc', ../main_5_slices.cpp:208->../main_5_slices.cpp:380 [120]  (0.000 ns)
	'select' operation 16 bit ('select_ln210_3', ../main_5_slices.cpp:210->../main_5_slices.cpp:380) [128]  (0.513 ns)
	'hadd' operation 16 bit ('acc', ../main_5_slices.cpp:214->../main_5_slices.cpp:380) [145]  (5.428 ns)

 <State 28>: 5.428ns
The critical path consists of the following:
	'hadd' operation 16 bit ('acc', ../main_5_slices.cpp:214->../main_5_slices.cpp:380) [145]  (5.428 ns)

 <State 29>: 5.428ns
The critical path consists of the following:
	'hadd' operation 16 bit ('acc', ../main_5_slices.cpp:214->../main_5_slices.cpp:380) [145]  (5.428 ns)

 <State 30>: 5.428ns
The critical path consists of the following:
	'hadd' operation 16 bit ('acc', ../main_5_slices.cpp:214->../main_5_slices.cpp:380) [145]  (5.428 ns)

 <State 31>: 6.634ns
The critical path consists of the following:
	'hadd' operation 16 bit ('acc', ../main_5_slices.cpp:214->../main_5_slices.cpp:380) [145]  (5.428 ns)
	'store' operation 0 bit ('store_ln216', ../main_5_slices.cpp:216->../main_5_slices.cpp:380) of variable 'acc', ../main_5_slices.cpp:214->../main_5_slices.cpp:380 on array 'v', ../main_5_slices.cpp:379 [151]  (1.206 ns)

 <State 32>: 1.206ns
The critical path consists of the following:
	'store' operation 0 bit ('store_ln216', ../main_5_slices.cpp:216->../main_5_slices.cpp:380) of variable 'acc', ../main_5_slices.cpp:214->../main_5_slices.cpp:380 on array 'v', ../main_5_slices.cpp:379 [151]  (1.206 ns)

 <State 33>: 0.000ns
The critical path consists of the following:

 <State 34>: 0.000ns
The critical path consists of the following:

 <State 35>: 0.000ns
The critical path consists of the following:

 <State 36>: 0.000ns
The critical path consists of the following:


============================================================
+ Verbose Summary: Binding
============================================================
N/A
* FSMD analyzer results:
  - Output states:
 - Input state : 
  - Chain level:
	State 1
	State 2
	State 3
	State 4
	State 5
	State 6
	State 7
	State 8
	State 9
	State 10
	State 11
	State 12
	State 13
	State 14
	State 15
	State 16
	State 17
	State 18
	State 19
	State 20
	State 21
	State 22
	State 23
	State 24
	State 25
	State 26
	State 27
	State 28
	State 29
	State 30
	State 31
	State 32
	State 33
	State 34
	State 35
	State 36


============================================================
+ Verbose Summary: Datapath Resource usage 
============================================================
N/A
