

================================================================
== Vitis HLS Report for 'run_model_Pipeline_Loop_BN'
================================================================
* Date:           Mon Sep 15 15:50:10 2025

* Version:        2024.2 (Build 5238294 on Nov  8 2024)
* Project:        run_model
* Solution:       hls (Vivado IP Flow Target)
* Product family: zynq
* Target device:  xc7z020-clg400-3


================================================================
== Performance Estimates
================================================================
+ Timing: 
    * Summary: 
    +--------+----------+----------+------------+
    |  Clock |  Target  | Estimated| Uncertainty|
    +--------+----------+----------+------------+
    |ap_clk  |  10.00 ns|  7.847 ns|     2.00 ns|
    +--------+----------+----------+------------+

+ Latency: 
    * Summary: 
    +---------+---------+----------+----------+-----+-----+------------------------------------------------+
    |  Latency (cycles) |  Latency (absolute) |  Interval |                    Pipeline                    |
    |   min   |   max   |    min   |    max   | min | max |                      Type                      |
    +---------+---------+----------+----------+-----+-----+------------------------------------------------+
    |      170|      170|  1.700 us|  1.700 us|  129|  129|  loop auto-rewind stp (delay=0 clock cycles(s))|
    +---------+---------+----------+----------+-----+-----+------------------------------------------------+

    + Detail: 
        * Instance: 
        N/A

        * Loop: 
        +-----------+---------+---------+----------+-----------+-----------+------+----------+
        |           |  Latency (cycles) | Iteration|  Initiation Interval  | Trip |          |
        | Loop Name |   min   |   max   |  Latency |  achieved |   target  | Count| Pipelined|
        +-----------+---------+---------+----------+-----------+-----------+------+----------+
        |- Loop_BN  |      168|      168|        42|          1|          1|   128|       yes|
        +-----------+---------+---------+----------+-----------+-----------+------+----------+

============================================================
+ Verbose Summary: Synthesis Manager
============================================================
InlineROM: 1
ExposeGlobal: 0
============================================================
+ Verbose Summary: CDFG Model
============================================================
IsTopModel: 0
ResetActiveHigh: 1
IsCombinational: 0
IsDatapathOnly: 0
HasWiredReturn: 1
HasMFsm: 2
HasVarLatency: 1
IsPipeline: 0
IsRtlPipelined: 0
IsInstanceOverlapped: 0
IsDontTouch: 0
HasImplIP: 0
IsGatedGlobalClock: 0

+ Individual pipeline summary: 
  * Pipeline-0: initiation interval (II) = 1, depth = 42


============================================================
+ Verbose Summary: Schedule
============================================================
* Number of FSM states : 42
* Pipeline : 1
  Pipeline-0 : II = 1, D = 42, States = { 1 2 3 4 5 6 7 8 9 10 11 12 13 14 15 16 17 18 19 20 21 22 23 24 25 26 27 28 29 30 31 32 33 34 35 36 37 38 39 40 41 42 }
* Dataflow Pipeline: 0

* FSM state transitions: 
1 --> 2 
2 --> 3 
3 --> 4 
4 --> 5 
5 --> 6 
6 --> 7 
7 --> 8 
8 --> 9 
9 --> 10 
10 --> 11 
11 --> 12 
12 --> 13 
13 --> 14 
14 --> 15 
15 --> 16 
16 --> 17 
17 --> 18 
18 --> 19 
19 --> 20 
20 --> 21 
21 --> 22 
22 --> 23 
23 --> 24 
24 --> 25 
25 --> 26 
26 --> 27 
27 --> 28 
28 --> 29 
29 --> 30 
30 --> 31 
31 --> 32 
32 --> 33 
33 --> 34 
34 --> 35 
35 --> 36 
36 --> 37 
37 --> 38 
38 --> 39 
39 --> 40 
40 --> 41 
41 --> 42 
42 --> 

* FSM state operations: 

State 1 <SV = 0> <Delay = 3.91>
ST_1 : Operation 45 [1/1] (0.00ns)   --->   "%c = alloca i32 1" [../main_5_slices.cpp:198->../main_5_slices.cpp:376]   --->   Operation 45 'alloca' 'c' <Predicate = true> <Delay = 0.00>
ST_1 : Operation 46 [1/1] (1.14ns)   --->   "%store_ln198 = store i8 0, i8 %c" [../main_5_slices.cpp:198->../main_5_slices.cpp:376]   --->   Operation 46 'store' 'store_ln198' <Predicate = true> <Delay = 1.14>
ST_1 : Operation 47 [1/1] (0.00ns)   --->   "%br_ln0 = br void %for.body.i"   --->   Operation 47 'br' 'br_ln0' <Predicate = true> <Delay = 0.00>
ST_1 : Operation 48 [1/1] (0.00ns)   --->   "%c_2 = load i8 %c" [../main_5_slices.cpp:198->../main_5_slices.cpp:376]   --->   Operation 48 'load' 'c_2' <Predicate = true> <Delay = 0.00>
ST_1 : Operation 49 [1/1] (1.62ns)   --->   "%icmp_ln198 = icmp_eq  i8 %c_2, i8 128" [../main_5_slices.cpp:198->../main_5_slices.cpp:376]   --->   Operation 49 'icmp' 'icmp_ln198' <Predicate = true> <Delay = 1.62> <CoreInst = "Cmp">   --->   Core 9 'Cmp' <Latency = 0> <II = 1> <Delay = 1.62> <FuncUnit> <Opcode : 'seteq' 'setne' 'setle' 'setge' 'setlt' 'setgt'> <InPorts = 2> <OutPorts = 1>
ST_1 : Operation 50 [1/1] (1.62ns)   --->   "%add_ln198 = add i8 %c_2, i8 1" [../main_5_slices.cpp:198->../main_5_slices.cpp:376]   --->   Operation 50 'add' 'add_ln198' <Predicate = true> <Delay = 1.62> <CoreInst = "Adder">   --->   Core 1 'Adder' <Latency = 0> <II = 1> <Delay = 1.62> <FuncUnit> <Opcode : 'add' 'sub'> <InPorts = 2> <OutPorts = 1>
ST_1 : Operation 51 [1/1] (0.00ns)   --->   "%br_ln198 = br i1 %icmp_ln198, void %for.body.i.split, void %for.body.preheader.exitStub" [../main_5_slices.cpp:198->../main_5_slices.cpp:376]   --->   Operation 51 'br' 'br_ln198' <Predicate = true> <Delay = 0.00>
ST_1 : Operation 52 [1/1] (0.00ns)   --->   "%zext_ln198 = zext i8 %c_2" [../main_5_slices.cpp:198->../main_5_slices.cpp:376]   --->   Operation 52 'zext' 'zext_ln198' <Predicate = (!icmp_ln198)> <Delay = 0.00>
ST_1 : Operation 53 [1/1] (0.00ns)   --->   "%z0_addr = getelementptr i16 %z0, i64 0, i64 %zext_ln198" [../main_5_slices.cpp:200->../main_5_slices.cpp:376]   --->   Operation 53 'getelementptr' 'z0_addr' <Predicate = (!icmp_ln198)> <Delay = 0.00>
ST_1 : Operation 54 [1/1] (0.00ns)   --->   "%fc_0_bn_var_addr = getelementptr i16 %fc_0_bn_var, i64 0, i64 %zext_ln198" [../main_5_slices.cpp:200->../main_5_slices.cpp:376]   --->   Operation 54 'getelementptr' 'fc_0_bn_var_addr' <Predicate = (!icmp_ln198)> <Delay = 0.00>
ST_1 : Operation 55 [4/4] (1.20ns)   --->   "%fc_0_bn_var_load = load i7 %fc_0_bn_var_addr" [../main_5_slices.cpp:200->../main_5_slices.cpp:376]   --->   Operation 55 'load' 'fc_0_bn_var_load' <Predicate = (!icmp_ln198)> <Delay = 1.20> <CoreInst = "ROM">   --->   Core 94 'ROM' <Latency = 3> <II = 1> <Delay = 1.20> <Storage> <Opcode : 'load'> <Ports = 0> <Width = 16> <Depth = 128> <ROM>
ST_1 : Operation 56 [1/1] (0.00ns)   --->   "%fc_0_bn_gamma_addr = getelementptr i16 %fc_0_bn_gamma, i64 0, i64 %zext_ln198" [../main_5_slices.cpp:201->../main_5_slices.cpp:376]   --->   Operation 56 'getelementptr' 'fc_0_bn_gamma_addr' <Predicate = (!icmp_ln198)> <Delay = 0.00>
ST_1 : Operation 57 [4/4] (1.20ns)   --->   "%fc_0_bn_gamma_load = load i7 %fc_0_bn_gamma_addr" [../main_5_slices.cpp:201->../main_5_slices.cpp:376]   --->   Operation 57 'load' 'fc_0_bn_gamma_load' <Predicate = (!icmp_ln198)> <Delay = 1.20> <CoreInst = "ROM">   --->   Core 94 'ROM' <Latency = 3> <II = 1> <Delay = 1.20> <Storage> <Opcode : 'load'> <Ports = 0> <Width = 16> <Depth = 128> <ROM>
ST_1 : Operation 58 [1/1] (1.14ns)   --->   "%store_ln198 = store i8 %add_ln198, i8 %c" [../main_5_slices.cpp:198->../main_5_slices.cpp:376]   --->   Operation 58 'store' 'store_ln198' <Predicate = (!icmp_ln198)> <Delay = 1.14>

State 2 <SV = 1> <Delay = 0.00>
ST_2 : Operation 59 [3/4] (1.20ns)   --->   "%fc_0_bn_var_load = load i7 %fc_0_bn_var_addr" [../main_5_slices.cpp:200->../main_5_slices.cpp:376]   --->   Operation 59 'load' 'fc_0_bn_var_load' <Predicate = true> <Delay = 1.20> <CoreInst = "ROM">   --->   Core 94 'ROM' <Latency = 3> <II = 1> <Delay = 1.20> <Storage> <Opcode : 'load'> <Ports = 0> <Width = 16> <Depth = 128> <ROM>
ST_2 : Operation 60 [3/4] (1.20ns)   --->   "%fc_0_bn_gamma_load = load i7 %fc_0_bn_gamma_addr" [../main_5_slices.cpp:201->../main_5_slices.cpp:376]   --->   Operation 60 'load' 'fc_0_bn_gamma_load' <Predicate = true> <Delay = 1.20> <CoreInst = "ROM">   --->   Core 94 'ROM' <Latency = 3> <II = 1> <Delay = 1.20> <Storage> <Opcode : 'load'> <Ports = 0> <Width = 16> <Depth = 128> <ROM>

State 3 <SV = 2> <Delay = 0.00>
ST_3 : Operation 61 [2/4] (1.20ns)   --->   "%fc_0_bn_var_load = load i7 %fc_0_bn_var_addr" [../main_5_slices.cpp:200->../main_5_slices.cpp:376]   --->   Operation 61 'load' 'fc_0_bn_var_load' <Predicate = true> <Delay = 1.20> <CoreInst = "ROM">   --->   Core 94 'ROM' <Latency = 3> <II = 1> <Delay = 1.20> <Storage> <Opcode : 'load'> <Ports = 0> <Width = 16> <Depth = 128> <ROM>
ST_3 : Operation 62 [2/4] (1.20ns)   --->   "%fc_0_bn_gamma_load = load i7 %fc_0_bn_gamma_addr" [../main_5_slices.cpp:201->../main_5_slices.cpp:376]   --->   Operation 62 'load' 'fc_0_bn_gamma_load' <Predicate = true> <Delay = 1.20> <CoreInst = "ROM">   --->   Core 94 'ROM' <Latency = 3> <II = 1> <Delay = 1.20> <Storage> <Opcode : 'load'> <Ports = 0> <Width = 16> <Depth = 128> <ROM>

State 4 <SV = 3> <Delay = 6.63>
ST_4 : Operation 63 [1/4] ( I:1.20ns O:1.20ns )   --->   "%fc_0_bn_var_load = load i7 %fc_0_bn_var_addr" [../main_5_slices.cpp:200->../main_5_slices.cpp:376]   --->   Operation 63 'load' 'fc_0_bn_var_load' <Predicate = true> <Delay = 1.20> <CoreInst = "ROM">   --->   Core 94 'ROM' <Latency = 3> <II = 1> <Delay = 1.20> <Storage> <Opcode : 'load'> <Ports = 0> <Width = 16> <Depth = 128> <ROM>
ST_4 : Operation 64 [5/5] (5.42ns)   --->   "%add_i = hadd i16 %fc_0_bn_var_load, i16 0.0010004" [../main_5_slices.cpp:200->../main_5_slices.cpp:376]   --->   Operation 64 'hadd' 'add_i' <Predicate = true> <Delay = 5.42> <CoreInst = "HAddSub_fulldsp">   --->   Core 55 'HAddSub_fulldsp' <Latency = 4> <II = 1> <Delay = 5.42> <FuncUnit> <Opcode : 'hadd' 'hsub'> <InPorts = 2> <OutPorts = 1>
ST_4 : Operation 65 [1/4] ( I:1.20ns O:1.20ns )   --->   "%fc_0_bn_gamma_load = load i7 %fc_0_bn_gamma_addr" [../main_5_slices.cpp:201->../main_5_slices.cpp:376]   --->   Operation 65 'load' 'fc_0_bn_gamma_load' <Predicate = true> <Delay = 1.20> <CoreInst = "ROM">   --->   Core 94 'ROM' <Latency = 3> <II = 1> <Delay = 1.20> <Storage> <Opcode : 'load'> <Ports = 0> <Width = 16> <Depth = 128> <ROM>

State 5 <SV = 4> <Delay = 5.42>
ST_5 : Operation 66 [4/5] (5.42ns)   --->   "%add_i = hadd i16 %fc_0_bn_var_load, i16 0.0010004" [../main_5_slices.cpp:200->../main_5_slices.cpp:376]   --->   Operation 66 'hadd' 'add_i' <Predicate = true> <Delay = 5.42> <CoreInst = "HAddSub_fulldsp">   --->   Core 55 'HAddSub_fulldsp' <Latency = 4> <II = 1> <Delay = 5.42> <FuncUnit> <Opcode : 'hadd' 'hsub'> <InPorts = 2> <OutPorts = 1>

State 6 <SV = 5> <Delay = 5.42>
ST_6 : Operation 67 [3/5] (5.42ns)   --->   "%add_i = hadd i16 %fc_0_bn_var_load, i16 0.0010004" [../main_5_slices.cpp:200->../main_5_slices.cpp:376]   --->   Operation 67 'hadd' 'add_i' <Predicate = true> <Delay = 5.42> <CoreInst = "HAddSub_fulldsp">   --->   Core 55 'HAddSub_fulldsp' <Latency = 4> <II = 1> <Delay = 5.42> <FuncUnit> <Opcode : 'hadd' 'hsub'> <InPorts = 2> <OutPorts = 1>

State 7 <SV = 6> <Delay = 5.42>
ST_7 : Operation 68 [2/5] (5.42ns)   --->   "%add_i = hadd i16 %fc_0_bn_var_load, i16 0.0010004" [../main_5_slices.cpp:200->../main_5_slices.cpp:376]   --->   Operation 68 'hadd' 'add_i' <Predicate = true> <Delay = 5.42> <CoreInst = "HAddSub_fulldsp">   --->   Core 55 'HAddSub_fulldsp' <Latency = 4> <II = 1> <Delay = 5.42> <FuncUnit> <Opcode : 'hadd' 'hsub'> <InPorts = 2> <OutPorts = 1>

State 8 <SV = 7> <Delay = 5.42>
ST_8 : Operation 69 [1/5] (5.42ns)   --->   "%add_i = hadd i16 %fc_0_bn_var_load, i16 0.0010004" [../main_5_slices.cpp:200->../main_5_slices.cpp:376]   --->   Operation 69 'hadd' 'add_i' <Predicate = true> <Delay = 5.42> <CoreInst = "HAddSub_fulldsp">   --->   Core 55 'HAddSub_fulldsp' <Latency = 4> <II = 1> <Delay = 5.42> <FuncUnit> <Opcode : 'hadd' 'hsub'> <InPorts = 2> <OutPorts = 1>

State 9 <SV = 8> <Delay = 2.66>
ST_9 : Operation 70 [2/2] (2.66ns)   --->   "%conv5_i = hptosp i16 %add_i" [../main_5_slices.cpp:200->../main_5_slices.cpp:376]   --->   Operation 70 'hptosp' 'conv5_i' <Predicate = true> <Delay = 2.66> <CoreInst = "Half2Float">   --->   Core 68 'Half2Float' <Latency = 1> <II = 1> <Delay = 2.66> <FuncUnit> <Opcode : 'hptosp'> <InPorts = 1> <OutPorts = 1>

State 10 <SV = 9> <Delay = 2.66>
ST_10 : Operation 71 [1/2] (2.66ns)   --->   "%conv5_i = hptosp i16 %add_i" [../main_5_slices.cpp:200->../main_5_slices.cpp:376]   --->   Operation 71 'hptosp' 'conv5_i' <Predicate = true> <Delay = 2.66> <CoreInst = "Half2Float">   --->   Core 68 'Half2Float' <Latency = 1> <II = 1> <Delay = 2.66> <FuncUnit> <Opcode : 'hptosp'> <InPorts = 1> <OutPorts = 1>

State 11 <SV = 10> <Delay = 7.55>
ST_11 : Operation 72 [10/10] (7.55ns)   --->   "%tmp = fsqrt i32 @llvm.sqrt.f32, i32 %conv5_i" [../main_5_slices.cpp:200->../main_5_slices.cpp:376]   --->   Operation 72 'fsqrt' 'tmp' <Predicate = true> <Delay = 7.55> <CoreInst = "FSqrt">   --->   Core 35 'FSqrt' <Latency = 9> <II = 1> <Delay = 7.55> <FuncUnit> <Opcode : 'fsqrt'> <InPorts = 1> <OutPorts = 1>

State 12 <SV = 11> <Delay = 7.55>
ST_12 : Operation 73 [9/10] (7.55ns)   --->   "%tmp = fsqrt i32 @llvm.sqrt.f32, i32 %conv5_i" [../main_5_slices.cpp:200->../main_5_slices.cpp:376]   --->   Operation 73 'fsqrt' 'tmp' <Predicate = true> <Delay = 7.55> <CoreInst = "FSqrt">   --->   Core 35 'FSqrt' <Latency = 9> <II = 1> <Delay = 7.55> <FuncUnit> <Opcode : 'fsqrt'> <InPorts = 1> <OutPorts = 1>

State 13 <SV = 12> <Delay = 7.55>
ST_13 : Operation 74 [8/10] (7.55ns)   --->   "%tmp = fsqrt i32 @llvm.sqrt.f32, i32 %conv5_i" [../main_5_slices.cpp:200->../main_5_slices.cpp:376]   --->   Operation 74 'fsqrt' 'tmp' <Predicate = true> <Delay = 7.55> <CoreInst = "FSqrt">   --->   Core 35 'FSqrt' <Latency = 9> <II = 1> <Delay = 7.55> <FuncUnit> <Opcode : 'fsqrt'> <InPorts = 1> <OutPorts = 1>

State 14 <SV = 13> <Delay = 7.55>
ST_14 : Operation 75 [7/10] (7.55ns)   --->   "%tmp = fsqrt i32 @llvm.sqrt.f32, i32 %conv5_i" [../main_5_slices.cpp:200->../main_5_slices.cpp:376]   --->   Operation 75 'fsqrt' 'tmp' <Predicate = true> <Delay = 7.55> <CoreInst = "FSqrt">   --->   Core 35 'FSqrt' <Latency = 9> <II = 1> <Delay = 7.55> <FuncUnit> <Opcode : 'fsqrt'> <InPorts = 1> <OutPorts = 1>

State 15 <SV = 14> <Delay = 7.55>
ST_15 : Operation 76 [6/10] (7.55ns)   --->   "%tmp = fsqrt i32 @llvm.sqrt.f32, i32 %conv5_i" [../main_5_slices.cpp:200->../main_5_slices.cpp:376]   --->   Operation 76 'fsqrt' 'tmp' <Predicate = true> <Delay = 7.55> <CoreInst = "FSqrt">   --->   Core 35 'FSqrt' <Latency = 9> <II = 1> <Delay = 7.55> <FuncUnit> <Opcode : 'fsqrt'> <InPorts = 1> <OutPorts = 1>

State 16 <SV = 15> <Delay = 7.55>
ST_16 : Operation 77 [4/4] (1.20ns)   --->   "%z0_load = load i7 %z0_addr" [../main_5_slices.cpp:200->../main_5_slices.cpp:376]   --->   Operation 77 'load' 'z0_load' <Predicate = true> <Delay = 1.20> <CoreInst = "RAM">   --->   Core 81 'RAM' <Latency = 3> <II = 1> <Delay = 1.20> <Storage> <Opcode : 'load' 'store'> <Ports = 2> <Width = 16> <Depth = 128> <RAM>
ST_16 : Operation 78 [5/10] (7.55ns)   --->   "%tmp = fsqrt i32 @llvm.sqrt.f32, i32 %conv5_i" [../main_5_slices.cpp:200->../main_5_slices.cpp:376]   --->   Operation 78 'fsqrt' 'tmp' <Predicate = true> <Delay = 7.55> <CoreInst = "FSqrt">   --->   Core 35 'FSqrt' <Latency = 9> <II = 1> <Delay = 7.55> <FuncUnit> <Opcode : 'fsqrt'> <InPorts = 1> <OutPorts = 1>

State 17 <SV = 16> <Delay = 7.55>
ST_17 : Operation 79 [3/4] (1.20ns)   --->   "%z0_load = load i7 %z0_addr" [../main_5_slices.cpp:200->../main_5_slices.cpp:376]   --->   Operation 79 'load' 'z0_load' <Predicate = true> <Delay = 1.20> <CoreInst = "RAM">   --->   Core 81 'RAM' <Latency = 3> <II = 1> <Delay = 1.20> <Storage> <Opcode : 'load' 'store'> <Ports = 2> <Width = 16> <Depth = 128> <RAM>
ST_17 : Operation 80 [4/10] (7.55ns)   --->   "%tmp = fsqrt i32 @llvm.sqrt.f32, i32 %conv5_i" [../main_5_slices.cpp:200->../main_5_slices.cpp:376]   --->   Operation 80 'fsqrt' 'tmp' <Predicate = true> <Delay = 7.55> <CoreInst = "FSqrt">   --->   Core 35 'FSqrt' <Latency = 9> <II = 1> <Delay = 7.55> <FuncUnit> <Opcode : 'fsqrt'> <InPorts = 1> <OutPorts = 1>

State 18 <SV = 17> <Delay = 7.55>
ST_18 : Operation 81 [2/4] (1.20ns)   --->   "%z0_load = load i7 %z0_addr" [../main_5_slices.cpp:200->../main_5_slices.cpp:376]   --->   Operation 81 'load' 'z0_load' <Predicate = true> <Delay = 1.20> <CoreInst = "RAM">   --->   Core 81 'RAM' <Latency = 3> <II = 1> <Delay = 1.20> <Storage> <Opcode : 'load' 'store'> <Ports = 2> <Width = 16> <Depth = 128> <RAM>
ST_18 : Operation 82 [3/10] (7.55ns)   --->   "%tmp = fsqrt i32 @llvm.sqrt.f32, i32 %conv5_i" [../main_5_slices.cpp:200->../main_5_slices.cpp:376]   --->   Operation 82 'fsqrt' 'tmp' <Predicate = true> <Delay = 7.55> <CoreInst = "FSqrt">   --->   Core 35 'FSqrt' <Latency = 9> <II = 1> <Delay = 7.55> <FuncUnit> <Opcode : 'fsqrt'> <InPorts = 1> <OutPorts = 1>

State 19 <SV = 18> <Delay = 7.55>
ST_19 : Operation 83 [1/4] ( I:1.20ns O:1.20ns )   --->   "%z0_load = load i7 %z0_addr" [../main_5_slices.cpp:200->../main_5_slices.cpp:376]   --->   Operation 83 'load' 'z0_load' <Predicate = true> <Delay = 1.20> <CoreInst = "RAM">   --->   Core 81 'RAM' <Latency = 3> <II = 1> <Delay = 1.20> <Storage> <Opcode : 'load' 'store'> <Ports = 2> <Width = 16> <Depth = 128> <RAM>
ST_19 : Operation 84 [2/2] (2.66ns)   --->   "%conv_i = hptosp i16 %z0_load" [../main_5_slices.cpp:200->../main_5_slices.cpp:376]   --->   Operation 84 'hptosp' 'conv_i' <Predicate = true> <Delay = 2.66> <CoreInst = "Half2Float">   --->   Core 68 'Half2Float' <Latency = 1> <II = 1> <Delay = 2.66> <FuncUnit> <Opcode : 'hptosp'> <InPorts = 1> <OutPorts = 1>
ST_19 : Operation 85 [2/10] (7.55ns)   --->   "%tmp = fsqrt i32 @llvm.sqrt.f32, i32 %conv5_i" [../main_5_slices.cpp:200->../main_5_slices.cpp:376]   --->   Operation 85 'fsqrt' 'tmp' <Predicate = true> <Delay = 7.55> <CoreInst = "FSqrt">   --->   Core 35 'FSqrt' <Latency = 9> <II = 1> <Delay = 7.55> <FuncUnit> <Opcode : 'fsqrt'> <InPorts = 1> <OutPorts = 1>

State 20 <SV = 19> <Delay = 7.55>
ST_20 : Operation 86 [1/2] (2.66ns)   --->   "%conv_i = hptosp i16 %z0_load" [../main_5_slices.cpp:200->../main_5_slices.cpp:376]   --->   Operation 86 'hptosp' 'conv_i' <Predicate = true> <Delay = 2.66> <CoreInst = "Half2Float">   --->   Core 68 'Half2Float' <Latency = 1> <II = 1> <Delay = 2.66> <FuncUnit> <Opcode : 'hptosp'> <InPorts = 1> <OutPorts = 1>
ST_20 : Operation 87 [1/10] (7.55ns)   --->   "%tmp = fsqrt i32 @llvm.sqrt.f32, i32 %conv5_i" [../main_5_slices.cpp:200->../main_5_slices.cpp:376]   --->   Operation 87 'fsqrt' 'tmp' <Predicate = true> <Delay = 7.55> <CoreInst = "FSqrt">   --->   Core 35 'FSqrt' <Latency = 9> <II = 1> <Delay = 7.55> <FuncUnit> <Opcode : 'fsqrt'> <InPorts = 1> <OutPorts = 1>

State 21 <SV = 20> <Delay = 7.84>
ST_21 : Operation 88 [10/10] (7.84ns)   --->   "%div_i = fdiv i32 %conv_i, i32 %tmp" [../main_5_slices.cpp:200->../main_5_slices.cpp:376]   --->   Operation 88 'fdiv' 'div_i' <Predicate = true> <Delay = 7.84> <CoreInst = "FDiv">   --->   Core 20 'FDiv' <Latency = 9> <II = 1> <Delay = 7.84> <FuncUnit> <Opcode : 'fdiv' 'frem'> <InPorts = 2> <OutPorts = 1>

State 22 <SV = 21> <Delay = 7.84>
ST_22 : Operation 89 [9/10] (7.84ns)   --->   "%div_i = fdiv i32 %conv_i, i32 %tmp" [../main_5_slices.cpp:200->../main_5_slices.cpp:376]   --->   Operation 89 'fdiv' 'div_i' <Predicate = true> <Delay = 7.84> <CoreInst = "FDiv">   --->   Core 20 'FDiv' <Latency = 9> <II = 1> <Delay = 7.84> <FuncUnit> <Opcode : 'fdiv' 'frem'> <InPorts = 2> <OutPorts = 1>

State 23 <SV = 22> <Delay = 7.84>
ST_23 : Operation 90 [8/10] (7.84ns)   --->   "%div_i = fdiv i32 %conv_i, i32 %tmp" [../main_5_slices.cpp:200->../main_5_slices.cpp:376]   --->   Operation 90 'fdiv' 'div_i' <Predicate = true> <Delay = 7.84> <CoreInst = "FDiv">   --->   Core 20 'FDiv' <Latency = 9> <II = 1> <Delay = 7.84> <FuncUnit> <Opcode : 'fdiv' 'frem'> <InPorts = 2> <OutPorts = 1>

State 24 <SV = 23> <Delay = 7.84>
ST_24 : Operation 91 [7/10] (7.84ns)   --->   "%div_i = fdiv i32 %conv_i, i32 %tmp" [../main_5_slices.cpp:200->../main_5_slices.cpp:376]   --->   Operation 91 'fdiv' 'div_i' <Predicate = true> <Delay = 7.84> <CoreInst = "FDiv">   --->   Core 20 'FDiv' <Latency = 9> <II = 1> <Delay = 7.84> <FuncUnit> <Opcode : 'fdiv' 'frem'> <InPorts = 2> <OutPorts = 1>

State 25 <SV = 24> <Delay = 7.84>
ST_25 : Operation 92 [6/10] (7.84ns)   --->   "%div_i = fdiv i32 %conv_i, i32 %tmp" [../main_5_slices.cpp:200->../main_5_slices.cpp:376]   --->   Operation 92 'fdiv' 'div_i' <Predicate = true> <Delay = 7.84> <CoreInst = "FDiv">   --->   Core 20 'FDiv' <Latency = 9> <II = 1> <Delay = 7.84> <FuncUnit> <Opcode : 'fdiv' 'frem'> <InPorts = 2> <OutPorts = 1>

State 26 <SV = 25> <Delay = 7.84>
ST_26 : Operation 93 [5/10] (7.84ns)   --->   "%div_i = fdiv i32 %conv_i, i32 %tmp" [../main_5_slices.cpp:200->../main_5_slices.cpp:376]   --->   Operation 93 'fdiv' 'div_i' <Predicate = true> <Delay = 7.84> <CoreInst = "FDiv">   --->   Core 20 'FDiv' <Latency = 9> <II = 1> <Delay = 7.84> <FuncUnit> <Opcode : 'fdiv' 'frem'> <InPorts = 2> <OutPorts = 1>

State 27 <SV = 26> <Delay = 7.84>
ST_27 : Operation 94 [4/10] (7.84ns)   --->   "%div_i = fdiv i32 %conv_i, i32 %tmp" [../main_5_slices.cpp:200->../main_5_slices.cpp:376]   --->   Operation 94 'fdiv' 'div_i' <Predicate = true> <Delay = 7.84> <CoreInst = "FDiv">   --->   Core 20 'FDiv' <Latency = 9> <II = 1> <Delay = 7.84> <FuncUnit> <Opcode : 'fdiv' 'frem'> <InPorts = 2> <OutPorts = 1>

State 28 <SV = 27> <Delay = 7.84>
ST_28 : Operation 95 [3/10] (7.84ns)   --->   "%div_i = fdiv i32 %conv_i, i32 %tmp" [../main_5_slices.cpp:200->../main_5_slices.cpp:376]   --->   Operation 95 'fdiv' 'div_i' <Predicate = true> <Delay = 7.84> <CoreInst = "FDiv">   --->   Core 20 'FDiv' <Latency = 9> <II = 1> <Delay = 7.84> <FuncUnit> <Opcode : 'fdiv' 'frem'> <InPorts = 2> <OutPorts = 1>

State 29 <SV = 28> <Delay = 7.84>
ST_29 : Operation 96 [2/10] (7.84ns)   --->   "%div_i = fdiv i32 %conv_i, i32 %tmp" [../main_5_slices.cpp:200->../main_5_slices.cpp:376]   --->   Operation 96 'fdiv' 'div_i' <Predicate = true> <Delay = 7.84> <CoreInst = "FDiv">   --->   Core 20 'FDiv' <Latency = 9> <II = 1> <Delay = 7.84> <FuncUnit> <Opcode : 'fdiv' 'frem'> <InPorts = 2> <OutPorts = 1>

State 30 <SV = 29> <Delay = 7.84>
ST_30 : Operation 97 [1/10] (7.84ns)   --->   "%div_i = fdiv i32 %conv_i, i32 %tmp" [../main_5_slices.cpp:200->../main_5_slices.cpp:376]   --->   Operation 97 'fdiv' 'div_i' <Predicate = true> <Delay = 7.84> <CoreInst = "FDiv">   --->   Core 20 'FDiv' <Latency = 9> <II = 1> <Delay = 7.84> <FuncUnit> <Opcode : 'fdiv' 'frem'> <InPorts = 2> <OutPorts = 1>

State 31 <SV = 30> <Delay = 3.92>
ST_31 : Operation 98 [2/2] (3.92ns)   --->   "%n = sptohp i32 %div_i" [../main_5_slices.cpp:200->../main_5_slices.cpp:376]   --->   Operation 98 'sptohp' 'n' <Predicate = true> <Delay = 3.92> <CoreInst = "Float2Half">   --->   Core 69 'Float2Half' <Latency = 1> <II = 1> <Delay = 3.92> <FuncUnit> <Opcode : 'sptohp'> <InPorts = 1> <OutPorts = 1>

State 32 <SV = 31> <Delay = 3.92>
ST_32 : Operation 99 [1/2] (3.92ns)   --->   "%n = sptohp i32 %div_i" [../main_5_slices.cpp:200->../main_5_slices.cpp:376]   --->   Operation 99 'sptohp' 'n' <Predicate = true> <Delay = 3.92> <CoreInst = "Float2Half">   --->   Core 69 'Float2Half' <Latency = 1> <II = 1> <Delay = 3.92> <FuncUnit> <Opcode : 'sptohp'> <InPorts = 1> <OutPorts = 1>

State 33 <SV = 32> <Delay = 4.70>
ST_33 : Operation 100 [4/4] (4.70ns)   --->   "%mul_i = hmul i16 %fc_0_bn_gamma_load, i16 %n" [../main_5_slices.cpp:201->../main_5_slices.cpp:376]   --->   Operation 100 'hmul' 'mul_i' <Predicate = true> <Delay = 4.70> <CoreInst = "HMul_maxdsp">   --->   Core 60 'HMul_maxdsp' <Latency = 3> <II = 1> <Delay = 4.70> <FuncUnit> <Opcode : 'hmul'> <InPorts = 2> <OutPorts = 1>

State 34 <SV = 33> <Delay = 4.70>
ST_34 : Operation 101 [3/4] (4.70ns)   --->   "%mul_i = hmul i16 %fc_0_bn_gamma_load, i16 %n" [../main_5_slices.cpp:201->../main_5_slices.cpp:376]   --->   Operation 101 'hmul' 'mul_i' <Predicate = true> <Delay = 4.70> <CoreInst = "HMul_maxdsp">   --->   Core 60 'HMul_maxdsp' <Latency = 3> <II = 1> <Delay = 4.70> <FuncUnit> <Opcode : 'hmul'> <InPorts = 2> <OutPorts = 1>

State 35 <SV = 34> <Delay = 4.70>
ST_35 : Operation 102 [2/4] (4.70ns)   --->   "%mul_i = hmul i16 %fc_0_bn_gamma_load, i16 %n" [../main_5_slices.cpp:201->../main_5_slices.cpp:376]   --->   Operation 102 'hmul' 'mul_i' <Predicate = true> <Delay = 4.70> <CoreInst = "HMul_maxdsp">   --->   Core 60 'HMul_maxdsp' <Latency = 3> <II = 1> <Delay = 4.70> <FuncUnit> <Opcode : 'hmul'> <InPorts = 2> <OutPorts = 1>

State 36 <SV = 35> <Delay = 4.70>
ST_36 : Operation 103 [1/4] (4.70ns)   --->   "%mul_i = hmul i16 %fc_0_bn_gamma_load, i16 %n" [../main_5_slices.cpp:201->../main_5_slices.cpp:376]   --->   Operation 103 'hmul' 'mul_i' <Predicate = true> <Delay = 4.70> <CoreInst = "HMul_maxdsp">   --->   Core 60 'HMul_maxdsp' <Latency = 3> <II = 1> <Delay = 4.70> <FuncUnit> <Opcode : 'hmul'> <InPorts = 2> <OutPorts = 1>

State 37 <SV = 36> <Delay = 5.42>
ST_37 : Operation 104 [5/5] (5.42ns)   --->   "%add11_i = hadd i16 %mul_i, i16 0" [../main_5_slices.cpp:201->../main_5_slices.cpp:376]   --->   Operation 104 'hadd' 'add11_i' <Predicate = true> <Delay = 5.42> <CoreInst = "HAddSub_fulldsp">   --->   Core 55 'HAddSub_fulldsp' <Latency = 4> <II = 1> <Delay = 5.42> <FuncUnit> <Opcode : 'hadd' 'hsub'> <InPorts = 2> <OutPorts = 1>

State 38 <SV = 37> <Delay = 5.42>
ST_38 : Operation 105 [4/5] (5.42ns)   --->   "%add11_i = hadd i16 %mul_i, i16 0" [../main_5_slices.cpp:201->../main_5_slices.cpp:376]   --->   Operation 105 'hadd' 'add11_i' <Predicate = true> <Delay = 5.42> <CoreInst = "HAddSub_fulldsp">   --->   Core 55 'HAddSub_fulldsp' <Latency = 4> <II = 1> <Delay = 5.42> <FuncUnit> <Opcode : 'hadd' 'hsub'> <InPorts = 2> <OutPorts = 1>

State 39 <SV = 38> <Delay = 5.42>
ST_39 : Operation 106 [3/5] (5.42ns)   --->   "%add11_i = hadd i16 %mul_i, i16 0" [../main_5_slices.cpp:201->../main_5_slices.cpp:376]   --->   Operation 106 'hadd' 'add11_i' <Predicate = true> <Delay = 5.42> <CoreInst = "HAddSub_fulldsp">   --->   Core 55 'HAddSub_fulldsp' <Latency = 4> <II = 1> <Delay = 5.42> <FuncUnit> <Opcode : 'hadd' 'hsub'> <InPorts = 2> <OutPorts = 1>

State 40 <SV = 39> <Delay = 5.42>
ST_40 : Operation 107 [2/5] (5.42ns)   --->   "%add11_i = hadd i16 %mul_i, i16 0" [../main_5_slices.cpp:201->../main_5_slices.cpp:376]   --->   Operation 107 'hadd' 'add11_i' <Predicate = true> <Delay = 5.42> <CoreInst = "HAddSub_fulldsp">   --->   Core 55 'HAddSub_fulldsp' <Latency = 4> <II = 1> <Delay = 5.42> <FuncUnit> <Opcode : 'hadd' 'hsub'> <InPorts = 2> <OutPorts = 1>

State 41 <SV = 40> <Delay = 6.63>
ST_41 : Operation 108 [1/5] (5.42ns)   --->   "%add11_i = hadd i16 %mul_i, i16 0" [../main_5_slices.cpp:201->../main_5_slices.cpp:376]   --->   Operation 108 'hadd' 'add11_i' <Predicate = true> <Delay = 5.42> <CoreInst = "HAddSub_fulldsp">   --->   Core 55 'HAddSub_fulldsp' <Latency = 4> <II = 1> <Delay = 5.42> <FuncUnit> <Opcode : 'hadd' 'hsub'> <InPorts = 2> <OutPorts = 1>
ST_41 : Operation 109 [2/2] (1.20ns)   --->   "%store_ln201 = store i16 %add11_i, i7 %z0_addr" [../main_5_slices.cpp:201->../main_5_slices.cpp:376]   --->   Operation 109 'store' 'store_ln201' <Predicate = true> <Delay = 1.20> <CoreInst = "RAM">   --->   Core 81 'RAM' <Latency = 3> <II = 1> <Delay = 1.20> <Storage> <Opcode : 'load' 'store'> <Ports = 2> <Width = 16> <Depth = 128> <RAM>
ST_41 : Operation 115 [1/1] (1.14ns)   --->   "%ret_ln0 = ret"   --->   Operation 115 'ret' 'ret_ln0' <Predicate = (icmp_ln198)> <Delay = 1.14>

State 42 <SV = 41> <Delay = 1.20>
ST_42 : Operation 110 [1/1] (0.00ns)   --->   "%specpipeline_ln199 = specpipeline void @_ssdm_op_SpecPipeline, i32 4294967295, i32 0, i32 0, i32 0, void @empty_18" [../main_5_slices.cpp:199->../main_5_slices.cpp:376]   --->   Operation 110 'specpipeline' 'specpipeline_ln199' <Predicate = true> <Delay = 0.00>
ST_42 : Operation 111 [1/1] (0.00ns)   --->   "%speclooptripcount_ln198 = speclooptripcount void @_ssdm_op_SpecLoopTripCount, i64 128, i64 128, i64 128" [../main_5_slices.cpp:198->../main_5_slices.cpp:376]   --->   Operation 111 'speclooptripcount' 'speclooptripcount_ln198' <Predicate = true> <Delay = 0.00>
ST_42 : Operation 112 [1/1] (0.00ns)   --->   "%specloopname_ln198 = specloopname void @_ssdm_op_SpecLoopName, void @empty_13" [../main_5_slices.cpp:198->../main_5_slices.cpp:376]   --->   Operation 112 'specloopname' 'specloopname_ln198' <Predicate = true> <Delay = 0.00>
ST_42 : Operation 113 [1/2] ( I:1.20ns O:1.20ns )   --->   "%store_ln201 = store i16 %add11_i, i7 %z0_addr" [../main_5_slices.cpp:201->../main_5_slices.cpp:376]   --->   Operation 113 'store' 'store_ln201' <Predicate = true> <Delay = 1.20> <CoreInst = "RAM">   --->   Core 81 'RAM' <Latency = 3> <II = 1> <Delay = 1.20> <Storage> <Opcode : 'load' 'store'> <Ports = 2> <Width = 16> <Depth = 128> <RAM>
ST_42 : Operation 114 [1/1] (0.00ns)   --->   "%br_ln198 = br void %for.body.i" [../main_5_slices.cpp:198->../main_5_slices.cpp:376]   --->   Operation 114 'br' 'br_ln198' <Predicate = true> <Delay = 0.00>


============================================================
+ Verbose Summary: Timing violations
============================================================
Target clock period: 10.000ns, clock uncertainty: 2.000ns.

 <State 1>: 3.919ns
The critical path consists of the following:
	'store' operation 0 bit ('store_ln198', ../main_5_slices.cpp:198->../main_5_slices.cpp:376) of constant 0 on local variable 'c', ../main_5_slices.cpp:198->../main_5_slices.cpp:376 [5]  (1.146 ns)
	'load' operation 8 bit ('c', ../main_5_slices.cpp:198->../main_5_slices.cpp:376) on local variable 'c', ../main_5_slices.cpp:198->../main_5_slices.cpp:376 [8]  (0.000 ns)
	'add' operation 8 bit ('add_ln198', ../main_5_slices.cpp:198->../main_5_slices.cpp:376) [10]  (1.627 ns)
	'store' operation 0 bit ('store_ln198', ../main_5_slices.cpp:198->../main_5_slices.cpp:376) of variable 'add_ln198', ../main_5_slices.cpp:198->../main_5_slices.cpp:376 on local variable 'c', ../main_5_slices.cpp:198->../main_5_slices.cpp:376 [32]  (1.146 ns)

 <State 2>: 0.000ns
The critical path consists of the following:

 <State 3>: 0.000ns
The critical path consists of the following:

 <State 4>: 6.634ns
The critical path consists of the following:
	'load' operation 16 bit ('fc_0_bn_var_load', ../main_5_slices.cpp:200->../main_5_slices.cpp:376) on array 'fc_0_bn_var' [21]  (1.206 ns)
	'hadd' operation 16 bit ('add_i', ../main_5_slices.cpp:200->../main_5_slices.cpp:376) [22]  (5.428 ns)

 <State 5>: 5.428ns
The critical path consists of the following:
	'hadd' operation 16 bit ('add_i', ../main_5_slices.cpp:200->../main_5_slices.cpp:376) [22]  (5.428 ns)

 <State 6>: 5.428ns
The critical path consists of the following:
	'hadd' operation 16 bit ('add_i', ../main_5_slices.cpp:200->../main_5_slices.cpp:376) [22]  (5.428 ns)

 <State 7>: 5.428ns
The critical path consists of the following:
	'hadd' operation 16 bit ('add_i', ../main_5_slices.cpp:200->../main_5_slices.cpp:376) [22]  (5.428 ns)

 <State 8>: 5.428ns
The critical path consists of the following:
	'hadd' operation 16 bit ('add_i', ../main_5_slices.cpp:200->../main_5_slices.cpp:376) [22]  (5.428 ns)

 <State 9>: 2.666ns
The critical path consists of the following:
	'hptosp' operation 32 bit ('conv5_i', ../main_5_slices.cpp:200->../main_5_slices.cpp:376) [23]  (2.666 ns)

 <State 10>: 2.666ns
The critical path consists of the following:
	'hptosp' operation 32 bit ('conv5_i', ../main_5_slices.cpp:200->../main_5_slices.cpp:376) [23]  (2.666 ns)

 <State 11>: 7.551ns
The critical path consists of the following:
	'fsqrt' operation 32 bit ('tmp', ../main_5_slices.cpp:200->../main_5_slices.cpp:376) [24]  (7.551 ns)

 <State 12>: 7.551ns
The critical path consists of the following:
	'fsqrt' operation 32 bit ('tmp', ../main_5_slices.cpp:200->../main_5_slices.cpp:376) [24]  (7.551 ns)

 <State 13>: 7.551ns
The critical path consists of the following:
	'fsqrt' operation 32 bit ('tmp', ../main_5_slices.cpp:200->../main_5_slices.cpp:376) [24]  (7.551 ns)

 <State 14>: 7.551ns
The critical path consists of the following:
	'fsqrt' operation 32 bit ('tmp', ../main_5_slices.cpp:200->../main_5_slices.cpp:376) [24]  (7.551 ns)

 <State 15>: 7.551ns
The critical path consists of the following:
	'fsqrt' operation 32 bit ('tmp', ../main_5_slices.cpp:200->../main_5_slices.cpp:376) [24]  (7.551 ns)

 <State 16>: 7.551ns
The critical path consists of the following:
	'fsqrt' operation 32 bit ('tmp', ../main_5_slices.cpp:200->../main_5_slices.cpp:376) [24]  (7.551 ns)

 <State 17>: 7.551ns
The critical path consists of the following:
	'fsqrt' operation 32 bit ('tmp', ../main_5_slices.cpp:200->../main_5_slices.cpp:376) [24]  (7.551 ns)

 <State 18>: 7.551ns
The critical path consists of the following:
	'fsqrt' operation 32 bit ('tmp', ../main_5_slices.cpp:200->../main_5_slices.cpp:376) [24]  (7.551 ns)

 <State 19>: 7.551ns
The critical path consists of the following:
	'fsqrt' operation 32 bit ('tmp', ../main_5_slices.cpp:200->../main_5_slices.cpp:376) [24]  (7.551 ns)

 <State 20>: 7.551ns
The critical path consists of the following:
	'fsqrt' operation 32 bit ('tmp', ../main_5_slices.cpp:200->../main_5_slices.cpp:376) [24]  (7.551 ns)

 <State 21>: 7.847ns
The critical path consists of the following:
	'fdiv' operation 32 bit ('div_i', ../main_5_slices.cpp:200->../main_5_slices.cpp:376) [25]  (7.847 ns)

 <State 22>: 7.847ns
The critical path consists of the following:
	'fdiv' operation 32 bit ('div_i', ../main_5_slices.cpp:200->../main_5_slices.cpp:376) [25]  (7.847 ns)

 <State 23>: 7.847ns
The critical path consists of the following:
	'fdiv' operation 32 bit ('div_i', ../main_5_slices.cpp:200->../main_5_slices.cpp:376) [25]  (7.847 ns)

 <State 24>: 7.847ns
The critical path consists of the following:
	'fdiv' operation 32 bit ('div_i', ../main_5_slices.cpp:200->../main_5_slices.cpp:376) [25]  (7.847 ns)

 <State 25>: 7.847ns
The critical path consists of the following:
	'fdiv' operation 32 bit ('div_i', ../main_5_slices.cpp:200->../main_5_slices.cpp:376) [25]  (7.847 ns)

 <State 26>: 7.847ns
The critical path consists of the following:
	'fdiv' operation 32 bit ('div_i', ../main_5_slices.cpp:200->../main_5_slices.cpp:376) [25]  (7.847 ns)

 <State 27>: 7.847ns
The critical path consists of the following:
	'fdiv' operation 32 bit ('div_i', ../main_5_slices.cpp:200->../main_5_slices.cpp:376) [25]  (7.847 ns)

 <State 28>: 7.847ns
The critical path consists of the following:
	'fdiv' operation 32 bit ('div_i', ../main_5_slices.cpp:200->../main_5_slices.cpp:376) [25]  (7.847 ns)

 <State 29>: 7.847ns
The critical path consists of the following:
	'fdiv' operation 32 bit ('div_i', ../main_5_slices.cpp:200->../main_5_slices.cpp:376) [25]  (7.847 ns)

 <State 30>: 7.847ns
The critical path consists of the following:
	'fdiv' operation 32 bit ('div_i', ../main_5_slices.cpp:200->../main_5_slices.cpp:376) [25]  (7.847 ns)

 <State 31>: 3.925ns
The critical path consists of the following:
	'sptohp' operation 16 bit ('n', ../main_5_slices.cpp:200->../main_5_slices.cpp:376) [26]  (3.925 ns)

 <State 32>: 3.925ns
The critical path consists of the following:
	'sptohp' operation 16 bit ('n', ../main_5_slices.cpp:200->../main_5_slices.cpp:376) [26]  (3.925 ns)

 <State 33>: 4.701ns
The critical path consists of the following:
	'hmul' operation 16 bit ('mul_i', ../main_5_slices.cpp:201->../main_5_slices.cpp:376) [29]  (4.701 ns)

 <State 34>: 4.701ns
The critical path consists of the following:
	'hmul' operation 16 bit ('mul_i', ../main_5_slices.cpp:201->../main_5_slices.cpp:376) [29]  (4.701 ns)

 <State 35>: 4.701ns
The critical path consists of the following:
	'hmul' operation 16 bit ('mul_i', ../main_5_slices.cpp:201->../main_5_slices.cpp:376) [29]  (4.701 ns)

 <State 36>: 4.701ns
The critical path consists of the following:
	'hmul' operation 16 bit ('mul_i', ../main_5_slices.cpp:201->../main_5_slices.cpp:376) [29]  (4.701 ns)

 <State 37>: 5.428ns
The critical path consists of the following:
	'hadd' operation 16 bit ('add11_i', ../main_5_slices.cpp:201->../main_5_slices.cpp:376) [30]  (5.428 ns)

 <State 38>: 5.428ns
The critical path consists of the following:
	'hadd' operation 16 bit ('add11_i', ../main_5_slices.cpp:201->../main_5_slices.cpp:376) [30]  (5.428 ns)

 <State 39>: 5.428ns
The critical path consists of the following:
	'hadd' operation 16 bit ('add11_i', ../main_5_slices.cpp:201->../main_5_slices.cpp:376) [30]  (5.428 ns)

 <State 40>: 5.428ns
The critical path consists of the following:
	'hadd' operation 16 bit ('add11_i', ../main_5_slices.cpp:201->../main_5_slices.cpp:376) [30]  (5.428 ns)

 <State 41>: 6.634ns
The critical path consists of the following:
	'hadd' operation 16 bit ('add11_i', ../main_5_slices.cpp:201->../main_5_slices.cpp:376) [30]  (5.428 ns)
	'store' operation 0 bit ('store_ln201', ../main_5_slices.cpp:201->../main_5_slices.cpp:376) of variable 'add11_i', ../main_5_slices.cpp:201->../main_5_slices.cpp:376 on array 'z0' [31]  (1.206 ns)

 <State 42>: 1.206ns
The critical path consists of the following:
	'store' operation 0 bit ('store_ln201', ../main_5_slices.cpp:201->../main_5_slices.cpp:376) of variable 'add11_i', ../main_5_slices.cpp:201->../main_5_slices.cpp:376 on array 'z0' [31]  (1.206 ns)


============================================================
+ Verbose Summary: Binding
============================================================
N/A
* FSMD analyzer results:
  - Output states:
 - Input state : 
  - Chain level:
	State 1
	State 2
	State 3
	State 4
	State 5
	State 6
	State 7
	State 8
	State 9
	State 10
	State 11
	State 12
	State 13
	State 14
	State 15
	State 16
	State 17
	State 18
	State 19
	State 20
	State 21
	State 22
	State 23
	State 24
	State 25
	State 26
	State 27
	State 28
	State 29
	State 30
	State 31
	State 32
	State 33
	State 34
	State 35
	State 36
	State 37
	State 38
	State 39
	State 40
	State 41
	State 42


============================================================
+ Verbose Summary: Datapath Resource usage 
============================================================
N/A
