

================================================================
== Vitis HLS Report for 'run_model_Pipeline_ReLULoop1'
================================================================
* Date:           Mon Sep 15 15:50:18 2025

* Version:        2024.2 (Build 5238294 on Nov  8 2024)
* Project:        run_model
* Solution:       hls (Vivado IP Flow Target)
* Product family: zynq
* Target device:  xc7z020-clg400-3


================================================================
== Performance Estimates
================================================================
+ Timing: 
    * Summary: 
    +--------+----------+----------+------------+
    |  Clock |  Target  | Estimated| Uncertainty|
    +--------+----------+----------+------------+
    |ap_clk  |  10.00 ns|  5.565 ns|     2.00 ns|
    +--------+----------+----------+------------+

+ Latency: 
    * Summary: 
    +---------+---------+----------+----------+-----+-----+------------------------------------------------+
    |  Latency (cycles) |  Latency (absolute) |  Interval |                    Pipeline                    |
    |   min   |   max   |    min   |    max   | min | max |                      Type                      |
    +---------+---------+----------+----------+-----+-----+------------------------------------------------+
    |      134|      134|  1.340 us|  1.340 us|  129|  129|  loop auto-rewind stp (delay=0 clock cycles(s))|
    +---------+---------+----------+----------+-----+-----+------------------------------------------------+

    + Detail: 
        * Instance: 
        N/A

        * Loop: 
        +-------------+---------+---------+----------+-----------+-----------+------+----------+
        |             |  Latency (cycles) | Iteration|  Initiation Interval  | Trip |          |
        |  Loop Name  |   min   |   max   |  Latency |  achieved |   target  | Count| Pipelined|
        +-------------+---------+---------+----------+-----------+-----------+------+----------+
        |- ReLULoop1  |      132|      132|         6|          1|          1|   128|       yes|
        +-------------+---------+---------+----------+-----------+-----------+------+----------+



================================================================
== Utilization Estimates
================================================================
* Summary: 
+-----------------+---------+-----+--------+-------+-----+
|       Name      | BRAM_18K| DSP |   FF   |  LUT  | URAM|
+-----------------+---------+-----+--------+-------+-----+
|DSP              |        -|    -|       -|      -|    -|
|Expression       |        -|    -|       0|     49|    -|
|FIFO             |        -|    -|       -|      -|    -|
|Instance         |        -|    -|       -|      -|    -|
|Memory           |        -|    -|       -|      -|    -|
|Multiplexer      |        -|    -|       0|     36|    -|
|Register         |        -|    -|     106|     32|    -|
+-----------------+---------+-----+--------+-------+-----+
|Total            |        0|    0|     106|    117|    0|
+-----------------+---------+-----+--------+-------+-----+
|Available        |      280|  220|  106400|  53200|    0|
+-----------------+---------+-----+--------+-------+-----+
|Utilization (%)  |        0|    0|      ~0|     ~0|    0|
+-----------------+---------+-----+--------+-------+-----+

+ Detail: 
    * Instance: 
    N/A

    * DSP: 
    N/A

    * Memory: 
    N/A

    * FIFO: 
    N/A

    * Expression: 
    +----------------------+----------+----+---+----+------------+------------+
    |     Variable Name    | Operation| DSP| FF| LUT| Bitwidth P0| Bitwidth P1|
    +----------------------+----------+----+---+----+------------+------------+
    |add_ln377_fu_71_p2    |         +|   0|  0|  15|           8|           1|
    |icmp_ln377_fu_65_p2   |      icmp|   0|  0|  16|           8|           9|
    |select_ln53_fu_87_p3  |    select|   0|  0|  16|           1|          16|
    |ap_enable_pp0         |       xor|   0|  0|   2|           1|           2|
    +----------------------+----------+----+---+----+------------+------------+
    |Total                 |          |   0|  0|  49|          18|          28|
    +----------------------+----------+----+---+----+------------+------------+

    * Multiplexer: 
    +-------------------------+----+-----------+-----+-----------+
    |           Name          | LUT| Input Size| Bits| Total Bits|
    +-------------------------+----+-----------+-----+-----------+
    |ap_done_int              |   9|          2|    1|          2|
    |ap_enable_reg_pp0_iter1  |   9|          2|    1|          2|
    |ap_sig_allocacmp_j_2     |   9|          2|    8|         16|
    |j_fu_30                  |   9|          2|    8|         16|
    +-------------------------+----+-----------+-----+-----------+
    |Total                    |  36|          8|   18|         36|
    +-------------------------+----+-----------+-----+-----------+

    * Register: 
    +----------------------------------+----+----+-----+-----------+
    |               Name               | FF | LUT| Bits| Const Bits|
    +----------------------------------+----+----+-----+-----------+
    |ap_CS_fsm                         |   1|   0|    1|          0|
    |ap_done_reg                       |   1|   0|    1|          0|
    |ap_enable_reg_pp0_iter1           |   1|   0|    1|          0|
    |ap_enable_reg_pp0_iter2           |   1|   0|    1|          0|
    |ap_enable_reg_pp0_iter3           |   1|   0|    1|          0|
    |ap_enable_reg_pp0_iter4           |   1|   0|    1|          0|
    |ap_enable_reg_pp0_iter5           |   1|   0|    1|          0|
    |ap_loop_exit_ready_pp0_iter1_reg  |   1|   0|    1|          0|
    |ap_loop_exit_ready_pp0_iter2_reg  |   1|   0|    1|          0|
    |ap_loop_exit_ready_pp0_iter3_reg  |   1|   0|    1|          0|
    |ap_loop_exit_ready_pp0_iter4_reg  |   1|   0|    1|          0|
    |j_fu_30                           |   8|   0|    8|          0|
    |z0_addr_reg_106                   |   7|   0|    7|          0|
    |z0_load_reg_112                   |  16|   0|   16|          0|
    |z0_addr_reg_106                   |  64|  32|    7|          0|
    +----------------------------------+----+----+-----+-----------+
    |Total                             | 106|  32|   49|          0|
    +----------------------------------+----+----+-----+-----------+



================================================================
== Interface
================================================================
* Summary: 
+---------------------+-----+-----+------------+------------------------------+--------------+
|      RTL Ports      | Dir | Bits|  Protocol  |         Source Object        |    C Type    |
+---------------------+-----+-----+------------+------------------------------+--------------+
|ap_clk               |   in|    1|  ap_ctrl_hs|  run_model_Pipeline_ReLULoop1|  return value|
|ap_rst               |   in|    1|  ap_ctrl_hs|  run_model_Pipeline_ReLULoop1|  return value|
|ap_start             |   in|    1|  ap_ctrl_hs|  run_model_Pipeline_ReLULoop1|  return value|
|ap_done              |  out|    1|  ap_ctrl_hs|  run_model_Pipeline_ReLULoop1|  return value|
|ap_idle              |  out|    1|  ap_ctrl_hs|  run_model_Pipeline_ReLULoop1|  return value|
|ap_ready             |  out|    1|  ap_ctrl_hs|  run_model_Pipeline_ReLULoop1|  return value|
|grp_fu_827_p_din0    |  out|   16|  ap_ctrl_hs|  run_model_Pipeline_ReLULoop1|  return value|
|grp_fu_827_p_din1    |  out|   16|  ap_ctrl_hs|  run_model_Pipeline_ReLULoop1|  return value|
|grp_fu_827_p_opcode  |  out|    5|  ap_ctrl_hs|  run_model_Pipeline_ReLULoop1|  return value|
|grp_fu_827_p_dout0   |   in|    1|  ap_ctrl_hs|  run_model_Pipeline_ReLULoop1|  return value|
|grp_fu_827_p_ce      |  out|    1|  ap_ctrl_hs|  run_model_Pipeline_ReLULoop1|  return value|
|z0_address0          |  out|    7|   ap_memory|                            z0|         array|
|z0_ce0               |  out|    1|   ap_memory|                            z0|         array|
|z0_we0               |  out|    1|   ap_memory|                            z0|         array|
|z0_d0                |  out|   16|   ap_memory|                            z0|         array|
|z0_address1          |  out|    7|   ap_memory|                            z0|         array|
|z0_ce1               |  out|    1|   ap_memory|                            z0|         array|
|z0_q1                |   in|   16|   ap_memory|                            z0|         array|
+---------------------+-----+-----+------------+------------------------------+--------------+

============================================================
+ Verbose Summary: Synthesis Manager
============================================================
InlineROM: 1
ExposeGlobal: 0
============================================================
+ Verbose Summary: CDFG Model
============================================================
IsTopModel: 0
ResetActiveHigh: 1
IsCombinational: 2
IsDatapathOnly: 2
HasWiredReturn: 1
HasMFsm: 2
HasVarLatency: 1
IsPipeline: 0
IsRtlPipelined: 0
IsInstanceOverlapped: 0
IsDontTouch: 0
HasImplIP: 0
IsGatedGlobalClock: 0

+ Individual pipeline summary: 
  * Pipeline-0: initiation interval (II) = 1, depth = 6


============================================================
+ Verbose Summary: Schedule
============================================================
* Number of FSM states : 6
* Pipeline : 1
  Pipeline-0 : II = 1, D = 6, States = { 1 2 3 4 5 6 }
* Dataflow Pipeline: 0

* FSM state transitions: 
1 --> 2 
2 --> 3 
3 --> 4 
4 --> 5 
5 --> 6 
6 --> 

* FSM state operations: 

State 1 <SV = 0> <Delay = 3.91>
ST_1 : Operation 9 [1/1] (0.00ns)   --->   "%j = alloca i32 1" [../main_5_slices.cpp:368]   --->   Operation 9 'alloca' 'j' <Predicate = true> <Delay = 0.00>
ST_1 : Operation 10 [1/1] (1.14ns)   --->   "%store_ln368 = store i8 0, i8 %j" [../main_5_slices.cpp:368]   --->   Operation 10 'store' 'store_ln368' <Predicate = true> <Delay = 1.14>
ST_1 : Operation 11 [1/1] (0.00ns)   --->   "%br_ln0 = br void %for.body"   --->   Operation 11 'br' 'br_ln0' <Predicate = true> <Delay = 0.00>
ST_1 : Operation 12 [1/1] (0.00ns)   --->   "%j_2 = load i8 %j" [../main_5_slices.cpp:377]   --->   Operation 12 'load' 'j_2' <Predicate = true> <Delay = 0.00>
ST_1 : Operation 13 [1/1] (1.62ns)   --->   "%icmp_ln377 = icmp_eq  i8 %j_2, i8 128" [../main_5_slices.cpp:377]   --->   Operation 13 'icmp' 'icmp_ln377' <Predicate = true> <Delay = 1.62> <CoreInst = "Cmp">   --->   Core 9 'Cmp' <Latency = 0> <II = 1> <Delay = 1.62> <FuncUnit> <Opcode : 'seteq' 'setne' 'setle' 'setge' 'setlt' 'setgt'> <InPorts = 2> <OutPorts = 1>
ST_1 : Operation 14 [1/1] (1.62ns)   --->   "%add_ln377 = add i8 %j_2, i8 1" [../main_5_slices.cpp:377]   --->   Operation 14 'add' 'add_ln377' <Predicate = true> <Delay = 1.62> <CoreInst = "Adder">   --->   Core 1 'Adder' <Latency = 0> <II = 1> <Delay = 1.62> <FuncUnit> <Opcode : 'add' 'sub'> <InPorts = 2> <OutPorts = 1>
ST_1 : Operation 15 [1/1] (0.00ns)   --->   "%br_ln377 = br i1 %icmp_ln377, void %for.body.split, void %for.inc.i9.preheader.exitStub" [../main_5_slices.cpp:377]   --->   Operation 15 'br' 'br_ln377' <Predicate = true> <Delay = 0.00>
ST_1 : Operation 16 [1/1] (0.00ns)   --->   "%zext_ln377 = zext i8 %j_2" [../main_5_slices.cpp:377]   --->   Operation 16 'zext' 'zext_ln377' <Predicate = (!icmp_ln377)> <Delay = 0.00>
ST_1 : Operation 17 [1/1] (0.00ns)   --->   "%z0_addr = getelementptr i16 %z0, i64 0, i64 %zext_ln377" [../main_5_slices.cpp:377]   --->   Operation 17 'getelementptr' 'z0_addr' <Predicate = (!icmp_ln377)> <Delay = 0.00>
ST_1 : Operation 18 [4/4] (1.20ns)   --->   "%z0_load = load i7 %z0_addr" [../main_5_slices.cpp:377]   --->   Operation 18 'load' 'z0_load' <Predicate = (!icmp_ln377)> <Delay = 1.20> <CoreInst = "RAM">   --->   Core 81 'RAM' <Latency = 3> <II = 1> <Delay = 1.20> <Storage> <Opcode : 'load' 'store'> <Ports = 2> <Width = 16> <Depth = 128> <RAM>
ST_1 : Operation 19 [1/1] (1.14ns)   --->   "%store_ln368 = store i8 %add_ln377, i8 %j" [../main_5_slices.cpp:368]   --->   Operation 19 'store' 'store_ln368' <Predicate = (!icmp_ln377)> <Delay = 1.14>

State 2 <SV = 1> <Delay = 0.00>
ST_2 : Operation 20 [3/4] (1.20ns)   --->   "%z0_load = load i7 %z0_addr" [../main_5_slices.cpp:377]   --->   Operation 20 'load' 'z0_load' <Predicate = true> <Delay = 1.20> <CoreInst = "RAM">   --->   Core 81 'RAM' <Latency = 3> <II = 1> <Delay = 1.20> <Storage> <Opcode : 'load' 'store'> <Ports = 2> <Width = 16> <Depth = 128> <RAM>

State 3 <SV = 2> <Delay = 0.00>
ST_3 : Operation 21 [2/4] (1.20ns)   --->   "%z0_load = load i7 %z0_addr" [../main_5_slices.cpp:377]   --->   Operation 21 'load' 'z0_load' <Predicate = true> <Delay = 1.20> <CoreInst = "RAM">   --->   Core 81 'RAM' <Latency = 3> <II = 1> <Delay = 1.20> <Storage> <Opcode : 'load' 'store'> <Ports = 2> <Width = 16> <Depth = 128> <RAM>

State 4 <SV = 3> <Delay = 5.05>
ST_4 : Operation 22 [1/4] ( I:1.20ns O:1.20ns )   --->   "%z0_load = load i7 %z0_addr" [../main_5_slices.cpp:377]   --->   Operation 22 'load' 'z0_load' <Predicate = true> <Delay = 1.20> <CoreInst = "RAM">   --->   Core 81 'RAM' <Latency = 3> <II = 1> <Delay = 1.20> <Storage> <Opcode : 'load' 'store'> <Ports = 2> <Width = 16> <Depth = 128> <RAM>
ST_4 : Operation 23 [2/2] (3.84ns)   --->   "%cmp_i1 = fcmp_ogt  i16 %z0_load, i16 0" [../main_5_slices.cpp:53->../main_5_slices.cpp:377]   --->   Operation 23 'hcmp' 'cmp_i1' <Predicate = true> <Delay = 3.84> <CoreInst = "HCompare">   --->   Core 56 'HCompare' <Latency = 1> <II = 1> <Delay = 3.84> <FuncUnit> <Opcode : 'hcmp'> <InPorts = 2> <OutPorts = 1>

State 5 <SV = 4> <Delay = 5.56>
ST_5 : Operation 24 [1/2] (3.84ns)   --->   "%cmp_i1 = fcmp_ogt  i16 %z0_load, i16 0" [../main_5_slices.cpp:53->../main_5_slices.cpp:377]   --->   Operation 24 'hcmp' 'cmp_i1' <Predicate = true> <Delay = 3.84> <CoreInst = "HCompare">   --->   Core 56 'HCompare' <Latency = 1> <II = 1> <Delay = 3.84> <FuncUnit> <Opcode : 'hcmp'> <InPorts = 2> <OutPorts = 1>
ST_5 : Operation 25 [1/1] (0.51ns)   --->   "%select_ln53 = select i1 %cmp_i1, i16 %z0_load, i16 0" [../main_5_slices.cpp:53->../main_5_slices.cpp:377]   --->   Operation 25 'select' 'select_ln53' <Predicate = true> <Delay = 0.51> <CoreInst = "Sel">   --->   Core 73 'Sel' <Latency = 0> <II = 1> <Delay = 0.51> <FuncUnit> <Opcode : 'select'> <InPorts = 3> <OutPorts = 1>
ST_5 : Operation 26 [2/2] (1.20ns)   --->   "%store_ln377 = store i16 %select_ln53, i7 %z0_addr" [../main_5_slices.cpp:377]   --->   Operation 26 'store' 'store_ln377' <Predicate = true> <Delay = 1.20> <CoreInst = "RAM">   --->   Core 81 'RAM' <Latency = 3> <II = 1> <Delay = 1.20> <Storage> <Opcode : 'load' 'store'> <Ports = 2> <Width = 16> <Depth = 128> <RAM>
ST_5 : Operation 32 [1/1] (1.14ns)   --->   "%ret_ln0 = ret"   --->   Operation 32 'ret' 'ret_ln0' <Predicate = (icmp_ln377)> <Delay = 1.14>

State 6 <SV = 5> <Delay = 1.20>
ST_6 : Operation 27 [1/1] (0.00ns)   --->   "%specpipeline_ln368 = specpipeline void @_ssdm_op_SpecPipeline, i32 4294967295, i32 0, i32 0, i32 0, void @empty_18" [../main_5_slices.cpp:368]   --->   Operation 27 'specpipeline' 'specpipeline_ln368' <Predicate = true> <Delay = 0.00>
ST_6 : Operation 28 [1/1] (0.00ns)   --->   "%speclooptripcount_ln368 = speclooptripcount void @_ssdm_op_SpecLoopTripCount, i64 128, i64 128, i64 128" [../main_5_slices.cpp:368]   --->   Operation 28 'speclooptripcount' 'speclooptripcount_ln368' <Predicate = true> <Delay = 0.00>
ST_6 : Operation 29 [1/1] (0.00ns)   --->   "%specloopname_ln377 = specloopname void @_ssdm_op_SpecLoopName, void @empty_12" [../main_5_slices.cpp:377]   --->   Operation 29 'specloopname' 'specloopname_ln377' <Predicate = true> <Delay = 0.00>
ST_6 : Operation 30 [1/2] ( I:1.20ns O:1.20ns )   --->   "%store_ln377 = store i16 %select_ln53, i7 %z0_addr" [../main_5_slices.cpp:377]   --->   Operation 30 'store' 'store_ln377' <Predicate = true> <Delay = 1.20> <CoreInst = "RAM">   --->   Core 81 'RAM' <Latency = 3> <II = 1> <Delay = 1.20> <Storage> <Opcode : 'load' 'store'> <Ports = 2> <Width = 16> <Depth = 128> <RAM>
ST_6 : Operation 31 [1/1] (0.00ns)   --->   "%br_ln377 = br void %for.body" [../main_5_slices.cpp:377]   --->   Operation 31 'br' 'br_ln377' <Predicate = true> <Delay = 0.00>


============================================================
+ Verbose Summary: Binding
============================================================
STG Binding: 
---------------- STG Properties BEGIN ----------------
- Is combinational: 0
- Is one-state seq: 0
- Is datapath-only: 0
- Is pipelined: 0
- Is top level: 0
Port [ Return ] is wired: 1; IO mode=ap_ctrl_hs:ce=0
Port [ z0]:  wired=1; compound=1; hidden=0; nouse=0; global=0; static=0; extern=0; dir=2; type=1; pingpong=0; private_global=0; MemPort=[01]; IO mode=ap_memory:ce=0
---------------- STG Properties END ------------------

---------------- Datapath Model BEGIN ----------------

<LifeTime>
<method=bitvector/>
j                       (alloca           ) [ 0100000]
store_ln368             (store            ) [ 0000000]
br_ln0                  (br               ) [ 0000000]
j_2                     (load             ) [ 0000000]
icmp_ln377              (icmp             ) [ 0111110]
add_ln377               (add              ) [ 0000000]
br_ln377                (br               ) [ 0000000]
zext_ln377              (zext             ) [ 0000000]
z0_addr                 (getelementptr    ) [ 0111111]
store_ln368             (store            ) [ 0000000]
z0_load                 (load             ) [ 0100010]
cmp_i1                  (hcmp             ) [ 0000000]
select_ln53             (select           ) [ 0100001]
specpipeline_ln368      (specpipeline     ) [ 0000000]
speclooptripcount_ln368 (speclooptripcount) [ 0000000]
specloopname_ln377      (specloopname     ) [ 0000000]
store_ln377             (store            ) [ 0000000]
br_ln377                (br               ) [ 0000000]
ret_ln0                 (ret              ) [ 0000000]
</LifeTime>

<model>

<comp_list>
<comp id="0" class="1000" name="z0">
<pin_list>
<pin id="1" dir="1" index="0" bw="1" slack="0"/>
</pin_list>
<bind>
<StgValue><ssdm name="z0"/><MemPortTyVec>0 1 </MemPortTyVec>
</StgValue>
</bind>
</comp>

<comp id="2" class="1001" name="const_2">
<pin_list>
<pin id="3" dir="1" index="0" bw="1" slack="0"/>
</pin_list>
<bind>
<StgValue><ssdm name=""/></StgValue>
</bind>
</comp>

<comp id="4" class="1001" name="const_4">
<pin_list>
<pin id="5" dir="1" index="0" bw="1" slack="0"/>
</pin_list>
<bind>
<StgValue><ssdm name=""/></StgValue>
</bind>
</comp>

<comp id="6" class="1001" name="const_6">
<pin_list>
<pin id="7" dir="1" index="0" bw="1" slack="0"/>
</pin_list>
<bind>
<StgValue><ssdm name=""/></StgValue>
</bind>
</comp>

<comp id="8" class="1001" name="const_8">
<pin_list>
<pin id="9" dir="1" index="0" bw="1" slack="0"/>
</pin_list>
<bind>
<StgValue><ssdm name=""/></StgValue>
</bind>
</comp>

<comp id="10" class="1001" name="const_10">
<pin_list>
<pin id="11" dir="1" index="0" bw="1" slack="0"/>
</pin_list>
<bind>
<StgValue><ssdm name=""/></StgValue>
</bind>
</comp>

<comp id="12" class="1001" name="const_12">
<pin_list>
<pin id="13" dir="1" index="0" bw="1" slack="0"/>
</pin_list>
<bind>
<StgValue><ssdm name=""/></StgValue>
</bind>
</comp>

<comp id="14" class="1001" name="const_14">
<pin_list>
<pin id="15" dir="1" index="0" bw="1" slack="2147483647"/>
</pin_list>
<bind>
<StgValue><ssdm name="_ssdm_op_SpecPipeline"/></StgValue>
</bind>
</comp>

<comp id="16" class="1001" name="const_16">
<pin_list>
<pin id="17" dir="1" index="0" bw="1" slack="2147483647"/>
</pin_list>
<bind>
<StgValue><ssdm name=""/></StgValue>
</bind>
</comp>

<comp id="18" class="1001" name="const_18">
<pin_list>
<pin id="19" dir="1" index="0" bw="1" slack="2147483647"/>
</pin_list>
<bind>
<StgValue><ssdm name=""/></StgValue>
</bind>
</comp>

<comp id="20" class="1001" name="const_20">
<pin_list>
<pin id="21" dir="1" index="0" bw="1" slack="2147483647"/>
</pin_list>
<bind>
<StgValue><ssdm name="empty_18"/></StgValue>
</bind>
</comp>

<comp id="22" class="1001" name="const_22">
<pin_list>
<pin id="23" dir="1" index="0" bw="1" slack="2147483647"/>
</pin_list>
<bind>
<StgValue><ssdm name="_ssdm_op_SpecLoopTripCount"/></StgValue>
</bind>
</comp>

<comp id="24" class="1001" name="const_24">
<pin_list>
<pin id="25" dir="1" index="0" bw="1" slack="2147483647"/>
</pin_list>
<bind>
<StgValue><ssdm name=""/></StgValue>
</bind>
</comp>

<comp id="26" class="1001" name="const_26">
<pin_list>
<pin id="27" dir="1" index="0" bw="1" slack="2147483647"/>
</pin_list>
<bind>
<StgValue><ssdm name="_ssdm_op_SpecLoopName"/></StgValue>
</bind>
</comp>

<comp id="28" class="1001" name="const_28">
<pin_list>
<pin id="29" dir="1" index="0" bw="1" slack="2147483647"/>
</pin_list>
<bind>
<StgValue><ssdm name="empty_12"/></StgValue>
</bind>
</comp>

<comp id="30" class="1004" name="j_fu_30">
<pin_list>
<pin id="31" dir="0" index="0" bw="1" slack="0"/>
<pin id="32" dir="1" index="1" bw="8" slack="0"/>
</pin_list>
<bind>
<opcode="alloca(26) " fcode="alloca"/>
<opset="j/1 "/>
</bind>
</comp>

<comp id="34" class="1004" name="z0_addr_gep_fu_34">
<pin_list>
<pin id="35" dir="0" index="0" bw="16" slack="0"/>
<pin id="36" dir="0" index="1" bw="1" slack="0"/>
<pin id="37" dir="0" index="2" bw="8" slack="0"/>
<pin id="38" dir="1" index="3" bw="7" slack="0"/>
</pin_list>
<bind>
<opcode="getelementptr(29) " fcode="getelementptr"/>
<opset="z0_addr/1 "/>
</bind>
</comp>

<comp id="41" class="1004" name="grp_access_fu_41">
<pin_list>
<pin id="42" dir="0" index="0" bw="7" slack="4"/>
<pin id="43" dir="0" index="1" bw="16" slack="0"/>
<pin id="44" dir="0" index="2" bw="0" slack="0"/>
<pin id="46" dir="0" index="4" bw="7" slack="2147483647"/>
<pin id="47" dir="0" index="5" bw="16" slack="2147483647"/>
<pin id="48" dir="0" index="6" bw="0" slack="2147483647"/>
<pin id="45" dir="1" index="3" bw="16" slack="2147483647"/>
<pin id="49" dir="1" index="7" bw="16" slack="0"/>
</pin_list>
<bind>
<opcode="load(27) store(28) " fcode="store"/>
<opset="z0_load/1 store_ln377/5 "/>
</bind>
</comp>

<comp id="51" class="1004" name="grp_fu_51">
<pin_list>
<pin id="52" dir="0" index="0" bw="16" slack="0"/>
<pin id="53" dir="0" index="1" bw="16" slack="0"/>
<pin id="54" dir="1" index="2" bw="1" slack="0"/>
</pin_list>
<bind>
<opcode="hcmp(539) " fcode="hcmp"/>
<opset="cmp_i1/4 "/>
</bind>
</comp>

<comp id="57" class="1004" name="store_ln368_store_fu_57">
<pin_list>
<pin id="58" dir="0" index="0" bw="1" slack="0"/>
<pin id="59" dir="0" index="1" bw="8" slack="0"/>
<pin id="60" dir="1" index="2" bw="0" slack="2147483647"/>
</pin_list>
<bind>
<opcode="store(28) " fcode="store"/>
<opset="store_ln368/1 "/>
</bind>
</comp>

<comp id="62" class="1004" name="j_2_load_fu_62">
<pin_list>
<pin id="63" dir="0" index="0" bw="8" slack="0"/>
<pin id="64" dir="1" index="1" bw="8" slack="0"/>
</pin_list>
<bind>
<opcode="load(27) " fcode="load"/>
<opset="j_2/1 "/>
</bind>
</comp>

<comp id="65" class="1004" name="icmp_ln377_fu_65">
<pin_list>
<pin id="66" dir="0" index="0" bw="8" slack="0"/>
<pin id="67" dir="0" index="1" bw="8" slack="0"/>
<pin id="68" dir="1" index="2" bw="1" slack="4"/>
</pin_list>
<bind>
<opcode="icmp(45) " fcode="icmp"/>
<opset="icmp_ln377/1 "/>
</bind>
</comp>

<comp id="71" class="1004" name="add_ln377_fu_71">
<pin_list>
<pin id="72" dir="0" index="0" bw="8" slack="0"/>
<pin id="73" dir="0" index="1" bw="1" slack="0"/>
<pin id="74" dir="1" index="2" bw="8" slack="0"/>
</pin_list>
<bind>
<opcode="add(8) " fcode="add"/>
<opset="add_ln377/1 "/>
</bind>
</comp>

<comp id="77" class="1004" name="zext_ln377_fu_77">
<pin_list>
<pin id="78" dir="0" index="0" bw="8" slack="0"/>
<pin id="79" dir="1" index="1" bw="64" slack="0"/>
</pin_list>
<bind>
<opcode="zext(34) " fcode="zext"/>
<opset="zext_ln377/1 "/>
</bind>
</comp>

<comp id="82" class="1004" name="store_ln368_store_fu_82">
<pin_list>
<pin id="83" dir="0" index="0" bw="8" slack="0"/>
<pin id="84" dir="0" index="1" bw="8" slack="0"/>
<pin id="85" dir="1" index="2" bw="0" slack="2147483647"/>
</pin_list>
<bind>
<opcode="store(28) " fcode="store"/>
<opset="store_ln368/1 "/>
</bind>
</comp>

<comp id="87" class="1004" name="select_ln53_fu_87">
<pin_list>
<pin id="88" dir="0" index="0" bw="1" slack="0"/>
<pin id="89" dir="0" index="1" bw="16" slack="1"/>
<pin id="90" dir="0" index="2" bw="16" slack="0"/>
<pin id="91" dir="1" index="3" bw="16" slack="0"/>
</pin_list>
<bind>
<opcode="select(49) " fcode="select"/>
<opset="select_ln53/5 "/>
</bind>
</comp>

<comp id="95" class="1005" name="j_reg_95">
<pin_list>
<pin id="96" dir="0" index="0" bw="8" slack="0"/>
<pin id="97" dir="1" index="1" bw="8" slack="0"/>
</pin_list>
<bind>
<opset="j "/>
</bind>
</comp>

<comp id="102" class="1005" name="icmp_ln377_reg_102">
<pin_list>
<pin id="103" dir="0" index="0" bw="1" slack="4"/>
<pin id="104" dir="1" index="1" bw="1" slack="2147483647"/>
</pin_list>
<bind>
<opset="icmp_ln377 "/>
</bind>
</comp>

<comp id="106" class="1005" name="z0_addr_reg_106">
<pin_list>
<pin id="107" dir="0" index="0" bw="7" slack="1"/>
<pin id="108" dir="1" index="1" bw="7" slack="1"/>
</pin_list>
<bind>
<opset="z0_addr "/>
</bind>
</comp>

<comp id="112" class="1005" name="z0_load_reg_112">
<pin_list>
<pin id="113" dir="0" index="0" bw="16" slack="1"/>
<pin id="114" dir="1" index="1" bw="16" slack="1"/>
</pin_list>
<bind>
<opset="z0_load "/>
</bind>
</comp>

<comp id="118" class="1005" name="select_ln53_reg_118">
<pin_list>
<pin id="119" dir="0" index="0" bw="16" slack="1"/>
<pin id="120" dir="1" index="1" bw="16" slack="1"/>
</pin_list>
<bind>
<opset="select_ln53 "/>
</bind>
</comp>

</comp_list>

<net_list>
<net id="33"><net_src comp="2" pin="0"/><net_sink comp="30" pin=0"/></net>

<net id="39"><net_src comp="0" pin="0"/><net_sink comp="34" pin=0"/></net>

<net id="40"><net_src comp="10" pin="0"/><net_sink comp="34" pin=1"/></net>

<net id="50"><net_src comp="34" pin="3"/><net_sink comp="41" pin=2"/></net>

<net id="55"><net_src comp="41" pin="7"/><net_sink comp="51" pin=0"/></net>

<net id="56"><net_src comp="12" pin="0"/><net_sink comp="51" pin=1"/></net>

<net id="61"><net_src comp="4" pin="0"/><net_sink comp="57" pin=0"/></net>

<net id="69"><net_src comp="62" pin="1"/><net_sink comp="65" pin=0"/></net>

<net id="70"><net_src comp="6" pin="0"/><net_sink comp="65" pin=1"/></net>

<net id="75"><net_src comp="62" pin="1"/><net_sink comp="71" pin=0"/></net>

<net id="76"><net_src comp="8" pin="0"/><net_sink comp="71" pin=1"/></net>

<net id="80"><net_src comp="62" pin="1"/><net_sink comp="77" pin=0"/></net>

<net id="81"><net_src comp="77" pin="1"/><net_sink comp="34" pin=2"/></net>

<net id="86"><net_src comp="71" pin="2"/><net_sink comp="82" pin=0"/></net>

<net id="92"><net_src comp="51" pin="2"/><net_sink comp="87" pin=0"/></net>

<net id="93"><net_src comp="12" pin="0"/><net_sink comp="87" pin=2"/></net>

<net id="94"><net_src comp="87" pin="3"/><net_sink comp="41" pin=1"/></net>

<net id="98"><net_src comp="30" pin="1"/><net_sink comp="95" pin=0"/></net>

<net id="99"><net_src comp="95" pin="1"/><net_sink comp="57" pin=1"/></net>

<net id="100"><net_src comp="95" pin="1"/><net_sink comp="62" pin=0"/></net>

<net id="101"><net_src comp="95" pin="1"/><net_sink comp="82" pin=1"/></net>

<net id="105"><net_src comp="65" pin="2"/><net_sink comp="102" pin=0"/></net>

<net id="109"><net_src comp="34" pin="3"/><net_sink comp="106" pin=0"/></net>

<net id="110"><net_src comp="106" pin="1"/><net_sink comp="41" pin=2"/></net>

<net id="111"><net_src comp="106" pin="1"/><net_sink comp="41" pin=0"/></net>

<net id="115"><net_src comp="41" pin="7"/><net_sink comp="112" pin=0"/></net>

<net id="116"><net_src comp="112" pin="1"/><net_sink comp="51" pin=0"/></net>

<net id="117"><net_src comp="112" pin="1"/><net_sink comp="87" pin=1"/></net>

<net id="121"><net_src comp="87" pin="3"/><net_sink comp="118" pin=0"/></net>

<net id="122"><net_src comp="118" pin="1"/><net_sink comp="41" pin=1"/></net>

</net_list>

</model> 
---------------- Datapath Model END ------------------

* FSMD analyzer results:
  - Output states:
	Port: z0 | {5 6 }
 - Input state : 
	Port: run_model_Pipeline_ReLULoop1 : z0 | {1 2 3 4 }
  - Chain level:
	State 1
		store_ln368 : 1
		j_2 : 1
		icmp_ln377 : 2
		add_ln377 : 2
		br_ln377 : 3
		zext_ln377 : 2
		z0_addr : 3
		z0_load : 4
		store_ln368 : 3
	State 2
	State 3
	State 4
		cmp_i1 : 1
	State 5
		select_ln53 : 1
		store_ln377 : 2
	State 6


============================================================
+ Verbose Summary: Datapath Resource usage 
============================================================

* Functional unit list:
|----------|-------------------|---------|---------|
| Operation|  Functional Unit  |    FF   |   LUT   |
|----------|-------------------|---------|---------|
|  select  | select_ln53_fu_87 |    0    |    16   |
|----------|-------------------|---------|---------|
|   icmp   |  icmp_ln377_fu_65 |    0    |    15   |
|----------|-------------------|---------|---------|
|    add   |  add_ln377_fu_71  |    0    |    15   |
|----------|-------------------|---------|---------|
|   hcmp   |     grp_fu_51     |    0    |    0    |
|----------|-------------------|---------|---------|
|   zext   |  zext_ln377_fu_77 |    0    |    0    |
|----------|-------------------|---------|---------|
|   Total  |                   |    0    |    46   |
|----------|-------------------|---------|---------|

Memories:
N/A

* Register list:
+-------------------+--------+
|                   |   FF   |
+-------------------+--------+
| icmp_ln377_reg_102|    1   |
|      j_reg_95     |    8   |
|select_ln53_reg_118|   16   |
|  z0_addr_reg_106  |    7   |
|  z0_load_reg_112  |   16   |
+-------------------+--------+
|       Total       |   48   |
+-------------------+--------+

* Multiplexer (MUX) list: 
|------------------|------|------|------|--------||---------||---------||---------|
|       Comp       |  Pin | Size |  BW  | S x BW ||  Delay  ||    FF   ||   LUT   |
|------------------|------|------|------|--------||---------||---------||---------|
| grp_access_fu_41 |  p1  |   2  |  16  |   32   ||    0    ||    9    |
| grp_access_fu_41 |  p2  |   2  |   0  |    0   ||    0    ||    9    |
|     grp_fu_51    |  p0  |   2  |  16  |   32   ||    0    ||    9    |
|------------------|------|------|------|--------||---------||---------||---------|
|       Total      |      |      |      |   64   ||  3.438  ||    0    ||    27   |
|------------------|------|------|------|--------||---------||---------||---------|



* Summary:
+-----------+--------+--------+--------+
|           |  Delay |   FF   |   LUT  |
+-----------+--------+--------+--------+
|  Function |    -   |    0   |   46   |
|   Memory  |    -   |    -   |    -   |
|Multiplexer|    3   |    0   |   27   |
|  Register |    -   |   48   |    -   |
+-----------+--------+--------+--------+
|   Total   |    3   |   48   |   73   |
+-----------+--------+--------+--------+
