==============================================================
Vivado(TM) HLS - High-Level Synthesis from C, C++ and SystemC v2019.1 (64-bit)
Copyright 1986-2019 Xilinx, Inc. All Rights Reserved.
==============================================================
INFO: [SYN 201-201] Setting up clock 'default' with a period of 10ns.
INFO: [HLS 200-10] Setting target device to 'xc7z020-clg484-1'
INFO: [SYN 201-201] Setting up clock 'default' with a period of 10ns.
INFO: [SCHED 204-61] Option 'relax_ii_for_timing' is enabled, will increase II to preserve clock frequency constraints.
INFO: [HLS 200-10] Analyzing design file 'main_5_slices.c' ... 
ERROR: [HLS 200-70] Compilation errors found: In file included from main_5_slices.c:1:
main_5_slices.c:194:13: error: redefinition of 'i'
    for(int i = 0; i < T; i++) { tokens[i] = 0.0f; }
            ^
main_5_slices.c:162:51: note: previous definition is here
static void run_slice_i(const char* base_dir, int i, float out_tanh[H]){
                                                  ^
main_5_slices.c:208:13: error: redefinition of 'i'
    for(int i = 0; i < T*E; i++) { X0[i] = 0.0f; }
            ^
main_5_slices.c:162:51: note: previous definition is here
static void run_slice_i(const char* base_dir, int i, float out_tanh[H]){
                                                  ^
main_5_slices.c:215:13: error: redefinition of 'i'
    for(int i = 0; i < T1*F; i++) { Y[i] = 0.0f; }
            ^
main_5_slices.c:162:51: note: previous definition is here
static void run_slice_i(const char* base_dir, int i, float out_tanh[H]){
                                                  ^
main_5_slices.c:225:13: error: redefinition of 'i'
    for(int i = 0; i < T2*F; i++) { U[i] = 0.0f; }
            ^
main_5_slices.c:162:51: note: previous definition is here
static void run_slice_i(const char* base_dir, int i, float out_tanh[H]){
                                                  ^
main_5_slices.c:285:13: error: redefinition of 'j'
    for(int j=0;j<M0;++j) z0[j] = reluf(z0[j]);
            ^
main_5_slices.c:247:30: note: previous definition is here
    float merged[H]; for(int j=0;j<H;++j) merged[j]=0.0f;
                             ^
main_5_slices.c:290:13: error: redefinition of 'j'
    for(int j=0;j<M1;++j) z1[j] = reluf(z1[j]);
            ^
main_5_slices.c:247:30: note: previous definition is here
    float merged[H]; for(int j=0;j<H;++j) merged[j]=0.0f;
                             ^
6 errors generated.
==============================================================
Vivado(TM) HLS - High-Level Synthesis from C, C++ and SystemC v2019.1 (64-bit)
Copyright 1986-2019 Xilinx, Inc. All Rights Reserved.
==============================================================
INFO: [SYN 201-201] Setting up clock 'default' with a period of 10ns.
INFO: [HLS 200-10] Setting target device to 'xc7z020-clg484-1'
INFO: [SCHED 204-61] Option 'relax_ii_for_timing' is enabled, will increase II to preserve clock frequency constraints.
INFO: [HLS 200-10] Analyzing design file 'main_5_slices.c' ... 
ERROR: [HLS 200-70] Compilation errors found: In file included from main_5_slices.c:1:
main_5_slices.c:200:13: error: redefinition of 'i'
    for(int i = 0; i < T; i++) { tokens[i] = 0.0f; }
            ^
main_5_slices.c:168:51: note: previous definition is here
static void run_slice_i(const char* base_dir, int i, float out_tanh[H]){
                                                  ^
main_5_slices.c:214:13: error: redefinition of 'i'
    for(int i = 0; i < T*E; i++) { X0[i] = 0.0f; }
            ^
main_5_slices.c:168:51: note: previous definition is here
static void run_slice_i(const char* base_dir, int i, float out_tanh[H]){
                                                  ^
main_5_slices.c:221:13: error: redefinition of 'i'
    for(int i = 0; i < T1*F; i++) { Y[i] = 0.0f; }
            ^
main_5_slices.c:168:51: note: previous definition is here
static void run_slice_i(const char* base_dir, int i, float out_tanh[H]){
                                                  ^
main_5_slices.c:231:13: error: redefinition of 'i'
    for(int i = 0; i < T2*F; i++) { U[i] = 0.0f; }
            ^
main_5_slices.c:168:51: note: previous definition is here
static void run_slice_i(const char* base_dir, int i, float out_tanh[H]){
                                                  ^
main_5_slices.c:291:13: error: redefinition of 'j'
    for(int j=0;j<M0;++j) z0[j] = reluf(z0[j]);
            ^
main_5_slices.c:253:30: note: previous definition is here
    float merged[H]; for(int j=0;j<H;++j) merged[j]=0.0f;
                             ^
main_5_slices.c:296:13: error: redefinition of 'j'
    for(int j=0;j<M1;++j) z1[j] = reluf(z1[j]);
            ^
main_5_slices.c:253:30: note: previous definition is here
    float merged[H]; for(int j=0;j<H;++j) merged[j]=0.0f;
                             ^
6 errors generated.
==============================================================
Vivado(TM) HLS - High-Level Synthesis from C, C++ and SystemC v2019.1 (64-bit)
Copyright 1986-2019 Xilinx, Inc. All Rights Reserved.
==============================================================
==============================================================
Vivado(TM) HLS - High-Level Synthesis from C, C++ and SystemC v2019.1 (64-bit)
Copyright 1986-2019 Xilinx, Inc. All Rights Reserved.
==============================================================
INFO: [SYN 201-201] Setting up clock 'default' with a period of 10ns.
INFO: [HLS 200-10] Setting target device to 'xc7z020-clg484-1'
INFO: [SCHED 204-61] Option 'relax_ii_for_timing' is enabled, will increase II to preserve clock frequency constraints.
INFO: [HLS 200-10] Analyzing design file 'main_5_slices.c' ... 
INFO: [HLS 200-111] Finished Linking Time (s): cpu = 00:00:06 ; elapsed = 00:00:07 . Memory (MB): peak = 817.098 ; gain = 126.000 ; free physical = 3618 ; free virtual = 13697
INFO: [HLS 200-111] Finished Checking Pragmas Time (s): cpu = 00:00:06 ; elapsed = 00:00:07 . Memory (MB): peak = 817.098 ; gain = 126.000 ; free physical = 3618 ; free virtual = 13697
INFO: [HLS 200-10] Starting code transformations ...
INFO: [HLS 200-111] Finished Standard Transforms Time (s): cpu = 00:00:09 ; elapsed = 00:00:10 . Memory (MB): peak = 887.254 ; gain = 196.156 ; free physical = 3441 ; free virtual = 13557
INFO: [HLS 200-10] Checking synthesizability ...
INFO: [XFORM 203-602] Inlining function 'reluf' into 'apply_activation_time' (main_5_slices.c:88) automatically.
INFO: [XFORM 203-602] Inlining function 'fp_struct<float>::data' into 'fp_struct<float>::to_float' (/wrk/2019.1/continuous/2019_05_24_2552052/src/products/hls/hls_lib/src/hls/utils/x_hls_utils.h:348) automatically.
INFO: [XFORM 203-602] Inlining function 'fp_struct<float>::to_float' into 'fp_struct<float>::to_ieee' (/wrk/2019.1/continuous/2019_05_24_2552052/src/products/hls/hls_lib/src/hls/utils/x_hls_utils.h:369) automatically.
INFO: [XFORM 203-602] Inlining function 'fp_struct<float>::to_ieee' into 'generic_copysign<float>' (/wrk/2019.1/continuous/2019_05_24_2552052/src/products/hls/hls_lib/hlsmath/include/FloatingPoint/hls_copysign.h:14) automatically.
INFO: [XFORM 203-602] Inlining function 'generic_copysign<float>' into 'generic_fabs<float>' (/wrk/2019.1/continuous/2019_05_24_2552052/src/products/hls/hls_lib/hlsmath/include/FloatingPoint/hls_fabs.h:13) automatically.
INFO: [XFORM 203-602] Inlining function 'fp_struct<float>::to_ieee' into 'generic_nan<float>' (/wrk/2019.1/continuous/2019_05_24_2552052/src/products/hls/hls_lib/hlsmath/include/FloatingPoint/hls_nan.h:15) automatically.
INFO: [XFORM 203-602] Inlining function 'fp_struct<double>::data' into 'fp_struct<double>::to_double' (/wrk/2019.1/continuous/2019_05_24_2552052/src/products/hls/hls_lib/src/hls/utils/x_hls_utils.h:512) automatically.
INFO: [XFORM 203-602] Inlining function 'fp_struct<double>::to_double' into 'fp_struct<double>::to_ieee' (/wrk/2019.1/continuous/2019_05_24_2552052/src/products/hls/hls_lib/src/hls/utils/x_hls_utils.h:526) automatically.
INFO: [XFORM 203-602] Inlining function 'generic_isnan<double>' into 'exp_reduce_::exp_generic<double>' (/wrk/2019.1/continuous/2019_05_24_2552052/src/products/hls/hls_lib/hlsmath/include/FloatingPoint/hls_exp_.h:209) automatically.
INFO: [XFORM 203-602] Inlining function 'generic_isinf<double>' into 'exp_reduce_::exp_generic<double>' (/wrk/2019.1/continuous/2019_05_24_2552052/src/products/hls/hls_lib/hlsmath/include/FloatingPoint/hls_exp_.h:210) automatically.
INFO: [XFORM 203-602] Inlining function 'fp_struct<double>::to_ieee' into 'exp_reduce_::exp_generic<double>' (/wrk/2019.1/continuous/2019_05_24_2552052/src/products/hls/hls_lib/hlsmath/include/FloatingPoint/hls_exp_.h:219) automatically.
INFO: [XFORM 203-602] Inlining function 'fp_struct<double>::expv' into 'exp_reduce_::exp_generic<double>' (/wrk/2019.1/continuous/2019_05_24_2552052/src/products/hls/hls_lib/hlsmath/include/FloatingPoint/hls_exp_.h:237) automatically.
INFO: [XFORM 203-602] Inlining function 'exp_reduce_::exp_traits<double>::exp_Z1P_m_1' into 'exp_reduce_::exp_generic<double>' (/wrk/2019.1/continuous/2019_05_24_2552052/src/products/hls/hls_lib/hlsmath/include/FloatingPoint/hls_exp_.h:322) automatically.
INFO: [XFORM 203-602] Inlining function 'generic_fabs<float>' into 'explog_based::generic_tanh<float>' (/wrk/2019.1/continuous/2019_05_24_2552052/src/products/hls/hls_lib/hlsmath/include/FloatingPoint/hls_tanh.h:62) automatically.
INFO: [XFORM 203-602] Inlining function 'generic_nan<float>' into 'explog_based::generic_tanh<float>' (/wrk/2019.1/continuous/2019_05_24_2552052/src/products/hls/hls_lib/hlsmath/include/FloatingPoint/hls_tanh.h:68) automatically.
INFO: [XFORM 203-602] Inlining function 'exp_reduce_::expm1' into 'explog_based::generic_tanh<float>' (/wrk/2019.1/continuous/2019_05_24_2552052/src/products/hls/hls_lib/hlsmath/include/FloatingPoint/hls_tanh.h:90) automatically.
INFO: [XFORM 203-602] Inlining function 'tanhf' into 'tanhf_fast' (main_5_slices.c:21) automatically.
INFO: [XFORM 203-602] Inlining function 'tanhf_fast' into 'lstm_forward_unidir' (main_5_slices.c:138) automatically.
INFO: [XFORM 203-602] Inlining function 'path_join3.6' into 'run_slice_i' (main_5_slices.c:190) automatically.
INFO: [XFORM 203-602] Inlining function 'load_bin_f32.4' into 'run_slice_i' (main_5_slices.c:190) automatically.
INFO: [XFORM 203-602] Inlining function 'path_join3.5' into 'run_slice_i' (main_5_slices.c:191) automatically.
INFO: [XFORM 203-602] Inlining function 'load_bin_f32.3' into 'run_slice_i' (main_5_slices.c:191) automatically.
INFO: [XFORM 203-602] Inlining function 'load_bin_f32' into 'run_slice_i' (main_5_slices.c:192) automatically.
INFO: [XFORM 203-602] Inlining function 'path_join3.3' into 'run_slice_i' (main_5_slices.c:193) automatically.
INFO: [XFORM 203-602] Inlining function 'path_join3.2' into 'run_slice_i' (main_5_slices.c:194) automatically.
INFO: [XFORM 203-602] Inlining function 'path_join3.1' into 'run_slice_i' (main_5_slices.c:196) automatically.
INFO: [XFORM 203-602] Inlining function 'path_join3.4' into 'run_slice_i' (main_5_slices.c:197) automatically.
INFO: [XFORM 203-602] Inlining function 'load_bin_f32.2' into 'run_slice_i' (main_5_slices.c:197) automatically.
INFO: [XFORM 203-602] Inlining function 'load_bin_f32.1' into 'run_slice_i' (main_5_slices.c:199) automatically.
INFO: [XFORM 203-602] Inlining function 'path_join3' into 'run_slice_i' (main_5_slices.c:211) automatically.
INFO: [XFORM 203-602] Inlining function 'embedding_forward_dyn' into 'run_slice_i' (main_5_slices.c:226) automatically.
INFO: [XFORM 203-602] Inlining function 'bn_time_channel' into 'run_slice_i' (main_5_slices.c:235) automatically.
INFO: [XFORM 203-602] Inlining function 'apply_activation_time' into 'run_slice_i' (main_5_slices.c:236) automatically.
INFO: [XFORM 203-602] Inlining function 'bn_vector' into 'run_slice_i' (main_5_slices.c:247) automatically.
INFO: [XFORM 203-602] Inlining function 'tanhf_fast' into 'run_slice_i' (main_5_slices.c:248) automatically.
INFO: [XFORM 203-602] Inlining function 'path_join2.4' into 'main' (main_5_slices.c:275) automatically.
INFO: [XFORM 203-602] Inlining function 'load_bin_f32.2' into 'main' (main_5_slices.c:275) automatically.
INFO: [XFORM 203-602] Inlining function 'load_bin_f32.1' into 'main' (main_5_slices.c:276) automatically.
INFO: [XFORM 203-602] Inlining function 'path_join2.3' into 'main' (main_5_slices.c:277) automatically.
INFO: [XFORM 203-602] Inlining function 'path_join2.2' into 'main' (main_5_slices.c:278) automatically.
INFO: [XFORM 203-602] Inlining function 'path_join2.1' into 'main' (main_5_slices.c:280) automatically.
INFO: [XFORM 203-602] Inlining function 'load_bin_f32.6' into 'main' (main_5_slices.c:284) automatically.
INFO: [XFORM 203-602] Inlining function 'path_join2' into 'main' (main_5_slices.c:293) automatically.
INFO: [XFORM 203-602] Inlining function 'load_bin_f32.5' into 'main' (main_5_slices.c:294) automatically.
INFO: [XFORM 203-602] Inlining function 'dense_forward.2' into 'main' (main_5_slices.c:300) automatically.
INFO: [XFORM 203-602] Inlining function 'reluf' into 'main' (main_5_slices.c:302) automatically.
INFO: [XFORM 203-602] Inlining function 'dense_forward.1' into 'main' (main_5_slices.c:305) automatically.
INFO: [XFORM 203-602] Inlining function 'dense_forward' into 'main' (main_5_slices.c:310) automatically.
INFO: [XFORM 203-602] Inlining function 'sigmoidf' into 'main' (main_5_slices.c:311) automatically.
ERROR: [SYNCHK 200-72] main_5_slices.c:179: unsupported c/c++ library function 'snprintf'.
ERROR==============================================================
Vivado(TM) HLS - High-Level Synthesis from C, C++ and SystemC v2019.1 (64-bit)
Copyright 1986-2019 Xilinx, Inc. All Rights Reserved.
==============================================================
INFO: [SYN 201-201] Setting up clock 'default' with a period of 10ns.
INFO: [HLS 200-10] Setting target device to 'xc7z020-clg484-1'
INFO: [SCHED 204-61] Option 'relax_ii_for_timing' is enabled, will increase II to preserve clock frequency constraints.
INFO: [HLS 200-10] Analyzing design file 'main_5_slices.c' ... 
INFO: [HLS 200-111] Finished Linking Time (s): cpu = 00:00:06 ; elapsed = 00:00:07 . Memory (MB): peak = 817.098 ; gain = 126.000 ; free physical = 3441 ; free virtual = 13484
INFO: [HLS 200-111] Finished Checking Pragmas Time (s): cpu = 00:00:06 ; elapsed = 00:00:07 . Memory (MB): peak = 817.098 ; gain = 126.000 ; free physical = 3441 ; free virtual = 13484
INFO: [HLS 200-10] Starting code transformations ...
INFO: [HLS 200-111] Finished Standard Transforms Time (s): cpu = 00:00:09 ; elapsed = 00:00:09 . Memory (MB): peak = 951.250 ; gain = 260.152 ; free physical = 3322 ; free virtual = 13388
INFO: [HLS 200-10] Checking synthesizability ...
INFO: [XFORM 203-602] Inlining function 'reluf' into 'apply_activation_time' (main_5_slices.c:88) automatically.
INFO: [XFORM 203-602] Inlining function 'fp_struct<float>::data' into 'fp_struct<float>::to_float' (/wrk/2019.1/continuous/2019_05_24_2552052/src/products/hls/hls_lib/src/hls/utils/x_hls_utils.h:348) automatically.
INFO: [XFORM 203-602] Inlining function 'fp_struct<float>::to_float' into 'fp_struct<float>::to_ieee' (/wrk/2019.1/continuous/2019_05_24_2552052/src/products/hls/hls_lib/src/hls/utils/x_hls_utils.h:369) automatically.
INFO: [XFORM 203-602] Inlining function 'fp_struct<float>::to_ieee' into 'generic_copysign<float>' (/wrk/2019.1/continuous/2019_05_24_2552052/src/products/hls/hls_lib/hlsmath/include/FloatingPoint/hls_copysign.h:14) automatically.
INFO: [XFORM 203-602] Inlining function 'generic_copysign<float>' into 'generic_fabs<float>' (/wrk/2019.1/continuous/2019_05_24_2552052/src/products/hls/hls_lib/hlsmath/include/FloatingPoint/hls_fabs.h:13) automatically.
INFO: [XFORM 203-602] Inlining function 'fp_struct<float>::to_ieee' into 'generic_nan<float>' (/wrk/2019.1/continuous/2019_05_24_2552052/src/products/hls/hls_lib/hlsmath/include/FloatingPoint/hls_nan.h:15) automatically.
INFO: [XFORM 203-602] Inlining function 'fp_struct<double>::data' into 'fp_struct<double>::to_double' (/wrk/2019.1/continuous/2019_05_24_2552052/src/products/hls/hls_lib/src/hls/utils/x_hls_utils.h:512) automatically.
INFO: [XFORM 203-602] Inlining function 'fp_struct<double>::to_double' into 'fp_struct<double>::to_ieee' (/wrk/2019.1/continuous/2019_05_24_2552052/src/products/hls/hls_lib/src/hls/utils/x_hls_utils.h:526) automatically.
INFO: [XFORM 203-602] Inlining function 'generic_isnan<double>' into 'exp_reduce_::exp_generic<double>' (/wrk/2019.1/continuous/2019_05_24_2552052/src/products/hls/hls_lib/hlsmath/include/FloatingPoint/hls_exp_.h:209) automatically.
INFO: [XFORM 203-602] Inlining function 'generic_isinf<double>' into 'exp_reduce_::exp_generic<double>' (/wrk/2019.1/continuous/2019_05_24_2552052/src/products/hls/hls_lib/hlsmath/include/FloatingPoint/hls_exp_.h:210) automatically.
INFO: [XFORM 203-602] Inlining function 'fp_struct<double>::to_ieee' into 'exp_reduce_::exp_generic<double>' (/wrk/2019.1/continuous/2019_05_24_2552052/src/products/hls/hls_lib/hlsmath/include/FloatingPoint/hls_exp_.h:219) automatically.
INFO: [XFORM 203-602] Inlining function 'fp_struct<double>::expv' into 'exp_reduce_::exp_generic<double>' (/wrk/2019.1/continuous/2019_05_24_2552052/src/products/hls/hls_lib/hlsmath/include/FloatingPoint/hls_exp_.h:237) automatically.
INFO: [XFORM 203-602] Inlining function 'exp_reduce_::exp_traits<double>::exp_Z1P_m_1' into 'exp_reduce_::exp_generic<double>' (/wrk/2019.1/continuous/2019_05_24_2552052/src/products/hls/hls_lib/hlsmath/include/FloatingPoint/hls_exp_.h:322) automatically.
INFO: [XFORM 203-602] Inlining function 'generic_fabs<float>' into 'explog_based::generic_tanh<float>' (/wrk/2019.1/continuous/2019_05_24_2552052/src/products/hls/hls_lib/hlsmath/include/FloatingPoint/hls_tanh.h:62) automatically.
INFO: [XFORM 203-602] Inlining function 'generic_nan<float>' into 'explog_based::generic_tanh<float>' (/wrk/2019.1/continuous/2019_05_24_2552052/src/products/hls/hls_lib/hlsmath/include/FloatingPoint/hls_tanh.h:68) automatically.
INFO: [XFORM 203-602] Inlining function 'exp_reduce_::expm1' into 'explog_based::generic_tanh<float>' (/wrk/2019.1/continuous/2019_05_24_2552052/src/products/hls/hls_lib/hlsmath/include/FloatingPoint/hls_tanh.h:90) automatically.
INFO: [XFORM 203-602] Inlining function 'tanhf' into 'tanhf_fast' (main_5_slices.c:21) automatically.
INFO: [XFORM 203-602] Inlining function 'tanhf_fast' into 'lstm_forward_unidir' (main_5_slices.c:138) automatically.
INFO: [XFORM 203-602] Inlining function 'path_join3.6' into 'run_slice_i' (main_5_slices.c:190) automatically.
INFO: [XFORM 203-602] Inlining function 'load_bin_f32.4' into 'run_slice_i' (main_5_slices.c:190) automatically.
INFO: [XFORM 203-602] Inlining function 'path_join3.5' into 'run_slice_i' (main_5_slices.c:191) automatically.
INFO: [XFORM 203-602] Inlining function 'load_bin_f32.3' into 'run_slice_i' (main_5_slices.c:191) automatically.
INFO: [XFORM 203-602] Inlining function 'load_bin_f32' into 'run_slice_i' (main_5_slices.c:192) automatically.
INFO: [XFORM 203-602] Inlining function 'path_join3.3' into 'run_slice_i' (main_5_slices.c:193) automatically.
INFO: [XFORM 203-602] Inlining function 'path_join3.2' into 'run_slice_i' (main_5_slices.c:194) automatically.
INFO: [XFORM 203-602] Inlining function 'path_join3.1' into 'run_slice_i' (main_5_slices.c:196) automatically.
INFO: [XFORM 203-602] Inlining function 'path_join3.4' into 'run_slice_i' (main_5_slices.c:197) automatically.
INFO: [XFORM 203-602] Inlining function 'load_bin_f32.2' into 'run_slice_i' (main_5_slices.c:197) automatically.
INFO: [XFORM 203-602] Inlining function 'load_bin_f32.1' into 'run_slice_i' (main_5_slices.c:199) automatically.
INFO: [XFORM 203-602] Inlining function 'path_join3' into 'run_slice_i' (main_5_slices.c:211) automatically.
INFO: [XFORM 203-602] Inlining function 'embedding_forward_dyn' into 'run_slice_i' (main_5_slices.c:226) automatically.
INFO: [XFORM 203-602] Inlining function 'bn_time_channel' into 'run_slice_i' (main_5_slices.c:235) automatically.
INFO: [XFORM 203-602] Inlining function 'apply_activation_time' into 'run_slice_i' (main_5_slices.c:236) automatically.
INFO: [XFORM 203-602] Inlining function 'bn_vector' into 'run_slice_i' (main_5_slices.c:247) automatically.
INFO: [XFORM 203-602] Inlining function 'tanhf_fast' into 'run_slice_i' (main_5_slices.c:248) automatically.
INFO: [XFORM 203-602] Inlining function 'path_join2.4' into 'main' (main_5_slices.c:275) automatically.
INFO: [XFORM 203-602] Inlining function 'load_bin_f32.2' into 'main' (main_5_slices.c:275) automatically.
INFO: [XFORM 203-602] Inlining function 'load_bin_f32.1' into 'main' (main_5_slices.c:276) automatically.
INFO: [XFORM 203-602] Inlining function 'path_join2.3' into 'main' (main_5_slices.c:277) automatically.
INFO: [XFORM 203-602] Inlining function 'path_join2.2' into 'main' (main_5_slices.c:278) automatically.
INFO: [XFORM 203-602] Inlining function 'path_join2.1' into 'main' (main_5_slices.c:280) automatically.
INFO: [XFORM 203-602] Inlining function 'load_bin_f32.6' into 'main' (main_5_slices.c:284) automatically.
INFO: [XFORM 203-602] Inlining function 'path_join2' into 'main' (main_5_slices.c:293) automatically.
INFO: [XFORM 203-602] Inlining function 'load_bin_f32.5' into 'main' (main_5_slices.c:294) automatically.
INFO: [XFORM 203-602] Inlining function 'dense_forward.2' into 'main' (main_5_slices.c:300) automatically.
INFO: [XFORM 203-602] Inlining function 'reluf' into 'main' (main_5_slices.c:302) automatically.
INFO: [XFORM 203-602] Inlining function 'dense_forward.1' into 'main' (main_5_slices.c:305) automatically.
INFO: [XFORM 203-602] Inlining function 'dense_forward' into 'main' (main_5_slices.c:310) automatically.
INFO: [XFORM 203-602] Inlining function 'sigmoidf' into 'main' (main_5_slices.c:311) automatically.
ERROR: [SYNCHK 200-72] main_5_slices.c:179: unsupported c/c++ library function 'snprintf'.
ERROR==============================================================
Vivado(TM) HLS - High-Level Synthesis from C, C++ and SystemC v2019.1 (64-bit)
Copyright 1986-2019 Xilinx, Inc. All Rights Reserved.
==============================================================
INFO: [SYN 201-201] Setting up clock 'default' with a period of 10ns.
INFO: [HLS 200-10] Setting target device to 'xc7z020-clg484-1'
INFO: [SCHED 204-61] Option 'relax_ii_for_timing' is enabled, will increase II to preserve clock frequency constraints.
INFO: [HLS 200-10] Analyzing design file 'main_5_slices.c' ... 
INFO: [HLS 200-111] Finished Linking Time (s): cpu = 00:00:06 ; elapsed = 00:00:07 . Memory (MB): peak = 817.098 ; gain = 126.000 ; free physical = 3628 ; free virtual = 13747
INFO: [HLS 200-111] Finished Checking Pragmas Time (s): cpu = 00:00:06 ; elapsed = 00:00:07 . Memory (MB): peak = 817.098 ; gain = 126.000 ; free physical = 3628 ; free virtual = 13747
INFO: [HLS 200-10] Starting code transformations ...
INFO: [HLS 200-111] Finished Standard Transforms Time (s): cpu = 00:00:09 ; elapsed = 00:00:10 . Memory (MB): peak = 887.309 ; gain = 196.211 ; free physical = 3497 ; free virtual = 13638
INFO: [HLS 200-10] Checking synthesizability ...
INFO: [XFORM 203-602] Inlining function 'reluf' into 'apply_activation_time' (main_5_slices.c:88) automatically.
INFO: [XFORM 203-602] Inlining function 'fp_struct<float>::data' into 'fp_struct<float>::to_float' (/wrk/2019.1/continuous/2019_05_24_2552052/src/products/hls/hls_lib/src/hls/utils/x_hls_utils.h:348) automatically.
INFO: [XFORM 203-602] Inlining function 'fp_struct<float>::to_float' into 'fp_struct<float>::to_ieee' (/wrk/2019.1/continuous/2019_05_24_2552052/src/products/hls/hls_lib/src/hls/utils/x_hls_utils.h:369) automatically.
INFO: [XFORM 203-602] Inlining function 'fp_struct<float>::to_ieee' into 'generic_copysign<float>' (/wrk/2019.1/continuous/2019_05_24_2552052/src/products/hls/hls_lib/hlsmath/include/FloatingPoint/hls_copysign.h:14) automatically.
INFO: [XFORM 203-602] Inlining function 'generic_copysign<float>' into 'generic_fabs<float>' (/wrk/2019.1/continuous/2019_05_24_2552052/src/products/hls/hls_lib/hlsmath/include/FloatingPoint/hls_fabs.h:13) automatically.
INFO: [XFORM 203-602] Inlining function 'fp_struct<float>::to_ieee' into 'generic_nan<float>' (/wrk/2019.1/continuous/2019_05_24_2552052/src/products/hls/hls_lib/hlsmath/include/FloatingPoint/hls_nan.h:15) automatically.
INFO: [XFORM 203-602] Inlining function 'fp_struct<double>::data' into 'fp_struct<double>::to_double' (/wrk/2019.1/continuous/2019_05_24_2552052/src/products/hls/hls_lib/src/hls/utils/x_hls_utils.h:512) automatically.
INFO: [XFORM 203-602] Inlining function 'fp_struct<double>::to_double' into 'fp_struct<double>::to_ieee' (/wrk/2019.1/continuous/2019_05_24_2552052/src/products/hls/hls_lib/src/hls/utils/x_hls_utils.h:526) automatically.
INFO: [XFORM 203-602] Inlining function 'generic_isnan<double>' into 'exp_reduce_::exp_generic<double>' (/wrk/2019.1/continuous/2019_05_24_2552052/src/products/hls/hls_lib/hlsmath/include/FloatingPoint/hls_exp_.h:209) automatically.
INFO: [XFORM 203-602] Inlining function 'generic_isinf<double>' into 'exp_reduce_::exp_generic<double>' (/wrk/2019.1/continuous/2019_05_24_2552052/src/products/hls/hls_lib/hlsmath/include/FloatingPoint/hls_exp_.h:210) automatically.
INFO: [XFORM 203-602] Inlining function 'fp_struct<double>::to_ieee' into 'exp_reduce_::exp_generic<double>' (/wrk/2019.1/continuous/2019_05_24_2552052/src/products/hls/hls_lib/hlsmath/include/FloatingPoint/hls_exp_.h:219) automatically.
INFO: [XFORM 203-602] Inlining function 'fp_struct<double>::expv' into 'exp_reduce_::exp_generic<double>' (/wrk/2019.1/continuous/2019_05_24_2552052/src/products/hls/hls_lib/hlsmath/include/FloatingPoint/hls_exp_.h:237) automatically.
INFO: [XFORM 203-602] Inlining function 'exp_reduce_::exp_traits<double>::exp_Z1P_m_1' into 'exp_reduce_::exp_generic<double>' (/wrk/2019.1/continuous/2019_05_24_2552052/src/products/hls/hls_lib/hlsmath/include/FloatingPoint/hls_exp_.h:322) automatically.
INFO: [XFORM 203-602] Inlining function 'generic_fabs<float>' into 'explog_based::generic_tanh<float>' (/wrk/2019.1/continuous/2019_05_24_2552052/src/products/hls/hls_lib/hlsmath/include/FloatingPoint/hls_tanh.h:62) automatically.
INFO: [XFORM 203-602] Inlining function 'generic_nan<float>' into 'explog_based::generic_tanh<float>' (/wrk/2019.1/continuous/2019_05_24_2552052/src/products/hls/hls_lib/hlsmath/include/FloatingPoint/hls_tanh.h:68) automatically.
INFO: [XFORM 203-602] Inlining function 'exp_reduce_::expm1' into 'explog_based::generic_tanh<float>' (/wrk/2019.1/continuous/2019_05_24_2552052/src/products/hls/hls_lib/hlsmath/include/FloatingPoint/hls_tanh.h:90) automatically.
INFO: [XFORM 203-602] Inlining function 'tanhf' into 'tanhf_fast' (main_5_slices.c:21) automatically.
INFO: [XFORM 203-602] Inlining function 'tanhf_fast' into 'lstm_forward_unidir' (main_5_slices.c:138) automatically.
INFO: [XFORM 203-602] Inlining function 'path_join3.6' into 'run_slice_i' (main_5_slices.c:190) automatically.
INFO: [XFORM 203-602] Inlining function 'load_bin_f32.4' into 'run_slice_i' (main_5_slices.c:190) automatically.
INFO: [XFORM 203-602] Inlining function 'path_join3.5' into 'run_slice_i' (main_5_slices.c:191) automatically.
INFO: [XFORM 203-602] Inlining function 'load_bin_f32.3' into 'run_slice_i' (main_5_slices.c:191) automatically.
INFO: [XFORM 203-602] Inlining function 'load_bin_f32' into 'run_slice_i' (main_5_slices.c:192) automatically.
INFO: [XFORM 203-602] Inlining function 'path_join3.3' into 'run_slice_i' (main_5_slices.c:193) automatically.
INFO: [XFORM 203-602] Inlining function 'path_join3.2' into 'run_slice_i' (main_5_slices.c:194) automatically.
INFO: [XFORM 203-602] Inlining function 'path_join3.1' into 'run_slice_i' (main_5_slices.c:196) automatically.
INFO: [XFORM 203-602] Inlining function 'path_join3.4' into 'run_slice_i' (main_5_slices.c:197) automatically.
INFO: [XFORM 203-602] Inlining function 'load_bin_f32.2' into 'run_slice_i' (main_5_slices.c:197) automatically.
INFO: [XFORM 203-602] Inlining function 'load_bin_f32.1' into 'run_slice_i' (main_5_slices.c:199) automatically.
INFO: [XFORM 203-602] Inlining function 'path_join3' into 'run_slice_i' (main_5_slices.c:211) automatically.
INFO: [XFORM 203-602] Inlining function 'embedding_forward_dyn' into 'run_slice_i' (main_5_slices.c:226) automatically.
INFO: [XFORM 203-602] Inlining function 'bn_time_channel' into 'run_slice_i' (main_5_slices.c:235) automatically.
INFO: [XFORM 203-602] Inlining function 'apply_activation_time' into 'run_slice_i' (main_5_slices.c:236) automatically.
INFO: [XFORM 203-602] Inlining function 'bn_vector' into 'run_slice_i' (main_5_slices.c:247) automatically.
INFO: [XFORM 203-602] Inlining function 'tanhf_fast' into 'run_slice_i' (main_5_slices.c:248) automatically.
INFO: [XFORM 203-602] Inlining function 'path_join2.4' into 'main' (main_5_slices.c:278) automatically.
INFO: [XFORM 203-602] Inlining function 'load_bin_f32.2' into 'main' (main_5_slices.c:278) automatically.
INFO: [XFORM 203-602] Inlining function 'load_bin_f32.1' into 'main' (main_5_slices.c:279) automatically.
INFO: [XFORM 203-602] Inlining function 'path_join2.3' into 'main' (main_5_slices.c:280) automatically.
INFO: [XFORM 203-602] Inlining function 'path_join2.2' into 'main' (main_5_slices.c:281) automatically.
INFO: [XFORM 203-602] Inlining function 'path_join2.1' into 'main' (main_5_slices.c:283) automatically.
INFO: [XFORM 203-602] Inlining function 'load_bin_f32.6' into 'main' (main_5_slices.c:287) automatically.
INFO: [XFORM 203-602] Inlining function 'path_join2' into 'main' (main_5_slices.c:296) automatically.
INFO: [XFORM 203-602] Inlining function 'load_bin_f32.5' into 'main' (main_5_slices.c:297) automatically.
INFO: [XFORM 203-602] Inlining function 'dense_forward.2' into 'main' (main_5_slices.c:303) automatically.
INFO: [XFORM 203-602] Inlining function 'reluf' into 'main' (main_5_slices.c:305) automatically.
INFO: [XFORM 203-602] Inlining function 'dense_forward.1' into 'main' (main_5_slices.c:308) automatically.
INFO: [XFORM 203-602] Inlining function 'dense_forward' into 'main' (main_5_slices.c:313) automatically.
INFO: [XFORM 203-602] Inlining function 'sigmoidf' into 'main' (main_5_slices.c:314) automatically.
ERROR: [SYNCHK 200-72] main_5_slices.c:179: unsupported c/c++ library function 'snprintf'.
ERROR==============================================================
Vivado(TM) HLS - High-Level Synthesis from C, C++ and SystemC v2019.1 (64-bit)
Copyright 1986-2019 Xilinx, Inc. All Rights Reserved.
==============================================================
INFO: [SYN 201-201] Setting up clock 'default' with a period of 10ns.
INFO: [HLS 200-10] Setting target device to 'xc7z020-clg484-1'
INFO: [SCHED 204-61] Option 'relax_ii_for_timing' is enabled, will increase II to preserve clock frequency constraints.
INFO: [HLS 200-10] Analyzing design file 'main_5_slices.c' ... 
INFO: [HLS 200-111] Finished Linking Time (s): cpu = 00:00:06 ; elapsed = 00:00:07 . Memory (MB): peak = 817.098 ; gain = 126.000 ; free physical = 3270 ; free virtual = 13402
INFO: [HLS 200-111] Finished Checking Pragmas Time (s): cpu = 00:00:06 ; elapsed = 00:00:07 . Memory (MB): peak = 817.098 ; gain = 126.000 ; free physical = 3270 ; free virtual = 13402
INFO: [HLS 200-10] Starting code transformations ...
INFO: [HLS 200-111] Finished Standard Transforms Time (s): cpu = 00:00:09 ; elapsed = 00:00:10 . Memory (MB): peak = 887.309 ; gain = 196.211 ; free physical = 3080 ; free virtual = 13234
INFO: [HLS 200-10] Checking synthesizability ...
INFO: [XFORM 203-602] Inlining function 'reluf' into 'apply_activation_time' (main_5_slices.c:88) automatically.
INFO: [XFORM 203-602] Inlining function 'fp_struct<float>::data' into 'fp_struct<float>::to_float' (/wrk/2019.1/continuous/2019_05_24_2552052/src/products/hls/hls_lib/src/hls/utils/x_hls_utils.h:348) automatically.
INFO: [XFORM 203-602] Inlining function 'fp_struct<float>::to_float' into 'fp_struct<float>::to_ieee' (/wrk/2019.1/continuous/2019_05_24_2552052/src/products/hls/hls_lib/src/hls/utils/x_hls_utils.h:369) automatically.
INFO: [XFORM 203-602] Inlining function 'fp_struct<float>::to_ieee' into 'generic_copysign<float>' (/wrk/2019.1/continuous/2019_05_24_2552052/src/products/hls/hls_lib/hlsmath/include/FloatingPoint/hls_copysign.h:14) automatically.
INFO: [XFORM 203-602] Inlining function 'generic_copysign<float>' into 'generic_fabs<float>' (/wrk/2019.1/continuous/2019_05_24_2552052/src/products/hls/hls_lib/hlsmath/include/FloatingPoint/hls_fabs.h:13) automatically.
INFO: [XFORM 203-602] Inlining function 'fp_struct<float>::to_ieee' into 'generic_nan<float>' (/wrk/2019.1/continuous/2019_05_24_2552052/src/products/hls/hls_lib/hlsmath/include/FloatingPoint/hls_nan.h:15) automatically.
INFO: [XFORM 203-602] Inlining function 'fp_struct<double>::data' into 'fp_struct<double>::to_double' (/wrk/2019.1/continuous/2019_05_24_2552052/src/products/hls/hls_lib/src/hls/utils/x_hls_utils.h:512) automatically.
INFO: [XFORM 203-602] Inlining function 'fp_struct<double>::to_double' into 'fp_struct<double>::to_ieee' (/wrk/2019.1/continuous/2019_05_24_2552052/src/products/hls/hls_lib/src/hls/utils/x_hls_utils.h:526) automatically.
INFO: [XFORM 203-602] Inlining function 'generic_isnan<double>' into 'exp_reduce_::exp_generic<double>' (/wrk/2019.1/continuous/2019_05_24_2552052/src/products/hls/hls_lib/hlsmath/include/FloatingPoint/hls_exp_.h:209) automatically.
INFO: [XFORM 203-602] Inlining function 'generic_isinf<double>' into 'exp_reduce_::exp_generic<double>' (/wrk/2019.1/continuous/2019_05_24_2552052/src/products/hls/hls_lib/hlsmath/include/FloatingPoint/hls_exp_.h:210) automatically.
INFO: [XFORM 203-602] Inlining function 'fp_struct<double>::to_ieee' into 'exp_reduce_::exp_generic<double>' (/wrk/2019.1/continuous/2019_05_24_2552052/src/products/hls/hls_lib/hlsmath/include/FloatingPoint/hls_exp_.h:219) automatically.
INFO: [XFORM 203-602] Inlining function 'fp_struct<double>::expv' into 'exp_reduce_::exp_generic<double>' (/wrk/2019.1/continuous/2019_05_24_2552052/src/products/hls/hls_lib/hlsmath/include/FloatingPoint/hls_exp_.h:237) automatically.
INFO: [XFORM 203-602] Inlining function 'exp_reduce_::exp_traits<double>::exp_Z1P_m_1' into 'exp_reduce_::exp_generic<double>' (/wrk/2019.1/continuous/2019_05_24_2552052/src/products/hls/hls_lib/hlsmath/include/FloatingPoint/hls_exp_.h:322) automatically.
INFO: [XFORM 203-602] Inlining function 'generic_fabs<float>' into 'explog_based::generic_tanh<float>' (/wrk/2019.1/continuous/2019_05_24_2552052/src/products/hls/hls_lib/hlsmath/include/FloatingPoint/hls_tanh.h:62) automatically.
INFO: [XFORM 203-602] Inlining function 'generic_nan<float>' into 'explog_based::generic_tanh<float>' (/wrk/2019.1/continuous/2019_05_24_2552052/src/products/hls/hls_lib/hlsmath/include/FloatingPoint/hls_tanh.h:68) automatically.
INFO: [XFORM 203-602] Inlining function 'exp_reduce_::expm1' into 'explog_based::generic_tanh<float>' (/wrk/2019.1/continuous/2019_05_24_2552052/src/products/hls/hls_lib/hlsmath/include/FloatingPoint/hls_tanh.h:90) automatically.
INFO: [XFORM 203-602] Inlining function 'tanhf' into 'tanhf_fast' (main_5_slices.c:21) automatically.
INFO: [XFORM 203-602] Inlining function 'tanhf_fast' into 'lstm_forward_unidir' (main_5_slices.c:138) automatically.
INFO: [XFORM 203-602] Inlining function 'path_join3.6' into 'run_slice_i' (main_5_slices.c:190) automatically.
INFO: [XFORM 203-602] Inlining function 'load_bin_f32.4' into 'run_slice_i' (main_5_slices.c:190) automatically.
INFO: [XFORM 203-602] Inlining function 'path_join3.5' into 'run_slice_i' (main_5_slices.c:191) automatically.
INFO: [XFORM 203-602] Inlining function 'load_bin_f32.3' into 'run_slice_i' (main_5_slices.c:191) automatically.
INFO: [XFORM 203-602] Inlining function 'load_bin_f32' into 'run_slice_i' (main_5_slices.c:192) automatically.
INFO: [XFORM 203-602] Inlining function 'path_join3.3' into 'run_slice_i' (main_5_slices.c:193) automatically.
INFO: [XFORM 203-602] Inlining function 'path_join3.2' into 'run_slice_i' (main_5_slices.c:194) automatically.
INFO: [XFORM 203-602] Inlining function 'path_join3.1' into 'run_slice_i' (main_5_slices.c:196) automatically.
INFO: [XFORM 203-602] Inlining function 'path_join3.4' into 'run_slice_i' (main_5_slices.c:197) automatically.
INFO: [XFORM 203-602] Inlining function 'load_bin_f32.2' into 'run_slice_i' (main_5_slices.c:197) automatically.
INFO: [XFORM 203-602] Inlining function 'load_bin_f32.1' into 'run_slice_i' (main_5_slices.c:199) automatically.
INFO: [XFORM 203-602] Inlining function 'path_join3' into 'run_slice_i' (main_5_slices.c:211) automatically.
INFO: [XFORM 203-602] Inlining function 'embedding_forward_dyn' into 'run_slice_i' (main_5_slices.c:226) automatically.
INFO: [XFORM 203-602] Inlining function 'bn_time_channel' into 'run_slice_i' (main_5_slices.c:235) automatically.
INFO: [XFORM 203-602] Inlining function 'apply_activation_time' into 'run_slice_i' (main_5_slices.c:236) automatically.
INFO: [XFORM 203-602] Inlining function 'bn_vector' into 'run_slice_i' (main_5_slices.c:247) automatically.
INFO: [XFORM 203-602] Inlining function 'tanhf_fast' into 'run_slice_i' (main_5_slices.c:248) automatically.
INFO: [XFORM 203-602] Inlining function 'path_join2.4' into 'main' (main_5_slices.c:278) automatically.
INFO: [XFORM 203-602] Inlining function 'load_bin_f32.2' into 'main' (main_5_slices.c:278) automatically.
INFO: [XFORM 203-602] Inlining function 'load_bin_f32.1' into 'main' (main_5_slices.c:279) automatically.
INFO: [XFORM 203-602] Inlining function 'path_join2.3' into 'main' (main_5_slices.c:280) automatically.
INFO: [XFORM 203-602] Inlining function 'path_join2.2' into 'main' (main_5_slices.c:281) automatically.
INFO: [XFORM 203-602] Inlining function 'path_join2.1' into 'main' (main_5_slices.c:283) automatically.
INFO: [XFORM 203-602] Inlining function 'load_bin_f32.6' into 'main' (main_5_slices.c:287) automatically.
INFO: [XFORM 203-602] Inlining function 'path_join2' into 'main' (main_5_slices.c:296) automatically.
INFO: [XFORM 203-602] Inlining function 'load_bin_f32.5' into 'main' (main_5_slices.c:297) automatically.
INFO: [XFORM 203-602] Inlining function 'dense_forward.2' into 'main' (main_5_slices.c:303) automatically.
INFO: [XFORM 203-602] Inlining function 'reluf' into 'main' (main_5_slices.c:305) automatically.
INFO: [XFORM 203-602] Inlining function 'dense_forward.1' into 'main' (main_5_slices.c:308) automatically.
INFO: [XFORM 203-602] Inlining function 'dense_forward' into 'main' (main_5_slices.c:313) automatically.
INFO: [XFORM 203-602] Inlining function 'sigmoidf' into 'main' (main_5_slices.c:314) automatically.
ERROR: [SYNCHK 200-72] main_5_slices.c:179: unsupported c/c++ library function 'snprintf'.
ERROR==============================================================
Vivado(TM) HLS - High-Level Synthesis from C, C++ and SystemC v2019.1 (64-bit)
Copyright 1986-2019 Xilinx, Inc. All Rights Reserved.
==============================================================
INFO: [SYN 201-201] Setting up clock 'default' with a period of 10ns.
INFO: [HLS 200-10] Setting target device to 'xc7z020-clg484-1'
INFO: [SCHED 204-61] Option 'relax_ii_for_timing' is enabled, will increase II to preserve clock frequency constraints.
INFO: [HLS 200-10] Analyzing design file 'main_5_slices.c' ... 
INFO: [HLS 200-111] Finished Linking Time (s): cpu = 00:00:06 ; elapsed = 00:00:07 . Memory (MB): peak = 817.098 ; gain = 126.000 ; free physical = 3984 ; free virtual = 14067
INFO: [HLS 200-111] Finished Checking Pragmas Time (s): cpu = 00:00:06 ; elapsed = 00:00:07 . Memory (MB): peak = 817.098 ; gain = 126.000 ; free physical = 3984 ; free virtual = 14067
INFO: [HLS 200-10] Starting code transformations ...
INFO: [HLS 200-111] Finished Standard Transforms Time (s): cpu = 00:00:09 ; elapsed = 00:00:10 . Memory (MB): peak = 887.324 ; gain = 196.227 ; free physical = 3707 ; free virtual = 13819
INFO: [HLS 200-10] Checking synthesizability ...
INFO: [XFORM 203-602] Inlining function 'reluf' into 'apply_activation_time.4' (main_5_slices.c:88) automatically.
INFO: [XFORM 203-602] Inlining function 'fp_struct<float>::data' into 'fp_struct<float>::to_float' (/wrk/2019.1/continuous/2019_05_24_2552052/src/products/hls/hls_lib/src/hls/utils/x_hls_utils.h:348) automatically.
INFO: [XFORM 203-602] Inlining function 'fp_struct<float>::to_float' into 'fp_struct<float>::to_ieee' (/wrk/2019.1/continuous/2019_05_24_2552052/src/products/hls/hls_lib/src/hls/utils/x_hls_utils.h:369) automatically.
INFO: [XFORM 203-602] Inlining function 'fp_struct<float>::to_ieee' into 'generic_copysign<float>' (/wrk/2019.1/continuous/2019_05_24_2552052/src/products/hls/hls_lib/hlsmath/include/FloatingPoint/hls_copysign.h:14) automatically.
INFO: [XFORM 203-602] Inlining function 'generic_copysign<float>' into 'generic_fabs<float>' (/wrk/2019.1/continuous/2019_05_24_2552052/src/products/hls/hls_lib/hlsmath/include/FloatingPoint/hls_fabs.h:13) automatically.
INFO: [XFORM 203-602] Inlining function 'fp_struct<float>::to_ieee' into 'generic_nan<float>' (/wrk/2019.1/continuous/2019_05_24_2552052/src/products/hls/hls_lib/hlsmath/include/FloatingPoint/hls_nan.h:15) automatically.
INFO: [XFORM 203-602] Inlining function 'fp_struct<double>::data' into 'fp_struct<double>::to_double' (/wrk/2019.1/continuous/2019_05_24_2552052/src/products/hls/hls_lib/src/hls/utils/x_hls_utils.h:512) automatically.
INFO: [XFORM 203-602] Inlining function 'fp_struct<double>::to_double' into 'fp_struct<double>::to_ieee' (/wrk/2019.1/continuous/2019_05_24_2552052/src/products/hls/hls_lib/src/hls/utils/x_hls_utils.h:526) automatically.
INFO: [XFORM 203-602] Inlining function 'generic_isnan<double>' into 'exp_reduce_::exp_generic<double>' (/wrk/2019.1/continuous/2019_05_24_2552052/src/products/hls/hls_lib/hlsmath/include/FloatingPoint/hls_exp_.h:209) automatically.
INFO: [XFORM 203-602] Inlining function 'generic_isinf<double>' into 'exp_reduce_::exp_generic<double>' (/wrk/2019.1/continuous/2019_05_24_2552052/src/products/hls/hls_lib/hlsmath/include/FloatingPoint/hls_exp_.h:210) automatically.
INFO: [XFORM 203-602] Inlining function 'fp_struct<double>::to_ieee' into 'exp_reduce_::exp_generic<double>' (/wrk/2019.1/continuous/2019_05_24_2552052/src/products/hls/hls_lib/hlsmath/include/FloatingPoint/hls_exp_.h:219) automatically.
INFO: [XFORM 203-602] Inlining function 'fp_struct<double>::expv' into 'exp_reduce_::exp_generic<double>' (/wrk/2019.1/continuous/2019_05_24_2552052/src/products/hls/hls_lib/hlsmath/include/FloatingPoint/hls_exp_.h:237) automatically.
INFO: [XFORM 203-602] Inlining function 'exp_reduce_::exp_traits<double>::exp_Z1P_m_1' into 'exp_reduce_::exp_generic<double>' (/wrk/2019.1/continuous/2019_05_24_2552052/src/products/hls/hls_lib/hlsmath/include/FloatingPoint/hls_exp_.h:322) automatically.
INFO: [XFORM 203-602] Inlining function 'generic_fabs<float>' into 'explog_based::generic_tanh<float>' (/wrk/2019.1/continuous/2019_05_24_2552052/src/products/hls/hls_lib/hlsmath/include/FloatingPoint/hls_tanh.h:62) automatically.
INFO: [XFORM 203-602] Inlining function 'generic_nan<float>' into 'explog_based::generic_tanh<float>' (/wrk/2019.1/continuous/2019_05_24_2552052/src/products/hls/hls_lib/hlsmath/include/FloatingPoint/hls_tanh.h:68) automatically.
INFO: [XFORM 203-602] Inlining function 'exp_reduce_::expm1' into 'explog_based::generic_tanh<float>' (/wrk/2019.1/continuous/2019_05_24_2552052/src/products/hls/hls_lib/hlsmath/include/FloatingPoint/hls_tanh.h:90) automatically.
INFO: [XFORM 203-602] Inlining function 'tanhf' into 'tanhf_fast' (main_5_slices.c:21) automatically.
INFO: [XFORM 203-602] Inlining function 'tanhf_fast' into 'lstm_forward_unidir' (main_5_slices.c:138) automatically.
INFO: [XFORM 203-602] Inlining function 'reluf' into 'apply_activation_time.3' (main_5_slices.c:88) automatically.
INFO: [XFORM 203-602] Inlining function 'reluf' into 'apply_activation_time.2' (main_5_slices.c:88) automatically.
INFO: [XFORM 203-602] Inlining function 'reluf' into 'apply_activation_time.1' (main_5_slices.c:88) automatically.
INFO: [XFORM 203-602] Inlining function 'reluf' into 'apply_activation_time' (main_5_slices.c:88) automatically.
INFO: [XFORM 203-602] Inlining function 'path_join3.6' into 'run_all_slices_unrolled' (main_5_slices.c:274) automatically.
INFO: [XFORM 203-602] Inlining function 'load_bin_f32.4' into 'run_all_slices_unrolled' (main_5_slices.c:274) automatically.
INFO: [XFORM 203-602] Inlining function 'path_join3.5' into 'run_all_slices_unrolled' (main_5_slices.c:275) automatically.
INFO: [XFORM 203-602] Inlining function 'load_bin_f32.3' into 'run_all_slices_unrolled' (main_5_slices.c:275) automatically.
INFO: [XFORM 203-602] Inlining function 'path_join3.3' into 'run_all_slices_unrolled' (main_5_slices.c:277) automatically.
INFO: [XFORM 203-602] Inlining function 'path_join3.2' into 'run_all_slices_unrolled' (main_5_slices.c:278) automatically.
INFO: [XFORM 203-602] Inlining function 'path_join3.1' into 'run_all_slices_unrolled' (main_5_slices.c:280) automatically.
INFO: [XFORM 203-602] Inlining function 'path_join3.4' into 'run_all_slices_unrolled' (main_5_slices.c:281) automatically.
INFO: [XFORM 203-602] Inlining function 'load_bin_f32.2' into 'run_all_slices_unrolled' (main_5_slices.c:281) automatically.
INFO: [XFORM 203-602] Inlining function 'load_bin_f32.1' into 'run_all_slices_unrolled' (main_5_slices.c:283) automatically.
INFO: [XFORM 203-602] Inlining function 'path_join3' into 'run_all_slices_unrolled' (main_5_slices.c:291) automatically.
INFO: [XFORM 203-602] Inlining function 'embedding_forward_dyn.4' into 'run_all_slices_unrolled' (main_5_slices.c:308) automatically.
INFO: [XFORM 203-602] Inlining function 'bn_time_channel.4' into 'run_all_slices_unrolled' (main_5_slices.c:310) automatically.
INFO: [XFORM 203-602] Inlining function 'apply_activation_time.4' into 'run_all_slices_unrolled' (main_5_slices.c:311) automatically.
INFO: [XFORM 203-602] Inlining function 'tanhf_fast' into 'run_all_slices_unrolled' (main_5_slices.c:315) automatically.
INFO: [XFORM 203-602] Inlining function 'embedding_forward_dyn.3' into 'run_all_slices_unrolled' (main_5_slices.c:357) automatically.
INFO: [XFORM 203-602] Inlining function 'bn_time_channel.3' into 'run_all_slices_unrolled' (main_5_slices.c:359) automatically.
INFO: [XFORM 203-602] Inlining function 'apply_activation_time.3' into 'run_all_slices_unrolled' (main_5_slices.c:360) automatically.
INFO: [XFORM 203-602] Inlining function 'embedding_forward_dyn.2' into 'run_all_slices_unrolled' (main_5_slices.c:402) automatically.
INFO: [XFORM 203-602] Inlining function 'bn_time_channel.2' into 'run_all_slices_unrolled' (main_5_slices.c:404) automatically.
INFO: [XFORM 203-602] Inlining function 'apply_activation_time.2' into 'run_all_slices_unrolled' (main_5_slices.c:405) automatically.
INFO: [XFORM 203-602] Inlining function 'embedding_forward_dyn.1' into 'run_all_slices_unrolled' (main_5_slices.c:447) automatically.
INFO: [XFORM 203-602] Inlining function 'bn_time_channel.1' into 'run_all_slices_unrolled' (main_5_slices.c:449) automatically.
INFO: [XFORM 203-602] Inlining function 'apply_activation_time.1' into 'run_all_slices_unrolled' (main_5_slices.c:450) automatically.
==============================================================
Vivado(TM) HLS - High-Level Synthesis from C, C++ and SystemC v2019.1 (64-bit)
Copyright 1986-2019 Xilinx, Inc. All Rights Reserved.
==============================================================
==============================================================
Vivado(TM) HLS - High-Level Synthesis from C, C++ and SystemC v2019.1 (64-bit)
Copyright 1986-2019 Xilinx, Inc. All Rights Reserved.
==============================================================
INFO: [SYN 201-201] Setting up clock 'default' with a period of 10ns.
INFO: [HLS 200-10] Setting target device to 'xc7z020-clg484-1'
INFO: [SCHED 204-61] Option 'relax_ii_for_timing' is enabled, will increase II to preserve clock frequency constraints.
INFO: [HLS 200-10] Analyzing design file 'main_5_slices.c' ... 
INFO: [HLS 200-111] Finished Linking Time (s): cpu = 00:00:29 ; elapsed = 00:00:31 . Memory (MB): peak = 817.098 ; gain = 126.000 ; free physical = 1968 ; free virtual = 11664
INFO: [HLS 200-111] Finished Checking Pragmas Time (s): cpu = 00:00:29 ; elapsed = 00:00:31 . Memory (MB): peak = 817.098 ; gain = 126.000 ; free physical = 1968 ; free virtual = 11664
INFO: [HLS 200-10] Starting code transformations ...
INFO: [HLS 200-111] Finished Standard Transforms Time (s): cpu = 00:01:31 ; elapsed = 00:01:34 . Memory (MB): peak = 2549.098 ; gain = 1858.000 ; free physical = 1082 ; free virtual = 10748
INFO: [HLS 200-10] Checking synthesizability ...
INFO: [XFORM 203-602] Inlining function 'reluf' into 'apply_activation_time.4' (main_5_slices.c:81) automatically.
INFO: [XFORM 203-602] Inlining function 'fp_struct<float>::data' into 'fp_struct<float>::to_float' (/wrk/2019.1/continuous/2019_05_24_2552052/src/products/hls/hls_lib/src/hls/utils/x_hls_utils.h:348) automatically.
INFO: [XFORM 203-602] Inlining function 'fp_struct<float>::to_float' into 'fp_struct<float>::to_ieee' (/wrk/2019.1/continuous/2019_05_24_2552052/src/products/hls/hls_lib/src/hls/utils/x_hls_utils.h:369) automatically.
INFO: [XFORM 203-602] Inlining function 'fp_struct<float>::to_ieee' into 'generic_copysign<float>' (/wrk/2019.1/continuous/2019_05_24_2552052/src/products/hls/hls_lib/hlsmath/include/FloatingPoint/hls_copysign.h:14) automatically.
INFO: [XFORM 203-602] Inlining function 'generic_copysign<float>' into 'generic_fabs<float>' (/wrk/2019.1/continuous/2019_05_24_2552052/src/products/hls/hls_lib/hlsmath/include/FloatingPoint/hls_fabs.h:13) automatically.
INFO: [XFORM 203-602] Inlining function 'fp_struct<float>::to_ieee' into 'generic_nan<float>' (/wrk/2019.1/continuous/2019_05_24_2552052/src/products/hls/hls_lib/hlsmath/include/FloatingPoint/hls_nan.h:15) automatically.
INFO: [XFORM 203-602] Inlining function 'fp_struct<double>::data' into 'fp_struct<double>::to_double' (/wrk/2019.1/continuous/2019_05_24_2552052/src/products/hls/hls_lib/src/hls/utils/x_hls_utils.h:512) automatically.
INFO: [XFORM 203-602] Inlining function 'fp_struct<double>::to_double' into 'fp_struct<double>::to_ieee' (/wrk/2019.1/continuous/2019_05_24_2552052/src/products/hls/hls_lib/src/hls/utils/x_hls_utils.h:526) automatically.
INFO: [XFORM 203-602] Inlining function 'generic_isnan<double>' into 'exp_reduce_::exp_generic<double>' (/wrk/2019.1/continuous/2019_05_24_2552052/src/products/hls/hls_lib/hlsmath/include/FloatingPoint/hls_exp_.h:209) automatically.
INFO: [XFORM 203-602] Inlining function 'generic_isinf<double>' into 'exp_reduce_::exp_generic<double>' (/wrk/2019.1/continuous/2019_05_24_2552052/src/products/hls/hls_lib/hlsmath/include/FloatingPoint/hls_exp_.h:210) automatically.
INFO: [XFORM 203-602] Inlining function 'fp_struct<double>::to_ieee' into 'exp_reduce_::exp_generic<double>' (/wrk/2019.1/continuous/2019_05_24_2552052/src/products/hls/hls_lib/hlsmath/include/FloatingPoint/hls_exp_.h:219) automatically.
INFO: [XFORM 203-602] Inlining function 'fp_struct<double>::expv' into 'exp_reduce_::exp_generic<double>' (/wrk/2019.1/continuous/2019_05_24_2552052/src/products/hls/hls_lib/hlsmath/include/FloatingPoint/hls_exp_.h:237) automatically.
INFO: [XFORM 203-602] Inlining function 'exp_reduce_::exp_traits<double>::exp_Z1P_m_1' into 'exp_reduce_::exp_generic<double>' (/wrk/2019.1/continuous/2019_05_24_2552052/src/products/hls/hls_lib/hlsmath/include/FloatingPoint/hls_exp_.h:322) automatically.
INFO: [XFORM 203-602] Inlining function 'generic_fabs<float>' into 'explog_based::generic_tanh<float>' (/wrk/2019.1/continuous/2019_05_24_2552052/src/products/hls/hls_lib/hlsmath/include/FloatingPoint/hls_tanh.h:62) automatically.
INFO: [XFORM 203-602] Inlining function 'generic_nan<float>' into 'explog_based::generic_tanh<float>' (/wrk/2019.1/continuous/2019_05_24_2552052/src/products/hls/hls_lib/hlsmath/include/FloatingPoint/hls_tanh.h:68) automatically.
INFO: [XFORM 203-602] Inlining function 'exp_reduce_::expm1' into 'explog_based::generic_tanh<float>' (/wrk/2019.1/continuous/2019_05_24_2552052/src/products/hls/hls_lib/hlsmath/include/FloatingPoint/hls_tanh.h:90) automatically.
INFO: [XFORM 203-602] Inlining function 'tanhf' into 'tanhf_fast' (main_5_slices.c:29) automatically.
INFO: [XFORM 203-602] Inlining function 'tanhf_fast' into 'lstm_forward_unidir' (main_5_slices.c:128) automatically.
INFO: [XFORM 203-602] Inlining function 'reluf' into 'apply_activation_time.3' (main_5_slices.c:81) automatically.
INFO: [XFORM 203-602] Inlining function 'reluf' into 'apply_activation_time.2' (main_5_slices.c:81) automatically.
INFO: [XFORM 203-602] Inlining function 'reluf' into 'apply_activation_time.1' (main_5_slices.c:81) automatically.
INFO: [XFORM 203-602] Inlining function 'reluf' into 'apply_activation_time' (main_5_slices.c:81) automatically.
INFO: [XFORM 203-602] Inlining function 'bn_time_channel.4' into 'run_all_slices_unrolled' (main_5_slices.c:166) automatically.
INFO: [XFORM 203-602] Inlining function 'apply_activation_time.4' into 'run_all_slices_unrolled' (main_5_slices.c:167) automatically.
INFO: [XFORM 203-602] Inlining function 'tanhf_fast' into 'run_all_slices_unrolled' (main_5_slices.c:171) automatically.
INFO: [XFORM 203-602] Inlining function 'bn_time_channel.3' into 'run_all_slices_unrolled' (main_5_slices.c:179) automatically.
INFO: [XFORM 203-602] Inlining function 'apply_activation_time.3' into 'run_all_slices_unrolled' (main_5_slices.c:180) automatically.
INFO: [XFORM 203-602] Inlining function 'bn_time_channel.2' into 'run_all_slices_unrolled' (main_5_slices.c:192) automatically.
INFO: [XFORM 203-602] Inlining function 'apply_activation_time.2' into 'run_all_slices_unrolled' (main_5_slices.c:193) automatically.
INFO: [XFORM 203-602] Inlining function 'bn_time_channel.1' into 'run_all_slices_unrolled' (main_5_slices.c:205) automatically.
INFO: [XFORM 203-602] Inlining function 'apply_activation_time.1' into 'run_all_slices_unrolled' (main_5_slices.c:206) automatically.
INFO: [XFORM 203-602] Inlining function 'embedding_forward_dyn' into 'run_all_slices_unrolled' (main_5_slices.c:216) automatically.
INFO: [XFORM 203-602] Inlining function 'bn_time_channel' into 'run_all_slices_unrolled' (main_5_slices.c:218) automatically.
INFO: [XFORM 203-602] Inlining function 'apply_activation_time' into 'run_all_slices_unrolled' (main_5_slices.c:219) automatically.
INFO: [XFORM 203-602] Inlining function 'dense_forward.2' into 'main' (main_5_slices.c:237) automatically.
INFO: [XFORM 203-602] Inlining function 'reluf' into 'main' (main_5_slices.c:239) automatically.
INFO: [XFORM 203-602] Inlining function 'dense_forward.1' into 'main' (main_5_slices.c:242) automatically.
INFO: [XFORM 203-602] Inlining function 'dense_forward' into 'main' (main_5_slices.c:247) automatically.
INFO: [XFORM 203-602] Inlining function 'sigmoidf' into 'main' (main_5_slices.c:248) automatically.
INFO: [HLS 200-111] Finished Checking Synthesizability Time (s): cpu = 00:01:56 ; elapsed = 00:01:58 . Memory (MB): peak = 2620.488 ; gain = 1929.391 ; free physical = 1046 ; free virtual = 10739
INFO: [XFORM 203-102] Partitioning array 'y_lin' (main_5_slices.c:246) automatically.
INFO: [XFORM 203-102] Automatically partitioning small array 'output_b' completely based on array size.
INFO: [XFORM 203-102] Partitioning array 'output_b' automatically.
INFO: [XFORM 203-602] Inlining function 'reluf' into 'apply_activation_time.4' (main_5_slices.c:81) automatically.
INFO: [XFORM 203-602] Inlining function 'fp_struct<float>::data' into 'fp_struct<float>::to_float' (/wrk/2019.1/continuous/2019_05_24_2552052/src/products/hls/hls_lib/src/hls/utils/x_hls_utils.h:348) automatically.
INFO: [XFORM 203-602] Inlining function 'fp_struct<float>::to_float' into 'fp_struct<float>::to_ieee' (/wrk/2019.1/continuous/2019_05_24_2552052/src/products/hls/hls_lib/src/hls/utils/x_hls_utils.h:369) automatically.
INFO: [XFORM 203-602] Inlining function 'fp_struct<float>::to_ieee' into 'generic_copysign<float>' (/wrk/2019.1/continuous/2019_05_24_2552052/src/products/hls/hls_lib/hlsmath/include/FloatingPoint/hls_copysign.h:14) automatically.
INFO: [XFORM 203-602] Inlining function 'generic_copysign<float>' into 'generic_fabs<float>' (/wrk/2019.1/continuous/2019_05_24_2552052/src/products/hls/hls_lib/hlsmath/include/FloatingPoint/hls_fabs.h:13) automatically.
INFO: [XFORM 203-602] Inlining function 'fp_struct<float>::to_ieee' into 'generic_nan<float>' (/wrk/2019.1/continuous/2019_05_24_2552052/src/products/hls/hls_lib/hlsmath/include/FloatingPoint/hls_nan.h:15) automatically.
INFO: [XFORM 203-602] Inlining function 'fp_struct<double>::data' into 'fp_struct<double>::to_double' (/wrk/2019.1/continuous/2019_05_24_2552052/src/products/hls/hls_lib/src/hls/utils/x_hls_utils.h:512) automatically.
INFO: [XFORM 203-602] Inlining function 'fp_struct<double>::to_double' into 'fp_struct<double>::to_ieee' (/wrk/2019.1/continuous/2019_05_24_2552052/src/products/hls/hls_lib/src/hls/utils/x_hls_utils.h:526) automatically.
INFO: [XFORM 203-602] Inlining function 'generic_isnan<double>' into 'exp_reduce_::exp_generic<double>' (/wrk/2019.1/continuous/2019_05_24_2552052/src/products/hls/hls_lib/hlsmath/include/FloatingPoint/hls_exp_.h:209) automatically.
INFO: [XFORM 203-602] Inlining function 'generic_isinf<double>' into 'exp_reduce_::exp_generic<double>' (/wrk/2019.1/continuous/2019_05_24_2552052/src/products/hls/hls_lib/hlsmath/include/FloatingPoint/hls_exp_.h:210) automatically.
INFO: [XFORM 203-602] Inlining function 'fp_struct<double>::to_ieee' into 'exp_reduce_::exp_generic<double>' (/wrk/2019.1/continuous/2019_05_24_2552052/src/products/hls/hls_lib/hlsmath/include/FloatingPoint/hls_exp_.h:219) automatically.
INFO: [XFORM 203-602] Inlining function 'fp_struct<double>::expv' into 'exp_reduce_::exp_generic<double>' (/wrk/2019.1/continuous/2019_05_24_2552052/src/products/hls/hls_lib/hlsmath/include/FloatingPoint/hls_exp_.h:237) automatically.
INFO: [XFORM 203-602] Inlining function 'exp_reduce_::exp_traits<double>::exp_Z1P_m_1' into 'exp_reduce_::exp_generic<double>' (/wrk/2019.1/continuous/2019_05_24_2552052/src/products/hls/hls_lib/hlsmath/include/FloatingPoint/hls_exp_.h:322) automatically.
INFO: [XFORM 203-602] Inlining function 'generic_fabs<float>' into 'explog_based::generic_tanh<float>' (/wrk/2019.1/continuous/2019_05_24_2552052/src/products/hls/hls_lib/hlsmath/include/FloatingPoint/hls_tanh.h:62) automatically.
INFO: [XFORM 203-602] Inlining function 'generic_nan<float>' into 'explog_based::generic_tanh<float>' (/wrk/2019.1/continuous/2019_05_24_2552052/src/products/hls/hls_lib/hlsmath/include/FloatingPoint/hls_tanh.h:68) automatically.
INFO: [XFORM 203-602] Inlining function 'exp_reduce_::expm1' into 'explog_based::generic_tanh<float>' (/wrk/2019.1/continuous/2019_05_24_2552052/src/products/hls/hls_lib/hlsmath/include/FloatingPoint/hls_tanh.h:90) automatically.
INFO: [XFORM 203-602] Inlining function 'tanhf' into 'tanhf_fast' (main_5_slices.c:29) automatically.
INFO: [XFORM 203-602] Inlining function 'tanhf_fast' into 'lstm_forward_unidir' (main_5_slices.c:128) automatically.
INFO: [XFORM 203-602] Inlining function 'reluf' into 'apply_activation_time.3' (main_5_slices.c:81) automatically.
INFO: [XFORM 203-602] Inlining function 'reluf' into 'apply_activation_time.2' (main_5_slices.c:81) automatically.
INFO: [XFORM 203-602] Inlining function 'reluf' into 'apply_activation_time.1' (main_5_slices.c:81) automatically.
INFO: [XFORM 203-602] Inlining function 'reluf' into 'apply_activation_time' (main_5_slices.c:81) automatically.
INFO: [XFORM 203-602] Inlining function 'bn_time_channel.4' into 'run_all_slices_unrolled' (main_5_slices.c:166) automatically.
INFO: [XFORM 203-602] Inlining function 'apply_activation_time.4' into 'run_all_slices_unrolled' (main_5_slices.c:167) automatically.
INFO: [XFORM 203-602] Inlining function 'tanhf_fast' into 'run_all_slices_unrolled' (main_5_slices.c:171) automatically.
INFO: [XFORM 203-602] Inlining function 'bn_time_channel.3' into 'run_all_slices_unrolled' (main_5_slices.c:179) automatically.
INFO: [XFORM 203-602] Inlining function 'apply_activation_time.3' into 'run_all_slices_unrolled' (main_5_slices.c:180) automatically.
INFO: [XFORM 203-602] Inlining function 'bn_time_channel.2' into 'run_all_slices_unrolled' (main_5_slices.c:192) automatically.
INFO: [XFORM 203-602] Inlining function 'apply_activation_time.2' into 'run_all_slices_unrolled' (main_5_slices.c:193) automatically.
INFO: [XFORM 203-602] Inlining function 'bn_time_channel.1' into 'run_all_slices_unrolled' (main_5_slices.c:205) automatically.
INFO: [XFORM 203-602] Inlining function 'apply_activation_time.1' into 'run_all_slices_unrolled' (main_5_slices.c:206) automatically.
INFO: [XFORM 203-602] Inlining function 'embedding_forward_dyn' into 'run_all_slices_unrolled' (main_5_slices.c:216) automatically.
INFO: [XFORM 203-602] Inlining function 'bn_time_channel' into 'run_all_slices_unrolled' (main_5_slices.c:218) automatically.
INFO: [XFORM 203-602] Inlining function 'apply_activation_time' into 'run_all_slices_unrolled' (main_5_slices.c:219) automatically.
INFO: [XFORM 203-602] Inlining function 'dense_forward.2' into 'main' (main_5_slices.c:237) automatically.
INFO: [XFORM 203-602] Inlining function 'reluf' into 'main' (main_5_slices.c:239) automatically.
INFO: [XFORM 203-602] Inlining function 'dense_forward.1' into 'main' (main_5_slices.c:242) automatically.
INFO: [XFORM 203-401] Performing if-conversion on hyperblock from (/wrk/2019.1/continuous/2019_05_24_2552052/src/products/hls/hls_lib/hlsmath/include/FloatingPoint/hls_tanh.h:108:8) to (/wrk/2019.1/continuous/2019_05_24_2552052/src/products/hls/hls_lib/hlsmath/include/FloatingPoint/hls_tanh.h:114:3) in function 'explog_based::generic_tanh<float>'... converting 3 basic blocks.
INFO: [XFORM 203-401] Performing if-conversion on hyperblock from (/wrk/2019.1/continuous/2019_05_24_2552052/src/products/hls/hls_lib/hlsmath/include/FloatingPoint/hls_tanh.h:83:10) to (/wrk/2019.1/continuous/2019_05_24_2552052/src/products/hls/hls_lib/hlsmath/src/common/hls_exp_float.cpp:9:10) in function 'explog_based::generic_tanh<float>'... converting 4 basic blocks.
INFO: [XFORM 203-401] Performing if-conversion on hyperblock from (/wrk/2019.1/continuous/2019_05_24_2552052/src/products/hls/hls_lib/hlsmath/include/FloatingPoint/hls_exp_.h:185:19) to (/wrk/2019.1/continuous/2019_05_24_2552052/src/products/hls/hls_lib/hlsmath/include/FloatingPoint/hls_exp_.h:368:3) in function 'exp_reduce_::exp_generic<double>'... converting 12 basic blocks.
INFO: [HLS 200-111] Finished Pre-synthesis Time (s): cpu = 00:02:21 ; elapsed = 00:02:24 . Memory (MB): peak = 2621.105 ; gain = 1930.008 ; free physical = 926 ; free virtual = 10633
WARNING: [XFORM 203-631] Renaming function 'run_all_slices_unrolled' to 'run_all_slices_unrol' (main_5_slices.c:8:25)
WARNING: [XFORM 203-631] Renaming function 'explog_based::generic_tanh<float>' to 'generic_tanh<float>' (/wrk/2019.1/continuous/2019_05_24_2552052/src/products/hls/hls_lib/hlsmath/include/FloatingPoint/hls_tanh.h:57)
WARNING: [XFORM 203-631] Renaming function 'exp_reduce_::exp_generic<double>' to 'exp_generic<double>' (/wrk/2019.1/continuous/2019_05_24_2552052/src/products/hls/hls_lib/hlsmath/include/FloatingPoint/hls_exp_.h:185)
INFO: [HLS 200-111] Finished Architecture Synthesis Time (s): cpu = 00:02:34 ; elapsed = 00:02:37 . Memory (MB): peak = 2621.105 ; gain = 1930.008 ; free physical = 979 ; free virtual = 10673
INFO: [HLS 200-10] Starting hardware synthesis ...
INFO: [HLS 200-10] Synthesizing 'main' ...
WARNING: [SYN 201-103] Legalizing function name 'conv1d_valid_dyn.4' to 'conv1d_valid_dyn_4'.
WARNING: [SYN 201-103] Legalizing function name 'avgpool1d_P.4' to 'avgpool1d_P_4'.
WARNING: [SYN 201-103] Legalizing function name 'exp_generic<double>' to 'exp_generic_double_s'.
WARNING: [SYN 201-103] Legalizing function name 'generic_tanh<float>' to 'generic_tanh_float_s'.
WARNING: [SYN 201-103] Legalizing function name 'conv1d_valid_dyn.3' to 'conv1d_valid_dyn_3'.
WARNING: [SYN 201-103] Legalizing function name 'avgpool1d_P.3' to 'avgpool1d_P_3'.
WARNING: [SYN 201-103] Legalizing function name 'conv1d_valid_dyn.2' to 'conv1d_valid_dyn_2'.
WARNING: [SYN 201-103] Legalizing function name 'avgpool1d_P.2' to 'avgpool1d_P_2'.
WARNING: [SYN 201-103] Legalizing function name 'conv1d_valid_dyn.1' to 'conv1d_valid_dyn_1'.
WARNING: [SYN 201-103] Legalizing function name 'avgpool1d_P.1' to 'avgpool1d_P_1'.
WARNING: [SYN 201-103] Legalizing function name 'bn_vector.1' to 'bn_vector_1'.
INFO: [HLS 200-10] ----------------------------------------------------------------
INFO: [HLS 200-42] -- Implementing module 'conv1d_valid_dyn_4' 
INFO: [HLS 200-10] ----------------------------------------------------------------
INFO: [SCHED 204-11] Starting scheduling ...
INFO: [SCHED 204-11] Finished scheduling.
INFO: [HLS 200-111]  Elapsed time: 156.77 seconds; current allocated memory: 646.358 MB.
INFO: [HLS 200-434] Only 0 loops out of a total 4 loops have been pipelined in this design.
INFO: [BIND 205-100] Starting micro-architecture generation ...
INFO: [BIND 205-101] Performing variable lifetime analysis.
INFO: [BIND 205-101] Exploring resource sharing.
INFO: [BIND 205-101] Binding ...
INFO: [BIND 205-100] Finished micro-architecture generation.
INFO: [HLS 200-111]  Elapsed time: 0.09 seconds; current allocated memory: 646.789 MB.
INFO: [HLS 200-10] ----------------------------------------------------------------
INFO: [HLS 200-42] -- Implementing module 'avgpool1d_P_4' 
INFO: [HLS 200-10] ----------------------------------------------------------------
INFO: [SCHED 204-11] Starting scheduling ...
INFO: [SCHED 204-11] Finished scheduling.
INFO: [HLS 200-111]  Elapsed time: 0.1 seconds; current allocated memory: 647.032 MB.
INFO: [BIND 205-100] Starting micro-architecture generation ...
INFO: [BIND 205-101] Performing variable lifetime analysis.
INFO: [BIND 205-101] Exploring resource sharing.
INFO: [BIND 205-101] Binding ...
INFO: [BIND 205-100] Finished micro-architecture generation.
INFO: [HLS 200-111]  Elapsed time: 0.07 seconds; current allocated memory: 647.268 MB.
INFO: [HLS 200-10] ----------------------------------------------------------------
INFO: [HLS 200-42] -- Implementing module 'exp_generic_double_s' 
INFO: [HLS 200-10] ----------------------------------------------------------------
INFO: [SCHED 204-11] Starting scheduling ...
INFO: [SCHED 204-61] Pipelining function 'exp_generic<double>'.
INFO: [SCHED 204-61] Pipelining result : Target II = 1, Final II = 1, Depth = 20.
WARNING: [SCHED 204-21] Estimated clock period (9.514ns) exceeds the target (target clock period: 10ns, clock uncertainty: 1.25ns, effective delay budget: 8.75ns).
WARNING: [SCHED 204-21] The critical path in module 'exp_generic_double_s' consists of the following:
	'mul' operation of DSP[50] ('r.V', /wrk/2019.1/continuous/2019_05_24_2552052/src/products/hls/hls_lib/hlsmath/include/FloatingPoint/hls_exp_.h:272) [47]  (3.36 ns)
	'add' operation of DSP[50] ('ret.V', /wrk/2019.1/continuous/2019_05_24_2552052/src/products/hls/hls_lib/hlsmath/include/FloatingPoint/hls_exp_.h:272) [50]  (3.02 ns)
	'icmp' operation ('icmp_ln805', /wrk/2019.1/continuous/2019_05_24_2552052/src/products/hls/hls_lib/hlsmath/include/FloatingPoint/hls_exp_.h:272) [54]  (2.43 ns)
	'select' operation ('select_ln805', /wrk/2019.1/continuous/2019_05_24_2552052/src/products/hls/hls_lib/hlsmath/include/FloatingPoint/hls_exp_.h:272) [56]  (0 ns)
	'select' operation ('r_exp.V', /wrk/2019.1/continuous/2019_05_24_2552052/src/products/hls/hls_lib/hlsmath/include/FloatingPoint/hls_exp_.h:272) [57]  (0.7 ns)
INFO: [SCHED 204-11] Finished scheduling.
INFO: [HLS 200-111]  Elapsed time: 0.29 seconds; current allocated memory: 648.042 MB.
INFO: [BIND 205-100] Starting micro-architecture generation ...
INFO: [BIND 205-101] Performing variable lifetime analysis.
INFO: [BIND 205-101] Exploring resource sharing.
INFO: [BIND 205-101] Binding ...
INFO: [BIND 205-100] Finished micro-architecture generation.
INFO: [HLS 200-111]  Elapsed time: 0.14 seconds; current allocated memory: 648.798 MB.
INFO: [HLS 200-10] ----------------------------------------------------------------
INFO: [HLS 200-42] -- Implementing module 'generic_tanh_float_s' 
INFO: [HLS 200-10] ----------------------------------------------------------------
INFO: [SCHED 204-11] Starting scheduling ...
INFO: [SCHED 204-11] Finished scheduling.
INFO: [HLS 200-111]  Elapsed time: 0.25 seconds; current allocated memory: 649.246 MB.
INFO: [BIND 205-100] Starting micro-architecture generation ...
INFO: [BIND 205-101] Performing variable lifetime analysis.
INFO: [BIND 205-101] Exploring resource sharing.
INFO: [BIND 205-101] Binding ...
INFO: [BIND 205-100] Finished micro-architecture generation.
INFO: [HLS 200-111]  Elapsed time: 0.16 seconds; current allocated memory: 649.752 MB.
INFO: [HLS 200-10] ----------------------------------------------------------------
INFO: [HLS 200-42] -- Implementing module 'lstm_forward_unidir' 
INFO: [HLS 200-10] ----------------------------------------------------------------
INFO: [SCHED 204-11] Starting scheduling ...
INFO: [SCHED 204-11] Finished scheduling.
INFO: [HLS 200-111]  Elapsed time: 0.32 seconds; current allocated memory: 650.428 MB.
INFO: [BIND 205-100] Starting micro-architecture generation ...
INFO: [BIND 205-101] Performing variable lifetime analysis.
INFO: [BIND 205-101] Exploring resource sharing.
INFO: [BIND 205-101] Binding ...
INFO: [BIND 205-100] Finished micro-architecture generation.
INFO: [HLS 200-111]  Elapsed time: 0.29 seconds; current allocated memory: 651.267 MB.
INFO: [HLS 200-10] ----------------------------------------------------------------
INFO: [HLS 200-42] -- Implementing module 'bn_vector' 
INFO: [HLS 200-10] ----------------------------------------------------------------
INFO: [SCHED 204-11] Starting scheduling ...
INFO: [SCHED 204-11] Finished scheduling.
INFO: [HLS 200-111]  Elapsed time: 0.38 seconds; current allocated memory: 651.589 MB.
INFO: [BIND 205-100] Starting micro-architecture generation ...
INFO: [BIND 205-101] Performing variable lifetime analysis.
INFO: [BIND 205-101] Exploring resource sharing.
INFO: [BIND 205-101] Binding ...
INFO: [BIND 205-100] Finished micro-architecture generation.
INFO: [HLS 200-111]  Elapsed time: 0.09 seconds; current allocated memory: 651.825 MB.
INFO: [HLS 200-10] ----------------------------------------------------------------
INFO: [HLS 200-42] -- Implementing module 'conv1d_valid_dyn_3' 
INFO: [HLS 200-10] ----------------------------------------------------------------
INFO: [SCHED 204-11] Starting scheduling ...
INFO: [SCHED 204-11] Finished scheduling.
INFO: [HLS 200-111]  Elapsed time: 0.12 seconds; current allocated memory: 652.010 MB.
INFO: [BIND 205-100] Starting micro-architecture generation ...
INFO: [BIND 205-101] Performing variable lifetime analysis.
INFO: [BIND 205-101] Exploring resource sharing.
INFO: [BIND 205-101] Binding ...
INFO: [BIND 205-100] Finished micro-architecture generation.
INFO: [HLS 200-111]  Elapsed time: 0.07 seconds; current allocated memory: 652.254 MB.
INFO: [HLS 200-10] ----------------------------------------------------------------
INFO: [HLS 200-42] -- Implementing module 'avgpool1d_P_3' 
INFO: [HLS 200-10] ----------------------------------------------------------------
INFO: [SCHED 204-11] Starting scheduling ...
INFO: [SCHED 204-11] Finished scheduling.
INFO: [HLS 200-111]  Elapsed time: 0.12 seconds; current allocated memory: 652.456 MB.
INFO: [BIND 205-100] Starting micro-architecture generation ...
INFO: [BIND 205-101] Performing variable lifetime analysis.
INFO: [BIND 205-101] Exploring resource sharing.
INFO: [BIND 205-101] Binding ...
INFO: [BIND 205-100] Finished micro-architecture generation.
INFO: [HLS 200-111]  Elapsed time: 0.07 seconds; current allocated memory: 652.686 MB.
INFO: [HLS 200-10] ----------------------------------------------------------------
INFO: [HLS 200-42] -- Implementing module 'conv1d_valid_dyn_2' 
INFO: [HLS 200-10] ----------------------------------------------------------------
INFO: [SCHED 204-11] Starting scheduling ...
INFO: [SCHED 204-11] Finished scheduling.
INFO: [HLS 200-111]  Elapsed time: 0.11 seconds; current allocated memory: 652.902 MB.
INFO: [BIND 205-100] Starting micro-architecture generation ...
INFO: [BIND 205-101] Performing variable lifetime analysis.
INFO: [BIND 205-101] Exploring resource sharing.
INFO: [BIND 205-101] Binding ...
INFO: [BIND 205-100] Finished micro-architecture generation.
INFO: [HLS 200-111]  Elapsed time: 0.07 seconds; current allocated memory: 653.179 MB.
INFO: [HLS 200-10] ----------------------------------------------------------------
INFO: [HLS 200-42] -- Implementing module 'avgpool1d_P_2' 
INFO: [HLS 200-10] ----------------------------------------------------------------
INFO: [SCHED 204-11] Starting scheduling ...
INFO: [SCHED 204-11] Finished scheduling.
INFO: [HLS 200-111]  Elapsed time: 0.1 seconds; current allocated memory: 653.356 MB.
INFO: [BIND 205-100] Starting micro-architecture generation ...
INFO: [BIND 205-101] Performing variable lifetime analysis.
INFO: [BIND 205-101] Exploring resource sharing.
INFO: [BIND 205-101] Binding ...
INFO: [BIND 205-100] Finished micro-architecture generation.
INFO: [HLS 200-111]  Elapsed time: 0.07 seconds; current allocated memory: 653.584 MB.
INFO: [HLS 200-10] ----------------------------------------------------------------
INFO: [HLS 200-42] -- Implementing module 'conv1d_valid_dyn_1' 
INFO: [HLS 200-10] ----------------------------------------------------------------
INFO: [SCHED 204-11] Starting scheduling ...
INFO: [SCHED 204-11] Finished scheduling.
INFO: [HLS 200-111]  Elapsed time: 0.11 seconds; current allocated memory: 653.768 MB.
INFO: [BIND 205-100] Starting micro-architecture generation ...
INFO: [BIND 205-101] Performing variable lifetime analysis.
INFO: [BIND 205-101] Exploring resource sharing.
INFO: [BIND 205-101] Binding ...
INFO: [BIND 205-100] Finished micro-architecture generation.
INFO: [HLS 200-111]  Elapsed time: 0.07 seconds; current allocated memory: 654.013 MB.
INFO: [HLS 200-10] ----------------------------------------------------------------
INFO: [HLS 200-42] -- Implementing module 'avgpool1d_P_1' 
INFO: [HLS 200-10] ----------------------------------------------------------------
INFO: [SCHED 204-11] Starting scheduling ...
INFO: [SCHED 204-11] Finished scheduling.
INFO: [HLS 200-111]  Elapsed time: 0.1 seconds; current allocated memory: 654.192 MB.
INFO: [BIND 205-100] Starting micro-architecture generation ...
INFO: [BIND 205-101] Performing variable lifetime analysis.
INFO: [BIND 205-101] Exploring resource sharing.
INFO: [BIND 205-101] Binding ...
INFO: [BIND 205-100] Finished micro-architecture generation.
INFO: [HLS 200-111]  Elapsed time: 0.07 seconds; current allocated memory: 654.452 MB.
INFO: [HLS 200-10] ----------------------------------------------------------------
INFO: [HLS 200-42] -- Implementing module 'conv1d_valid_dyn' 
INFO: [HLS 200-10] ----------------------------------------------------------------
INFO: [SCHED 204-11] Starting scheduling ...
INFO: [SCHED 204-11] Finished scheduling.
INFO: [HLS 200-111]  Elapsed time: 0.11 seconds; current allocated memory: 654.679 MB.
INFO: [BIND 205-100] Starting micro-architecture generation ...
INFO: [BIND 205-101] Performing variable lifetime analysis.
INFO: [BIND 205-101] Exploring resource sharing.
INFO: [BIND 205-101] Binding ...
INFO: [BIND 205-100] Finished micro-architecture generation.
INFO: [HLS 200-111]  Elapsed time: 0.07 seconds; current allocated memory: 654.925 MB.
INFO: [HLS 200-10] ----------------------------------------------------------------
INFO: [HLS 200-42] -- Implementing module 'avgpool1d_P' 
INFO: [HLS 200-10] ----------------------------------------------------------------
INFO: [SCHED 204-11] Starting scheduling ...
INFO: [SCHED 204-11] Finished scheduling.
INFO: [HLS 200-111]  Elapsed time: 0.1 seconds; current allocated memory: 655.131 MB.
INFO: [BIND 205-100] Starting micro-architecture generation ...
INFO: [BIND 205-101] Performing variable lifetime analysis.
INFO: [BIND 205-101] Exploring resource sharing.
INFO: [BIND 205-101] Binding ...
INFO: [BIND 205-100] Finished micro-architecture generation.
INFO: [HLS 200-111]  Elapsed time: 0.07 seconds; current allocated memory: 655.357 MB.
INFO: [HLS 200-10] ----------------------------------------------------------------
INFO: [HLS 200-42] -- Implementing module 'run_all_slices_unrol' 
INFO: [HLS 200-10] ----------------------------------------------------------------
INFO: [SCHED 204-11] Starting scheduling ...
INFO: [SCHED 204-11] Finished scheduling.
INFO: [HLS 200-111]  Elapsed time: 0.4 seconds; current allocated memory: 657.083 MB.
INFO: [BIND 205-100] Starting micro-architecture generation ...
INFO: [BIND 205-101] Performing variable lifetime analysis.
INFO: [BIND 205-101] Exploring resource sharing.
INFO: [BIND 205-101] Binding ...
INFO: [BIND 205-100] Finished micro-architecture generation.
INFO: [HLS 200-111]  Elapsed time: 1.72 seconds; current allocated memory: 660.502 MB.
INFO: [HLS 200-10] ----------------------------------------------------------------
INFO: [HLS 200-42] -- Implementing module 'bn_vector_1' 
INFO: [HLS 200-10] ----------------------------------------------------------------
INFO: [SCHED 204-11] Starting scheduling ...
INFO: [SCHED 204-11] Finished scheduling.
INFO: [HLS 200-111]  Elapsed time: 1.06 seconds; current allocated memory: 661.129 MB.
INFO: [BIND 205-100] Starting micro-architecture generation ...
INFO: [BIND 205-101] Performing variable lifetime analysis.
INFO: [BIND 205-101] Exploring resource sharing.
INFO: [BIND 205-101] Binding ...
INFO: [BIND 205-100] Finished micro-architecture generation.
INFO: [HLS 200-111]  Elapsed time: 0.09 seconds; current allocated memory: 661.362 MB.
INFO: [HLS 200-10] ----------------------------------------------------------------
INFO: [HLS 200-42] -- Implementing module 'main' 
INFO: [HLS 200-10] ----------------------------------------------------------------
INFO: [SCHED 204-11] Starting scheduling ...
INFO: [SCHED 204-11] Finished scheduling.
INFO: [HLS 200-111]  Elapsed time: 0.15 seconds; current allocated memory: 661.708 MB.
INFO: [BIND 205-100] Starting micro-architecture generation ...
INFO: [BIND 205-101] Performing variable lifetime analysis.
INFO: [BIND 205-101] Exploring resource sharing.
INFO: [BIND 205-101] Binding ...
INFO: [BIND 205-100] Finished micro-architecture generation.
INFO: [HLS 200-111]  Elapsed time: 0.64 seconds; current allocated memory: 662.496 MB.
INFO: [HLS 200-10] ----------------------------------------------------------------
INFO: [HLS 200-10] -- Generating RTL for module 'conv1d_valid_dyn_4' 
INFO: [HLS 200-10] ----------------------------------------------------------------
INFO: [RTGEN 206-100] Generating core module 'main_fadd_32ns_32ns_32_5_full_dsp_1': 1 instance(s).
INFO: [RTGEN 206-100] Generating core module 'main_fmul_32ns_32ns_32_4_max_dsp_1': 1 instance(s).
INFO: [RTGEN 206-100] Finished creating RTL model for 'conv1d_valid_dyn_4'.
INFO: [HLS 200-111]  Elapsed time: 0.9 seconds; current allocated memory: 663.450 MB.
INFO: [HLS 200-10] ----------------------------------------------------------------
INFO: [HLS 200-10] -- Generating RTL for module 'avgpool1d_P_4' 
INFO: [HLS 200-10] ----------------------------------------------------------------
INFO: [RTGEN 206-100] Generating core module 'main_fadd_32ns_32ns_32_5_full_dsp_1': 1 instance(s).
INFO: [RTGEN 206-100] Generating core module 'main_fdiv_32ns_32ns_32_16_1': 1 instance(s).
INFO: [RTGEN 206-100] Finished creating RTL model for 'avgpool1d_P_4'.
INFO: [HLS 200-111]  Elapsed time: 0.16 seconds; current allocated memory: 664.963 MB.
INFO: [HLS 200-10] ----------------------------------------------------------------
INFO: [HLS 200-10] -- Generating RTL for module 'exp_generic_double_s' 
INFO: [HLS 200-10] ----------------------------------------------------------------
INFO: [RTGEN 206-100] Generating core module 'main_mac_muladd_16ns_16s_19s_31_1_1': 1 instance(s).
INFO: [RTGEN 206-100] Generating core module 'main_mul_36ns_43ns_79_2_1': 1 instance(s).
INFO: [RTGEN 206-100] Generating core module 'main_mul_44ns_49ns_93_2_1': 1 instance(s).
INFO: [RTGEN 206-100] Generating core module 'main_mul_50ns_50ns_100_2_1': 1 instance(s).
INFO: [RTGEN 206-100] Generating core module 'main_mul_72ns_13s_84_5_1': 1 instance(s).
INFO: [RTGEN 206-100] Finished creating RTL model for 'exp_generic_double_s'.
INFO: [HLS 200-111]  Elapsed time: 0.19 seconds; current allocated memory: 667.458 MB.
INFO: [HLS 200-10] ----------------------------------------------------------------
INFO: [HLS 200-10] -- Generating RTL for module 'generic_tanh_float_s' 
INFO: [HLS 200-10] ----------------------------------------------------------------
INFO: [RTGEN 206-100] Generating core module 'main_dadd_64ns_64ns_64_5_full_dsp_1': 1 instance(s).
INFO: [RTGEN 206-100] Generating core module 'main_faddfsub_32ns_32ns_32_5_full_dsp_1': 1 instance(s).
INFO: [RTGEN 206-100] Generating core module 'main_fcmp_32ns_32ns_1_2_1': 1 instance(s).
INFO: [RTGEN 206-100] Generating core module 'main_fdiv_32ns_32ns_32_16_1': 1 instance(s).
INFO: [RTGEN 206-100] Generating core module 'main_fmul_32ns_32ns_32_4_max_dsp_1': 1 instance(s).
INFO: [RTGEN 206-100] Generating core module 'main_fpext_32ns_64_2_1': 1 instance(s).
INFO: [RTGEN 206-100] Generating core module 'main_fptrunc_64ns_32_2_1': 1 instance(s).
INFO: [RTGEN 206-100] Finished creating RTL model for 'generic_tanh_float_s'.
INFO: [HLS 200-111]  Elapsed time: 0.46 seconds; current allocated memory: 671.503 MB.
INFO: [HLS 200-10] ----------------------------------------------------------------
INFO: [HLS 200-10] -- Generating RTL for module 'lstm_forward_unidir' 
INFO: [HLS 200-10] ----------------------------------------------------------------
INFO: [RTGEN 206-100] Generating core module 'main_fadd_32ns_32ns_32_5_full_dsp_1': 2 instance(s).
INFO: [RTGEN 206-100] Generating core module 'main_fdiv_32ns_32ns_32_16_1': 2 instance(s).
INFO: [RTGEN 206-100] Generating core module 'main_fexp_32ns_32ns_32_9_full_dsp_1': 2 instance(s).
INFO: [RTGEN 206-100] Generating core module 'main_fmul_32ns_32ns_32_4_max_dsp_1': 2 instance(s).
INFO: [RTGEN 206-100] Finished creating RTL model for 'lstm_forward_unidir'.
INFO: [HLS 200-111]  Elapsed time: 0.37 seconds; current allocated memory: 674.439 MB.
INFO: [HLS 200-10] ----------------------------------------------------------------
INFO: [HLS 200-10] -- Generating RTL for module 'bn_vector' 
INFO: [HLS 200-10] ----------------------------------------------------------------
INFO: [RTGEN 206-100] Generating core module 'main_faddfsub_32ns_32ns_32_5_full_dsp_1': 1 instance(s).
INFO: [RTGEN 206-100] Generating core module 'main_fdiv_32ns_32ns_32_16_1': 1 instance(s).
INFO: [RTGEN 206-100] Generating core module 'main_fmul_32ns_32ns_32_4_max_dsp_1': 1 instance(s).
INFO: [RTGEN 206-100] Generating core module 'main_fsqrt_32ns_32ns_32_12_1': 1 instance(s).
INFO: [RTGEN 206-100] Finished creating RTL model for 'bn_vector'.
INFO: [HLS 200-111]  Elapsed time: 0.52 seconds; current allocated memory: 677.766 MB.
INFO: [HLS 200-10] ----------------------------------------------------------------
INFO: [HLS 200-10] -- Generating RTL for module 'conv1d_valid_dyn_3' 
INFO: [HLS 200-10] ----------------------------------------------------------------
INFO: [RTGEN 206-100] Generating core module 'main_fadd_32ns_32ns_32_5_full_dsp_1': 1 instance(s).
INFO: [RTGEN 206-100] Generating core module 'main_fmul_32ns_32ns_32_4_max_dsp_1': 1 instance(s).
INFO: [RTGEN 206-100] Finished creating RTL model for 'conv1d_valid_dyn_3'.
INFO: [HLS 200-111]  Elapsed time: 0.2 seconds; current allocated memory: 678.880 MB.
INFO: [HLS 200-10] ----------------------------------------------------------------
INFO: [HLS 200-10] -- Generating RTL for module 'avgpool1d_P_3' 
INFO: [HLS 200-10] ----------------------------------------------------------------
INFO: [RTGEN 206-100] Generating core module 'main_fadd_32ns_32ns_32_5_full_dsp_1': 1 instance(s).
INFO: [RTGEN 206-100] Generating core module 'main_fdiv_32ns_32ns_32_16_1': 1 instance(s).
INFO: [RTGEN 206-100] Finished creating RTL model for 'avgpool1d_P_3'.
INFO: [HLS 200-111]  Elapsed time: 0.19 seconds; current allocated memory: 680.315 MB.
INFO: [HLS 200-10] ----------------------------------------------------------------
INFO: [HLS 200-10] -- Generating RTL for module 'conv1d_valid_dyn_2' 
INFO: [HLS 200-10] ----------------------------------------------------------------
INFO: [RTGEN 206-100] Generating core module 'main_fadd_32ns_32ns_32_5_full_dsp_1': 1 instance(s).
INFO: [RTGEN 206-100] Generating core module 'main_fmul_32ns_32ns_32_4_max_dsp_1': 1 instance(s).
INFO: [RTGEN 206-100] Finished creating RTL model for 'conv1d_valid_dyn_2'.
INFO: [HLS 200-111]  Elapsed time: 0.22 seconds; current allocated memory: 681.704 MB.
INFO: [HLS 200-10] ----------------------------------------------------------------
INFO: [HLS 200-10] -- Generating RTL for module 'avgpool1d_P_2' 
INFO: [HLS 200-10] ----------------------------------------------------------------
INFO: [RTGEN 206-100] Generating core module 'main_fadd_32ns_32ns_32_5_full_dsp_1': 1 instance(s).
INFO: [RTGEN 206-100] Generating core module 'main_fdiv_32ns_32ns_32_16_1': 1 instance(s).
INFO: [RTGEN 206-100] Finished creating RTL model for 'avgpool1d_P_2'.
INFO: [HLS 200-111]  Elapsed time: 0.19 seconds; current allocated memory: 683.155 MB.
INFO: [HLS 200-10] ----------------------------------------------------------------
INFO: [HLS 200-10] -- Generating RTL for module 'conv1d_valid_dyn_1' 
INFO: [HLS 200-10] ----------------------------------------------------------------
INFO: [RTGEN 206-100] Generating core module 'main_fadd_32ns_32ns_32_5_full_dsp_1': 1 instance(s).
INFO: [RTGEN 206-100] Generating core module 'main_fmul_32ns_32ns_32_4_max_dsp_1': 1 instance(s).
INFO: [RTGEN 206-100] Finished creating RTL model for 'conv1d_valid_dyn_1'.
INFO: [HLS 200-111]  Elapsed time: 0.27 seconds; current allocated memory: 684.496 MB.
INFO: [HLS 200-10] ----------------------------------------------------------------
INFO: [HLS 200-10] -- Generating RTL for module 'avgpool1d_P_1' 
INFO: [HLS 200-10] ----------------------------------------------------------------
INFO: [RTGEN 206-100] Generating core module 'main_fadd_32ns_32ns_32_5_full_dsp_1': 1 instance(s).
INFO: [RTGEN 206-100] Generating core module 'main_fdiv_32ns_32ns_32_16_1': 1 instance(s).
INFO: [RTGEN 206-100] Finished creating RTL model for 'avgpool1d_P_1'.
INFO: [HLS 200-111]  Elapsed time: 0.21 seconds; current allocated memory: 685.995 MB.
INFO: [HLS 200-10] ----------------------------------------------------------------
INFO: [HLS 200-10] -- Generating RTL for module 'conv1d_valid_dyn' 
INFO: [HLS 200-10] ----------------------------------------------------------------
INFO: [RTGEN 206-100] Generating core module 'main_fadd_32ns_32ns_32_5_full_dsp_1': 1 instance(s).
INFO: [RTGEN 206-100] Generating core module 'main_fmul_32ns_32ns_32_4_max_dsp_1': 1 instance(s).
INFO: [RTGEN 206-100] Finished creating RTL model for 'conv1d_valid_dyn'.
INFO: [HLS 200-111]  Elapsed time: 0.3 seconds; current allocated memory: 687.313 MB.
INFO: [HLS 200-10] ----------------------------------------------------------------
INFO: [HLS 200-10] -- Generating RTL for module 'avgpool1d_P' 
INFO: [HLS 200-10] ----------------------------------------------------------------
INFO: [RTGEN 206-100] Generating core module 'main_fadd_32ns_32ns_32_5_full_dsp_1': 1 instance(s).
INFO: [RTGEN 206-100] Generating core module 'main_fdiv_32ns_32ns_32_16_1': 1 instance(s).
INFO: [RTGEN 206-100] Finished creating RTL model for 'avgpool1d_P'.
INFO: [HLS 200-111]  Elapsed time: 0.21 seconds; current allocated memory: 688.879 MB.
INFO: [HLS 200-10] ----------------------------------------------------------------
INFO: [HLS 200-10] -- Generating RTL for module 'run_all_slices_unrol' 
INFO: [HLS 200-10] ----------------------------------------------------------------
INFO: [RTGEN 206-100] Generating core module 'main_fadd_32ns_32ns_32_5_full_dsp_1': 1 instance(s).
INFO: [RTGEN 206-100] Generating core module 'main_fcmp_32ns_32ns_1_2_1': 1 instance(s).
INFO: [RTGEN 206-100] Generating core module 'main_fdiv_32ns_32ns_32_16_1': 1 instance(s).
INFO: [RTGEN 206-100] Generating core module 'main_fmul_32ns_32ns_32_4_max_dsp_1': 1 instance(s).
INFO: [RTGEN 206-100] Generating core module 'main_fsqrt_32ns_32ns_32_12_1': 1 instance(s).
INFO: [RTGEN 206-100] Finished creating RTL model for 'run_all_slices_unrol'.
INFO: [HLS 200-111]  Elapsed time: 1.47 seconds; current allocated memory: 706.236 MB.
INFO: [HLS 200-10] ----------------------------------------------------------------
INFO: [HLS 200-10] -- Generating RTL for module 'bn_vector_1' 
INFO: [HLS 200-10] ----------------------------------------------------------------
INFO: [RTGEN 206-100] Generating core module 'main_faddfsub_32ns_32ns_32_5_full_dsp_1': 1 instance(s).
INFO: [RTGEN 206-100] Generating core module 'main_fdiv_32ns_32ns_32_16_1': 1 instance(s).
INFO: [RTGEN 206-100] Generating core module 'main_fmul_32ns_32ns_32_4_max_dsp_1': 1 instance(s).
INFO: [RTGEN 206-100] Generating core module 'main_fsqrt_32ns_32ns_32_12_1': 1 instance(s).
INFO: [RTGEN 206-100] Finished creating RTL model for 'bn_vector_1'.
INFO: [HLS 200-111]  Elapsed time: 1.83 seconds; current allocated memory: 716.118 MB.
INFO: [HLS 200-10] ----------------------------------------------------------------
INFO: [HLS 200-10] -- Generating RTL for module 'main' 
INFO: [HLS 200-10] ----------------------------------------------------------------
INFO: [RTGEN 206-500] Setting interface mode on function 'main' to 'ap_ctrl_hs'.
WARNING: [RTGEN 206-101] Global array 'LSTM_W_ifog0' will not be exposed as RTL port.
WARNING: [RTGEN 206-101] Global array 'LSTM_R_ifog0' will not be exposed as RTL port.
WARNING: [RTGEN 206-101] Global array 'LSTM_b_ifog0' will not be exposed as RTL port.
WARNING: [RTGEN 206-101] Global array 'BN2_gamma0' will not be exposed as RTL port.
WARNING: [RTGEN 206-101] Global array 'BN2_beta0' will not be exposed as RTL port.
WARNING: [RTGEN 206-101] Global array 'BN2_mean0' will not be exposed as RTL port.
WARNING: [RTGEN 206-101] Global array 'BN2_var0' will not be exposed as RTL port.
WARNING: [RTGEN 206-101] Global array 'LSTM_W_ifog1' will not be exposed as RTL port.
WARNING: [RTGEN 206-101] Global array 'LSTM_R_ifog1' will not be exposed as RTL port.
WARNING: [RTGEN 206-101] Global array 'LSTM_b_ifog1' will not be exposed as RTL port.
WARNING: [RTGEN 206-101] Global array 'BN2_gamma1' will not be exposed as RTL port.
WARNING: [RTGEN 206-101] Global array 'BN2_beta1' will not be exposed as RTL port.
WARNING: [RTGEN 206-101] Global array 'BN2_mean1' will not be exposed as RTL port.
WARNING: [RTGEN 206-101] Global array 'BN2_var1' will not be exposed as RTL port.
WARNING: [RTGEN 206-101] Global array 'LSTM_W_ifog2' will not be exposed as RTL port.
WARNING: [RTGEN 206-101] Global array 'LSTM_R_ifog2' will not be exposed as RTL port.
WARNING: [RTGEN 206-101] Global array 'LSTM_b_ifog2' will not be exposed as RTL port.
WARNING: [RTGEN 206-101] Global array 'BN2_gamma2' will not be exposed as RTL port.
WARNING: [RTGEN 206-101] Global array 'BN2_beta2' will not be exposed as RTL port.
WARNING: [RTGEN 206-101] Global array 'BN2_mean2' will not be exposed as RTL port.
WARNING: [RTGEN 206-101] Global array 'BN2_var2' will not be exposed as RTL port.
WARNING: [RTGEN 206-101] Global array 'LSTM_W_ifog3' will not be exposed as RTL port.
WARNING: [RTGEN 206-101] Global array 'LSTM_R_ifog3' will not be exposed as RTL port.
WARNING: [RTGEN 206-101] Global array 'LSTM_b_ifog3' will not be exposed as RTL port.
WARNING: [RTGEN 206-101] Global array 'BN2_gamma3' will not be exposed as RTL port.
WARNING: [RTGEN 206-101] Global array 'BN2_beta3' will not be exposed as RTL port.
WARNING: [RTGEN 206-101] Global array 'BN2_mean3' will not be exposed as RTL port.
WARNING: [RTGEN 206-101] Global array 'BN2_var3' will not be exposed as RTL port.
WARNING: [RTGEN 206-101] Global array 'LSTM_W_ifog4' will not be exposed as RTL port.
WARNING: [RTGEN 206-101] Global array 'LSTM_R_ifog4' will not be exposed as RTL port.
WARNING: [RTGEN 206-101] Global array 'LSTM_b_ifog4' will not be exposed as RTL port.
WARNING: [RTGEN 206-101] Global array 'BN2_gamma4' will not be exposed as RTL port.
WARNING: [RTGEN 206-101] Global array 'BN2_beta4' will not be exposed as RTL port.
WARNING: [RTGEN 206-101] Global array 'BN2_mean4' will not be exposed as RTL port.
WARNING: [RTGEN 206-101] Global array 'BN2_var4' will not be exposed as RTL port.
WARNING: [RTGEN 206-101] Global array 'fc_0_bn_gamma' will not be exposed as RTL port.
WARNING: [RTGEN 206-101] Global array 'fc_0_bn_beta' will not be exposed as RTL port.
WARNING: [RTGEN 206-101] Global array 'fc_0_bn_mean' will not be exposed as RTL port.
WARNING: [RTGEN 206-101] Global array 'fc_0_bn_var' will not be exposed as RTL port.
WARNING: [RTGEN 206-101] Global array 'fc_1_bn_gamma' will not be exposed as RTL port.
WARNING: [RTGEN 206-101] Global array 'fc_1_bn_beta' will not be exposed as RTL port.
WARNING: [RTGEN 206-101] Global array 'fc_1_bn_mean' will not be exposed as RTL port.
WARNING: [RTGEN 206-101] Global array 'fc_1_bn_var' will not be exposed as RTL port.
INFO: [RTGEN 206-100] Generating core module 'main_fadd_32ns_32ns_32_5_full_dsp_1': 1 instance(s).
INFO: [RTGEN 206-100] Generating core module 'main_fcmp_32ns_32ns_1_2_1': 1 instance(s).
INFO: [RTGEN 206-100] Generating core module 'main_fmul_32ns_32ns_32_4_max_dsp_1': 1 instance(s).
INFO: [RTGEN 206-100] Finished creating RTL model for 'main'.
INFO: [HLS 200-111]  Elapsed time: 0.73 seconds; current allocated memory: 720.328 MB.
INFO: [RTMG 210-279] Implementing memory 'conv1d_valid_dyn_4_X0_rom' using auto ROMs.
INFO: [RTMG 210-279] Implementing memory 'conv1d_valid_dyn_4_ConvW0_rom' using auto ROMs.
INFO: [RTMG 210-282] Generating pipelined core: 'main_mul_72ns_13s_84_5_1_MulnS_0'
INFO: [RTMG 210-282] Generating pipelined core: 'main_mul_36ns_43ns_79_2_1_MulnS_1'
INFO: [RTMG 210-282] Generating pipelined core: 'main_mul_44ns_49ns_93_2_1_MulnS_2'
INFO: [RTMG 210-282] Generating pipelined core: 'main_mul_50ns_50ns_100_2_1_MulnS_3'
INFO: [RTMG 210-279] Implementing memory 'exp_generic_double_s_table_exp_Z1_array_s_rom' using auto ROMs.
INFO: [RTMG 210-279] Implementing memory 'exp_generic_double_s_table_f_Z3_array_V_rom' using auto ROMs.
INFO: [RTMG 210-279] Implementing memory 'exp_generic_double_s_table_f_Z2_array_V_rom' using auto ROMs.
INFO: [RTMG 210-278] Implementing memory 'lstm_forward_unidir_z_ram (RAM)' using block RAMs.
INFO: [RTMG 210-279] Implementing memory 'conv1d_valid_dyn_3_X01_rom' using auto ROMs.
INFO: [RTMG 210-279] Implementing memory 'conv1d_valid_dyn_3_ConvW1_rom' using auto ROMs.
INFO: [RTMG 210-279] Implementing memory 'conv1d_valid_dyn_2_X06_rom' using auto ROMs.
INFO: [RTMG 210-279] Implementing memory 'conv1d_valid_dyn_2_ConvW2_rom' using auto ROMs.
INFO: [RTMG 210-279] Implementing memory 'conv1d_valid_dyn_1_X011_rom' using auto ROMs.
INFO: [RTMG 210-279] Implementing memory 'conv1d_valid_dyn_1_ConvW3_rom' using auto ROMs.
INFO: [RTMG 210-279] Implementing memory 'conv1d_valid_dyn_ConvW4_rom' using auto ROMs.
INFO: [RTMG 210-279] Implementing memory 'run_all_slices_unrol_BN1_var0_rom' using auto ROMs.
WARNING: [RTMG 210-274] Memory 'run_all_slices_unrol_LSTM_W_ifog0' is read-only, switch it to a ROM.
INFO: [RTMG 210-279] Implementing memory 'run_all_slices_unrol_LSTM_W_ifog0_rom' using block ROMs.
WARNING: [RTMG 210-274] Memory 'run_all_slices_unrol_LSTM_R_ifog0' is read-only, switch it to a ROM.
INFO: [RTMG 210-279] Implementing memory 'run_all_slices_unrol_LSTM_R_ifog0_rom' using block ROMs.
WARNING: [RTMG 210-274] Memory 'run_all_slices_unrol_LSTM_b_ifog0' is read-only, switch it to a ROM.
INFO: [RTMG 210-279] Implementing memory 'run_all_slices_unrol_LSTM_b_ifog0_rom' using block ROMs.
WARNING: [RTMG 210-274] Memory 'run_all_slices_unrol_BN2_gamma0' is read-only, switch it to a ROM.
INFO: [RTMG 210-279] Implementing memory 'run_all_slices_unrol_BN2_gamma0_rom' using block ROMs.
WARNING: [RTMG 210-274] Memory 'run_all_slices_unrol_BN2_beta0' is read-only, switch it to a ROM.
INFO: [RTMG 210-279] Implementing memory 'run_all_slices_unrol_BN2_beta0_rom' using block ROMs.
WARNING: [RTMG 210-274] Memory 'run_all_slices_unrol_LSTM_W_ifog1' is read-only, switch it to a ROM.
INFO: [RTMG 210-279] Implementing memory 'run_all_slices_unrol_LSTM_W_ifog1_rom' using block ROMs.
