

================================================================
== Vivado HLS Report for 'bn_vector'
================================================================
* Date:           Fri Aug 29 15:46:03 2025

* Version:        2019.1 (Build 2552052 on Fri May 24 15:28:33 MDT 2019)
* Project:        BranchPrediction
* Solution:       solution1
* Product family: zynq
* Target device:  xc7z020-clg484-1


================================================================
== Performance Estimates
================================================================
+ Timing (ns): 
    * Summary: 
    +--------+-------+----------+------------+
    |  Clock | Target| Estimated| Uncertainty|
    +--------+-------+----------+------------+
    |ap_clk  |  10.00|     8.129|        1.25|
    +--------+-------+----------+------------+

+ Latency (clock cycles): 
    * Summary: 
    +------+------+------+------+---------+
    |   Latency   |   Interval  | Pipeline|
    |  min |  max |  min |  max |   Type  |
    +------+------+------+------+---------+
    |  1441|  1441|  1441|  1441|   none  |
    +------+------+------+------+---------+

    + Detail: 
        * Instance: 
        N/A

        * Loop: 
        +----------+------+------+----------+-----------+-----------+------+----------+
        |          |   Latency   | Iteration|  Initiation Interval  | Trip |          |
        | Loop Name|  min |  max |  Latency |  achieved |   target  | Count| Pipelined|
        +----------+------+------+----------+-----------+-----------+------+----------+
        |- Loop 1  |  1440|  1440|        45|          -|          -|    32|    no    |
        +----------+------+------+----------+-----------+-----------+------+----------+

============================================================
+ Verbose Summary: Synthesis Manager
============================================================
InlineROM: 1
ExposeGlobal: 0
============================================================
+ Verbose Summary: CDFG Model
============================================================
IsTopModel: 0
ResetActiveHigh: 1
IsCombinational: 0
IsDatapathOnly: 0
HasWiredReturn: 1
HasMFsm: 0
HasVarLatency: 1
IsPipeline: 0
IsRtlPipelined: 0
IsInstanceOverlapped: 0
IsDontTouch: 0
HasImplIP: 0
IsGatedGlobalClock: 0


============================================================
+ Verbose Summary: Schedule
============================================================
* Number of FSM states : 46
* Pipeline : 0
* Dataflow Pipeline: 0

* FSM state transitions: 
1 --> 2 
2 --> 3 
3 --> 4 
4 --> 5 
5 --> 6 
6 --> 7 
7 --> 8 
8 --> 9 
9 --> 10 
10 --> 11 
11 --> 12 
12 --> 13 
13 --> 14 
14 --> 15 
15 --> 16 
16 --> 17 
17 --> 18 
18 --> 19 
19 --> 20 
20 --> 21 
21 --> 22 
22 --> 23 
23 --> 24 
24 --> 25 
25 --> 26 
26 --> 27 
27 --> 28 
28 --> 29 
29 --> 30 
30 --> 31 
31 --> 32 
32 --> 33 
33 --> 34 
34 --> 35 
35 --> 36 
36 --> 37 
37 --> 38 
38 --> 39 
39 --> 40 
40 --> 41 
41 --> 42 
42 --> 43 
43 --> 44 
44 --> 45 
45 --> 46 
46 --> 2 

* FSM state operations: 

State 1 <SV = 0> <Delay = 1.76>
ST_1 : Operation 47 [1/1] (1.76ns)   --->   "br label %1" [main_5_slices.c:139]   --->   Operation 47 'br' <Predicate = true> <Delay = 1.76>

State 2 <SV = 1> <Delay = 3.25>
ST_2 : Operation 48 [1/1] (0.00ns)   --->   "%c_0 = phi i6 [ 0, %0 ], [ %c, %2 ]"   --->   Operation 48 'phi' 'c_0' <Predicate = true> <Delay = 0.00>
ST_2 : Operation 49 [1/1] (0.00ns)   --->   "%empty = call i32 (...)* @_ssdm_op_SpecLoopTripCount(i64 32, i64 32, i64 32)"   --->   Operation 49 'speclooptripcount' 'empty' <Predicate = true> <Delay = 0.00>
ST_2 : Operation 50 [1/1] (1.42ns)   --->   "%icmp_ln139 = icmp eq i6 %c_0, -32" [main_5_slices.c:139]   --->   Operation 50 'icmp' 'icmp_ln139' <Predicate = true> <Delay = 1.42> <Core = "Cmp">   --->   Core 25 'Cmp' <Latency = 0> <II = 1> <Delay = 1.42> <FuncUnit> <Opcode : 'icmp'> <InPorts = 2> <OutPorts = 1>
ST_2 : Operation 51 [1/1] (1.82ns)   --->   "%c = add i6 %c_0, 1" [main_5_slices.c:139]   --->   Operation 51 'add' 'c' <Predicate = true> <Delay = 1.82> <Core = "AddSub">   --->   Core 14 'AddSub' <Latency = 0> <II = 1> <Delay = 1.82> <FuncUnit> <Opcode : 'add' 'sub'> <InPorts = 2> <OutPorts = 1>
ST_2 : Operation 52 [1/1] (0.00ns)   --->   "br i1 %icmp_ln139, label %3, label %2" [main_5_slices.c:139]   --->   Operation 52 'br' <Predicate = true> <Delay = 0.00>
ST_2 : Operation 53 [1/1] (0.00ns)   --->   "%zext_ln140 = zext i6 %c_0 to i64" [main_5_slices.c:140]   --->   Operation 53 'zext' 'zext_ln140' <Predicate = (!icmp_ln139)> <Delay = 0.00>
ST_2 : Operation 54 [1/1] (0.00ns)   --->   "%var_addr = getelementptr [32 x float]* %var, i64 0, i64 %zext_ln140" [main_5_slices.c:140]   --->   Operation 54 'getelementptr' 'var_addr' <Predicate = (!icmp_ln139)> <Delay = 0.00>
ST_2 : Operation 55 [2/2] (3.25ns)   --->   "%var_load = load float* %var_addr, align 4" [main_5_slices.c:140]   --->   Operation 55 'load' 'var_load' <Predicate = (!icmp_ln139)> <Delay = 3.25> <Core = "RAM">   --->   Core 37 'RAM' <Latency = 1> <II = 1> <Delay = 3.25> <Storage> <Opcode : 'load' 'store'> <Ports = 2> <Width = 32> <Depth = 32> <RAM>
ST_2 : Operation 56 [1/1] (0.00ns)   --->   "ret void" [main_5_slices.c:143]   --->   Operation 56 'ret' <Predicate = (icmp_ln139)> <Delay = 0.00>

State 3 <SV = 2> <Delay = 3.25>
ST_3 : Operation 57 [1/2] (3.25ns)   --->   "%var_load = load float* %var_addr, align 4" [main_5_slices.c:140]   --->   Operation 57 'load' 'var_load' <Predicate = true> <Delay = 3.25> <Core = "RAM">   --->   Core 37 'RAM' <Latency = 1> <II = 1> <Delay = 3.25> <Storage> <Opcode : 'load' 'store'> <Ports = 2> <Width = 32> <Depth = 32> <RAM>

State 4 <SV = 3> <Delay = 7.25>
ST_4 : Operation 58 [5/5] (7.25ns)   --->   "%tmp_s = fadd float %var_load, 0x3F50624DE0000000" [main_5_slices.c:140]   --->   Operation 58 'fadd' 'tmp_s' <Predicate = true> <Delay = 7.25> <Core = "FAddSub">   --->   Core 105 'FAddSub' <Latency = 4> <II = 1> <Delay = 7.25> <FuncUnit> <Opcode : 'fadd' 'fsub'> <InPorts = 2> <OutPorts = 1>

State 5 <SV = 4> <Delay = 7.25>
ST_5 : Operation 59 [4/5] (7.25ns)   --->   "%tmp_s = fadd float %var_load, 0x3F50624DE0000000" [main_5_slices.c:140]   --->   Operation 59 'fadd' 'tmp_s' <Predicate = true> <Delay = 7.25> <Core = "FAddSub">   --->   Core 105 'FAddSub' <Latency = 4> <II = 1> <Delay = 7.25> <FuncUnit> <Opcode : 'fadd' 'fsub'> <InPorts = 2> <OutPorts = 1>

State 6 <SV = 5> <Delay = 7.25>
ST_6 : Operation 60 [3/5] (7.25ns)   --->   "%tmp_s = fadd float %var_load, 0x3F50624DE0000000" [main_5_slices.c:140]   --->   Operation 60 'fadd' 'tmp_s' <Predicate = true> <Delay = 7.25> <Core = "FAddSub">   --->   Core 105 'FAddSub' <Latency = 4> <II = 1> <Delay = 7.25> <FuncUnit> <Opcode : 'fadd' 'fsub'> <InPorts = 2> <OutPorts = 1>

State 7 <SV = 6> <Delay = 7.25>
ST_7 : Operation 61 [2/5] (7.25ns)   --->   "%tmp_s = fadd float %var_load, 0x3F50624DE0000000" [main_5_slices.c:140]   --->   Operation 61 'fadd' 'tmp_s' <Predicate = true> <Delay = 7.25> <Core = "FAddSub">   --->   Core 105 'FAddSub' <Latency = 4> <II = 1> <Delay = 7.25> <FuncUnit> <Opcode : 'fadd' 'fsub'> <InPorts = 2> <OutPorts = 1>

State 8 <SV = 7> <Delay = 7.25>
ST_8 : Operation 62 [1/5] (7.25ns)   --->   "%tmp_s = fadd float %var_load, 0x3F50624DE0000000" [main_5_slices.c:140]   --->   Operation 62 'fadd' 'tmp_s' <Predicate = true> <Delay = 7.25> <Core = "FAddSub">   --->   Core 105 'FAddSub' <Latency = 4> <II = 1> <Delay = 7.25> <FuncUnit> <Opcode : 'fadd' 'fsub'> <InPorts = 2> <OutPorts = 1>

State 9 <SV = 8> <Delay = 8.12>
ST_9 : Operation 63 [12/12] (8.12ns)   --->   "%tmp_17 = call float @llvm.sqrt.f32(float %tmp_s)" [main_5_slices.c:140]   --->   Operation 63 'fsqrt' 'tmp_17' <Predicate = true> <Delay = 8.12> <Core = "FSqrt">   --->   Core 108 'FSqrt' <Latency = 11> <II = 1> <Delay = 8.12> <FuncUnit> <Opcode : 'fsqrt'> <InPorts = 1> <OutPorts = 1>

State 10 <SV = 9> <Delay = 8.12>
ST_10 : Operation 64 [11/12] (8.12ns)   --->   "%tmp_17 = call float @llvm.sqrt.f32(float %tmp_s)" [main_5_slices.c:140]   --->   Operation 64 'fsqrt' 'tmp_17' <Predicate = true> <Delay = 8.12> <Core = "FSqrt">   --->   Core 108 'FSqrt' <Latency = 11> <II = 1> <Delay = 8.12> <FuncUnit> <Opcode : 'fsqrt'> <InPorts = 1> <OutPorts = 1>

State 11 <SV = 10> <Delay = 8.12>
ST_11 : Operation 65 [10/12] (8.12ns)   --->   "%tmp_17 = call float @llvm.sqrt.f32(float %tmp_s)" [main_5_slices.c:140]   --->   Operation 65 'fsqrt' 'tmp_17' <Predicate = true> <Delay = 8.12> <Core = "FSqrt">   --->   Core 108 'FSqrt' <Latency = 11> <II = 1> <Delay = 8.12> <FuncUnit> <Opcode : 'fsqrt'> <InPorts = 1> <OutPorts = 1>

State 12 <SV = 11> <Delay = 8.12>
ST_12 : Operation 66 [9/12] (8.12ns)   --->   "%tmp_17 = call float @llvm.sqrt.f32(float %tmp_s)" [main_5_slices.c:140]   --->   Operation 66 'fsqrt' 'tmp_17' <Predicate = true> <Delay = 8.12> <Core = "FSqrt">   --->   Core 108 'FSqrt' <Latency = 11> <II = 1> <Delay = 8.12> <FuncUnit> <Opcode : 'fsqrt'> <InPorts = 1> <OutPorts = 1>

State 13 <SV = 12> <Delay = 8.12>
ST_13 : Operation 67 [8/12] (8.12ns)   --->   "%tmp_17 = call float @llvm.sqrt.f32(float %tmp_s)" [main_5_slices.c:140]   --->   Operation 67 'fsqrt' 'tmp_17' <Predicate = true> <Delay = 8.12> <Core = "FSqrt">   --->   Core 108 'FSqrt' <Latency = 11> <II = 1> <Delay = 8.12> <FuncUnit> <Opcode : 'fsqrt'> <InPorts = 1> <OutPorts = 1>

State 14 <SV = 13> <Delay = 8.12>
ST_14 : Operation 68 [1/1] (0.00ns)   --->   "%v_addr = getelementptr [32 x float]* %v, i64 0, i64 %zext_ln140" [main_5_slices.c:140]   --->   Operation 68 'getelementptr' 'v_addr' <Predicate = true> <Delay = 0.00>
ST_14 : Operation 69 [2/2] (3.25ns)   --->   "%v_load = load float* %v_addr, align 4" [main_5_slices.c:140]   --->   Operation 69 'load' 'v_load' <Predicate = true> <Delay = 3.25> <Core = "RAM">   --->   Core 37 'RAM' <Latency = 1> <II = 1> <Delay = 3.25> <Storage> <Opcode : 'load' 'store'> <Ports = 2> <Width = 32> <Depth = 32> <RAM>
ST_14 : Operation 70 [1/1] (0.00ns)   --->   "%mean_addr = getelementptr [32 x float]* %mean, i64 0, i64 %zext_ln140" [main_5_slices.c:140]   --->   Operation 70 'getelementptr' 'mean_addr' <Predicate = true> <Delay = 0.00>
ST_14 : Operation 71 [2/2] (3.25ns)   --->   "%mean_load = load float* %mean_addr, align 4" [main_5_slices.c:140]   --->   Operation 71 'load' 'mean_load' <Predicate = true> <Delay = 3.25> <Core = "RAM">   --->   Core 37 'RAM' <Latency = 1> <II = 1> <Delay = 3.25> <Storage> <Opcode : 'load' 'store'> <Ports = 2> <Width = 32> <Depth = 32> <RAM>
ST_14 : Operation 72 [7/12] (8.12ns)   --->   "%tmp_17 = call float @llvm.sqrt.f32(float %tmp_s)" [main_5_slices.c:140]   --->   Operation 72 'fsqrt' 'tmp_17' <Predicate = true> <Delay = 8.12> <Core = "FSqrt">   --->   Core 108 'FSqrt' <Latency = 11> <II = 1> <Delay = 8.12> <FuncUnit> <Opcode : 'fsqrt'> <InPorts = 1> <OutPorts = 1>

State 15 <SV = 14> <Delay = 8.12>
ST_15 : Operation 73 [1/2] (3.25ns)   --->   "%v_load = load float* %v_addr, align 4" [main_5_slices.c:140]   --->   Operation 73 'load' 'v_load' <Predicate = true> <Delay = 3.25> <Core = "RAM">   --->   Core 37 'RAM' <Latency = 1> <II = 1> <Delay = 3.25> <Storage> <Opcode : 'load' 'store'> <Ports = 2> <Width = 32> <Depth = 32> <RAM>
ST_15 : Operation 74 [1/2] (3.25ns)   --->   "%mean_load = load float* %mean_addr, align 4" [main_5_slices.c:140]   --->   Operation 74 'load' 'mean_load' <Predicate = true> <Delay = 3.25> <Core = "RAM">   --->   Core 37 'RAM' <Latency = 1> <II = 1> <Delay = 3.25> <Storage> <Opcode : 'load' 'store'> <Ports = 2> <Width = 32> <Depth = 32> <RAM>
ST_15 : Operation 75 [6/12] (8.12ns)   --->   "%tmp_17 = call float @llvm.sqrt.f32(float %tmp_s)" [main_5_slices.c:140]   --->   Operation 75 'fsqrt' 'tmp_17' <Predicate = true> <Delay = 8.12> <Core = "FSqrt">   --->   Core 108 'FSqrt' <Latency = 11> <II = 1> <Delay = 8.12> <FuncUnit> <Opcode : 'fsqrt'> <InPorts = 1> <OutPorts = 1>

State 16 <SV = 15> <Delay = 8.12>
ST_16 : Operation 76 [5/5] (7.25ns)   --->   "%tmp = fsub float %v_load, %mean_load" [main_5_slices.c:140]   --->   Operation 76 'fsub' 'tmp' <Predicate = true> <Delay = 7.25> <Core = "FAddSub">   --->   Core 105 'FAddSub' <Latency = 4> <II = 1> <Delay = 7.25> <FuncUnit> <Opcode : 'fadd' 'fsub'> <InPorts = 2> <OutPorts = 1>
ST_16 : Operation 77 [5/12] (8.12ns)   --->   "%tmp_17 = call float @llvm.sqrt.f32(float %tmp_s)" [main_5_slices.c:140]   --->   Operation 77 'fsqrt' 'tmp_17' <Predicate = true> <Delay = 8.12> <Core = "FSqrt">   --->   Core 108 'FSqrt' <Latency = 11> <II = 1> <Delay = 8.12> <FuncUnit> <Opcode : 'fsqrt'> <InPorts = 1> <OutPorts = 1>

State 17 <SV = 16> <Delay = 8.12>
ST_17 : Operation 78 [4/5] (7.25ns)   --->   "%tmp = fsub float %v_load, %mean_load" [main_5_slices.c:140]   --->   Operation 78 'fsub' 'tmp' <Predicate = true> <Delay = 7.25> <Core = "FAddSub">   --->   Core 105 'FAddSub' <Latency = 4> <II = 1> <Delay = 7.25> <FuncUnit> <Opcode : 'fadd' 'fsub'> <InPorts = 2> <OutPorts = 1>
ST_17 : Operation 79 [4/12] (8.12ns)   --->   "%tmp_17 = call float @llvm.sqrt.f32(float %tmp_s)" [main_5_slices.c:140]   --->   Operation 79 'fsqrt' 'tmp_17' <Predicate = true> <Delay = 8.12> <Core = "FSqrt">   --->   Core 108 'FSqrt' <Latency = 11> <II = 1> <Delay = 8.12> <FuncUnit> <Opcode : 'fsqrt'> <InPorts = 1> <OutPorts = 1>

State 18 <SV = 17> <Delay = 8.12>
ST_18 : Operation 80 [3/5] (7.25ns)   --->   "%tmp = fsub float %v_load, %mean_load" [main_5_slices.c:140]   --->   Operation 80 'fsub' 'tmp' <Predicate = true> <Delay = 7.25> <Core = "FAddSub">   --->   Core 105 'FAddSub' <Latency = 4> <II = 1> <Delay = 7.25> <FuncUnit> <Opcode : 'fadd' 'fsub'> <InPorts = 2> <OutPorts = 1>
ST_18 : Operation 81 [3/12] (8.12ns)   --->   "%tmp_17 = call float @llvm.sqrt.f32(float %tmp_s)" [main_5_slices.c:140]   --->   Operation 81 'fsqrt' 'tmp_17' <Predicate = true> <Delay = 8.12> <Core = "FSqrt">   --->   Core 108 'FSqrt' <Latency = 11> <II = 1> <Delay = 8.12> <FuncUnit> <Opcode : 'fsqrt'> <InPorts = 1> <OutPorts = 1>

State 19 <SV = 18> <Delay = 8.12>
ST_19 : Operation 82 [2/5] (7.25ns)   --->   "%tmp = fsub float %v_load, %mean_load" [main_5_slices.c:140]   --->   Operation 82 'fsub' 'tmp' <Predicate = true> <Delay = 7.25> <Core = "FAddSub">   --->   Core 105 'FAddSub' <Latency = 4> <II = 1> <Delay = 7.25> <FuncUnit> <Opcode : 'fadd' 'fsub'> <InPorts = 2> <OutPorts = 1>
ST_19 : Operation 83 [2/12] (8.12ns)   --->   "%tmp_17 = call float @llvm.sqrt.f32(float %tmp_s)" [main_5_slices.c:140]   --->   Operation 83 'fsqrt' 'tmp_17' <Predicate = true> <Delay = 8.12> <Core = "FSqrt">   --->   Core 108 'FSqrt' <Latency = 11> <II = 1> <Delay = 8.12> <FuncUnit> <Opcode : 'fsqrt'> <InPorts = 1> <OutPorts = 1>

State 20 <SV = 19> <Delay = 8.12>
ST_20 : Operation 84 [1/5] (7.25ns)   --->   "%tmp = fsub float %v_load, %mean_load" [main_5_slices.c:140]   --->   Operation 84 'fsub' 'tmp' <Predicate = true> <Delay = 7.25> <Core = "FAddSub">   --->   Core 105 'FAddSub' <Latency = 4> <II = 1> <Delay = 7.25> <FuncUnit> <Opcode : 'fadd' 'fsub'> <InPorts = 2> <OutPorts = 1>
ST_20 : Operation 85 [1/12] (8.12ns)   --->   "%tmp_17 = call float @llvm.sqrt.f32(float %tmp_s)" [main_5_slices.c:140]   --->   Operation 85 'fsqrt' 'tmp_17' <Predicate = true> <Delay = 8.12> <Core = "FSqrt">   --->   Core 108 'FSqrt' <Latency = 11> <II = 1> <Delay = 8.12> <FuncUnit> <Opcode : 'fsqrt'> <InPorts = 1> <OutPorts = 1>

State 21 <SV = 20> <Delay = 6.07>
ST_21 : Operation 86 [16/16] (6.07ns)   --->   "%n = fdiv float %tmp, %tmp_17" [main_5_slices.c:140]   --->   Operation 86 'fdiv' 'n' <Predicate = true> <Delay = 6.07> <Core = "FDiv">   --->   Core 107 'FDiv' <Latency = 15> <II = 1> <Delay = 6.07> <FuncUnit> <Opcode : 'fdiv' 'frem'> <InPorts = 2> <OutPorts = 1>

State 22 <SV = 21> <Delay = 6.07>
ST_22 : Operation 87 [15/16] (6.07ns)   --->   "%n = fdiv float %tmp, %tmp_17" [main_5_slices.c:140]   --->   Operation 87 'fdiv' 'n' <Predicate = true> <Delay = 6.07> <Core = "FDiv">   --->   Core 107 'FDiv' <Latency = 15> <II = 1> <Delay = 6.07> <FuncUnit> <Opcode : 'fdiv' 'frem'> <InPorts = 2> <OutPorts = 1>

State 23 <SV = 22> <Delay = 6.07>
ST_23 : Operation 88 [14/16] (6.07ns)   --->   "%n = fdiv float %tmp, %tmp_17" [main_5_slices.c:140]   --->   Operation 88 'fdiv' 'n' <Predicate = true> <Delay = 6.07> <Core = "FDiv">   --->   Core 107 'FDiv' <Latency = 15> <II = 1> <Delay = 6.07> <FuncUnit> <Opcode : 'fdiv' 'frem'> <InPorts = 2> <OutPorts = 1>

State 24 <SV = 23> <Delay = 6.07>
ST_24 : Operation 89 [13/16] (6.07ns)   --->   "%n = fdiv float %tmp, %tmp_17" [main_5_slices.c:140]   --->   Operation 89 'fdiv' 'n' <Predicate = true> <Delay = 6.07> <Core = "FDiv">   --->   Core 107 'FDiv' <Latency = 15> <II = 1> <Delay = 6.07> <FuncUnit> <Opcode : 'fdiv' 'frem'> <InPorts = 2> <OutPorts = 1>

State 25 <SV = 24> <Delay = 6.07>
ST_25 : Operation 90 [12/16] (6.07ns)   --->   "%n = fdiv float %tmp, %tmp_17" [main_5_slices.c:140]   --->   Operation 90 'fdiv' 'n' <Predicate = true> <Delay = 6.07> <Core = "FDiv">   --->   Core 107 'FDiv' <Latency = 15> <II = 1> <Delay = 6.07> <FuncUnit> <Opcode : 'fdiv' 'frem'> <InPorts = 2> <OutPorts = 1>

State 26 <SV = 25> <Delay = 6.07>
ST_26 : Operation 91 [11/16] (6.07ns)   --->   "%n = fdiv float %tmp, %tmp_17" [main_5_slices.c:140]   --->   Operation 91 'fdiv' 'n' <Predicate = true> <Delay = 6.07> <Core = "FDiv">   --->   Core 107 'FDiv' <Latency = 15> <II = 1> <Delay = 6.07> <FuncUnit> <Opcode : 'fdiv' 'frem'> <InPorts = 2> <OutPorts = 1>

State 27 <SV = 26> <Delay = 6.07>
ST_27 : Operation 92 [10/16] (6.07ns)   --->   "%n = fdiv float %tmp, %tmp_17" [main_5_slices.c:140]   --->   Operation 92 'fdiv' 'n' <Predicate = true> <Delay = 6.07> <Core = "FDiv">   --->   Core 107 'FDiv' <Latency = 15> <II = 1> <Delay = 6.07> <FuncUnit> <Opcode : 'fdiv' 'frem'> <InPorts = 2> <OutPorts = 1>

State 28 <SV = 27> <Delay = 6.07>
ST_28 : Operation 93 [9/16] (6.07ns)   --->   "%n = fdiv float %tmp, %tmp_17" [main_5_slices.c:140]   --->   Operation 93 'fdiv' 'n' <Predicate = true> <Delay = 6.07> <Core = "FDiv">   --->   Core 107 'FDiv' <Latency = 15> <II = 1> <Delay = 6.07> <FuncUnit> <Opcode : 'fdiv' 'frem'> <InPorts = 2> <OutPorts = 1>

State 29 <SV = 28> <Delay = 6.07>
ST_29 : Operation 94 [8/16] (6.07ns)   --->   "%n = fdiv float %tmp, %tmp_17" [main_5_slices.c:140]   --->   Operation 94 'fdiv' 'n' <Predicate = true> <Delay = 6.07> <Core = "FDiv">   --->   Core 107 'FDiv' <Latency = 15> <II = 1> <Delay = 6.07> <FuncUnit> <Opcode : 'fdiv' 'frem'> <InPorts = 2> <OutPorts = 1>

State 30 <SV = 29> <Delay = 6.07>
ST_30 : Operation 95 [7/16] (6.07ns)   --->   "%n = fdiv float %tmp, %tmp_17" [main_5_slices.c:140]   --->   Operation 95 'fdiv' 'n' <Predicate = true> <Delay = 6.07> <Core = "FDiv">   --->   Core 107 'FDiv' <Latency = 15> <II = 1> <Delay = 6.07> <FuncUnit> <Opcode : 'fdiv' 'frem'> <InPorts = 2> <OutPorts = 1>

State 31 <SV = 30> <Delay = 6.07>
ST_31 : Operation 96 [6/16] (6.07ns)   --->   "%n = fdiv float %tmp, %tmp_17" [main_5_slices.c:140]   --->   Operation 96 'fdiv' 'n' <Predicate = true> <Delay = 6.07> <Core = "FDiv">   --->   Core 107 'FDiv' <Latency = 15> <II = 1> <Delay = 6.07> <FuncUnit> <Opcode : 'fdiv' 'frem'> <InPorts = 2> <OutPorts = 1>

State 32 <SV = 31> <Delay = 6.07>
ST_32 : Operation 97 [5/16] (6.07ns)   --->   "%n = fdiv float %tmp, %tmp_17" [main_5_slices.c:140]   --->   Operation 97 'fdiv' 'n' <Predicate = true> <Delay = 6.07> <Core = "FDiv">   --->   Core 107 'FDiv' <Latency = 15> <II = 1> <Delay = 6.07> <FuncUnit> <Opcode : 'fdiv' 'frem'> <InPorts = 2> <OutPorts = 1>

State 33 <SV = 32> <Delay = 6.07>
ST_33 : Operation 98 [4/16] (6.07ns)   --->   "%n = fdiv float %tmp, %tmp_17" [main_5_slices.c:140]   --->   Operation 98 'fdiv' 'n' <Predicate = true> <Delay = 6.07> <Core = "FDiv">   --->   Core 107 'FDiv' <Latency = 15> <II = 1> <Delay = 6.07> <FuncUnit> <Opcode : 'fdiv' 'frem'> <InPorts = 2> <OutPorts = 1>

State 34 <SV = 33> <Delay = 6.07>
ST_34 : Operation 99 [3/16] (6.07ns)   --->   "%n = fdiv float %tmp, %tmp_17" [main_5_slices.c:140]   --->   Operation 99 'fdiv' 'n' <Predicate = true> <Delay = 6.07> <Core = "FDiv">   --->   Core 107 'FDiv' <Latency = 15> <II = 1> <Delay = 6.07> <FuncUnit> <Opcode : 'fdiv' 'frem'> <InPorts = 2> <OutPorts = 1>

State 35 <SV = 34> <Delay = 6.07>
ST_35 : Operation 100 [2/16] (6.07ns)   --->   "%n = fdiv float %tmp, %tmp_17" [main_5_slices.c:140]   --->   Operation 100 'fdiv' 'n' <Predicate = true> <Delay = 6.07> <Core = "FDiv">   --->   Core 107 'FDiv' <Latency = 15> <II = 1> <Delay = 6.07> <FuncUnit> <Opcode : 'fdiv' 'frem'> <InPorts = 2> <OutPorts = 1>
ST_35 : Operation 101 [1/1] (0.00ns)   --->   "%gamma_addr = getelementptr [32 x float]* %gamma, i64 0, i64 %zext_ln140" [main_5_slices.c:141]   --->   Operation 101 'getelementptr' 'gamma_addr' <Predicate = true> <Delay = 0.00>
ST_35 : Operation 102 [2/2] (3.25ns)   --->   "%gamma_load = load float* %gamma_addr, align 4" [main_5_slices.c:141]   --->   Operation 102 'load' 'gamma_load' <Predicate = true> <Delay = 3.25> <Core = "RAM">   --->   Core 37 'RAM' <Latency = 1> <II = 1> <Delay = 3.25> <Storage> <Opcode : 'load' 'store'> <Ports = 2> <Width = 32> <Depth = 32> <RAM>
ST_35 : Operation 103 [1/1] (0.00ns)   --->   "%beta_addr = getelementptr [32 x float]* %beta, i64 0, i64 %zext_ln140" [main_5_slices.c:141]   --->   Operation 103 'getelementptr' 'beta_addr' <Predicate = true> <Delay = 0.00>
ST_35 : Operation 104 [2/2] (3.25ns)   --->   "%beta_load = load float* %beta_addr, align 4" [main_5_slices.c:141]   --->   Operation 104 'load' 'beta_load' <Predicate = true> <Delay = 3.25> <Core = "RAM">   --->   Core 37 'RAM' <Latency = 1> <II = 1> <Delay = 3.25> <Storage> <Opcode : 'load' 'store'> <Ports = 2> <Width = 32> <Depth = 32> <RAM>

State 36 <SV = 35> <Delay = 6.07>
ST_36 : Operation 105 [1/16] (6.07ns)   --->   "%n = fdiv float %tmp, %tmp_17" [main_5_slices.c:140]   --->   Operation 105 'fdiv' 'n' <Predicate = true> <Delay = 6.07> <Core = "FDiv">   --->   Core 107 'FDiv' <Latency = 15> <II = 1> <Delay = 6.07> <FuncUnit> <Opcode : 'fdiv' 'frem'> <InPorts = 2> <OutPorts = 1>
ST_36 : Operation 106 [1/2] (3.25ns)   --->   "%gamma_load = load float* %gamma_addr, align 4" [main_5_slices.c:141]   --->   Operation 106 'load' 'gamma_load' <Predicate = true> <Delay = 3.25> <Core = "RAM">   --->   Core 37 'RAM' <Latency = 1> <II = 1> <Delay = 3.25> <Storage> <Opcode : 'load' 'store'> <Ports = 2> <Width = 32> <Depth = 32> <RAM>
ST_36 : Operation 107 [1/2] (3.25ns)   --->   "%beta_load = load float* %beta_addr, align 4" [main_5_slices.c:141]   --->   Operation 107 'load' 'beta_load' <Predicate = true> <Delay = 3.25> <Core = "RAM">   --->   Core 37 'RAM' <Latency = 1> <II = 1> <Delay = 3.25> <Storage> <Opcode : 'load' 'store'> <Ports = 2> <Width = 32> <Depth = 32> <RAM>

State 37 <SV = 36> <Delay = 5.70>
ST_37 : Operation 108 [4/4] (5.70ns)   --->   "%tmp_18 = fmul float %gamma_load, %n" [main_5_slices.c:141]   --->   Operation 108 'fmul' 'tmp_18' <Predicate = true> <Delay = 5.70> <Core = "FMul">   --->   Core 106 'FMul' <Latency = 3> <II = 1> <Delay = 5.70> <FuncUnit> <Opcode : 'fmul'> <InPorts = 2> <OutPorts = 1>

State 38 <SV = 37> <Delay = 5.70>
ST_38 : Operation 109 [3/4] (5.70ns)   --->   "%tmp_18 = fmul float %gamma_load, %n" [main_5_slices.c:141]   --->   Operation 109 'fmul' 'tmp_18' <Predicate = true> <Delay = 5.70> <Core = "FMul">   --->   Core 106 'FMul' <Latency = 3> <II = 1> <Delay = 5.70> <FuncUnit> <Opcode : 'fmul'> <InPorts = 2> <OutPorts = 1>

State 39 <SV = 38> <Delay = 5.70>
ST_39 : Operation 110 [2/4] (5.70ns)   --->   "%tmp_18 = fmul float %gamma_load, %n" [main_5_slices.c:141]   --->   Operation 110 'fmul' 'tmp_18' <Predicate = true> <Delay = 5.70> <Core = "FMul">   --->   Core 106 'FMul' <Latency = 3> <II = 1> <Delay = 5.70> <FuncUnit> <Opcode : 'fmul'> <InPorts = 2> <OutPorts = 1>

State 40 <SV = 39> <Delay = 5.70>
ST_40 : Operation 111 [1/4] (5.70ns)   --->   "%tmp_18 = fmul float %gamma_load, %n" [main_5_slices.c:141]   --->   Operation 111 'fmul' 'tmp_18' <Predicate = true> <Delay = 5.70> <Core = "FMul">   --->   Core 106 'FMul' <Latency = 3> <II = 1> <Delay = 5.70> <FuncUnit> <Opcode : 'fmul'> <InPorts = 2> <OutPorts = 1>

State 41 <SV = 40> <Delay = 7.25>
ST_41 : Operation 112 [5/5] (7.25ns)   --->   "%tmp_19 = fadd float %tmp_18, %beta_load" [main_5_slices.c:141]   --->   Operation 112 'fadd' 'tmp_19' <Predicate = true> <Delay = 7.25> <Core = "FAddSub">   --->   Core 105 'FAddSub' <Latency = 4> <II = 1> <Delay = 7.25> <FuncUnit> <Opcode : 'fadd' 'fsub'> <InPorts = 2> <OutPorts = 1>

State 42 <SV = 41> <Delay = 7.25>
ST_42 : Operation 113 [4/5] (7.25ns)   --->   "%tmp_19 = fadd float %tmp_18, %beta_load" [main_5_slices.c:141]   --->   Operation 113 'fadd' 'tmp_19' <Predicate = true> <Delay = 7.25> <Core = "FAddSub">   --->   Core 105 'FAddSub' <Latency = 4> <II = 1> <Delay = 7.25> <FuncUnit> <Opcode : 'fadd' 'fsub'> <InPorts = 2> <OutPorts = 1>

State 43 <SV = 42> <Delay = 7.25>
ST_43 : Operation 114 [3/5] (7.25ns)   --->   "%tmp_19 = fadd float %tmp_18, %beta_load" [main_5_slices.c:141]   --->   Operation 114 'fadd' 'tmp_19' <Predicate = true> <Delay = 7.25> <Core = "FAddSub">   --->   Core 105 'FAddSub' <Latency = 4> <II = 1> <Delay = 7.25> <FuncUnit> <Opcode : 'fadd' 'fsub'> <InPorts = 2> <OutPorts = 1>

State 44 <SV = 43> <Delay = 7.25>
ST_44 : Operation 115 [2/5] (7.25ns)   --->   "%tmp_19 = fadd float %tmp_18, %beta_load" [main_5_slices.c:141]   --->   Operation 115 'fadd' 'tmp_19' <Predicate = true> <Delay = 7.25> <Core = "FAddSub">   --->   Core 105 'FAddSub' <Latency = 4> <II = 1> <Delay = 7.25> <FuncUnit> <Opcode : 'fadd' 'fsub'> <InPorts = 2> <OutPorts = 1>

State 45 <SV = 44> <Delay = 7.25>
ST_45 : Operation 116 [1/5] (7.25ns)   --->   "%tmp_19 = fadd float %tmp_18, %beta_load" [main_5_slices.c:141]   --->   Operation 116 'fadd' 'tmp_19' <Predicate = true> <Delay = 7.25> <Core = "FAddSub">   --->   Core 105 'FAddSub' <Latency = 4> <II = 1> <Delay = 7.25> <FuncUnit> <Opcode : 'fadd' 'fsub'> <InPorts = 2> <OutPorts = 1>

State 46 <SV = 45> <Delay = 3.25>
ST_46 : Operation 117 [1/1] (3.25ns)   --->   "store float %tmp_19, float* %v_addr, align 4" [main_5_slices.c:141]   --->   Operation 117 'store' <Predicate = true> <Delay = 3.25> <Core = "RAM">   --->   Core 37 'RAM' <Latency = 1> <II = 1> <Delay = 3.25> <Storage> <Opcode : 'load' 'store'> <Ports = 2> <Width = 32> <Depth = 32> <RAM>
ST_46 : Operation 118 [1/1] (0.00ns)   --->   "br label %1" [main_5_slices.c:139]   --->   Operation 118 'br' <Predicate = true> <Delay = 0.00>


============================================================
+ Verbose Summary: Timing violations
============================================================
Target clock period: 10ns, clock uncertainty: 1.25ns.

 <State 1>: 1.77ns
The critical path consists of the following:
	multiplexor before 'phi' operation ('c') with incoming values : ('c', main_5_slices.c:139) [8]  (1.77 ns)

 <State 2>: 3.25ns
The critical path consists of the following:
	'phi' operation ('c') with incoming values : ('c', main_5_slices.c:139) [8]  (0 ns)
	'getelementptr' operation ('var_addr', main_5_slices.c:140) [20]  (0 ns)
	'load' operation ('var_load', main_5_slices.c:140) on array 'var' [21]  (3.25 ns)

 <State 3>: 3.25ns
The critical path consists of the following:
	'load' operation ('var_load', main_5_slices.c:140) on array 'var' [21]  (3.25 ns)

 <State 4>: 7.26ns
The critical path consists of the following:
	'fadd' operation ('tmp_s', main_5_slices.c:140) [22]  (7.26 ns)

 <State 5>: 7.26ns
The critical path consists of the following:
	'fadd' operation ('tmp_s', main_5_slices.c:140) [22]  (7.26 ns)

 <State 6>: 7.26ns
The critical path consists of the following:
	'fadd' operation ('tmp_s', main_5_slices.c:140) [22]  (7.26 ns)

 <State 7>: 7.26ns
The critical path consists of the following:
	'fadd' operation ('tmp_s', main_5_slices.c:140) [22]  (7.26 ns)

 <State 8>: 7.26ns
The critical path consists of the following:
	'fadd' operation ('tmp_s', main_5_slices.c:140) [22]  (7.26 ns)

 <State 9>: 8.13ns
The critical path consists of the following:
	'fsqrt' operation ('tmp_17', main_5_slices.c:140) [23]  (8.13 ns)

 <State 10>: 8.13ns
The critical path consists of the following:
	'fsqrt' operation ('tmp_17', main_5_slices.c:140) [23]  (8.13 ns)

 <State 11>: 8.13ns
The critical path consists of the following:
	'fsqrt' operation ('tmp_17', main_5_slices.c:140) [23]  (8.13 ns)

 <State 12>: 8.13ns
The critical path consists of the following:
	'fsqrt' operation ('tmp_17', main_5_slices.c:140) [23]  (8.13 ns)

 <State 13>: 8.13ns
The critical path consists of the following:
	'fsqrt' operation ('tmp_17', main_5_slices.c:140) [23]  (8.13 ns)

 <State 14>: 8.13ns
The critical path consists of the following:
	'fsqrt' operation ('tmp_17', main_5_slices.c:140) [23]  (8.13 ns)

 <State 15>: 8.13ns
The critical path consists of the following:
	'fsqrt' operation ('tmp_17', main_5_slices.c:140) [23]  (8.13 ns)

 <State 16>: 8.13ns
The critical path consists of the following:
	'fsqrt' operation ('tmp_17', main_5_slices.c:140) [23]  (8.13 ns)

 <State 17>: 8.13ns
The critical path consists of the following:
	'fsqrt' operation ('tmp_17', main_5_slices.c:140) [23]  (8.13 ns)

 <State 18>: 8.13ns
The critical path consists of the following:
	'fsqrt' operation ('tmp_17', main_5_slices.c:140) [23]  (8.13 ns)

 <State 19>: 8.13ns
The critical path consists of the following:
	'fsqrt' operation ('tmp_17', main_5_slices.c:140) [23]  (8.13 ns)

 <State 20>: 8.13ns
The critical path consists of the following:
	'fsqrt' operation ('tmp_17', main_5_slices.c:140) [23]  (8.13 ns)

 <State 21>: 6.08ns
The critical path consists of the following:
	'fdiv' operation ('n', main_5_slices.c:140) [24]  (6.08 ns)

 <State 22>: 6.08ns
The critical path consists of the following:
	'fdiv' operation ('n', main_5_slices.c:140) [24]  (6.08 ns)

 <State 23>: 6.08ns
The critical path consists of the following:
	'fdiv' operation ('n', main_5_slices.c:140) [24]  (6.08 ns)

 <State 24>: 6.08ns
The critical path consists of the following:
	'fdiv' operation ('n', main_5_slices.c:140) [24]  (6.08 ns)

 <State 25>: 6.08ns
The critical path consists of the following:
	'fdiv' operation ('n', main_5_slices.c:140) [24]  (6.08 ns)

 <State 26>: 6.08ns
The critical path consists of the following:
	'fdiv' operation ('n', main_5_slices.c:140) [24]  (6.08 ns)

 <State 27>: 6.08ns
The critical path consists of the following:
	'fdiv' operation ('n', main_5_slices.c:140) [24]  (6.08 ns)

 <State 28>: 6.08ns
The critical path consists of the following:
	'fdiv' operation ('n', main_5_slices.c:140) [24]  (6.08 ns)

 <State 29>: 6.08ns
The critical path consists of the following:
	'fdiv' operation ('n', main_5_slices.c:140) [24]  (6.08 ns)

 <State 30>: 6.08ns
The critical path consists of the following:
	'fdiv' operation ('n', main_5_slices.c:140) [24]  (6.08 ns)

 <State 31>: 6.08ns
The critical path consists of the following:
	'fdiv' operation ('n', main_5_slices.c:140) [24]  (6.08 ns)

 <State 32>: 6.08ns
The critical path consists of the following:
	'fdiv' operation ('n', main_5_slices.c:140) [24]  (6.08 ns)

 <State 33>: 6.08ns
The critical path consists of the following:
	'fdiv' operation ('n', main_5_slices.c:140) [24]  (6.08 ns)

 <State 34>: 6.08ns
The critical path consists of the following:
	'fdiv' operation ('n', main_5_slices.c:140) [24]  (6.08 ns)

 <State 35>: 6.08ns
The critical path consists of the following:
	'fdiv' operation ('n', main_5_slices.c:140) [24]  (6.08 ns)

 <State 36>: 6.08ns
The critical path consists of the following:
	'fdiv' operation ('n', main_5_slices.c:140) [24]  (6.08 ns)

 <State 37>: 5.7ns
The critical path consists of the following:
	'fmul' operation ('tmp_18', main_5_slices.c:141) [27]  (5.7 ns)

 <State 38>: 5.7ns
The critical path consists of the following:
	'fmul' operation ('tmp_18', main_5_slices.c:141) [27]  (5.7 ns)

 <State 39>: 5.7ns
The critical path consists of the following:
	'fmul' operation ('tmp_18', main_5_slices.c:141) [27]  (5.7 ns)

 <State 40>: 5.7ns
The critical path consists of the following:
	'fmul' operation ('tmp_18', main_5_slices.c:141) [27]  (5.7 ns)

 <State 41>: 7.26ns
The critical path consists of the following:
	'fadd' operation ('tmp_19', main_5_slices.c:141) [30]  (7.26 ns)

 <State 42>: 7.26ns
The critical path consists of the following:
	'fadd' operation ('tmp_19', main_5_slices.c:141) [30]  (7.26 ns)

 <State 43>: 7.26ns
The critical path consists of the following:
	'fadd' operation ('tmp_19', main_5_slices.c:141) [30]  (7.26 ns)

 <State 44>: 7.26ns
The critical path consists of the following:
	'fadd' operation ('tmp_19', main_5_slices.c:141) [30]  (7.26 ns)

 <State 45>: 7.26ns
The critical path consists of the following:
	'fadd' operation ('tmp_19', main_5_slices.c:141) [30]  (7.26 ns)

 <State 46>: 3.25ns
The critical path consists of the following:
	'store' operation ('store_ln141', main_5_slices.c:141) of variable 'tmp_19', main_5_slices.c:141 on array 'v' [31]  (3.25 ns)


============================================================
+ Verbose Summary: Binding
============================================================
N/A
* FSMD analyzer results:
  - Output states:
 - Input state : 
  - Chain level:
	State 1
	State 2
	State 3
	State 4
	State 5
	State 6
	State 7
	State 8
	State 9
	State 10
	State 11
	State 12
	State 13
	State 14
	State 15
	State 16
	State 17
	State 18
	State 19
	State 20
	State 21
	State 22
	State 23
	State 24
	State 25
	State 26
	State 27
	State 28
	State 29
	State 30
	State 31
	State 32
	State 33
	State 34
	State 35
	State 36
	State 37
	State 38
	State 39
	State 40
	State 41
	State 42
	State 43
	State 44
	State 45
	State 46


============================================================
+ Verbose Summary: Datapath Resource usage 
============================================================
N/A
