

================================================================
== Vivado HLS Report for 'conv1d_valid_dyn_4'
================================================================
* Date:           Fri Aug 29 15:46:01 2025

* Version:        2019.1 (Build 2552052 on Fri May 24 15:28:33 MDT 2019)
* Project:        BranchPrediction
* Solution:       solution1
* Product family: zynq
* Target device:  xc7z020-clg484-1


================================================================
== Performance Estimates
================================================================
+ Timing (ns): 
    * Summary: 
    +--------+-------+----------+------------+
    |  Clock | Target| Estimated| Uncertainty|
    +--------+-------+----------+------------+
    |ap_clk  |  10.00|     7.256|        1.25|
    +--------+-------+----------+------------+

+ Latency (clock cycles): 
    * Summary: 
    +---------+---------+---------+---------+---------+
    |      Latency      |      Interval     | Pipeline|
    |   min   |   max   |   min   |   max   |   Type  |
    +---------+---------+---------+---------+---------+
    |  2857033|  2857033|  2857033|  2857033|   none  |
    +---------+---------+---------+---------+---------+

    + Detail: 
        * Instance: 
        N/A

        * Loop: 
        +---------------------+---------+---------+----------+-----------+-----------+------+----------+
        |                     |      Latency      | Iteration|  Initiation Interval  | Trip |          |
        |      Loop Name      |   min   |   max   |  Latency |  achieved |   target  | Count| Pipelined|
        +---------------------+---------+---------+----------+-----------+-----------+------+----------+
        |- Loop 1             |  2857032|  2857032|     79362|          -|          -|    36|    no    |
        | + Loop 1.1          |    79360|    79360|      2480|          -|          -|    32|    no    |
        |  ++ Loop 1.1.1      |     2478|     2478|       354|          -|          -|     7|    no    |
        |   +++ Loop 1.1.1.1  |      352|      352|        11|          -|          -|    32|    no    |
        +---------------------+---------+---------+----------+-----------+-----------+------+----------+

============================================================
+ Verbose Summary: Synthesis Manager
============================================================
InlineROM: 1
ExposeGlobal: 0
============================================================
+ Verbose Summary: CDFG Model
============================================================
IsTopModel: 0
ResetActiveHigh: 1
IsCombinational: 0
IsDatapathOnly: 0
HasWiredReturn: 1
HasMFsm: 0
HasVarLatency: 1
IsPipeline: 0
IsRtlPipelined: 0
IsInstanceOverlapped: 0
IsDontTouch: 0
HasImplIP: 0
IsGatedGlobalClock: 0


============================================================
+ Verbose Summary: Schedule
============================================================
* Number of FSM states : 15
* Pipeline : 0
* Dataflow Pipeline: 0

* FSM state transitions: 
1 --> 2 
2 --> 3 
3 --> 4 2 
4 --> 5 3 
5 --> 6 4 
6 --> 7 
7 --> 8 
8 --> 9 
9 --> 10 
10 --> 11 
11 --> 12 
12 --> 13 
13 --> 14 
14 --> 15 
15 --> 5 

* FSM state operations: 

State 1 <SV = 0> <Delay = 1.76>
ST_1 : Operation 16 [1/1] (1.76ns)   --->   "br label %.loopexit" [main_5_slices.c:50]   --->   Operation 16 'br' <Predicate = true> <Delay = 1.76>

State 2 <SV = 1> <Delay = 1.82>
ST_2 : Operation 17 [1/1] (0.00ns)   --->   "%t_0 = phi i6 [ 0, %0 ], [ %t, %.loopexit.loopexit ]"   --->   Operation 17 'phi' 't_0' <Predicate = true> <Delay = 0.00>
ST_2 : Operation 18 [1/1] (0.00ns)   --->   "%empty = call i32 (...)* @_ssdm_op_SpecLoopTripCount(i64 36, i64 36, i64 36)"   --->   Operation 18 'speclooptripcount' 'empty' <Predicate = true> <Delay = 0.00>
ST_2 : Operation 19 [1/1] (1.42ns)   --->   "%icmp_ln50 = icmp eq i6 %t_0, -28" [main_5_slices.c:50]   --->   Operation 19 'icmp' 'icmp_ln50' <Predicate = true> <Delay = 1.42> <Core = "Cmp">   --->   Core 25 'Cmp' <Latency = 0> <II = 1> <Delay = 1.42> <FuncUnit> <Opcode : 'icmp'> <InPorts = 2> <OutPorts = 1>
ST_2 : Operation 20 [1/1] (1.82ns)   --->   "%t = add i6 %t_0, 1" [main_5_slices.c:50]   --->   Operation 20 'add' 't' <Predicate = true> <Delay = 1.82> <Core = "AddSub">   --->   Core 14 'AddSub' <Latency = 0> <II = 1> <Delay = 1.63> <FuncUnit> <Opcode : 'add' 'sub'> <InPorts = 2> <OutPorts = 1>
ST_2 : Operation 21 [1/1] (0.00ns)   --->   "br i1 %icmp_ln50, label %5, label %.preheader1.preheader" [main_5_slices.c:50]   --->   Operation 21 'br' <Predicate = true> <Delay = 0.00>
ST_2 : Operation 22 [1/1] (0.00ns)   --->   "%shl_ln = call i11 @_ssdm_op_BitConcatenate.i11.i6.i5(i6 %t_0, i5 0)" [main_5_slices.c:58]   --->   Operation 22 'bitconcatenate' 'shl_ln' <Predicate = (!icmp_ln50)> <Delay = 0.00>
ST_2 : Operation 23 [1/1] (1.76ns)   --->   "br label %.preheader1" [main_5_slices.c:51]   --->   Operation 23 'br' <Predicate = (!icmp_ln50)> <Delay = 1.76>
ST_2 : Operation 24 [1/1] (0.00ns)   --->   "ret void" [main_5_slices.c:61]   --->   Operation 24 'ret' <Predicate = (icmp_ln50)> <Delay = 0.00>

State 3 <SV = 2> <Delay = 1.82>
ST_3 : Operation 25 [1/1] (0.00ns)   --->   "%f_0 = phi i6 [ %f, %4 ], [ 0, %.preheader1.preheader ]"   --->   Operation 25 'phi' 'f_0' <Predicate = true> <Delay = 0.00>
ST_3 : Operation 26 [1/1] (0.00ns)   --->   "%zext_ln51 = zext i6 %f_0 to i11" [main_5_slices.c:51]   --->   Operation 26 'zext' 'zext_ln51' <Predicate = true> <Delay = 0.00>
ST_3 : Operation 27 [1/1] (1.42ns)   --->   "%icmp_ln51 = icmp eq i6 %f_0, -32" [main_5_slices.c:51]   --->   Operation 27 'icmp' 'icmp_ln51' <Predicate = true> <Delay = 1.42> <Core = "Cmp">   --->   Core 25 'Cmp' <Latency = 0> <II = 1> <Delay = 1.42> <FuncUnit> <Opcode : 'icmp'> <InPorts = 2> <OutPorts = 1>
ST_3 : Operation 28 [1/1] (0.00ns)   --->   "%empty_71 = call i32 (...)* @_ssdm_op_SpecLoopTripCount(i64 32, i64 32, i64 32)"   --->   Operation 28 'speclooptripcount' 'empty_71' <Predicate = true> <Delay = 0.00>
ST_3 : Operation 29 [1/1] (1.82ns)   --->   "%f = add i6 %f_0, 1" [main_5_slices.c:51]   --->   Operation 29 'add' 'f' <Predicate = true> <Delay = 1.82> <Core = "AddSub">   --->   Core 14 'AddSub' <Latency = 0> <II = 1> <Delay = 1.63> <FuncUnit> <Opcode : 'add' 'sub'> <InPorts = 2> <OutPorts = 1>
ST_3 : Operation 30 [1/1] (0.00ns)   --->   "br i1 %icmp_ln51, label %.loopexit.loopexit, label %.preheader.preheader" [main_5_slices.c:51]   --->   Operation 30 'br' <Predicate = true> <Delay = 0.00>
ST_3 : Operation 31 [1/1] (0.00ns)   --->   "%zext_ln53 = zext i6 %f_0 to i13" [main_5_slices.c:53]   --->   Operation 31 'zext' 'zext_ln53' <Predicate = (!icmp_ln51)> <Delay = 0.00>
ST_3 : Operation 32 [1/1] (1.76ns)   --->   "br label %.preheader" [main_5_slices.c:53]   --->   Operation 32 'br' <Predicate = (!icmp_ln51)> <Delay = 1.76>
ST_3 : Operation 33 [1/1] (0.00ns)   --->   "br label %.loopexit"   --->   Operation 33 'br' <Predicate = (icmp_ln51)> <Delay = 0.00>

State 4 <SV = 3> <Delay = 4.89>
ST_4 : Operation 34 [1/1] (0.00ns)   --->   "%acc_0 = phi float [ 0.000000e+00, %.preheader.preheader ], [ %acc_1, %.preheader.loopexit ]" [main_5_slices.c:56]   --->   Operation 34 'phi' 'acc_0' <Predicate = true> <Delay = 0.00>
ST_4 : Operation 35 [1/1] (0.00ns)   --->   "%k_0 = phi i3 [ 0, %.preheader.preheader ], [ %k, %.preheader.loopexit ]"   --->   Operation 35 'phi' 'k_0' <Predicate = true> <Delay = 0.00>
ST_4 : Operation 36 [1/1] (1.13ns)   --->   "%icmp_ln53 = icmp eq i3 %k_0, -1" [main_5_slices.c:53]   --->   Operation 36 'icmp' 'icmp_ln53' <Predicate = true> <Delay = 1.13> <Core = "Cmp">   --->   Core 25 'Cmp' <Latency = 0> <II = 1> <Delay = 1.42> <FuncUnit> <Opcode : 'icmp'> <InPorts = 2> <OutPorts = 1>
ST_4 : Operation 37 [1/1] (0.00ns)   --->   "%empty_72 = call i32 (...)* @_ssdm_op_SpecLoopTripCount(i64 7, i64 7, i64 7)"   --->   Operation 37 'speclooptripcount' 'empty_72' <Predicate = true> <Delay = 0.00>
ST_4 : Operation 38 [1/1] (1.65ns)   --->   "%k = add i3 %k_0, 1" [main_5_slices.c:53]   --->   Operation 38 'add' 'k' <Predicate = true> <Delay = 1.65> <Core = "AddSub">   --->   Core 14 'AddSub' <Latency = 0> <II = 1> <Delay = 1.63> <FuncUnit> <Opcode : 'add' 'sub'> <InPorts = 2> <OutPorts = 1>
ST_4 : Operation 39 [1/1] (0.00ns)   --->   "br i1 %icmp_ln53, label %4, label %1" [main_5_slices.c:53]   --->   Operation 39 'br' <Predicate = true> <Delay = 0.00>
ST_4 : Operation 40 [1/1] (0.00ns)   --->   "%zext_ln54 = zext i3 %k_0 to i6" [main_5_slices.c:54]   --->   Operation 40 'zext' 'zext_ln54' <Predicate = (!icmp_ln53)> <Delay = 0.00>
ST_4 : Operation 41 [1/1] (1.82ns)   --->   "%add_ln54 = add i6 %t_0, %zext_ln54" [main_5_slices.c:54]   --->   Operation 41 'add' 'add_ln54' <Predicate = (!icmp_ln53)> <Delay = 1.82> <Core = "AddSub">   --->   Core 14 'AddSub' <Latency = 0> <II = 1> <Delay = 1.63> <FuncUnit> <Opcode : 'add' 'sub'> <InPorts = 2> <OutPorts = 1>
ST_4 : Operation 42 [1/1] (0.00ns)   --->   "%shl_ln6 = call i11 @_ssdm_op_BitConcatenate.i11.i6.i5(i6 %add_ln54, i5 0)" [main_5_slices.c:54]   --->   Operation 42 'bitconcatenate' 'shl_ln6' <Predicate = (!icmp_ln53)> <Delay = 0.00>
ST_4 : Operation 43 [1/1] (1.76ns)   --->   "br label %2" [main_5_slices.c:56]   --->   Operation 43 'br' <Predicate = (!icmp_ln53)> <Delay = 1.76>
ST_4 : Operation 44 [1/1] (1.63ns)   --->   "%add_ln58 = add i11 %shl_ln, %zext_ln51" [main_5_slices.c:58]   --->   Operation 44 'add' 'add_ln58' <Predicate = (icmp_ln53)> <Delay = 1.63> <Core = "AddSub">   --->   Core 14 'AddSub' <Latency = 0> <II = 1> <Delay = 1.63> <FuncUnit> <Opcode : 'add' 'sub'> <InPorts = 2> <OutPorts = 1>
ST_4 : Operation 45 [1/1] (0.00ns)   --->   "%zext_ln58 = zext i11 %add_ln58 to i64" [main_5_slices.c:58]   --->   Operation 45 'zext' 'zext_ln58' <Predicate = (icmp_ln53)> <Delay = 0.00>
ST_4 : Operation 46 [1/1] (0.00ns)   --->   "%Y_addr = getelementptr [1152 x float]* %Y, i64 0, i64 %zext_ln58" [main_5_slices.c:58]   --->   Operation 46 'getelementptr' 'Y_addr' <Predicate = (icmp_ln53)> <Delay = 0.00>
ST_4 : Operation 47 [1/1] (3.25ns)   --->   "store float %acc_0, float* %Y_addr, align 4" [main_5_slices.c:58]   --->   Operation 47 'store' <Predicate = (icmp_ln53)> <Delay = 3.25> <Core = "RAM">   --->   Core 37 'RAM' <Latency = 1> <II = 1> <Delay = 3.25> <Storage> <Opcode : 'load' 'store'> <Ports = 2> <Width = 32> <Depth = 1152> <RAM>
ST_4 : Operation 48 [1/1] (0.00ns)   --->   "br label %.preheader1" [main_5_slices.c:51]   --->   Operation 48 'br' <Predicate = (icmp_ln53)> <Delay = 0.00>

State 5 <SV = 4> <Delay = 4.93>
ST_5 : Operation 49 [1/1] (0.00ns)   --->   "%acc_1 = phi float [ %acc_0, %1 ], [ %acc, %3 ]"   --->   Operation 49 'phi' 'acc_1' <Predicate = true> <Delay = 0.00>
ST_5 : Operation 50 [1/1] (0.00ns)   --->   "%e_0 = phi i6 [ 0, %1 ], [ %e, %3 ]"   --->   Operation 50 'phi' 'e_0' <Predicate = true> <Delay = 0.00>
ST_5 : Operation 51 [1/1] (1.42ns)   --->   "%icmp_ln56 = icmp eq i6 %e_0, -32" [main_5_slices.c:56]   --->   Operation 51 'icmp' 'icmp_ln56' <Predicate = true> <Delay = 1.42> <Core = "Cmp">   --->   Core 25 'Cmp' <Latency = 0> <II = 1> <Delay = 1.42> <FuncUnit> <Opcode : 'icmp'> <InPorts = 2> <OutPorts = 1>
ST_5 : Operation 52 [1/1] (0.00ns)   --->   "%empty_73 = call i32 (...)* @_ssdm_op_SpecLoopTripCount(i64 32, i64 32, i64 32)"   --->   Operation 52 'speclooptripcount' 'empty_73' <Predicate = true> <Delay = 0.00>
ST_5 : Operation 53 [1/1] (1.82ns)   --->   "%e = add i6 %e_0, 1" [main_5_slices.c:56]   --->   Operation 53 'add' 'e' <Predicate = true> <Delay = 1.82> <Core = "AddSub">   --->   Core 14 'AddSub' <Latency = 0> <II = 1> <Delay = 1.63> <FuncUnit> <Opcode : 'add' 'sub'> <InPorts = 2> <OutPorts = 1>
ST_5 : Operation 54 [1/1] (0.00ns)   --->   "br i1 %icmp_ln56, label %.preheader.loopexit, label %3" [main_5_slices.c:56]   --->   Operation 54 'br' <Predicate = true> <Delay = 0.00>
ST_5 : Operation 55 [1/1] (0.00ns)   --->   "%zext_ln56 = zext i6 %e_0 to i11" [main_5_slices.c:56]   --->   Operation 55 'zext' 'zext_ln56' <Predicate = (!icmp_ln56)> <Delay = 0.00>
ST_5 : Operation 56 [1/1] (1.63ns)   --->   "%add_ln56 = add i11 %zext_ln56, %shl_ln6" [main_5_slices.c:56]   --->   Operation 56 'add' 'add_ln56' <Predicate = (!icmp_ln56)> <Delay = 1.63> <Core = "AddSub">   --->   Core 14 'AddSub' <Latency = 0> <II = 1> <Delay = 1.63> <FuncUnit> <Opcode : 'add' 'sub'> <InPorts = 2> <OutPorts = 1>
ST_5 : Operation 57 [1/1] (0.00ns)   --->   "%zext_ln56_1 = zext i11 %add_ln56 to i64" [main_5_slices.c:56]   --->   Operation 57 'zext' 'zext_ln56_1' <Predicate = (!icmp_ln56)> <Delay = 0.00>
ST_5 : Operation 58 [1/1] (0.00ns)   --->   "%X0_addr = getelementptr [1344 x float]* @X0, i64 0, i64 %zext_ln56_1" [main_5_slices.c:56]   --->   Operation 58 'getelementptr' 'X0_addr' <Predicate = (!icmp_ln56)> <Delay = 0.00>
ST_5 : Operation 59 [2/2] (3.25ns)   --->   "%X0_load = load float* %X0_addr, align 4" [main_5_slices.c:56]   --->   Operation 59 'load' 'X0_load' <Predicate = (!icmp_ln56)> <Delay = 3.25> <Core = "ROM_nP">   --->   Core 52 'ROM_nP' <Latency = 1> <II = 1> <Delay = 3.25> <Storage> <Opcode : 'load'> <Ports = 0> <Width = 32> <Depth = 7168> <ROM>
ST_5 : Operation 60 [1/1] (0.00ns)   --->   "%trunc_ln56 = trunc i6 %e_0 to i5" [main_5_slices.c:56]   --->   Operation 60 'trunc' 'trunc_ln56' <Predicate = (!icmp_ln56)> <Delay = 0.00>
ST_5 : Operation 61 [1/1] (0.00ns)   --->   "%tmp1 = call i13 @_ssdm_op_BitConcatenate.i13.i3.i5.i5(i3 %k_0, i5 %trunc_ln56, i5 0)" [main_5_slices.c:56]   --->   Operation 61 'bitconcatenate' 'tmp1' <Predicate = (!icmp_ln56)> <Delay = 0.00>
ST_5 : Operation 62 [1/1] (1.67ns)   --->   "%add_ln56_1 = add i13 %zext_ln53, %tmp1" [main_5_slices.c:56]   --->   Operation 62 'add' 'add_ln56_1' <Predicate = (!icmp_ln56)> <Delay = 1.67> <Core = "AddSub">   --->   Core 14 'AddSub' <Latency = 0> <II = 1> <Delay = 1.63> <FuncUnit> <Opcode : 'add' 'sub'> <InPorts = 2> <OutPorts = 1>
ST_5 : Operation 63 [1/1] (0.00ns)   --->   "%zext_ln56_2 = zext i13 %add_ln56_1 to i64" [main_5_slices.c:56]   --->   Operation 63 'zext' 'zext_ln56_2' <Predicate = (!icmp_ln56)> <Delay = 0.00>
ST_5 : Operation 64 [1/1] (0.00ns)   --->   "%ConvW0_addr = getelementptr [7168 x float]* @ConvW0, i64 0, i64 %zext_ln56_2" [main_5_slices.c:56]   --->   Operation 64 'getelementptr' 'ConvW0_addr' <Predicate = (!icmp_ln56)> <Delay = 0.00>
ST_5 : Operation 65 [2/2] (3.25ns)   --->   "%ConvW0_load = load float* %ConvW0_addr, align 4" [main_5_slices.c:56]   --->   Operation 65 'load' 'ConvW0_load' <Predicate = (!icmp_ln56)> <Delay = 3.25> <Core = "ROM_nP">   --->   Core 52 'ROM_nP' <Latency = 1> <II = 1> <Delay = 3.25> <Storage> <Opcode : 'load'> <Ports = 0> <Width = 32> <Depth = 7168> <ROM>
ST_5 : Operation 66 [1/1] (0.00ns)   --->   "br label %.preheader"   --->   Operation 66 'br' <Predicate = (icmp_ln56)> <Delay = 0.00>

State 6 <SV = 5> <Delay = 3.25>
ST_6 : Operation 67 [1/2] (3.25ns)   --->   "%X0_load = load float* %X0_addr, align 4" [main_5_slices.c:56]   --->   Operation 67 'load' 'X0_load' <Predicate = true> <Delay = 3.25> <Core = "ROM_nP">   --->   Core 52 'ROM_nP' <Latency = 1> <II = 1> <Delay = 3.25> <Storage> <Opcode : 'load'> <Ports = 0> <Width = 32> <Depth = 7168> <ROM>
ST_6 : Operation 68 [1/2] (3.25ns)   --->   "%ConvW0_load = load float* %ConvW0_addr, align 4" [main_5_slices.c:56]   --->   Operation 68 'load' 'ConvW0_load' <Predicate = true> <Delay = 3.25> <Core = "ROM_nP">   --->   Core 52 'ROM_nP' <Latency = 1> <II = 1> <Delay = 3.25> <Storage> <Opcode : 'load'> <Ports = 0> <Width = 32> <Depth = 7168> <ROM>

State 7 <SV = 6> <Delay = 5.70>
ST_7 : Operation 69 [4/4] (5.70ns)   --->   "%tmp = fmul float %X0_load, %ConvW0_load" [main_5_slices.c:56]   --->   Operation 69 'fmul' 'tmp' <Predicate = true> <Delay = 5.70> <Core = "FMul">   --->   Core 106 'FMul' <Latency = 3> <II = 1> <Delay = 5.70> <FuncUnit> <Opcode : 'fmul'> <InPorts = 2> <OutPorts = 1>

State 8 <SV = 7> <Delay = 5.70>
ST_8 : Operation 70 [3/4] (5.70ns)   --->   "%tmp = fmul float %X0_load, %ConvW0_load" [main_5_slices.c:56]   --->   Operation 70 'fmul' 'tmp' <Predicate = true> <Delay = 5.70> <Core = "FMul">   --->   Core 106 'FMul' <Latency = 3> <II = 1> <Delay = 5.70> <FuncUnit> <Opcode : 'fmul'> <InPorts = 2> <OutPorts = 1>

State 9 <SV = 8> <Delay = 5.70>
ST_9 : Operation 71 [2/4] (5.70ns)   --->   "%tmp = fmul float %X0_load, %ConvW0_load" [main_5_slices.c:56]   --->   Operation 71 'fmul' 'tmp' <Predicate = true> <Delay = 5.70> <Core = "FMul">   --->   Core 106 'FMul' <Latency = 3> <II = 1> <Delay = 5.70> <FuncUnit> <Opcode : 'fmul'> <InPorts = 2> <OutPorts = 1>

State 10 <SV = 9> <Delay = 5.70>
ST_10 : Operation 72 [1/4] (5.70ns)   --->   "%tmp = fmul float %X0_load, %ConvW0_load" [main_5_slices.c:56]   --->   Operation 72 'fmul' 'tmp' <Predicate = true> <Delay = 5.70> <Core = "FMul">   --->   Core 106 'FMul' <Latency = 3> <II = 1> <Delay = 5.70> <FuncUnit> <Opcode : 'fmul'> <InPorts = 2> <OutPorts = 1>

State 11 <SV = 10> <Delay = 7.25>
ST_11 : Operation 73 [5/5] (7.25ns)   --->   "%acc = fadd float %acc_1, %tmp" [main_5_slices.c:56]   --->   Operation 73 'fadd' 'acc' <Predicate = true> <Delay = 7.25> <Core = "FAddSub">   --->   Core 105 'FAddSub' <Latency = 4> <II = 1> <Delay = 7.25> <FuncUnit> <Opcode : 'fadd' 'fsub'> <InPorts = 2> <OutPorts = 1>

State 12 <SV = 11> <Delay = 7.25>
ST_12 : Operation 74 [4/5] (7.25ns)   --->   "%acc = fadd float %acc_1, %tmp" [main_5_slices.c:56]   --->   Operation 74 'fadd' 'acc' <Predicate = true> <Delay = 7.25> <Core = "FAddSub">   --->   Core 105 'FAddSub' <Latency = 4> <II = 1> <Delay = 7.25> <FuncUnit> <Opcode : 'fadd' 'fsub'> <InPorts = 2> <OutPorts = 1>

State 13 <SV = 12> <Delay = 7.25>
ST_13 : Operation 75 [3/5] (7.25ns)   --->   "%acc = fadd float %acc_1, %tmp" [main_5_slices.c:56]   --->   Operation 75 'fadd' 'acc' <Predicate = true> <Delay = 7.25> <Core = "FAddSub">   --->   Core 105 'FAddSub' <Latency = 4> <II = 1> <Delay = 7.25> <FuncUnit> <Opcode : 'fadd' 'fsub'> <InPorts = 2> <OutPorts = 1>

State 14 <SV = 13> <Delay = 7.25>
ST_14 : Operation 76 [2/5] (7.25ns)   --->   "%acc = fadd float %acc_1, %tmp" [main_5_slices.c:56]   --->   Operation 76 'fadd' 'acc' <Predicate = true> <Delay = 7.25> <Core = "FAddSub">   --->   Core 105 'FAddSub' <Latency = 4> <II = 1> <Delay = 7.25> <FuncUnit> <Opcode : 'fadd' 'fsub'> <InPorts = 2> <OutPorts = 1>

State 15 <SV = 14> <Delay = 7.25>
ST_15 : Operation 77 [1/5] (7.25ns)   --->   "%acc = fadd float %acc_1, %tmp" [main_5_slices.c:56]   --->   Operation 77 'fadd' 'acc' <Predicate = true> <Delay = 7.25> <Core = "FAddSub">   --->   Core 105 'FAddSub' <Latency = 4> <II = 1> <Delay = 7.25> <FuncUnit> <Opcode : 'fadd' 'fsub'> <InPorts = 2> <OutPorts = 1>
ST_15 : Operation 78 [1/1] (0.00ns)   --->   "br label %2" [main_5_slices.c:56]   --->   Operation 78 'br' <Predicate = true> <Delay = 0.00>


============================================================
+ Verbose Summary: Timing violations
============================================================
Target clock period: 10ns, clock uncertainty: 1.25ns.

 <State 1>: 1.77ns
The critical path consists of the following:
	multiplexor before 'phi' operation ('t') with incoming values : ('t', main_5_slices.c:50) [6]  (1.77 ns)

 <State 2>: 1.83ns
The critical path consists of the following:
	'phi' operation ('t') with incoming values : ('t', main_5_slices.c:50) [6]  (0 ns)
	'add' operation ('t', main_5_slices.c:50) [9]  (1.83 ns)

 <State 3>: 1.83ns
The critical path consists of the following:
	'phi' operation ('f') with incoming values : ('f', main_5_slices.c:51) [15]  (0 ns)
	'add' operation ('f', main_5_slices.c:51) [19]  (1.83 ns)

 <State 4>: 4.89ns
The critical path consists of the following:
	'add' operation ('add_ln58', main_5_slices.c:58) [61]  (1.64 ns)
	'getelementptr' operation ('Y_addr', main_5_slices.c:58) [63]  (0 ns)
	'store' operation ('store_ln58', main_5_slices.c:58) of variable 'acc_0', main_5_slices.c:56 on array 'Y' [64]  (3.25 ns)

 <State 5>: 4.93ns
The critical path consists of the following:
	'phi' operation ('e') with incoming values : ('e', main_5_slices.c:56) [38]  (0 ns)
	'add' operation ('add_ln56_1', main_5_slices.c:56) [51]  (1.68 ns)
	'getelementptr' operation ('ConvW0_addr', main_5_slices.c:56) [53]  (0 ns)
	'load' operation ('ConvW0_load', main_5_slices.c:56) on array 'ConvW0' [54]  (3.25 ns)

 <State 6>: 3.25ns
The critical path consists of the following:
	'load' operation ('X0_load', main_5_slices.c:56) on array 'X0' [48]  (3.25 ns)

 <State 7>: 5.7ns
The critical path consists of the following:
	'fmul' operation ('tmp', main_5_slices.c:56) [55]  (5.7 ns)

 <State 8>: 5.7ns
The critical path consists of the following:
	'fmul' operation ('tmp', main_5_slices.c:56) [55]  (5.7 ns)

 <State 9>: 5.7ns
The critical path consists of the following:
	'fmul' operation ('tmp', main_5_slices.c:56) [55]  (5.7 ns)

 <State 10>: 5.7ns
The critical path consists of the following:
	'fmul' operation ('tmp', main_5_slices.c:56) [55]  (5.7 ns)

 <State 11>: 7.26ns
The critical path consists of the following:
	'fadd' operation ('acc', main_5_slices.c:56) [56]  (7.26 ns)

 <State 12>: 7.26ns
The critical path consists of the following:
	'fadd' operation ('acc', main_5_slices.c:56) [56]  (7.26 ns)

 <State 13>: 7.26ns
The critical path consists of the following:
	'fadd' operation ('acc', main_5_slices.c:56) [56]  (7.26 ns)

 <State 14>: 7.26ns
The critical path consists of the following:
	'fadd' operation ('acc', main_5_slices.c:56) [56]  (7.26 ns)

 <State 15>: 7.26ns
The critical path consists of the following:
	'fadd' operation ('acc', main_5_slices.c:56) [56]  (7.26 ns)


============================================================
+ Verbose Summary: Binding
============================================================
N/A
* FSMD analyzer results:
  - Output states:
 - Input state : 
  - Chain level:
	State 1
	State 2
	State 3
	State 4
	State 5
	State 6
	State 7
	State 8
	State 9
	State 10
	State 11
	State 12
	State 13
	State 14
	State 15


============================================================
+ Verbose Summary: Datapath Resource usage 
============================================================
N/A
